[2026-05-18T06:00:12.050+0000] {processor.py:186} INFO - Started process (PID=6814) to work on /home/noelsdavid/airflow_venv/lib/python3.12/site-packages/airflow/example_dags/plugins/event_listener.py
[2026-05-18T06:00:12.051+0000] {processor.py:914} INFO - Processing file /home/noelsdavid/airflow_venv/lib/python3.12/site-packages/airflow/example_dags/plugins/event_listener.py for tasks to queue
[2026-05-18T06:00:12.054+0000] {logging_mixin.py:190} INFO - [2026-05-18T06:00:12.053+0000] {dagbag.py:588} INFO - Filling up the DagBag from /home/noelsdavid/airflow_venv/lib/python3.12/site-packages/airflow/example_dags/plugins/event_listener.py
[2026-05-18T06:00:12.057+0000] {processor.py:927} WARNING - No viable dags retrieved from /home/noelsdavid/airflow_venv/lib/python3.12/site-packages/airflow/example_dags/plugins/event_listener.py
[2026-05-18T06:00:12.073+0000] {processor.py:208} INFO - Processing /home/noelsdavid/airflow_venv/lib/python3.12/site-packages/airflow/example_dags/plugins/event_listener.py took 0.029 seconds
[2026-05-18T06:01:22.606+0000] {processor.py:186} INFO - Started process (PID=6953) to work on /home/noelsdavid/airflow_venv/lib/python3.12/site-packages/airflow/example_dags/plugins/event_listener.py
[2026-05-18T06:01:22.609+0000] {processor.py:914} INFO - Processing file /home/noelsdavid/airflow_venv/lib/python3.12/site-packages/airflow/example_dags/plugins/event_listener.py for tasks to queue
[2026-05-18T06:01:22.613+0000] {logging_mixin.py:190} INFO - [2026-05-18T06:01:22.612+0000] {dagbag.py:588} INFO - Filling up the DagBag from /home/noelsdavid/airflow_venv/lib/python3.12/site-packages/airflow/example_dags/plugins/event_listener.py
[2026-05-18T06:01:22.616+0000] {processor.py:927} WARNING - No viable dags retrieved from /home/noelsdavid/airflow_venv/lib/python3.12/site-packages/airflow/example_dags/plugins/event_listener.py
[2026-05-18T06:01:22.631+0000] {processor.py:208} INFO - Processing /home/noelsdavid/airflow_venv/lib/python3.12/site-packages/airflow/example_dags/plugins/event_listener.py took 0.031 seconds
[2026-05-18T06:01:59.154+0000] {processor.py:186} INFO - Started process (PID=6988) to work on /home/noelsdavid/airflow_venv/lib/python3.12/site-packages/airflow/example_dags/plugins/event_listener.py
[2026-05-18T06:01:59.157+0000] {processor.py:914} INFO - Processing file /home/noelsdavid/airflow_venv/lib/python3.12/site-packages/airflow/example_dags/plugins/event_listener.py for tasks to queue
[2026-05-18T06:01:59.160+0000] {logging_mixin.py:190} INFO - [2026-05-18T06:01:59.160+0000] {dagbag.py:588} INFO - Filling up the DagBag from /home/noelsdavid/airflow_venv/lib/python3.12/site-packages/airflow/example_dags/plugins/event_listener.py
[2026-05-18T06:01:59.164+0000] {processor.py:927} WARNING - No viable dags retrieved from /home/noelsdavid/airflow_venv/lib/python3.12/site-packages/airflow/example_dags/plugins/event_listener.py
[2026-05-18T06:01:59.181+0000] {processor.py:208} INFO - Processing /home/noelsdavid/airflow_venv/lib/python3.12/site-packages/airflow/example_dags/plugins/event_listener.py took 0.035 seconds
[2026-05-18T06:02:57.634+0000] {processor.py:186} INFO - Started process (PID=7047) to work on /home/noelsdavid/airflow_venv/lib/python3.12/site-packages/airflow/example_dags/plugins/event_listener.py
[2026-05-18T06:02:57.638+0000] {processor.py:914} INFO - Processing file /home/noelsdavid/airflow_venv/lib/python3.12/site-packages/airflow/example_dags/plugins/event_listener.py for tasks to queue
[2026-05-18T06:02:57.641+0000] {logging_mixin.py:190} INFO - [2026-05-18T06:02:57.640+0000] {dagbag.py:588} INFO - Filling up the DagBag from /home/noelsdavid/airflow_venv/lib/python3.12/site-packages/airflow/example_dags/plugins/event_listener.py
[2026-05-18T06:02:57.644+0000] {processor.py:927} WARNING - No viable dags retrieved from /home/noelsdavid/airflow_venv/lib/python3.12/site-packages/airflow/example_dags/plugins/event_listener.py
[2026-05-18T06:02:57.658+0000] {processor.py:208} INFO - Processing /home/noelsdavid/airflow_venv/lib/python3.12/site-packages/airflow/example_dags/plugins/event_listener.py took 0.031 seconds
[2026-05-18T06:03:58.158+0000] {processor.py:186} INFO - Started process (PID=7107) to work on /home/noelsdavid/airflow_venv/lib/python3.12/site-packages/airflow/example_dags/plugins/event_listener.py
[2026-05-18T06:03:58.161+0000] {processor.py:914} INFO - Processing file /home/noelsdavid/airflow_venv/lib/python3.12/site-packages/airflow/example_dags/plugins/event_listener.py for tasks to queue
[2026-05-18T06:03:58.164+0000] {logging_mixin.py:190} INFO - [2026-05-18T06:03:58.163+0000] {dagbag.py:588} INFO - Filling up the DagBag from /home/noelsdavid/airflow_venv/lib/python3.12/site-packages/airflow/example_dags/plugins/event_listener.py
[2026-05-18T06:03:58.168+0000] {processor.py:927} WARNING - No viable dags retrieved from /home/noelsdavid/airflow_venv/lib/python3.12/site-packages/airflow/example_dags/plugins/event_listener.py
[2026-05-18T06:03:58.185+0000] {processor.py:208} INFO - Processing /home/noelsdavid/airflow_venv/lib/python3.12/site-packages/airflow/example_dags/plugins/event_listener.py took 0.034 seconds
[2026-05-18T06:04:58.961+0000] {processor.py:186} INFO - Started process (PID=7167) to work on /home/noelsdavid/airflow_venv/lib/python3.12/site-packages/airflow/example_dags/plugins/event_listener.py
[2026-05-18T06:04:58.975+0000] {processor.py:914} INFO - Processing file /home/noelsdavid/airflow_venv/lib/python3.12/site-packages/airflow/example_dags/plugins/event_listener.py for tasks to queue
[2026-05-18T06:04:58.978+0000] {logging_mixin.py:190} INFO - [2026-05-18T06:04:58.977+0000] {dagbag.py:588} INFO - Filling up the DagBag from /home/noelsdavid/airflow_venv/lib/python3.12/site-packages/airflow/example_dags/plugins/event_listener.py
[2026-05-18T06:04:58.981+0000] {processor.py:927} WARNING - No viable dags retrieved from /home/noelsdavid/airflow_venv/lib/python3.12/site-packages/airflow/example_dags/plugins/event_listener.py
[2026-05-18T06:04:58.997+0000] {processor.py:208} INFO - Processing /home/noelsdavid/airflow_venv/lib/python3.12/site-packages/airflow/example_dags/plugins/event_listener.py took 0.044 seconds
[2026-05-18T06:05:34.289+0000] {processor.py:186} INFO - Started process (PID=7223) to work on /home/noelsdavid/airflow_venv/lib/python3.12/site-packages/airflow/example_dags/plugins/event_listener.py
[2026-05-18T06:05:34.292+0000] {processor.py:914} INFO - Processing file /home/noelsdavid/airflow_venv/lib/python3.12/site-packages/airflow/example_dags/plugins/event_listener.py for tasks to queue
[2026-05-18T06:05:34.295+0000] {logging_mixin.py:190} INFO - [2026-05-18T06:05:34.295+0000] {dagbag.py:588} INFO - Filling up the DagBag from /home/noelsdavid/airflow_venv/lib/python3.12/site-packages/airflow/example_dags/plugins/event_listener.py
[2026-05-18T06:05:34.299+0000] {processor.py:927} WARNING - No viable dags retrieved from /home/noelsdavid/airflow_venv/lib/python3.12/site-packages/airflow/example_dags/plugins/event_listener.py
[2026-05-18T06:05:34.318+0000] {processor.py:208} INFO - Processing /home/noelsdavid/airflow_venv/lib/python3.12/site-packages/airflow/example_dags/plugins/event_listener.py took 0.037 seconds
[2026-05-18T06:06:11.459+0000] {processor.py:186} INFO - Started process (PID=7258) to work on /home/noelsdavid/airflow_venv/lib/python3.12/site-packages/airflow/example_dags/plugins/event_listener.py
[2026-05-18T06:06:11.462+0000] {processor.py:914} INFO - Processing file /home/noelsdavid/airflow_venv/lib/python3.12/site-packages/airflow/example_dags/plugins/event_listener.py for tasks to queue
[2026-05-18T06:06:11.465+0000] {logging_mixin.py:190} INFO - [2026-05-18T06:06:11.464+0000] {dagbag.py:588} INFO - Filling up the DagBag from /home/noelsdavid/airflow_venv/lib/python3.12/site-packages/airflow/example_dags/plugins/event_listener.py
[2026-05-18T06:06:11.469+0000] {processor.py:927} WARNING - No viable dags retrieved from /home/noelsdavid/airflow_venv/lib/python3.12/site-packages/airflow/example_dags/plugins/event_listener.py
[2026-05-18T06:06:11.486+0000] {processor.py:208} INFO - Processing /home/noelsdavid/airflow_venv/lib/python3.12/site-packages/airflow/example_dags/plugins/event_listener.py took 0.034 seconds
[2026-05-18T06:07:09.122+0000] {processor.py:186} INFO - Started process (PID=7315) to work on /home/noelsdavid/airflow_venv/lib/python3.12/site-packages/airflow/example_dags/plugins/event_listener.py
[2026-05-18T06:07:09.125+0000] {processor.py:914} INFO - Processing file /home/noelsdavid/airflow_venv/lib/python3.12/site-packages/airflow/example_dags/plugins/event_listener.py for tasks to queue
[2026-05-18T06:07:09.128+0000] {logging_mixin.py:190} INFO - [2026-05-18T06:07:09.128+0000] {dagbag.py:588} INFO - Filling up the DagBag from /home/noelsdavid/airflow_venv/lib/python3.12/site-packages/airflow/example_dags/plugins/event_listener.py
[2026-05-18T06:07:09.132+0000] {processor.py:927} WARNING - No viable dags retrieved from /home/noelsdavid/airflow_venv/lib/python3.12/site-packages/airflow/example_dags/plugins/event_listener.py
[2026-05-18T06:07:09.147+0000] {processor.py:208} INFO - Processing /home/noelsdavid/airflow_venv/lib/python3.12/site-packages/airflow/example_dags/plugins/event_listener.py took 0.033 seconds
[2026-05-18T06:08:07.157+0000] {processor.py:186} INFO - Started process (PID=7372) to work on /home/noelsdavid/airflow_venv/lib/python3.12/site-packages/airflow/example_dags/plugins/event_listener.py
[2026-05-18T06:08:07.159+0000] {processor.py:914} INFO - Processing file /home/noelsdavid/airflow_venv/lib/python3.12/site-packages/airflow/example_dags/plugins/event_listener.py for tasks to queue
[2026-05-18T06:08:07.162+0000] {logging_mixin.py:190} INFO - [2026-05-18T06:08:07.162+0000] {dagbag.py:588} INFO - Filling up the DagBag from /home/noelsdavid/airflow_venv/lib/python3.12/site-packages/airflow/example_dags/plugins/event_listener.py
[2026-05-18T06:08:07.166+0000] {processor.py:927} WARNING - No viable dags retrieved from /home/noelsdavid/airflow_venv/lib/python3.12/site-packages/airflow/example_dags/plugins/event_listener.py
[2026-05-18T06:08:07.181+0000] {processor.py:208} INFO - Processing /home/noelsdavid/airflow_venv/lib/python3.12/site-packages/airflow/example_dags/plugins/event_listener.py took 0.032 seconds
[2026-05-18T06:08:42.848+0000] {processor.py:186} INFO - Started process (PID=7404) to work on /home/noelsdavid/airflow_venv/lib/python3.12/site-packages/airflow/example_dags/plugins/event_listener.py
[2026-05-18T06:08:42.851+0000] {processor.py:914} INFO - Processing file /home/noelsdavid/airflow_venv/lib/python3.12/site-packages/airflow/example_dags/plugins/event_listener.py for tasks to queue
[2026-05-18T06:08:42.854+0000] {logging_mixin.py:190} INFO - [2026-05-18T06:08:42.853+0000] {dagbag.py:588} INFO - Filling up the DagBag from /home/noelsdavid/airflow_venv/lib/python3.12/site-packages/airflow/example_dags/plugins/event_listener.py
[2026-05-18T06:08:42.858+0000] {processor.py:927} WARNING - No viable dags retrieved from /home/noelsdavid/airflow_venv/lib/python3.12/site-packages/airflow/example_dags/plugins/event_listener.py
[2026-05-18T06:08:42.874+0000] {processor.py:208} INFO - Processing /home/noelsdavid/airflow_venv/lib/python3.12/site-packages/airflow/example_dags/plugins/event_listener.py took 0.033 seconds
[2026-05-18T06:09:45.366+0000] {processor.py:186} INFO - Started process (PID=7465) to work on /home/noelsdavid/airflow_venv/lib/python3.12/site-packages/airflow/example_dags/plugins/event_listener.py
[2026-05-18T06:09:45.369+0000] {processor.py:914} INFO - Processing file /home/noelsdavid/airflow_venv/lib/python3.12/site-packages/airflow/example_dags/plugins/event_listener.py for tasks to queue
[2026-05-18T06:09:45.372+0000] {logging_mixin.py:190} INFO - [2026-05-18T06:09:45.371+0000] {dagbag.py:588} INFO - Filling up the DagBag from /home/noelsdavid/airflow_venv/lib/python3.12/site-packages/airflow/example_dags/plugins/event_listener.py
[2026-05-18T06:09:45.376+0000] {processor.py:927} WARNING - No viable dags retrieved from /home/noelsdavid/airflow_venv/lib/python3.12/site-packages/airflow/example_dags/plugins/event_listener.py
[2026-05-18T06:09:45.394+0000] {processor.py:208} INFO - Processing /home/noelsdavid/airflow_venv/lib/python3.12/site-packages/airflow/example_dags/plugins/event_listener.py took 0.036 seconds
[2026-05-18T06:10:44.987+0000] {processor.py:186} INFO - Started process (PID=7548) to work on /home/noelsdavid/airflow_venv/lib/python3.12/site-packages/airflow/example_dags/plugins/event_listener.py
[2026-05-18T06:10:44.990+0000] {processor.py:914} INFO - Processing file /home/noelsdavid/airflow_venv/lib/python3.12/site-packages/airflow/example_dags/plugins/event_listener.py for tasks to queue
[2026-05-18T06:10:44.993+0000] {logging_mixin.py:190} INFO - [2026-05-18T06:10:44.992+0000] {dagbag.py:588} INFO - Filling up the DagBag from /home/noelsdavid/airflow_venv/lib/python3.12/site-packages/airflow/example_dags/plugins/event_listener.py
[2026-05-18T06:10:44.997+0000] {processor.py:927} WARNING - No viable dags retrieved from /home/noelsdavid/airflow_venv/lib/python3.12/site-packages/airflow/example_dags/plugins/event_listener.py
[2026-05-18T06:10:45.015+0000] {processor.py:208} INFO - Processing /home/noelsdavid/airflow_venv/lib/python3.12/site-packages/airflow/example_dags/plugins/event_listener.py took 0.036 seconds
[2026-05-18T06:11:44.948+0000] {processor.py:186} INFO - Started process (PID=7608) to work on /home/noelsdavid/airflow_venv/lib/python3.12/site-packages/airflow/example_dags/plugins/event_listener.py
[2026-05-18T06:11:44.951+0000] {processor.py:914} INFO - Processing file /home/noelsdavid/airflow_venv/lib/python3.12/site-packages/airflow/example_dags/plugins/event_listener.py for tasks to queue
[2026-05-18T06:11:44.954+0000] {logging_mixin.py:190} INFO - [2026-05-18T06:11:44.954+0000] {dagbag.py:588} INFO - Filling up the DagBag from /home/noelsdavid/airflow_venv/lib/python3.12/site-packages/airflow/example_dags/plugins/event_listener.py
[2026-05-18T06:11:44.958+0000] {processor.py:927} WARNING - No viable dags retrieved from /home/noelsdavid/airflow_venv/lib/python3.12/site-packages/airflow/example_dags/plugins/event_listener.py
[2026-05-18T06:11:44.973+0000] {processor.py:208} INFO - Processing /home/noelsdavid/airflow_venv/lib/python3.12/site-packages/airflow/example_dags/plugins/event_listener.py took 0.033 seconds
[2026-05-18T06:12:43.198+0000] {processor.py:186} INFO - Started process (PID=7666) to work on /home/noelsdavid/airflow_venv/lib/python3.12/site-packages/airflow/example_dags/plugins/event_listener.py
[2026-05-18T06:12:43.200+0000] {processor.py:914} INFO - Processing file /home/noelsdavid/airflow_venv/lib/python3.12/site-packages/airflow/example_dags/plugins/event_listener.py for tasks to queue
[2026-05-18T06:12:43.203+0000] {logging_mixin.py:190} INFO - [2026-05-18T06:12:43.203+0000] {dagbag.py:588} INFO - Filling up the DagBag from /home/noelsdavid/airflow_venv/lib/python3.12/site-packages/airflow/example_dags/plugins/event_listener.py
[2026-05-18T06:12:43.208+0000] {processor.py:927} WARNING - No viable dags retrieved from /home/noelsdavid/airflow_venv/lib/python3.12/site-packages/airflow/example_dags/plugins/event_listener.py
[2026-05-18T06:12:43.223+0000] {processor.py:208} INFO - Processing /home/noelsdavid/airflow_venv/lib/python3.12/site-packages/airflow/example_dags/plugins/event_listener.py took 0.034 seconds
[2026-05-18T06:13:48.384+0000] {processor.py:186} INFO - Started process (PID=7726) to work on /home/noelsdavid/airflow_venv/lib/python3.12/site-packages/airflow/example_dags/plugins/event_listener.py
[2026-05-18T06:13:48.406+0000] {processor.py:914} INFO - Processing file /home/noelsdavid/airflow_venv/lib/python3.12/site-packages/airflow/example_dags/plugins/event_listener.py for tasks to queue
[2026-05-18T06:13:48.410+0000] {logging_mixin.py:190} INFO - [2026-05-18T06:13:48.410+0000] {dagbag.py:588} INFO - Filling up the DagBag from /home/noelsdavid/airflow_venv/lib/python3.12/site-packages/airflow/example_dags/plugins/event_listener.py
[2026-05-18T06:13:48.414+0000] {processor.py:927} WARNING - No viable dags retrieved from /home/noelsdavid/airflow_venv/lib/python3.12/site-packages/airflow/example_dags/plugins/event_listener.py
[2026-05-18T06:13:48.430+0000] {processor.py:208} INFO - Processing /home/noelsdavid/airflow_venv/lib/python3.12/site-packages/airflow/example_dags/plugins/event_listener.py took 0.053 seconds
[2026-05-18T06:14:47.776+0000] {processor.py:186} INFO - Started process (PID=7785) to work on /home/noelsdavid/airflow_venv/lib/python3.12/site-packages/airflow/example_dags/plugins/event_listener.py
[2026-05-18T06:14:47.779+0000] {processor.py:914} INFO - Processing file /home/noelsdavid/airflow_venv/lib/python3.12/site-packages/airflow/example_dags/plugins/event_listener.py for tasks to queue
[2026-05-18T06:14:47.782+0000] {logging_mixin.py:190} INFO - [2026-05-18T06:14:47.781+0000] {dagbag.py:588} INFO - Filling up the DagBag from /home/noelsdavid/airflow_venv/lib/python3.12/site-packages/airflow/example_dags/plugins/event_listener.py
[2026-05-18T06:14:47.785+0000] {processor.py:927} WARNING - No viable dags retrieved from /home/noelsdavid/airflow_venv/lib/python3.12/site-packages/airflow/example_dags/plugins/event_listener.py
[2026-05-18T06:14:47.801+0000] {processor.py:208} INFO - Processing /home/noelsdavid/airflow_venv/lib/python3.12/site-packages/airflow/example_dags/plugins/event_listener.py took 0.032 seconds
[2026-05-18T06:15:52.651+0000] {processor.py:186} INFO - Started process (PID=8014) to work on /home/noelsdavid/airflow_venv/lib/python3.12/site-packages/airflow/example_dags/plugins/event_listener.py
[2026-05-18T06:15:52.654+0000] {processor.py:914} INFO - Processing file /home/noelsdavid/airflow_venv/lib/python3.12/site-packages/airflow/example_dags/plugins/event_listener.py for tasks to queue
[2026-05-18T06:15:52.658+0000] {logging_mixin.py:190} INFO - [2026-05-18T06:15:52.657+0000] {dagbag.py:588} INFO - Filling up the DagBag from /home/noelsdavid/airflow_venv/lib/python3.12/site-packages/airflow/example_dags/plugins/event_listener.py
[2026-05-18T06:15:52.662+0000] {processor.py:927} WARNING - No viable dags retrieved from /home/noelsdavid/airflow_venv/lib/python3.12/site-packages/airflow/example_dags/plugins/event_listener.py
[2026-05-18T06:15:52.677+0000] {processor.py:208} INFO - Processing /home/noelsdavid/airflow_venv/lib/python3.12/site-packages/airflow/example_dags/plugins/event_listener.py took 0.034 seconds
[2026-05-18T06:16:54.704+0000] {processor.py:186} INFO - Started process (PID=8176) to work on /home/noelsdavid/airflow_venv/lib/python3.12/site-packages/airflow/example_dags/plugins/event_listener.py
[2026-05-18T06:16:54.706+0000] {processor.py:914} INFO - Processing file /home/noelsdavid/airflow_venv/lib/python3.12/site-packages/airflow/example_dags/plugins/event_listener.py for tasks to queue
[2026-05-18T06:16:54.710+0000] {logging_mixin.py:190} INFO - [2026-05-18T06:16:54.709+0000] {dagbag.py:588} INFO - Filling up the DagBag from /home/noelsdavid/airflow_venv/lib/python3.12/site-packages/airflow/example_dags/plugins/event_listener.py
[2026-05-18T06:16:54.714+0000] {processor.py:927} WARNING - No viable dags retrieved from /home/noelsdavid/airflow_venv/lib/python3.12/site-packages/airflow/example_dags/plugins/event_listener.py
[2026-05-18T06:16:54.729+0000] {processor.py:208} INFO - Processing /home/noelsdavid/airflow_venv/lib/python3.12/site-packages/airflow/example_dags/plugins/event_listener.py took 0.033 seconds
[2026-05-18T06:17:58.149+0000] {processor.py:186} INFO - Started process (PID=8386) to work on /home/noelsdavid/airflow_venv/lib/python3.12/site-packages/airflow/example_dags/plugins/event_listener.py
[2026-05-18T06:17:58.152+0000] {processor.py:914} INFO - Processing file /home/noelsdavid/airflow_venv/lib/python3.12/site-packages/airflow/example_dags/plugins/event_listener.py for tasks to queue
[2026-05-18T06:17:58.155+0000] {logging_mixin.py:190} INFO - [2026-05-18T06:17:58.154+0000] {dagbag.py:588} INFO - Filling up the DagBag from /home/noelsdavid/airflow_venv/lib/python3.12/site-packages/airflow/example_dags/plugins/event_listener.py
[2026-05-18T06:17:58.159+0000] {processor.py:927} WARNING - No viable dags retrieved from /home/noelsdavid/airflow_venv/lib/python3.12/site-packages/airflow/example_dags/plugins/event_listener.py
[2026-05-18T06:17:58.174+0000] {processor.py:208} INFO - Processing /home/noelsdavid/airflow_venv/lib/python3.12/site-packages/airflow/example_dags/plugins/event_listener.py took 0.033 seconds
[2026-05-18T06:18:56.431+0000] {processor.py:186} INFO - Started process (PID=8499) to work on /home/noelsdavid/airflow_venv/lib/python3.12/site-packages/airflow/example_dags/plugins/event_listener.py
[2026-05-18T06:18:56.450+0000] {processor.py:914} INFO - Processing file /home/noelsdavid/airflow_venv/lib/python3.12/site-packages/airflow/example_dags/plugins/event_listener.py for tasks to queue
[2026-05-18T06:18:56.453+0000] {logging_mixin.py:190} INFO - [2026-05-18T06:18:56.452+0000] {dagbag.py:588} INFO - Filling up the DagBag from /home/noelsdavid/airflow_venv/lib/python3.12/site-packages/airflow/example_dags/plugins/event_listener.py
[2026-05-18T06:18:56.456+0000] {processor.py:927} WARNING - No viable dags retrieved from /home/noelsdavid/airflow_venv/lib/python3.12/site-packages/airflow/example_dags/plugins/event_listener.py
[2026-05-18T06:18:56.471+0000] {processor.py:208} INFO - Processing /home/noelsdavid/airflow_venv/lib/python3.12/site-packages/airflow/example_dags/plugins/event_listener.py took 0.048 seconds
[2026-05-18T06:19:58.224+0000] {processor.py:186} INFO - Started process (PID=8559) to work on /home/noelsdavid/airflow_venv/lib/python3.12/site-packages/airflow/example_dags/plugins/event_listener.py
[2026-05-18T06:19:58.226+0000] {processor.py:914} INFO - Processing file /home/noelsdavid/airflow_venv/lib/python3.12/site-packages/airflow/example_dags/plugins/event_listener.py for tasks to queue
[2026-05-18T06:19:58.230+0000] {logging_mixin.py:190} INFO - [2026-05-18T06:19:58.229+0000] {dagbag.py:588} INFO - Filling up the DagBag from /home/noelsdavid/airflow_venv/lib/python3.12/site-packages/airflow/example_dags/plugins/event_listener.py
[2026-05-18T06:19:58.233+0000] {processor.py:927} WARNING - No viable dags retrieved from /home/noelsdavid/airflow_venv/lib/python3.12/site-packages/airflow/example_dags/plugins/event_listener.py
[2026-05-18T06:19:58.248+0000] {processor.py:208} INFO - Processing /home/noelsdavid/airflow_venv/lib/python3.12/site-packages/airflow/example_dags/plugins/event_listener.py took 0.032 seconds
[2026-05-18T06:20:59.144+0000] {processor.py:186} INFO - Started process (PID=8646) to work on /home/noelsdavid/airflow_venv/lib/python3.12/site-packages/airflow/example_dags/plugins/event_listener.py
[2026-05-18T06:20:59.147+0000] {processor.py:914} INFO - Processing file /home/noelsdavid/airflow_venv/lib/python3.12/site-packages/airflow/example_dags/plugins/event_listener.py for tasks to queue
[2026-05-18T06:20:59.149+0000] {logging_mixin.py:190} INFO - [2026-05-18T06:20:59.148+0000] {dagbag.py:588} INFO - Filling up the DagBag from /home/noelsdavid/airflow_venv/lib/python3.12/site-packages/airflow/example_dags/plugins/event_listener.py
[2026-05-18T06:20:59.152+0000] {processor.py:927} WARNING - No viable dags retrieved from /home/noelsdavid/airflow_venv/lib/python3.12/site-packages/airflow/example_dags/plugins/event_listener.py
[2026-05-18T06:20:59.167+0000] {processor.py:208} INFO - Processing /home/noelsdavid/airflow_venv/lib/python3.12/site-packages/airflow/example_dags/plugins/event_listener.py took 0.030 seconds
[2026-05-18T06:21:32.675+0000] {processor.py:186} INFO - Started process (PID=8678) to work on /home/noelsdavid/airflow_venv/lib/python3.12/site-packages/airflow/example_dags/plugins/event_listener.py
[2026-05-18T06:21:32.677+0000] {processor.py:914} INFO - Processing file /home/noelsdavid/airflow_venv/lib/python3.12/site-packages/airflow/example_dags/plugins/event_listener.py for tasks to queue
[2026-05-18T06:21:32.679+0000] {logging_mixin.py:190} INFO - [2026-05-18T06:21:32.679+0000] {dagbag.py:588} INFO - Filling up the DagBag from /home/noelsdavid/airflow_venv/lib/python3.12/site-packages/airflow/example_dags/plugins/event_listener.py
[2026-05-18T06:21:32.683+0000] {processor.py:927} WARNING - No viable dags retrieved from /home/noelsdavid/airflow_venv/lib/python3.12/site-packages/airflow/example_dags/plugins/event_listener.py
[2026-05-18T06:21:32.699+0000] {processor.py:208} INFO - Processing /home/noelsdavid/airflow_venv/lib/python3.12/site-packages/airflow/example_dags/plugins/event_listener.py took 0.033 seconds
[2026-05-18T06:22:06.281+0000] {processor.py:186} INFO - Started process (PID=8710) to work on /home/noelsdavid/airflow_venv/lib/python3.12/site-packages/airflow/example_dags/plugins/event_listener.py
[2026-05-18T06:22:06.283+0000] {processor.py:914} INFO - Processing file /home/noelsdavid/airflow_venv/lib/python3.12/site-packages/airflow/example_dags/plugins/event_listener.py for tasks to queue
[2026-05-18T06:22:06.285+0000] {logging_mixin.py:190} INFO - [2026-05-18T06:22:06.285+0000] {dagbag.py:588} INFO - Filling up the DagBag from /home/noelsdavid/airflow_venv/lib/python3.12/site-packages/airflow/example_dags/plugins/event_listener.py
[2026-05-18T06:22:06.289+0000] {processor.py:927} WARNING - No viable dags retrieved from /home/noelsdavid/airflow_venv/lib/python3.12/site-packages/airflow/example_dags/plugins/event_listener.py
[2026-05-18T06:22:06.303+0000] {processor.py:208} INFO - Processing /home/noelsdavid/airflow_venv/lib/python3.12/site-packages/airflow/example_dags/plugins/event_listener.py took 0.030 seconds
[2026-05-18T06:23:07.376+0000] {processor.py:186} INFO - Started process (PID=8769) to work on /home/noelsdavid/airflow_venv/lib/python3.12/site-packages/airflow/example_dags/plugins/event_listener.py
[2026-05-18T06:23:07.379+0000] {processor.py:914} INFO - Processing file /home/noelsdavid/airflow_venv/lib/python3.12/site-packages/airflow/example_dags/plugins/event_listener.py for tasks to queue
[2026-05-18T06:23:07.380+0000] {logging_mixin.py:190} INFO - [2026-05-18T06:23:07.380+0000] {dagbag.py:588} INFO - Filling up the DagBag from /home/noelsdavid/airflow_venv/lib/python3.12/site-packages/airflow/example_dags/plugins/event_listener.py
[2026-05-18T06:23:07.384+0000] {processor.py:927} WARNING - No viable dags retrieved from /home/noelsdavid/airflow_venv/lib/python3.12/site-packages/airflow/example_dags/plugins/event_listener.py
[2026-05-18T06:23:07.399+0000] {processor.py:208} INFO - Processing /home/noelsdavid/airflow_venv/lib/python3.12/site-packages/airflow/example_dags/plugins/event_listener.py took 0.030 seconds
[2026-05-18T06:23:41.550+0000] {processor.py:186} INFO - Started process (PID=8803) to work on /home/noelsdavid/airflow_venv/lib/python3.12/site-packages/airflow/example_dags/plugins/event_listener.py
[2026-05-18T06:23:41.553+0000] {processor.py:914} INFO - Processing file /home/noelsdavid/airflow_venv/lib/python3.12/site-packages/airflow/example_dags/plugins/event_listener.py for tasks to queue
[2026-05-18T06:23:41.555+0000] {logging_mixin.py:190} INFO - [2026-05-18T06:23:41.554+0000] {dagbag.py:588} INFO - Filling up the DagBag from /home/noelsdavid/airflow_venv/lib/python3.12/site-packages/airflow/example_dags/plugins/event_listener.py
[2026-05-18T06:23:41.559+0000] {processor.py:927} WARNING - No viable dags retrieved from /home/noelsdavid/airflow_venv/lib/python3.12/site-packages/airflow/example_dags/plugins/event_listener.py
[2026-05-18T06:23:41.577+0000] {processor.py:208} INFO - Processing /home/noelsdavid/airflow_venv/lib/python3.12/site-packages/airflow/example_dags/plugins/event_listener.py took 0.035 seconds
[2026-05-18T06:24:47.538+0000] {processor.py:186} INFO - Started process (PID=8866) to work on /home/noelsdavid/airflow_venv/lib/python3.12/site-packages/airflow/example_dags/plugins/event_listener.py
[2026-05-18T06:24:47.540+0000] {processor.py:914} INFO - Processing file /home/noelsdavid/airflow_venv/lib/python3.12/site-packages/airflow/example_dags/plugins/event_listener.py for tasks to queue
[2026-05-18T06:24:47.542+0000] {logging_mixin.py:190} INFO - [2026-05-18T06:24:47.542+0000] {dagbag.py:588} INFO - Filling up the DagBag from /home/noelsdavid/airflow_venv/lib/python3.12/site-packages/airflow/example_dags/plugins/event_listener.py
[2026-05-18T06:24:47.546+0000] {processor.py:927} WARNING - No viable dags retrieved from /home/noelsdavid/airflow_venv/lib/python3.12/site-packages/airflow/example_dags/plugins/event_listener.py
[2026-05-18T06:24:47.562+0000] {processor.py:208} INFO - Processing /home/noelsdavid/airflow_venv/lib/python3.12/site-packages/airflow/example_dags/plugins/event_listener.py took 0.032 seconds
[2026-05-18T06:25:52.858+0000] {processor.py:186} INFO - Started process (PID=8951) to work on /home/noelsdavid/airflow_venv/lib/python3.12/site-packages/airflow/example_dags/plugins/event_listener.py
[2026-05-18T06:25:52.860+0000] {processor.py:914} INFO - Processing file /home/noelsdavid/airflow_venv/lib/python3.12/site-packages/airflow/example_dags/plugins/event_listener.py for tasks to queue
[2026-05-18T06:25:52.863+0000] {logging_mixin.py:190} INFO - [2026-05-18T06:25:52.862+0000] {dagbag.py:588} INFO - Filling up the DagBag from /home/noelsdavid/airflow_venv/lib/python3.12/site-packages/airflow/example_dags/plugins/event_listener.py
[2026-05-18T06:25:52.866+0000] {processor.py:927} WARNING - No viable dags retrieved from /home/noelsdavid/airflow_venv/lib/python3.12/site-packages/airflow/example_dags/plugins/event_listener.py
[2026-05-18T06:25:52.883+0000] {processor.py:208} INFO - Processing /home/noelsdavid/airflow_venv/lib/python3.12/site-packages/airflow/example_dags/plugins/event_listener.py took 0.033 seconds
[2026-05-18T06:26:56.472+0000] {processor.py:186} INFO - Started process (PID=9148) to work on /home/noelsdavid/airflow_venv/lib/python3.12/site-packages/airflow/example_dags/plugins/event_listener.py
[2026-05-18T06:26:56.501+0000] {processor.py:914} INFO - Processing file /home/noelsdavid/airflow_venv/lib/python3.12/site-packages/airflow/example_dags/plugins/event_listener.py for tasks to queue
[2026-05-18T06:26:56.503+0000] {logging_mixin.py:190} INFO - [2026-05-18T06:26:56.502+0000] {dagbag.py:588} INFO - Filling up the DagBag from /home/noelsdavid/airflow_venv/lib/python3.12/site-packages/airflow/example_dags/plugins/event_listener.py
[2026-05-18T06:26:56.506+0000] {processor.py:927} WARNING - No viable dags retrieved from /home/noelsdavid/airflow_venv/lib/python3.12/site-packages/airflow/example_dags/plugins/event_listener.py
[2026-05-18T06:26:56.522+0000] {processor.py:208} INFO - Processing /home/noelsdavid/airflow_venv/lib/python3.12/site-packages/airflow/example_dags/plugins/event_listener.py took 0.059 seconds
[2026-05-18T06:27:43.363+0000] {processor.py:186} INFO - Started process (PID=9594) to work on /home/noelsdavid/airflow_venv/lib/python3.12/site-packages/airflow/example_dags/plugins/event_listener.py
[2026-05-18T06:27:43.365+0000] {processor.py:914} INFO - Processing file /home/noelsdavid/airflow_venv/lib/python3.12/site-packages/airflow/example_dags/plugins/event_listener.py for tasks to queue
[2026-05-18T06:27:43.368+0000] {logging_mixin.py:190} INFO - [2026-05-18T06:27:43.367+0000] {dagbag.py:588} INFO - Filling up the DagBag from /home/noelsdavid/airflow_venv/lib/python3.12/site-packages/airflow/example_dags/plugins/event_listener.py
[2026-05-18T06:27:43.371+0000] {processor.py:927} WARNING - No viable dags retrieved from /home/noelsdavid/airflow_venv/lib/python3.12/site-packages/airflow/example_dags/plugins/event_listener.py
[2026-05-18T06:27:43.386+0000] {processor.py:208} INFO - Processing /home/noelsdavid/airflow_venv/lib/python3.12/site-packages/airflow/example_dags/plugins/event_listener.py took 0.031 seconds
[2026-05-18T06:28:23.881+0000] {processor.py:186} INFO - Started process (PID=9715) to work on /home/noelsdavid/airflow_venv/lib/python3.12/site-packages/airflow/example_dags/plugins/event_listener.py
[2026-05-18T06:28:23.884+0000] {processor.py:914} INFO - Processing file /home/noelsdavid/airflow_venv/lib/python3.12/site-packages/airflow/example_dags/plugins/event_listener.py for tasks to queue
[2026-05-18T06:28:23.886+0000] {logging_mixin.py:190} INFO - [2026-05-18T06:28:23.885+0000] {dagbag.py:588} INFO - Filling up the DagBag from /home/noelsdavid/airflow_venv/lib/python3.12/site-packages/airflow/example_dags/plugins/event_listener.py
[2026-05-18T06:28:23.889+0000] {processor.py:927} WARNING - No viable dags retrieved from /home/noelsdavid/airflow_venv/lib/python3.12/site-packages/airflow/example_dags/plugins/event_listener.py
[2026-05-18T06:28:23.904+0000] {processor.py:208} INFO - Processing /home/noelsdavid/airflow_venv/lib/python3.12/site-packages/airflow/example_dags/plugins/event_listener.py took 0.031 seconds
[2026-05-18T06:29:32.061+0000] {processor.py:186} INFO - Started process (PID=9778) to work on /home/noelsdavid/airflow_venv/lib/python3.12/site-packages/airflow/example_dags/plugins/event_listener.py
[2026-05-18T06:29:32.063+0000] {processor.py:914} INFO - Processing file /home/noelsdavid/airflow_venv/lib/python3.12/site-packages/airflow/example_dags/plugins/event_listener.py for tasks to queue
[2026-05-18T06:29:32.065+0000] {logging_mixin.py:190} INFO - [2026-05-18T06:29:32.065+0000] {dagbag.py:588} INFO - Filling up the DagBag from /home/noelsdavid/airflow_venv/lib/python3.12/site-packages/airflow/example_dags/plugins/event_listener.py
[2026-05-18T06:29:32.069+0000] {processor.py:927} WARNING - No viable dags retrieved from /home/noelsdavid/airflow_venv/lib/python3.12/site-packages/airflow/example_dags/plugins/event_listener.py
[2026-05-18T06:29:32.085+0000] {processor.py:208} INFO - Processing /home/noelsdavid/airflow_venv/lib/python3.12/site-packages/airflow/example_dags/plugins/event_listener.py took 0.032 seconds
[2026-05-18T06:30:06.273+0000] {processor.py:186} INFO - Started process (PID=9812) to work on /home/noelsdavid/airflow_venv/lib/python3.12/site-packages/airflow/example_dags/plugins/event_listener.py
[2026-05-18T06:30:06.276+0000] {processor.py:914} INFO - Processing file /home/noelsdavid/airflow_venv/lib/python3.12/site-packages/airflow/example_dags/plugins/event_listener.py for tasks to queue
[2026-05-18T06:30:06.279+0000] {logging_mixin.py:190} INFO - [2026-05-18T06:30:06.279+0000] {dagbag.py:588} INFO - Filling up the DagBag from /home/noelsdavid/airflow_venv/lib/python3.12/site-packages/airflow/example_dags/plugins/event_listener.py
[2026-05-18T06:30:06.283+0000] {processor.py:927} WARNING - No viable dags retrieved from /home/noelsdavid/airflow_venv/lib/python3.12/site-packages/airflow/example_dags/plugins/event_listener.py
[2026-05-18T06:30:06.307+0000] {processor.py:208} INFO - Processing /home/noelsdavid/airflow_venv/lib/python3.12/site-packages/airflow/example_dags/plugins/event_listener.py took 0.043 seconds
[2026-05-18T06:31:11.638+0000] {processor.py:186} INFO - Started process (PID=9897) to work on /home/noelsdavid/airflow_venv/lib/python3.12/site-packages/airflow/example_dags/plugins/event_listener.py
[2026-05-18T06:31:11.641+0000] {processor.py:914} INFO - Processing file /home/noelsdavid/airflow_venv/lib/python3.12/site-packages/airflow/example_dags/plugins/event_listener.py for tasks to queue
[2026-05-18T06:31:11.644+0000] {logging_mixin.py:190} INFO - [2026-05-18T06:31:11.643+0000] {dagbag.py:588} INFO - Filling up the DagBag from /home/noelsdavid/airflow_venv/lib/python3.12/site-packages/airflow/example_dags/plugins/event_listener.py
[2026-05-18T06:31:11.649+0000] {processor.py:927} WARNING - No viable dags retrieved from /home/noelsdavid/airflow_venv/lib/python3.12/site-packages/airflow/example_dags/plugins/event_listener.py
[2026-05-18T06:31:11.670+0000] {processor.py:208} INFO - Processing /home/noelsdavid/airflow_venv/lib/python3.12/site-packages/airflow/example_dags/plugins/event_listener.py took 0.041 seconds
[2026-05-18T06:32:12.901+0000] {processor.py:186} INFO - Started process (PID=9958) to work on /home/noelsdavid/airflow_venv/lib/python3.12/site-packages/airflow/example_dags/plugins/event_listener.py
[2026-05-18T06:32:12.903+0000] {processor.py:914} INFO - Processing file /home/noelsdavid/airflow_venv/lib/python3.12/site-packages/airflow/example_dags/plugins/event_listener.py for tasks to queue
[2026-05-18T06:32:12.905+0000] {logging_mixin.py:190} INFO - [2026-05-18T06:32:12.905+0000] {dagbag.py:588} INFO - Filling up the DagBag from /home/noelsdavid/airflow_venv/lib/python3.12/site-packages/airflow/example_dags/plugins/event_listener.py
[2026-05-18T06:32:12.909+0000] {processor.py:927} WARNING - No viable dags retrieved from /home/noelsdavid/airflow_venv/lib/python3.12/site-packages/airflow/example_dags/plugins/event_listener.py
[2026-05-18T06:32:12.924+0000] {processor.py:208} INFO - Processing /home/noelsdavid/airflow_venv/lib/python3.12/site-packages/airflow/example_dags/plugins/event_listener.py took 0.031 seconds
[2026-05-18T06:33:11.609+0000] {processor.py:186} INFO - Started process (PID=10017) to work on /home/noelsdavid/airflow_venv/lib/python3.12/site-packages/airflow/example_dags/plugins/event_listener.py
[2026-05-18T06:33:11.612+0000] {processor.py:914} INFO - Processing file /home/noelsdavid/airflow_venv/lib/python3.12/site-packages/airflow/example_dags/plugins/event_listener.py for tasks to queue
[2026-05-18T06:33:11.614+0000] {logging_mixin.py:190} INFO - [2026-05-18T06:33:11.613+0000] {dagbag.py:588} INFO - Filling up the DagBag from /home/noelsdavid/airflow_venv/lib/python3.12/site-packages/airflow/example_dags/plugins/event_listener.py
[2026-05-18T06:33:11.617+0000] {processor.py:927} WARNING - No viable dags retrieved from /home/noelsdavid/airflow_venv/lib/python3.12/site-packages/airflow/example_dags/plugins/event_listener.py
[2026-05-18T06:33:11.632+0000] {processor.py:208} INFO - Processing /home/noelsdavid/airflow_venv/lib/python3.12/site-packages/airflow/example_dags/plugins/event_listener.py took 0.031 seconds
[2026-05-18T06:33:46.482+0000] {processor.py:186} INFO - Started process (PID=10057) to work on /home/noelsdavid/airflow_venv/lib/python3.12/site-packages/airflow/example_dags/plugins/event_listener.py
[2026-05-18T06:33:46.483+0000] {processor.py:914} INFO - Processing file /home/noelsdavid/airflow_venv/lib/python3.12/site-packages/airflow/example_dags/plugins/event_listener.py for tasks to queue
[2026-05-18T06:33:46.484+0000] {logging_mixin.py:190} INFO - [2026-05-18T06:33:46.484+0000] {dagbag.py:588} INFO - Filling up the DagBag from /home/noelsdavid/airflow_venv/lib/python3.12/site-packages/airflow/example_dags/plugins/event_listener.py
[2026-05-18T06:33:46.488+0000] {processor.py:927} WARNING - No viable dags retrieved from /home/noelsdavid/airflow_venv/lib/python3.12/site-packages/airflow/example_dags/plugins/event_listener.py
[2026-05-18T06:33:46.503+0000] {processor.py:208} INFO - Processing /home/noelsdavid/airflow_venv/lib/python3.12/site-packages/airflow/example_dags/plugins/event_listener.py took 0.030 seconds
[2026-05-18T06:34:20.721+0000] {processor.py:186} INFO - Started process (PID=10154) to work on /home/noelsdavid/airflow_venv/lib/python3.12/site-packages/airflow/example_dags/plugins/event_listener.py
[2026-05-18T06:34:20.723+0000] {processor.py:914} INFO - Processing file /home/noelsdavid/airflow_venv/lib/python3.12/site-packages/airflow/example_dags/plugins/event_listener.py for tasks to queue
[2026-05-18T06:34:20.725+0000] {logging_mixin.py:190} INFO - [2026-05-18T06:34:20.725+0000] {dagbag.py:588} INFO - Filling up the DagBag from /home/noelsdavid/airflow_venv/lib/python3.12/site-packages/airflow/example_dags/plugins/event_listener.py
[2026-05-18T06:34:20.729+0000] {processor.py:927} WARNING - No viable dags retrieved from /home/noelsdavid/airflow_venv/lib/python3.12/site-packages/airflow/example_dags/plugins/event_listener.py
[2026-05-18T06:34:20.746+0000] {processor.py:208} INFO - Processing /home/noelsdavid/airflow_venv/lib/python3.12/site-packages/airflow/example_dags/plugins/event_listener.py took 0.033 seconds
[2026-05-18T06:35:24.557+0000] {processor.py:186} INFO - Started process (PID=10361) to work on /home/noelsdavid/airflow_venv/lib/python3.12/site-packages/airflow/example_dags/plugins/event_listener.py
[2026-05-18T06:35:24.559+0000] {processor.py:914} INFO - Processing file /home/noelsdavid/airflow_venv/lib/python3.12/site-packages/airflow/example_dags/plugins/event_listener.py for tasks to queue
[2026-05-18T06:35:24.561+0000] {logging_mixin.py:190} INFO - [2026-05-18T06:35:24.561+0000] {dagbag.py:588} INFO - Filling up the DagBag from /home/noelsdavid/airflow_venv/lib/python3.12/site-packages/airflow/example_dags/plugins/event_listener.py
[2026-05-18T06:35:24.565+0000] {processor.py:927} WARNING - No viable dags retrieved from /home/noelsdavid/airflow_venv/lib/python3.12/site-packages/airflow/example_dags/plugins/event_listener.py
[2026-05-18T06:35:24.580+0000] {processor.py:208} INFO - Processing /home/noelsdavid/airflow_venv/lib/python3.12/site-packages/airflow/example_dags/plugins/event_listener.py took 0.031 seconds
[2026-05-18T06:36:26.992+0000] {processor.py:186} INFO - Started process (PID=10521) to work on /home/noelsdavid/airflow_venv/lib/python3.12/site-packages/airflow/example_dags/plugins/event_listener.py
[2026-05-18T06:36:27.008+0000] {processor.py:914} INFO - Processing file /home/noelsdavid/airflow_venv/lib/python3.12/site-packages/airflow/example_dags/plugins/event_listener.py for tasks to queue
[2026-05-18T06:36:27.010+0000] {logging_mixin.py:190} INFO - [2026-05-18T06:36:27.009+0000] {dagbag.py:588} INFO - Filling up the DagBag from /home/noelsdavid/airflow_venv/lib/python3.12/site-packages/airflow/example_dags/plugins/event_listener.py
[2026-05-18T06:36:27.014+0000] {processor.py:927} WARNING - No viable dags retrieved from /home/noelsdavid/airflow_venv/lib/python3.12/site-packages/airflow/example_dags/plugins/event_listener.py
[2026-05-18T06:36:27.029+0000] {processor.py:208} INFO - Processing /home/noelsdavid/airflow_venv/lib/python3.12/site-packages/airflow/example_dags/plugins/event_listener.py took 0.045 seconds
[2026-05-18T06:37:30.222+0000] {processor.py:186} INFO - Started process (PID=10870) to work on /home/noelsdavid/airflow_venv/lib/python3.12/site-packages/airflow/example_dags/plugins/event_listener.py
[2026-05-18T06:37:30.224+0000] {processor.py:914} INFO - Processing file /home/noelsdavid/airflow_venv/lib/python3.12/site-packages/airflow/example_dags/plugins/event_listener.py for tasks to queue
[2026-05-18T06:37:30.226+0000] {logging_mixin.py:190} INFO - [2026-05-18T06:37:30.226+0000] {dagbag.py:588} INFO - Filling up the DagBag from /home/noelsdavid/airflow_venv/lib/python3.12/site-packages/airflow/example_dags/plugins/event_listener.py
[2026-05-18T06:37:30.230+0000] {processor.py:927} WARNING - No viable dags retrieved from /home/noelsdavid/airflow_venv/lib/python3.12/site-packages/airflow/example_dags/plugins/event_listener.py
[2026-05-18T06:37:30.247+0000] {processor.py:208} INFO - Processing /home/noelsdavid/airflow_venv/lib/python3.12/site-packages/airflow/example_dags/plugins/event_listener.py took 0.033 seconds
[2026-05-18T06:38:05.760+0000] {processor.py:186} INFO - Started process (PID=10959) to work on /home/noelsdavid/airflow_venv/lib/python3.12/site-packages/airflow/example_dags/plugins/event_listener.py
[2026-05-18T06:38:05.762+0000] {processor.py:914} INFO - Processing file /home/noelsdavid/airflow_venv/lib/python3.12/site-packages/airflow/example_dags/plugins/event_listener.py for tasks to queue
[2026-05-18T06:38:05.764+0000] {logging_mixin.py:190} INFO - [2026-05-18T06:38:05.763+0000] {dagbag.py:588} INFO - Filling up the DagBag from /home/noelsdavid/airflow_venv/lib/python3.12/site-packages/airflow/example_dags/plugins/event_listener.py
[2026-05-18T06:38:05.767+0000] {processor.py:927} WARNING - No viable dags retrieved from /home/noelsdavid/airflow_venv/lib/python3.12/site-packages/airflow/example_dags/plugins/event_listener.py
[2026-05-18T06:38:05.782+0000] {processor.py:208} INFO - Processing /home/noelsdavid/airflow_venv/lib/python3.12/site-packages/airflow/example_dags/plugins/event_listener.py took 0.030 seconds
[2026-05-18T06:39:08.595+0000] {processor.py:186} INFO - Started process (PID=11263) to work on /home/noelsdavid/airflow_venv/lib/python3.12/site-packages/airflow/example_dags/plugins/event_listener.py
[2026-05-18T06:39:08.598+0000] {processor.py:914} INFO - Processing file /home/noelsdavid/airflow_venv/lib/python3.12/site-packages/airflow/example_dags/plugins/event_listener.py for tasks to queue
[2026-05-18T06:39:08.601+0000] {logging_mixin.py:190} INFO - [2026-05-18T06:39:08.600+0000] {dagbag.py:588} INFO - Filling up the DagBag from /home/noelsdavid/airflow_venv/lib/python3.12/site-packages/airflow/example_dags/plugins/event_listener.py
[2026-05-18T06:39:08.604+0000] {processor.py:927} WARNING - No viable dags retrieved from /home/noelsdavid/airflow_venv/lib/python3.12/site-packages/airflow/example_dags/plugins/event_listener.py
[2026-05-18T06:39:08.621+0000] {processor.py:208} INFO - Processing /home/noelsdavid/airflow_venv/lib/python3.12/site-packages/airflow/example_dags/plugins/event_listener.py took 0.035 seconds
[2026-05-18T06:40:16.134+0000] {processor.py:186} INFO - Started process (PID=11514) to work on /home/noelsdavid/airflow_venv/lib/python3.12/site-packages/airflow/example_dags/plugins/event_listener.py
[2026-05-18T06:40:16.137+0000] {processor.py:914} INFO - Processing file /home/noelsdavid/airflow_venv/lib/python3.12/site-packages/airflow/example_dags/plugins/event_listener.py for tasks to queue
[2026-05-18T06:40:16.139+0000] {logging_mixin.py:190} INFO - [2026-05-18T06:40:16.138+0000] {dagbag.py:588} INFO - Filling up the DagBag from /home/noelsdavid/airflow_venv/lib/python3.12/site-packages/airflow/example_dags/plugins/event_listener.py
[2026-05-18T06:40:16.142+0000] {processor.py:927} WARNING - No viable dags retrieved from /home/noelsdavid/airflow_venv/lib/python3.12/site-packages/airflow/example_dags/plugins/event_listener.py
[2026-05-18T06:40:16.163+0000] {processor.py:208} INFO - Processing /home/noelsdavid/airflow_venv/lib/python3.12/site-packages/airflow/example_dags/plugins/event_listener.py took 0.037 seconds
[2026-05-18T06:40:52.969+0000] {processor.py:186} INFO - Started process (PID=11609) to work on /home/noelsdavid/airflow_venv/lib/python3.12/site-packages/airflow/example_dags/plugins/event_listener.py
[2026-05-18T06:40:52.973+0000] {processor.py:914} INFO - Processing file /home/noelsdavid/airflow_venv/lib/python3.12/site-packages/airflow/example_dags/plugins/event_listener.py for tasks to queue
[2026-05-18T06:40:52.976+0000] {logging_mixin.py:190} INFO - [2026-05-18T06:40:52.975+0000] {dagbag.py:588} INFO - Filling up the DagBag from /home/noelsdavid/airflow_venv/lib/python3.12/site-packages/airflow/example_dags/plugins/event_listener.py
[2026-05-18T06:40:52.981+0000] {processor.py:927} WARNING - No viable dags retrieved from /home/noelsdavid/airflow_venv/lib/python3.12/site-packages/airflow/example_dags/plugins/event_listener.py
[2026-05-18T06:40:53.013+0000] {processor.py:208} INFO - Processing /home/noelsdavid/airflow_venv/lib/python3.12/site-packages/airflow/example_dags/plugins/event_listener.py took 0.055 seconds
[2026-05-18T06:41:29.638+0000] {processor.py:186} INFO - Started process (PID=12165) to work on /home/noelsdavid/airflow_venv/lib/python3.12/site-packages/airflow/example_dags/plugins/event_listener.py
[2026-05-18T06:41:29.641+0000] {processor.py:914} INFO - Processing file /home/noelsdavid/airflow_venv/lib/python3.12/site-packages/airflow/example_dags/plugins/event_listener.py for tasks to queue
[2026-05-18T06:41:29.643+0000] {logging_mixin.py:190} INFO - [2026-05-18T06:41:29.642+0000] {dagbag.py:588} INFO - Filling up the DagBag from /home/noelsdavid/airflow_venv/lib/python3.12/site-packages/airflow/example_dags/plugins/event_listener.py
[2026-05-18T06:41:29.647+0000] {processor.py:927} WARNING - No viable dags retrieved from /home/noelsdavid/airflow_venv/lib/python3.12/site-packages/airflow/example_dags/plugins/event_listener.py
[2026-05-18T06:41:29.663+0000] {processor.py:208} INFO - Processing /home/noelsdavid/airflow_venv/lib/python3.12/site-packages/airflow/example_dags/plugins/event_listener.py took 0.033 seconds
[2026-05-18T06:42:05.747+0000] {processor.py:186} INFO - Started process (PID=12313) to work on /home/noelsdavid/airflow_venv/lib/python3.12/site-packages/airflow/example_dags/plugins/event_listener.py
[2026-05-18T06:42:05.750+0000] {processor.py:914} INFO - Processing file /home/noelsdavid/airflow_venv/lib/python3.12/site-packages/airflow/example_dags/plugins/event_listener.py for tasks to queue
[2026-05-18T06:42:05.752+0000] {logging_mixin.py:190} INFO - [2026-05-18T06:42:05.752+0000] {dagbag.py:588} INFO - Filling up the DagBag from /home/noelsdavid/airflow_venv/lib/python3.12/site-packages/airflow/example_dags/plugins/event_listener.py
[2026-05-18T06:42:05.756+0000] {processor.py:927} WARNING - No viable dags retrieved from /home/noelsdavid/airflow_venv/lib/python3.12/site-packages/airflow/example_dags/plugins/event_listener.py
[2026-05-18T06:42:05.773+0000] {processor.py:208} INFO - Processing /home/noelsdavid/airflow_venv/lib/python3.12/site-packages/airflow/example_dags/plugins/event_listener.py took 0.034 seconds
[2026-05-18T06:42:43.401+0000] {processor.py:186} INFO - Started process (PID=12537) to work on /home/noelsdavid/airflow_venv/lib/python3.12/site-packages/airflow/example_dags/plugins/event_listener.py
[2026-05-18T06:42:43.404+0000] {processor.py:914} INFO - Processing file /home/noelsdavid/airflow_venv/lib/python3.12/site-packages/airflow/example_dags/plugins/event_listener.py for tasks to queue
[2026-05-18T06:42:43.406+0000] {logging_mixin.py:190} INFO - [2026-05-18T06:42:43.405+0000] {dagbag.py:588} INFO - Filling up the DagBag from /home/noelsdavid/airflow_venv/lib/python3.12/site-packages/airflow/example_dags/plugins/event_listener.py
[2026-05-18T06:42:43.409+0000] {processor.py:927} WARNING - No viable dags retrieved from /home/noelsdavid/airflow_venv/lib/python3.12/site-packages/airflow/example_dags/plugins/event_listener.py
[2026-05-18T06:42:43.426+0000] {processor.py:208} INFO - Processing /home/noelsdavid/airflow_venv/lib/python3.12/site-packages/airflow/example_dags/plugins/event_listener.py took 0.034 seconds
[2026-05-18T06:43:18.667+0000] {processor.py:186} INFO - Started process (PID=12705) to work on /home/noelsdavid/airflow_venv/lib/python3.12/site-packages/airflow/example_dags/plugins/event_listener.py
[2026-05-18T06:43:18.670+0000] {processor.py:914} INFO - Processing file /home/noelsdavid/airflow_venv/lib/python3.12/site-packages/airflow/example_dags/plugins/event_listener.py for tasks to queue
[2026-05-18T06:43:18.672+0000] {logging_mixin.py:190} INFO - [2026-05-18T06:43:18.672+0000] {dagbag.py:588} INFO - Filling up the DagBag from /home/noelsdavid/airflow_venv/lib/python3.12/site-packages/airflow/example_dags/plugins/event_listener.py
[2026-05-18T06:43:18.676+0000] {processor.py:927} WARNING - No viable dags retrieved from /home/noelsdavid/airflow_venv/lib/python3.12/site-packages/airflow/example_dags/plugins/event_listener.py
[2026-05-18T06:43:18.695+0000] {processor.py:208} INFO - Processing /home/noelsdavid/airflow_venv/lib/python3.12/site-packages/airflow/example_dags/plugins/event_listener.py took 0.038 seconds
[2026-05-18T06:44:16.076+0000] {processor.py:186} INFO - Started process (PID=13030) to work on /home/noelsdavid/airflow_venv/lib/python3.12/site-packages/airflow/example_dags/plugins/event_listener.py
[2026-05-18T06:44:16.078+0000] {processor.py:914} INFO - Processing file /home/noelsdavid/airflow_venv/lib/python3.12/site-packages/airflow/example_dags/plugins/event_listener.py for tasks to queue
[2026-05-18T06:44:16.080+0000] {logging_mixin.py:190} INFO - [2026-05-18T06:44:16.080+0000] {dagbag.py:588} INFO - Filling up the DagBag from /home/noelsdavid/airflow_venv/lib/python3.12/site-packages/airflow/example_dags/plugins/event_listener.py
[2026-05-18T06:44:16.084+0000] {processor.py:927} WARNING - No viable dags retrieved from /home/noelsdavid/airflow_venv/lib/python3.12/site-packages/airflow/example_dags/plugins/event_listener.py
[2026-05-18T06:44:16.101+0000] {processor.py:208} INFO - Processing /home/noelsdavid/airflow_venv/lib/python3.12/site-packages/airflow/example_dags/plugins/event_listener.py took 0.035 seconds
[2026-05-18T06:44:57.795+0000] {processor.py:186} INFO - Started process (PID=13076) to work on /home/noelsdavid/airflow_venv/lib/python3.12/site-packages/airflow/example_dags/plugins/event_listener.py
[2026-05-18T06:44:57.801+0000] {processor.py:914} INFO - Processing file /home/noelsdavid/airflow_venv/lib/python3.12/site-packages/airflow/example_dags/plugins/event_listener.py for tasks to queue
[2026-05-18T06:44:57.804+0000] {logging_mixin.py:190} INFO - [2026-05-18T06:44:57.803+0000] {dagbag.py:588} INFO - Filling up the DagBag from /home/noelsdavid/airflow_venv/lib/python3.12/site-packages/airflow/example_dags/plugins/event_listener.py
[2026-05-18T06:44:57.807+0000] {processor.py:927} WARNING - No viable dags retrieved from /home/noelsdavid/airflow_venv/lib/python3.12/site-packages/airflow/example_dags/plugins/event_listener.py
[2026-05-18T06:44:57.826+0000] {processor.py:208} INFO - Processing /home/noelsdavid/airflow_venv/lib/python3.12/site-packages/airflow/example_dags/plugins/event_listener.py took 0.043 seconds
[2026-05-18T06:45:34.028+0000] {processor.py:186} INFO - Started process (PID=13138) to work on /home/noelsdavid/airflow_venv/lib/python3.12/site-packages/airflow/example_dags/plugins/event_listener.py
[2026-05-18T06:45:34.031+0000] {processor.py:914} INFO - Processing file /home/noelsdavid/airflow_venv/lib/python3.12/site-packages/airflow/example_dags/plugins/event_listener.py for tasks to queue
[2026-05-18T06:45:34.033+0000] {logging_mixin.py:190} INFO - [2026-05-18T06:45:34.032+0000] {dagbag.py:588} INFO - Filling up the DagBag from /home/noelsdavid/airflow_venv/lib/python3.12/site-packages/airflow/example_dags/plugins/event_listener.py
[2026-05-18T06:45:34.036+0000] {processor.py:927} WARNING - No viable dags retrieved from /home/noelsdavid/airflow_venv/lib/python3.12/site-packages/airflow/example_dags/plugins/event_listener.py
[2026-05-18T06:45:34.053+0000] {processor.py:208} INFO - Processing /home/noelsdavid/airflow_venv/lib/python3.12/site-packages/airflow/example_dags/plugins/event_listener.py took 0.035 seconds
[2026-05-18T06:46:09.792+0000] {processor.py:186} INFO - Started process (PID=13178) to work on /home/noelsdavid/airflow_venv/lib/python3.12/site-packages/airflow/example_dags/plugins/event_listener.py
[2026-05-18T06:46:09.795+0000] {processor.py:914} INFO - Processing file /home/noelsdavid/airflow_venv/lib/python3.12/site-packages/airflow/example_dags/plugins/event_listener.py for tasks to queue
[2026-05-18T06:46:09.797+0000] {logging_mixin.py:190} INFO - [2026-05-18T06:46:09.796+0000] {dagbag.py:588} INFO - Filling up the DagBag from /home/noelsdavid/airflow_venv/lib/python3.12/site-packages/airflow/example_dags/plugins/event_listener.py
[2026-05-18T06:46:09.800+0000] {processor.py:927} WARNING - No viable dags retrieved from /home/noelsdavid/airflow_venv/lib/python3.12/site-packages/airflow/example_dags/plugins/event_listener.py
[2026-05-18T06:46:09.816+0000] {processor.py:208} INFO - Processing /home/noelsdavid/airflow_venv/lib/python3.12/site-packages/airflow/example_dags/plugins/event_listener.py took 0.034 seconds
[2026-05-18T06:47:17.409+0000] {processor.py:186} INFO - Started process (PID=13254) to work on /home/noelsdavid/airflow_venv/lib/python3.12/site-packages/airflow/example_dags/plugins/event_listener.py
[2026-05-18T06:47:17.411+0000] {processor.py:914} INFO - Processing file /home/noelsdavid/airflow_venv/lib/python3.12/site-packages/airflow/example_dags/plugins/event_listener.py for tasks to queue
[2026-05-18T06:47:17.413+0000] {logging_mixin.py:190} INFO - [2026-05-18T06:47:17.412+0000] {dagbag.py:588} INFO - Filling up the DagBag from /home/noelsdavid/airflow_venv/lib/python3.12/site-packages/airflow/example_dags/plugins/event_listener.py
[2026-05-18T06:47:17.416+0000] {processor.py:927} WARNING - No viable dags retrieved from /home/noelsdavid/airflow_venv/lib/python3.12/site-packages/airflow/example_dags/plugins/event_listener.py
[2026-05-18T06:47:17.432+0000] {processor.py:208} INFO - Processing /home/noelsdavid/airflow_venv/lib/python3.12/site-packages/airflow/example_dags/plugins/event_listener.py took 0.032 seconds
[2026-05-18T06:48:22.529+0000] {processor.py:186} INFO - Started process (PID=13326) to work on /home/noelsdavid/airflow_venv/lib/python3.12/site-packages/airflow/example_dags/plugins/event_listener.py
[2026-05-18T06:48:22.532+0000] {processor.py:914} INFO - Processing file /home/noelsdavid/airflow_venv/lib/python3.12/site-packages/airflow/example_dags/plugins/event_listener.py for tasks to queue
[2026-05-18T06:48:22.534+0000] {logging_mixin.py:190} INFO - [2026-05-18T06:48:22.533+0000] {dagbag.py:588} INFO - Filling up the DagBag from /home/noelsdavid/airflow_venv/lib/python3.12/site-packages/airflow/example_dags/plugins/event_listener.py
[2026-05-18T06:48:22.537+0000] {processor.py:927} WARNING - No viable dags retrieved from /home/noelsdavid/airflow_venv/lib/python3.12/site-packages/airflow/example_dags/plugins/event_listener.py
[2026-05-18T06:48:22.552+0000] {processor.py:208} INFO - Processing /home/noelsdavid/airflow_venv/lib/python3.12/site-packages/airflow/example_dags/plugins/event_listener.py took 0.032 seconds
[2026-05-18T06:49:25.741+0000] {processor.py:186} INFO - Started process (PID=13396) to work on /home/noelsdavid/airflow_venv/lib/python3.12/site-packages/airflow/example_dags/plugins/event_listener.py
[2026-05-18T06:49:25.758+0000] {processor.py:914} INFO - Processing file /home/noelsdavid/airflow_venv/lib/python3.12/site-packages/airflow/example_dags/plugins/event_listener.py for tasks to queue
[2026-05-18T06:49:25.760+0000] {logging_mixin.py:190} INFO - [2026-05-18T06:49:25.760+0000] {dagbag.py:588} INFO - Filling up the DagBag from /home/noelsdavid/airflow_venv/lib/python3.12/site-packages/airflow/example_dags/plugins/event_listener.py
[2026-05-18T06:49:25.764+0000] {processor.py:927} WARNING - No viable dags retrieved from /home/noelsdavid/airflow_venv/lib/python3.12/site-packages/airflow/example_dags/plugins/event_listener.py
[2026-05-18T06:49:25.779+0000] {processor.py:208} INFO - Processing /home/noelsdavid/airflow_venv/lib/python3.12/site-packages/airflow/example_dags/plugins/event_listener.py took 0.047 seconds
[2026-05-18T06:50:02.444+0000] {processor.py:186} INFO - Started process (PID=13463) to work on /home/noelsdavid/airflow_venv/lib/python3.12/site-packages/airflow/example_dags/plugins/event_listener.py
[2026-05-18T06:50:02.447+0000] {processor.py:914} INFO - Processing file /home/noelsdavid/airflow_venv/lib/python3.12/site-packages/airflow/example_dags/plugins/event_listener.py for tasks to queue
[2026-05-18T06:50:02.450+0000] {logging_mixin.py:190} INFO - [2026-05-18T06:50:02.449+0000] {dagbag.py:588} INFO - Filling up the DagBag from /home/noelsdavid/airflow_venv/lib/python3.12/site-packages/airflow/example_dags/plugins/event_listener.py
[2026-05-18T06:50:02.455+0000] {processor.py:927} WARNING - No viable dags retrieved from /home/noelsdavid/airflow_venv/lib/python3.12/site-packages/airflow/example_dags/plugins/event_listener.py
[2026-05-18T06:50:02.476+0000] {processor.py:208} INFO - Processing /home/noelsdavid/airflow_venv/lib/python3.12/site-packages/airflow/example_dags/plugins/event_listener.py took 0.045 seconds
