[2026-05-18T06:00:10.905+0000] {processor.py:186} INFO - Started process (PID=6813) to work on /home/noelsdavid/airflow_venv/lib/python3.12/site-packages/airflow/example_dags/plugins/listener_plugin.py
[2026-05-18T06:00:10.906+0000] {processor.py:914} INFO - Processing file /home/noelsdavid/airflow_venv/lib/python3.12/site-packages/airflow/example_dags/plugins/listener_plugin.py for tasks to queue
[2026-05-18T06:00:10.909+0000] {logging_mixin.py:190} INFO - [2026-05-18T06:00:10.909+0000] {dagbag.py:588} INFO - Filling up the DagBag from /home/noelsdavid/airflow_venv/lib/python3.12/site-packages/airflow/example_dags/plugins/listener_plugin.py
[2026-05-18T06:00:10.915+0000] {processor.py:927} WARNING - No viable dags retrieved from /home/noelsdavid/airflow_venv/lib/python3.12/site-packages/airflow/example_dags/plugins/listener_plugin.py
[2026-05-18T06:00:10.933+0000] {processor.py:208} INFO - Processing /home/noelsdavid/airflow_venv/lib/python3.12/site-packages/airflow/example_dags/plugins/listener_plugin.py took 0.035 seconds
[2026-05-18T06:01:22.127+0000] {processor.py:186} INFO - Started process (PID=6952) to work on /home/noelsdavid/airflow_venv/lib/python3.12/site-packages/airflow/example_dags/plugins/listener_plugin.py
[2026-05-18T06:01:22.151+0000] {processor.py:914} INFO - Processing file /home/noelsdavid/airflow_venv/lib/python3.12/site-packages/airflow/example_dags/plugins/listener_plugin.py for tasks to queue
[2026-05-18T06:01:22.153+0000] {logging_mixin.py:190} INFO - [2026-05-18T06:01:22.153+0000] {dagbag.py:588} INFO - Filling up the DagBag from /home/noelsdavid/airflow_venv/lib/python3.12/site-packages/airflow/example_dags/plugins/listener_plugin.py
[2026-05-18T06:01:22.157+0000] {processor.py:927} WARNING - No viable dags retrieved from /home/noelsdavid/airflow_venv/lib/python3.12/site-packages/airflow/example_dags/plugins/listener_plugin.py
[2026-05-18T06:01:22.170+0000] {processor.py:208} INFO - Processing /home/noelsdavid/airflow_venv/lib/python3.12/site-packages/airflow/example_dags/plugins/listener_plugin.py took 0.050 seconds
[2026-05-18T06:01:58.007+0000] {processor.py:186} INFO - Started process (PID=6987) to work on /home/noelsdavid/airflow_venv/lib/python3.12/site-packages/airflow/example_dags/plugins/listener_plugin.py
[2026-05-18T06:01:58.010+0000] {processor.py:914} INFO - Processing file /home/noelsdavid/airflow_venv/lib/python3.12/site-packages/airflow/example_dags/plugins/listener_plugin.py for tasks to queue
[2026-05-18T06:01:58.013+0000] {logging_mixin.py:190} INFO - [2026-05-18T06:01:58.012+0000] {dagbag.py:588} INFO - Filling up the DagBag from /home/noelsdavid/airflow_venv/lib/python3.12/site-packages/airflow/example_dags/plugins/listener_plugin.py
[2026-05-18T06:01:58.016+0000] {processor.py:927} WARNING - No viable dags retrieved from /home/noelsdavid/airflow_venv/lib/python3.12/site-packages/airflow/example_dags/plugins/listener_plugin.py
[2026-05-18T06:01:58.031+0000] {processor.py:208} INFO - Processing /home/noelsdavid/airflow_venv/lib/python3.12/site-packages/airflow/example_dags/plugins/listener_plugin.py took 0.033 seconds
[2026-05-18T06:02:56.484+0000] {processor.py:186} INFO - Started process (PID=7046) to work on /home/noelsdavid/airflow_venv/lib/python3.12/site-packages/airflow/example_dags/plugins/listener_plugin.py
[2026-05-18T06:02:56.509+0000] {processor.py:914} INFO - Processing file /home/noelsdavid/airflow_venv/lib/python3.12/site-packages/airflow/example_dags/plugins/listener_plugin.py for tasks to queue
[2026-05-18T06:02:56.512+0000] {logging_mixin.py:190} INFO - [2026-05-18T06:02:56.512+0000] {dagbag.py:588} INFO - Filling up the DagBag from /home/noelsdavid/airflow_venv/lib/python3.12/site-packages/airflow/example_dags/plugins/listener_plugin.py
[2026-05-18T06:02:56.516+0000] {processor.py:927} WARNING - No viable dags retrieved from /home/noelsdavid/airflow_venv/lib/python3.12/site-packages/airflow/example_dags/plugins/listener_plugin.py
[2026-05-18T06:02:56.531+0000] {processor.py:208} INFO - Processing /home/noelsdavid/airflow_venv/lib/python3.12/site-packages/airflow/example_dags/plugins/listener_plugin.py took 0.054 seconds
[2026-05-18T06:03:57.009+0000] {processor.py:186} INFO - Started process (PID=7106) to work on /home/noelsdavid/airflow_venv/lib/python3.12/site-packages/airflow/example_dags/plugins/listener_plugin.py
[2026-05-18T06:03:57.011+0000] {processor.py:914} INFO - Processing file /home/noelsdavid/airflow_venv/lib/python3.12/site-packages/airflow/example_dags/plugins/listener_plugin.py for tasks to queue
[2026-05-18T06:03:57.014+0000] {logging_mixin.py:190} INFO - [2026-05-18T06:03:57.014+0000] {dagbag.py:588} INFO - Filling up the DagBag from /home/noelsdavid/airflow_venv/lib/python3.12/site-packages/airflow/example_dags/plugins/listener_plugin.py
[2026-05-18T06:03:57.018+0000] {processor.py:927} WARNING - No viable dags retrieved from /home/noelsdavid/airflow_venv/lib/python3.12/site-packages/airflow/example_dags/plugins/listener_plugin.py
[2026-05-18T06:03:57.034+0000] {processor.py:208} INFO - Processing /home/noelsdavid/airflow_venv/lib/python3.12/site-packages/airflow/example_dags/plugins/listener_plugin.py took 0.033 seconds
[2026-05-18T06:04:57.811+0000] {processor.py:186} INFO - Started process (PID=7166) to work on /home/noelsdavid/airflow_venv/lib/python3.12/site-packages/airflow/example_dags/plugins/listener_plugin.py
[2026-05-18T06:04:57.813+0000] {processor.py:914} INFO - Processing file /home/noelsdavid/airflow_venv/lib/python3.12/site-packages/airflow/example_dags/plugins/listener_plugin.py for tasks to queue
[2026-05-18T06:04:57.816+0000] {logging_mixin.py:190} INFO - [2026-05-18T06:04:57.816+0000] {dagbag.py:588} INFO - Filling up the DagBag from /home/noelsdavid/airflow_venv/lib/python3.12/site-packages/airflow/example_dags/plugins/listener_plugin.py
[2026-05-18T06:04:57.820+0000] {processor.py:927} WARNING - No viable dags retrieved from /home/noelsdavid/airflow_venv/lib/python3.12/site-packages/airflow/example_dags/plugins/listener_plugin.py
[2026-05-18T06:04:57.837+0000] {processor.py:208} INFO - Processing /home/noelsdavid/airflow_venv/lib/python3.12/site-packages/airflow/example_dags/plugins/listener_plugin.py took 0.033 seconds
[2026-05-18T06:05:33.941+0000] {processor.py:186} INFO - Started process (PID=7222) to work on /home/noelsdavid/airflow_venv/lib/python3.12/site-packages/airflow/example_dags/plugins/listener_plugin.py
[2026-05-18T06:05:33.943+0000] {processor.py:914} INFO - Processing file /home/noelsdavid/airflow_venv/lib/python3.12/site-packages/airflow/example_dags/plugins/listener_plugin.py for tasks to queue
[2026-05-18T06:05:33.946+0000] {logging_mixin.py:190} INFO - [2026-05-18T06:05:33.946+0000] {dagbag.py:588} INFO - Filling up the DagBag from /home/noelsdavid/airflow_venv/lib/python3.12/site-packages/airflow/example_dags/plugins/listener_plugin.py
[2026-05-18T06:05:33.950+0000] {processor.py:927} WARNING - No viable dags retrieved from /home/noelsdavid/airflow_venv/lib/python3.12/site-packages/airflow/example_dags/plugins/listener_plugin.py
[2026-05-18T06:05:33.965+0000] {processor.py:208} INFO - Processing /home/noelsdavid/airflow_venv/lib/python3.12/site-packages/airflow/example_dags/plugins/listener_plugin.py took 0.033 seconds
[2026-05-18T06:06:11.123+0000] {processor.py:186} INFO - Started process (PID=7257) to work on /home/noelsdavid/airflow_venv/lib/python3.12/site-packages/airflow/example_dags/plugins/listener_plugin.py
[2026-05-18T06:06:11.128+0000] {processor.py:914} INFO - Processing file /home/noelsdavid/airflow_venv/lib/python3.12/site-packages/airflow/example_dags/plugins/listener_plugin.py for tasks to queue
[2026-05-18T06:06:11.132+0000] {logging_mixin.py:190} INFO - [2026-05-18T06:06:11.131+0000] {dagbag.py:588} INFO - Filling up the DagBag from /home/noelsdavid/airflow_venv/lib/python3.12/site-packages/airflow/example_dags/plugins/listener_plugin.py
[2026-05-18T06:06:11.137+0000] {processor.py:927} WARNING - No viable dags retrieved from /home/noelsdavid/airflow_venv/lib/python3.12/site-packages/airflow/example_dags/plugins/listener_plugin.py
[2026-05-18T06:06:11.154+0000] {processor.py:208} INFO - Processing /home/noelsdavid/airflow_venv/lib/python3.12/site-packages/airflow/example_dags/plugins/listener_plugin.py took 0.039 seconds
[2026-05-18T06:07:08.862+0000] {processor.py:186} INFO - Started process (PID=7314) to work on /home/noelsdavid/airflow_venv/lib/python3.12/site-packages/airflow/example_dags/plugins/listener_plugin.py
[2026-05-18T06:07:08.883+0000] {processor.py:914} INFO - Processing file /home/noelsdavid/airflow_venv/lib/python3.12/site-packages/airflow/example_dags/plugins/listener_plugin.py for tasks to queue
[2026-05-18T06:07:08.886+0000] {logging_mixin.py:190} INFO - [2026-05-18T06:07:08.885+0000] {dagbag.py:588} INFO - Filling up the DagBag from /home/noelsdavid/airflow_venv/lib/python3.12/site-packages/airflow/example_dags/plugins/listener_plugin.py
[2026-05-18T06:07:08.889+0000] {processor.py:927} WARNING - No viable dags retrieved from /home/noelsdavid/airflow_venv/lib/python3.12/site-packages/airflow/example_dags/plugins/listener_plugin.py
[2026-05-18T06:07:08.905+0000] {processor.py:208} INFO - Processing /home/noelsdavid/airflow_venv/lib/python3.12/site-packages/airflow/example_dags/plugins/listener_plugin.py took 0.052 seconds
[2026-05-18T06:08:05.994+0000] {processor.py:186} INFO - Started process (PID=7371) to work on /home/noelsdavid/airflow_venv/lib/python3.12/site-packages/airflow/example_dags/plugins/listener_plugin.py
[2026-05-18T06:08:06.020+0000] {processor.py:914} INFO - Processing file /home/noelsdavid/airflow_venv/lib/python3.12/site-packages/airflow/example_dags/plugins/listener_plugin.py for tasks to queue
[2026-05-18T06:08:06.024+0000] {logging_mixin.py:190} INFO - [2026-05-18T06:08:06.023+0000] {dagbag.py:588} INFO - Filling up the DagBag from /home/noelsdavid/airflow_venv/lib/python3.12/site-packages/airflow/example_dags/plugins/listener_plugin.py
[2026-05-18T06:08:06.027+0000] {processor.py:927} WARNING - No viable dags retrieved from /home/noelsdavid/airflow_venv/lib/python3.12/site-packages/airflow/example_dags/plugins/listener_plugin.py
[2026-05-18T06:08:06.043+0000] {processor.py:208} INFO - Processing /home/noelsdavid/airflow_venv/lib/python3.12/site-packages/airflow/example_dags/plugins/listener_plugin.py took 0.057 seconds
[2026-05-18T06:08:41.706+0000] {processor.py:186} INFO - Started process (PID=7403) to work on /home/noelsdavid/airflow_venv/lib/python3.12/site-packages/airflow/example_dags/plugins/listener_plugin.py
[2026-05-18T06:08:41.710+0000] {processor.py:914} INFO - Processing file /home/noelsdavid/airflow_venv/lib/python3.12/site-packages/airflow/example_dags/plugins/listener_plugin.py for tasks to queue
[2026-05-18T06:08:41.714+0000] {logging_mixin.py:190} INFO - [2026-05-18T06:08:41.713+0000] {dagbag.py:588} INFO - Filling up the DagBag from /home/noelsdavid/airflow_venv/lib/python3.12/site-packages/airflow/example_dags/plugins/listener_plugin.py
[2026-05-18T06:08:41.719+0000] {processor.py:927} WARNING - No viable dags retrieved from /home/noelsdavid/airflow_venv/lib/python3.12/site-packages/airflow/example_dags/plugins/listener_plugin.py
[2026-05-18T06:08:41.745+0000] {processor.py:208} INFO - Processing /home/noelsdavid/airflow_venv/lib/python3.12/site-packages/airflow/example_dags/plugins/listener_plugin.py took 0.051 seconds
[2026-05-18T06:09:14.222+0000] {processor.py:186} INFO - Started process (PID=7436) to work on /home/noelsdavid/airflow_venv/lib/python3.12/site-packages/airflow/example_dags/plugins/listener_plugin.py
[2026-05-18T06:09:14.224+0000] {processor.py:914} INFO - Processing file /home/noelsdavid/airflow_venv/lib/python3.12/site-packages/airflow/example_dags/plugins/listener_plugin.py for tasks to queue
[2026-05-18T06:09:14.227+0000] {logging_mixin.py:190} INFO - [2026-05-18T06:09:14.227+0000] {dagbag.py:588} INFO - Filling up the DagBag from /home/noelsdavid/airflow_venv/lib/python3.12/site-packages/airflow/example_dags/plugins/listener_plugin.py
[2026-05-18T06:09:14.230+0000] {processor.py:927} WARNING - No viable dags retrieved from /home/noelsdavid/airflow_venv/lib/python3.12/site-packages/airflow/example_dags/plugins/listener_plugin.py
[2026-05-18T06:09:14.247+0000] {processor.py:208} INFO - Processing /home/noelsdavid/airflow_venv/lib/python3.12/site-packages/airflow/example_dags/plugins/listener_plugin.py took 0.033 seconds
[2026-05-18T06:10:16.886+0000] {processor.py:186} INFO - Started process (PID=7521) to work on /home/noelsdavid/airflow_venv/lib/python3.12/site-packages/airflow/example_dags/plugins/listener_plugin.py
[2026-05-18T06:10:16.888+0000] {processor.py:914} INFO - Processing file /home/noelsdavid/airflow_venv/lib/python3.12/site-packages/airflow/example_dags/plugins/listener_plugin.py for tasks to queue
[2026-05-18T06:10:16.892+0000] {logging_mixin.py:190} INFO - [2026-05-18T06:10:16.891+0000] {dagbag.py:588} INFO - Filling up the DagBag from /home/noelsdavid/airflow_venv/lib/python3.12/site-packages/airflow/example_dags/plugins/listener_plugin.py
[2026-05-18T06:10:16.896+0000] {processor.py:927} WARNING - No viable dags retrieved from /home/noelsdavid/airflow_venv/lib/python3.12/site-packages/airflow/example_dags/plugins/listener_plugin.py
[2026-05-18T06:10:16.912+0000] {processor.py:208} INFO - Processing /home/noelsdavid/airflow_venv/lib/python3.12/site-packages/airflow/example_dags/plugins/listener_plugin.py took 0.034 seconds
[2026-05-18T06:11:16.685+0000] {processor.py:186} INFO - Started process (PID=7578) to work on /home/noelsdavid/airflow_venv/lib/python3.12/site-packages/airflow/example_dags/plugins/listener_plugin.py
[2026-05-18T06:11:16.706+0000] {processor.py:914} INFO - Processing file /home/noelsdavid/airflow_venv/lib/python3.12/site-packages/airflow/example_dags/plugins/listener_plugin.py for tasks to queue
[2026-05-18T06:11:16.709+0000] {logging_mixin.py:190} INFO - [2026-05-18T06:11:16.708+0000] {dagbag.py:588} INFO - Filling up the DagBag from /home/noelsdavid/airflow_venv/lib/python3.12/site-packages/airflow/example_dags/plugins/listener_plugin.py
[2026-05-18T06:11:16.713+0000] {processor.py:927} WARNING - No viable dags retrieved from /home/noelsdavid/airflow_venv/lib/python3.12/site-packages/airflow/example_dags/plugins/listener_plugin.py
[2026-05-18T06:11:16.728+0000] {processor.py:208} INFO - Processing /home/noelsdavid/airflow_venv/lib/python3.12/site-packages/airflow/example_dags/plugins/listener_plugin.py took 0.051 seconds
[2026-05-18T06:12:15.555+0000] {processor.py:186} INFO - Started process (PID=7637) to work on /home/noelsdavid/airflow_venv/lib/python3.12/site-packages/airflow/example_dags/plugins/listener_plugin.py
[2026-05-18T06:12:15.558+0000] {processor.py:914} INFO - Processing file /home/noelsdavid/airflow_venv/lib/python3.12/site-packages/airflow/example_dags/plugins/listener_plugin.py for tasks to queue
[2026-05-18T06:12:15.561+0000] {logging_mixin.py:190} INFO - [2026-05-18T06:12:15.560+0000] {dagbag.py:588} INFO - Filling up the DagBag from /home/noelsdavid/airflow_venv/lib/python3.12/site-packages/airflow/example_dags/plugins/listener_plugin.py
[2026-05-18T06:12:15.565+0000] {processor.py:927} WARNING - No viable dags retrieved from /home/noelsdavid/airflow_venv/lib/python3.12/site-packages/airflow/example_dags/plugins/listener_plugin.py
[2026-05-18T06:12:15.581+0000] {processor.py:208} INFO - Processing /home/noelsdavid/airflow_venv/lib/python3.12/site-packages/airflow/example_dags/plugins/listener_plugin.py took 0.034 seconds
[2026-05-18T06:13:14.320+0000] {processor.py:186} INFO - Started process (PID=7695) to work on /home/noelsdavid/airflow_venv/lib/python3.12/site-packages/airflow/example_dags/plugins/listener_plugin.py
[2026-05-18T06:13:14.322+0000] {processor.py:914} INFO - Processing file /home/noelsdavid/airflow_venv/lib/python3.12/site-packages/airflow/example_dags/plugins/listener_plugin.py for tasks to queue
[2026-05-18T06:13:14.325+0000] {logging_mixin.py:190} INFO - [2026-05-18T06:13:14.325+0000] {dagbag.py:588} INFO - Filling up the DagBag from /home/noelsdavid/airflow_venv/lib/python3.12/site-packages/airflow/example_dags/plugins/listener_plugin.py
[2026-05-18T06:13:14.329+0000] {processor.py:927} WARNING - No viable dags retrieved from /home/noelsdavid/airflow_venv/lib/python3.12/site-packages/airflow/example_dags/plugins/listener_plugin.py
[2026-05-18T06:13:14.346+0000] {processor.py:208} INFO - Processing /home/noelsdavid/airflow_venv/lib/python3.12/site-packages/airflow/example_dags/plugins/listener_plugin.py took 0.034 seconds
[2026-05-18T06:13:47.236+0000] {processor.py:186} INFO - Started process (PID=7725) to work on /home/noelsdavid/airflow_venv/lib/python3.12/site-packages/airflow/example_dags/plugins/listener_plugin.py
[2026-05-18T06:13:47.238+0000] {processor.py:914} INFO - Processing file /home/noelsdavid/airflow_venv/lib/python3.12/site-packages/airflow/example_dags/plugins/listener_plugin.py for tasks to queue
[2026-05-18T06:13:47.242+0000] {logging_mixin.py:190} INFO - [2026-05-18T06:13:47.241+0000] {dagbag.py:588} INFO - Filling up the DagBag from /home/noelsdavid/airflow_venv/lib/python3.12/site-packages/airflow/example_dags/plugins/listener_plugin.py
[2026-05-18T06:13:47.245+0000] {processor.py:927} WARNING - No viable dags retrieved from /home/noelsdavid/airflow_venv/lib/python3.12/site-packages/airflow/example_dags/plugins/listener_plugin.py
[2026-05-18T06:13:47.263+0000] {processor.py:208} INFO - Processing /home/noelsdavid/airflow_venv/lib/python3.12/site-packages/airflow/example_dags/plugins/listener_plugin.py took 0.036 seconds
[2026-05-18T06:14:46.617+0000] {processor.py:186} INFO - Started process (PID=7784) to work on /home/noelsdavid/airflow_venv/lib/python3.12/site-packages/airflow/example_dags/plugins/listener_plugin.py
[2026-05-18T06:14:46.619+0000] {processor.py:914} INFO - Processing file /home/noelsdavid/airflow_venv/lib/python3.12/site-packages/airflow/example_dags/plugins/listener_plugin.py for tasks to queue
[2026-05-18T06:14:46.622+0000] {logging_mixin.py:190} INFO - [2026-05-18T06:14:46.622+0000] {dagbag.py:588} INFO - Filling up the DagBag from /home/noelsdavid/airflow_venv/lib/python3.12/site-packages/airflow/example_dags/plugins/listener_plugin.py
[2026-05-18T06:14:46.626+0000] {processor.py:927} WARNING - No viable dags retrieved from /home/noelsdavid/airflow_venv/lib/python3.12/site-packages/airflow/example_dags/plugins/listener_plugin.py
[2026-05-18T06:14:46.642+0000] {processor.py:208} INFO - Processing /home/noelsdavid/airflow_venv/lib/python3.12/site-packages/airflow/example_dags/plugins/listener_plugin.py took 0.033 seconds
[2026-05-18T06:15:18.810+0000] {processor.py:186} INFO - Started process (PID=7844) to work on /home/noelsdavid/airflow_venv/lib/python3.12/site-packages/airflow/example_dags/plugins/listener_plugin.py
[2026-05-18T06:15:18.811+0000] {processor.py:914} INFO - Processing file /home/noelsdavid/airflow_venv/lib/python3.12/site-packages/airflow/example_dags/plugins/listener_plugin.py for tasks to queue
[2026-05-18T06:15:18.814+0000] {logging_mixin.py:190} INFO - [2026-05-18T06:15:18.814+0000] {dagbag.py:588} INFO - Filling up the DagBag from /home/noelsdavid/airflow_venv/lib/python3.12/site-packages/airflow/example_dags/plugins/listener_plugin.py
[2026-05-18T06:15:18.818+0000] {processor.py:927} WARNING - No viable dags retrieved from /home/noelsdavid/airflow_venv/lib/python3.12/site-packages/airflow/example_dags/plugins/listener_plugin.py
[2026-05-18T06:15:18.834+0000] {processor.py:208} INFO - Processing /home/noelsdavid/airflow_venv/lib/python3.12/site-packages/airflow/example_dags/plugins/listener_plugin.py took 0.032 seconds
[2026-05-18T06:15:51.795+0000] {processor.py:186} INFO - Started process (PID=8013) to work on /home/noelsdavid/airflow_venv/lib/python3.12/site-packages/airflow/example_dags/plugins/listener_plugin.py
[2026-05-18T06:15:51.798+0000] {processor.py:914} INFO - Processing file /home/noelsdavid/airflow_venv/lib/python3.12/site-packages/airflow/example_dags/plugins/listener_plugin.py for tasks to queue
[2026-05-18T06:15:51.803+0000] {logging_mixin.py:190} INFO - [2026-05-18T06:15:51.802+0000] {dagbag.py:588} INFO - Filling up the DagBag from /home/noelsdavid/airflow_venv/lib/python3.12/site-packages/airflow/example_dags/plugins/listener_plugin.py
[2026-05-18T06:15:51.807+0000] {processor.py:927} WARNING - No viable dags retrieved from /home/noelsdavid/airflow_venv/lib/python3.12/site-packages/airflow/example_dags/plugins/listener_plugin.py
[2026-05-18T06:15:51.826+0000] {processor.py:208} INFO - Processing /home/noelsdavid/airflow_venv/lib/python3.12/site-packages/airflow/example_dags/plugins/listener_plugin.py took 0.044 seconds
[2026-05-18T06:16:53.553+0000] {processor.py:186} INFO - Started process (PID=8160) to work on /home/noelsdavid/airflow_venv/lib/python3.12/site-packages/airflow/example_dags/plugins/listener_plugin.py
[2026-05-18T06:16:53.555+0000] {processor.py:914} INFO - Processing file /home/noelsdavid/airflow_venv/lib/python3.12/site-packages/airflow/example_dags/plugins/listener_plugin.py for tasks to queue
[2026-05-18T06:16:53.558+0000] {logging_mixin.py:190} INFO - [2026-05-18T06:16:53.558+0000] {dagbag.py:588} INFO - Filling up the DagBag from /home/noelsdavid/airflow_venv/lib/python3.12/site-packages/airflow/example_dags/plugins/listener_plugin.py
[2026-05-18T06:16:53.562+0000] {processor.py:927} WARNING - No viable dags retrieved from /home/noelsdavid/airflow_venv/lib/python3.12/site-packages/airflow/example_dags/plugins/listener_plugin.py
[2026-05-18T06:16:53.579+0000] {processor.py:208} INFO - Processing /home/noelsdavid/airflow_venv/lib/python3.12/site-packages/airflow/example_dags/plugins/listener_plugin.py took 0.034 seconds
[2026-05-18T06:17:26.507+0000] {processor.py:186} INFO - Started process (PID=8302) to work on /home/noelsdavid/airflow_venv/lib/python3.12/site-packages/airflow/example_dags/plugins/listener_plugin.py
[2026-05-18T06:17:26.509+0000] {processor.py:914} INFO - Processing file /home/noelsdavid/airflow_venv/lib/python3.12/site-packages/airflow/example_dags/plugins/listener_plugin.py for tasks to queue
[2026-05-18T06:17:26.513+0000] {logging_mixin.py:190} INFO - [2026-05-18T06:17:26.512+0000] {dagbag.py:588} INFO - Filling up the DagBag from /home/noelsdavid/airflow_venv/lib/python3.12/site-packages/airflow/example_dags/plugins/listener_plugin.py
[2026-05-18T06:17:26.516+0000] {processor.py:927} WARNING - No viable dags retrieved from /home/noelsdavid/airflow_venv/lib/python3.12/site-packages/airflow/example_dags/plugins/listener_plugin.py
[2026-05-18T06:17:26.531+0000] {processor.py:208} INFO - Processing /home/noelsdavid/airflow_venv/lib/python3.12/site-packages/airflow/example_dags/plugins/listener_plugin.py took 0.032 seconds
[2026-05-18T06:18:24.878+0000] {processor.py:186} INFO - Started process (PID=8469) to work on /home/noelsdavid/airflow_venv/lib/python3.12/site-packages/airflow/example_dags/plugins/listener_plugin.py
[2026-05-18T06:18:24.893+0000] {processor.py:914} INFO - Processing file /home/noelsdavid/airflow_venv/lib/python3.12/site-packages/airflow/example_dags/plugins/listener_plugin.py for tasks to queue
[2026-05-18T06:18:24.896+0000] {logging_mixin.py:190} INFO - [2026-05-18T06:18:24.896+0000] {dagbag.py:588} INFO - Filling up the DagBag from /home/noelsdavid/airflow_venv/lib/python3.12/site-packages/airflow/example_dags/plugins/listener_plugin.py
[2026-05-18T06:18:24.899+0000] {processor.py:927} WARNING - No viable dags retrieved from /home/noelsdavid/airflow_venv/lib/python3.12/site-packages/airflow/example_dags/plugins/listener_plugin.py
[2026-05-18T06:18:24.917+0000] {processor.py:208} INFO - Processing /home/noelsdavid/airflow_venv/lib/python3.12/site-packages/airflow/example_dags/plugins/listener_plugin.py took 0.047 seconds
[2026-05-18T06:19:23.861+0000] {processor.py:186} INFO - Started process (PID=8528) to work on /home/noelsdavid/airflow_venv/lib/python3.12/site-packages/airflow/example_dags/plugins/listener_plugin.py
[2026-05-18T06:19:23.863+0000] {processor.py:914} INFO - Processing file /home/noelsdavid/airflow_venv/lib/python3.12/site-packages/airflow/example_dags/plugins/listener_plugin.py for tasks to queue
[2026-05-18T06:19:23.867+0000] {logging_mixin.py:190} INFO - [2026-05-18T06:19:23.866+0000] {dagbag.py:588} INFO - Filling up the DagBag from /home/noelsdavid/airflow_venv/lib/python3.12/site-packages/airflow/example_dags/plugins/listener_plugin.py
[2026-05-18T06:19:23.870+0000] {processor.py:927} WARNING - No viable dags retrieved from /home/noelsdavid/airflow_venv/lib/python3.12/site-packages/airflow/example_dags/plugins/listener_plugin.py
[2026-05-18T06:19:23.885+0000] {processor.py:208} INFO - Processing /home/noelsdavid/airflow_venv/lib/python3.12/site-packages/airflow/example_dags/plugins/listener_plugin.py took 0.032 seconds
[2026-05-18T06:19:57.077+0000] {processor.py:186} INFO - Started process (PID=8558) to work on /home/noelsdavid/airflow_venv/lib/python3.12/site-packages/airflow/example_dags/plugins/listener_plugin.py
[2026-05-18T06:19:57.079+0000] {processor.py:914} INFO - Processing file /home/noelsdavid/airflow_venv/lib/python3.12/site-packages/airflow/example_dags/plugins/listener_plugin.py for tasks to queue
[2026-05-18T06:19:57.082+0000] {logging_mixin.py:190} INFO - [2026-05-18T06:19:57.081+0000] {dagbag.py:588} INFO - Filling up the DagBag from /home/noelsdavid/airflow_venv/lib/python3.12/site-packages/airflow/example_dags/plugins/listener_plugin.py
[2026-05-18T06:19:57.085+0000] {processor.py:927} WARNING - No viable dags retrieved from /home/noelsdavid/airflow_venv/lib/python3.12/site-packages/airflow/example_dags/plugins/listener_plugin.py
[2026-05-18T06:19:57.100+0000] {processor.py:208} INFO - Processing /home/noelsdavid/airflow_venv/lib/python3.12/site-packages/airflow/example_dags/plugins/listener_plugin.py took 0.031 seconds
[2026-05-18T06:20:29.877+0000] {processor.py:186} INFO - Started process (PID=8616) to work on /home/noelsdavid/airflow_venv/lib/python3.12/site-packages/airflow/example_dags/plugins/listener_plugin.py
[2026-05-18T06:20:29.904+0000] {processor.py:914} INFO - Processing file /home/noelsdavid/airflow_venv/lib/python3.12/site-packages/airflow/example_dags/plugins/listener_plugin.py for tasks to queue
[2026-05-18T06:20:29.906+0000] {logging_mixin.py:190} INFO - [2026-05-18T06:20:29.905+0000] {dagbag.py:588} INFO - Filling up the DagBag from /home/noelsdavid/airflow_venv/lib/python3.12/site-packages/airflow/example_dags/plugins/listener_plugin.py
[2026-05-18T06:20:29.909+0000] {processor.py:927} WARNING - No viable dags retrieved from /home/noelsdavid/airflow_venv/lib/python3.12/site-packages/airflow/example_dags/plugins/listener_plugin.py
[2026-05-18T06:20:29.925+0000] {processor.py:208} INFO - Processing /home/noelsdavid/airflow_venv/lib/python3.12/site-packages/airflow/example_dags/plugins/listener_plugin.py took 0.056 seconds
[2026-05-18T06:21:32.211+0000] {processor.py:186} INFO - Started process (PID=8677) to work on /home/noelsdavid/airflow_venv/lib/python3.12/site-packages/airflow/example_dags/plugins/listener_plugin.py
[2026-05-18T06:21:32.226+0000] {processor.py:914} INFO - Processing file /home/noelsdavid/airflow_venv/lib/python3.12/site-packages/airflow/example_dags/plugins/listener_plugin.py for tasks to queue
[2026-05-18T06:21:32.228+0000] {logging_mixin.py:190} INFO - [2026-05-18T06:21:32.227+0000] {dagbag.py:588} INFO - Filling up the DagBag from /home/noelsdavid/airflow_venv/lib/python3.12/site-packages/airflow/example_dags/plugins/listener_plugin.py
[2026-05-18T06:21:32.232+0000] {processor.py:927} WARNING - No viable dags retrieved from /home/noelsdavid/airflow_venv/lib/python3.12/site-packages/airflow/example_dags/plugins/listener_plugin.py
[2026-05-18T06:21:32.247+0000] {processor.py:208} INFO - Processing /home/noelsdavid/airflow_venv/lib/python3.12/site-packages/airflow/example_dags/plugins/listener_plugin.py took 0.045 seconds
[2026-05-18T06:22:05.134+0000] {processor.py:186} INFO - Started process (PID=8709) to work on /home/noelsdavid/airflow_venv/lib/python3.12/site-packages/airflow/example_dags/plugins/listener_plugin.py
[2026-05-18T06:22:05.135+0000] {processor.py:914} INFO - Processing file /home/noelsdavid/airflow_venv/lib/python3.12/site-packages/airflow/example_dags/plugins/listener_plugin.py for tasks to queue
[2026-05-18T06:22:05.137+0000] {logging_mixin.py:190} INFO - [2026-05-18T06:22:05.137+0000] {dagbag.py:588} INFO - Filling up the DagBag from /home/noelsdavid/airflow_venv/lib/python3.12/site-packages/airflow/example_dags/plugins/listener_plugin.py
[2026-05-18T06:22:05.142+0000] {processor.py:927} WARNING - No viable dags retrieved from /home/noelsdavid/airflow_venv/lib/python3.12/site-packages/airflow/example_dags/plugins/listener_plugin.py
[2026-05-18T06:22:05.158+0000] {processor.py:208} INFO - Processing /home/noelsdavid/airflow_venv/lib/python3.12/site-packages/airflow/example_dags/plugins/listener_plugin.py took 0.031 seconds
[2026-05-18T06:22:38.219+0000] {processor.py:186} INFO - Started process (PID=8741) to work on /home/noelsdavid/airflow_venv/lib/python3.12/site-packages/airflow/example_dags/plugins/listener_plugin.py
[2026-05-18T06:22:38.221+0000] {processor.py:914} INFO - Processing file /home/noelsdavid/airflow_venv/lib/python3.12/site-packages/airflow/example_dags/plugins/listener_plugin.py for tasks to queue
[2026-05-18T06:22:38.224+0000] {logging_mixin.py:190} INFO - [2026-05-18T06:22:38.223+0000] {dagbag.py:588} INFO - Filling up the DagBag from /home/noelsdavid/airflow_venv/lib/python3.12/site-packages/airflow/example_dags/plugins/listener_plugin.py
[2026-05-18T06:22:38.227+0000] {processor.py:927} WARNING - No viable dags retrieved from /home/noelsdavid/airflow_venv/lib/python3.12/site-packages/airflow/example_dags/plugins/listener_plugin.py
[2026-05-18T06:22:38.243+0000] {processor.py:208} INFO - Processing /home/noelsdavid/airflow_venv/lib/python3.12/site-packages/airflow/example_dags/plugins/listener_plugin.py took 0.032 seconds
[2026-05-18T06:23:40.403+0000] {processor.py:186} INFO - Started process (PID=8802) to work on /home/noelsdavid/airflow_venv/lib/python3.12/site-packages/airflow/example_dags/plugins/listener_plugin.py
[2026-05-18T06:23:40.415+0000] {processor.py:914} INFO - Processing file /home/noelsdavid/airflow_venv/lib/python3.12/site-packages/airflow/example_dags/plugins/listener_plugin.py for tasks to queue
[2026-05-18T06:23:40.418+0000] {logging_mixin.py:190} INFO - [2026-05-18T06:23:40.417+0000] {dagbag.py:588} INFO - Filling up the DagBag from /home/noelsdavid/airflow_venv/lib/python3.12/site-packages/airflow/example_dags/plugins/listener_plugin.py
[2026-05-18T06:23:40.422+0000] {processor.py:927} WARNING - No viable dags retrieved from /home/noelsdavid/airflow_venv/lib/python3.12/site-packages/airflow/example_dags/plugins/listener_plugin.py
[2026-05-18T06:23:40.438+0000] {processor.py:208} INFO - Processing /home/noelsdavid/airflow_venv/lib/python3.12/site-packages/airflow/example_dags/plugins/listener_plugin.py took 0.044 seconds
[2026-05-18T06:24:13.136+0000] {processor.py:186} INFO - Started process (PID=8832) to work on /home/noelsdavid/airflow_venv/lib/python3.12/site-packages/airflow/example_dags/plugins/listener_plugin.py
[2026-05-18T06:24:13.137+0000] {processor.py:914} INFO - Processing file /home/noelsdavid/airflow_venv/lib/python3.12/site-packages/airflow/example_dags/plugins/listener_plugin.py for tasks to queue
[2026-05-18T06:24:13.138+0000] {logging_mixin.py:190} INFO - [2026-05-18T06:24:13.138+0000] {dagbag.py:588} INFO - Filling up the DagBag from /home/noelsdavid/airflow_venv/lib/python3.12/site-packages/airflow/example_dags/plugins/listener_plugin.py
[2026-05-18T06:24:13.142+0000] {processor.py:927} WARNING - No viable dags retrieved from /home/noelsdavid/airflow_venv/lib/python3.12/site-packages/airflow/example_dags/plugins/listener_plugin.py
[2026-05-18T06:24:13.156+0000] {processor.py:208} INFO - Processing /home/noelsdavid/airflow_venv/lib/python3.12/site-packages/airflow/example_dags/plugins/listener_plugin.py took 0.028 seconds
[2026-05-18T06:24:46.391+0000] {processor.py:186} INFO - Started process (PID=8865) to work on /home/noelsdavid/airflow_venv/lib/python3.12/site-packages/airflow/example_dags/plugins/listener_plugin.py
[2026-05-18T06:24:46.393+0000] {processor.py:914} INFO - Processing file /home/noelsdavid/airflow_venv/lib/python3.12/site-packages/airflow/example_dags/plugins/listener_plugin.py for tasks to queue
[2026-05-18T06:24:46.395+0000] {logging_mixin.py:190} INFO - [2026-05-18T06:24:46.394+0000] {dagbag.py:588} INFO - Filling up the DagBag from /home/noelsdavid/airflow_venv/lib/python3.12/site-packages/airflow/example_dags/plugins/listener_plugin.py
[2026-05-18T06:24:46.399+0000] {processor.py:927} WARNING - No viable dags retrieved from /home/noelsdavid/airflow_venv/lib/python3.12/site-packages/airflow/example_dags/plugins/listener_plugin.py
[2026-05-18T06:24:46.414+0000] {processor.py:208} INFO - Processing /home/noelsdavid/airflow_venv/lib/python3.12/site-packages/airflow/example_dags/plugins/listener_plugin.py took 0.031 seconds
[2026-05-18T06:25:19.120+0000] {processor.py:186} INFO - Started process (PID=8920) to work on /home/noelsdavid/airflow_venv/lib/python3.12/site-packages/airflow/example_dags/plugins/listener_plugin.py
[2026-05-18T06:25:19.121+0000] {processor.py:914} INFO - Processing file /home/noelsdavid/airflow_venv/lib/python3.12/site-packages/airflow/example_dags/plugins/listener_plugin.py for tasks to queue
[2026-05-18T06:25:19.123+0000] {logging_mixin.py:190} INFO - [2026-05-18T06:25:19.122+0000] {dagbag.py:588} INFO - Filling up the DagBag from /home/noelsdavid/airflow_venv/lib/python3.12/site-packages/airflow/example_dags/plugins/listener_plugin.py
[2026-05-18T06:25:19.126+0000] {processor.py:927} WARNING - No viable dags retrieved from /home/noelsdavid/airflow_venv/lib/python3.12/site-packages/airflow/example_dags/plugins/listener_plugin.py
[2026-05-18T06:25:19.141+0000] {processor.py:208} INFO - Processing /home/noelsdavid/airflow_venv/lib/python3.12/site-packages/airflow/example_dags/plugins/listener_plugin.py took 0.029 seconds
[2026-05-18T06:25:51.677+0000] {processor.py:186} INFO - Started process (PID=8950) to work on /home/noelsdavid/airflow_venv/lib/python3.12/site-packages/airflow/example_dags/plugins/listener_plugin.py
[2026-05-18T06:25:51.688+0000] {processor.py:914} INFO - Processing file /home/noelsdavid/airflow_venv/lib/python3.12/site-packages/airflow/example_dags/plugins/listener_plugin.py for tasks to queue
[2026-05-18T06:25:51.694+0000] {logging_mixin.py:190} INFO - [2026-05-18T06:25:51.692+0000] {dagbag.py:588} INFO - Filling up the DagBag from /home/noelsdavid/airflow_venv/lib/python3.12/site-packages/airflow/example_dags/plugins/listener_plugin.py
[2026-05-18T06:25:51.705+0000] {processor.py:927} WARNING - No viable dags retrieved from /home/noelsdavid/airflow_venv/lib/python3.12/site-packages/airflow/example_dags/plugins/listener_plugin.py
[2026-05-18T06:25:51.732+0000] {processor.py:208} INFO - Processing /home/noelsdavid/airflow_venv/lib/python3.12/site-packages/airflow/example_dags/plugins/listener_plugin.py took 0.072 seconds
[2026-05-18T06:26:55.323+0000] {processor.py:186} INFO - Started process (PID=9147) to work on /home/noelsdavid/airflow_venv/lib/python3.12/site-packages/airflow/example_dags/plugins/listener_plugin.py
[2026-05-18T06:26:55.327+0000] {processor.py:914} INFO - Processing file /home/noelsdavid/airflow_venv/lib/python3.12/site-packages/airflow/example_dags/plugins/listener_plugin.py for tasks to queue
[2026-05-18T06:26:55.329+0000] {logging_mixin.py:190} INFO - [2026-05-18T06:26:55.328+0000] {dagbag.py:588} INFO - Filling up the DagBag from /home/noelsdavid/airflow_venv/lib/python3.12/site-packages/airflow/example_dags/plugins/listener_plugin.py
[2026-05-18T06:26:55.332+0000] {processor.py:927} WARNING - No viable dags retrieved from /home/noelsdavid/airflow_venv/lib/python3.12/site-packages/airflow/example_dags/plugins/listener_plugin.py
[2026-05-18T06:26:55.347+0000] {processor.py:208} INFO - Processing /home/noelsdavid/airflow_venv/lib/python3.12/site-packages/airflow/example_dags/plugins/listener_plugin.py took 0.032 seconds
[2026-05-18T06:27:42.214+0000] {processor.py:186} INFO - Started process (PID=9578) to work on /home/noelsdavid/airflow_venv/lib/python3.12/site-packages/airflow/example_dags/plugins/listener_plugin.py
[2026-05-18T06:27:42.216+0000] {processor.py:914} INFO - Processing file /home/noelsdavid/airflow_venv/lib/python3.12/site-packages/airflow/example_dags/plugins/listener_plugin.py for tasks to queue
[2026-05-18T06:27:42.219+0000] {logging_mixin.py:190} INFO - [2026-05-18T06:27:42.218+0000] {dagbag.py:588} INFO - Filling up the DagBag from /home/noelsdavid/airflow_venv/lib/python3.12/site-packages/airflow/example_dags/plugins/listener_plugin.py
[2026-05-18T06:27:42.222+0000] {processor.py:927} WARNING - No viable dags retrieved from /home/noelsdavid/airflow_venv/lib/python3.12/site-packages/airflow/example_dags/plugins/listener_plugin.py
[2026-05-18T06:27:42.237+0000] {processor.py:208} INFO - Processing /home/noelsdavid/airflow_venv/lib/python3.12/site-packages/airflow/example_dags/plugins/listener_plugin.py took 0.030 seconds
[2026-05-18T06:28:22.719+0000] {processor.py:186} INFO - Started process (PID=9714) to work on /home/noelsdavid/airflow_venv/lib/python3.12/site-packages/airflow/example_dags/plugins/listener_plugin.py
[2026-05-18T06:28:22.722+0000] {processor.py:914} INFO - Processing file /home/noelsdavid/airflow_venv/lib/python3.12/site-packages/airflow/example_dags/plugins/listener_plugin.py for tasks to queue
[2026-05-18T06:28:22.724+0000] {logging_mixin.py:190} INFO - [2026-05-18T06:28:22.723+0000] {dagbag.py:588} INFO - Filling up the DagBag from /home/noelsdavid/airflow_venv/lib/python3.12/site-packages/airflow/example_dags/plugins/listener_plugin.py
[2026-05-18T06:28:22.727+0000] {processor.py:927} WARNING - No viable dags retrieved from /home/noelsdavid/airflow_venv/lib/python3.12/site-packages/airflow/example_dags/plugins/listener_plugin.py
[2026-05-18T06:28:22.742+0000] {processor.py:208} INFO - Processing /home/noelsdavid/airflow_venv/lib/python3.12/site-packages/airflow/example_dags/plugins/listener_plugin.py took 0.031 seconds
[2026-05-18T06:28:56.142+0000] {processor.py:186} INFO - Started process (PID=9745) to work on /home/noelsdavid/airflow_venv/lib/python3.12/site-packages/airflow/example_dags/plugins/listener_plugin.py
[2026-05-18T06:28:56.144+0000] {processor.py:914} INFO - Processing file /home/noelsdavid/airflow_venv/lib/python3.12/site-packages/airflow/example_dags/plugins/listener_plugin.py for tasks to queue
[2026-05-18T06:28:56.147+0000] {logging_mixin.py:190} INFO - [2026-05-18T06:28:56.146+0000] {dagbag.py:588} INFO - Filling up the DagBag from /home/noelsdavid/airflow_venv/lib/python3.12/site-packages/airflow/example_dags/plugins/listener_plugin.py
[2026-05-18T06:28:56.150+0000] {processor.py:927} WARNING - No viable dags retrieved from /home/noelsdavid/airflow_venv/lib/python3.12/site-packages/airflow/example_dags/plugins/listener_plugin.py
[2026-05-18T06:28:56.166+0000] {processor.py:208} INFO - Processing /home/noelsdavid/airflow_venv/lib/python3.12/site-packages/airflow/example_dags/plugins/listener_plugin.py took 0.034 seconds
[2026-05-18T06:29:30.914+0000] {processor.py:186} INFO - Started process (PID=9777) to work on /home/noelsdavid/airflow_venv/lib/python3.12/site-packages/airflow/example_dags/plugins/listener_plugin.py
[2026-05-18T06:29:30.917+0000] {processor.py:914} INFO - Processing file /home/noelsdavid/airflow_venv/lib/python3.12/site-packages/airflow/example_dags/plugins/listener_plugin.py for tasks to queue
[2026-05-18T06:29:30.919+0000] {logging_mixin.py:190} INFO - [2026-05-18T06:29:30.919+0000] {dagbag.py:588} INFO - Filling up the DagBag from /home/noelsdavid/airflow_venv/lib/python3.12/site-packages/airflow/example_dags/plugins/listener_plugin.py
[2026-05-18T06:29:30.923+0000] {processor.py:927} WARNING - No viable dags retrieved from /home/noelsdavid/airflow_venv/lib/python3.12/site-packages/airflow/example_dags/plugins/listener_plugin.py
[2026-05-18T06:29:30.938+0000] {processor.py:208} INFO - Processing /home/noelsdavid/airflow_venv/lib/python3.12/site-packages/airflow/example_dags/plugins/listener_plugin.py took 0.033 seconds
[2026-05-18T06:30:05.812+0000] {processor.py:186} INFO - Started process (PID=9811) to work on /home/noelsdavid/airflow_venv/lib/python3.12/site-packages/airflow/example_dags/plugins/listener_plugin.py
[2026-05-18T06:30:05.815+0000] {processor.py:914} INFO - Processing file /home/noelsdavid/airflow_venv/lib/python3.12/site-packages/airflow/example_dags/plugins/listener_plugin.py for tasks to queue
[2026-05-18T06:30:05.817+0000] {logging_mixin.py:190} INFO - [2026-05-18T06:30:05.817+0000] {dagbag.py:588} INFO - Filling up the DagBag from /home/noelsdavid/airflow_venv/lib/python3.12/site-packages/airflow/example_dags/plugins/listener_plugin.py
[2026-05-18T06:30:05.821+0000] {processor.py:927} WARNING - No viable dags retrieved from /home/noelsdavid/airflow_venv/lib/python3.12/site-packages/airflow/example_dags/plugins/listener_plugin.py
[2026-05-18T06:30:05.837+0000] {processor.py:208} INFO - Processing /home/noelsdavid/airflow_venv/lib/python3.12/site-packages/airflow/example_dags/plugins/listener_plugin.py took 0.034 seconds
[2026-05-18T06:30:37.436+0000] {processor.py:186} INFO - Started process (PID=9866) to work on /home/noelsdavid/airflow_venv/lib/python3.12/site-packages/airflow/example_dags/plugins/listener_plugin.py
[2026-05-18T06:30:37.438+0000] {processor.py:914} INFO - Processing file /home/noelsdavid/airflow_venv/lib/python3.12/site-packages/airflow/example_dags/plugins/listener_plugin.py for tasks to queue
[2026-05-18T06:30:37.440+0000] {logging_mixin.py:190} INFO - [2026-05-18T06:30:37.440+0000] {dagbag.py:588} INFO - Filling up the DagBag from /home/noelsdavid/airflow_venv/lib/python3.12/site-packages/airflow/example_dags/plugins/listener_plugin.py
[2026-05-18T06:30:37.444+0000] {processor.py:927} WARNING - No viable dags retrieved from /home/noelsdavid/airflow_venv/lib/python3.12/site-packages/airflow/example_dags/plugins/listener_plugin.py
[2026-05-18T06:30:37.459+0000] {processor.py:208} INFO - Processing /home/noelsdavid/airflow_venv/lib/python3.12/site-packages/airflow/example_dags/plugins/listener_plugin.py took 0.031 seconds
[2026-05-18T06:31:10.487+0000] {processor.py:186} INFO - Started process (PID=9896) to work on /home/noelsdavid/airflow_venv/lib/python3.12/site-packages/airflow/example_dags/plugins/listener_plugin.py
[2026-05-18T06:31:10.489+0000] {processor.py:914} INFO - Processing file /home/noelsdavid/airflow_venv/lib/python3.12/site-packages/airflow/example_dags/plugins/listener_plugin.py for tasks to queue
[2026-05-18T06:31:10.491+0000] {logging_mixin.py:190} INFO - [2026-05-18T06:31:10.491+0000] {dagbag.py:588} INFO - Filling up the DagBag from /home/noelsdavid/airflow_venv/lib/python3.12/site-packages/airflow/example_dags/plugins/listener_plugin.py
[2026-05-18T06:31:10.495+0000] {processor.py:927} WARNING - No viable dags retrieved from /home/noelsdavid/airflow_venv/lib/python3.12/site-packages/airflow/example_dags/plugins/listener_plugin.py
[2026-05-18T06:31:10.509+0000] {processor.py:208} INFO - Processing /home/noelsdavid/airflow_venv/lib/python3.12/site-packages/airflow/example_dags/plugins/listener_plugin.py took 0.030 seconds
[2026-05-18T06:31:43.303+0000] {processor.py:186} INFO - Started process (PID=9929) to work on /home/noelsdavid/airflow_venv/lib/python3.12/site-packages/airflow/example_dags/plugins/listener_plugin.py
[2026-05-18T06:31:43.304+0000] {processor.py:914} INFO - Processing file /home/noelsdavid/airflow_venv/lib/python3.12/site-packages/airflow/example_dags/plugins/listener_plugin.py for tasks to queue
[2026-05-18T06:31:43.305+0000] {logging_mixin.py:190} INFO - [2026-05-18T06:31:43.305+0000] {dagbag.py:588} INFO - Filling up the DagBag from /home/noelsdavid/airflow_venv/lib/python3.12/site-packages/airflow/example_dags/plugins/listener_plugin.py
[2026-05-18T06:31:43.309+0000] {processor.py:927} WARNING - No viable dags retrieved from /home/noelsdavid/airflow_venv/lib/python3.12/site-packages/airflow/example_dags/plugins/listener_plugin.py
[2026-05-18T06:31:43.323+0000] {processor.py:208} INFO - Processing /home/noelsdavid/airflow_venv/lib/python3.12/site-packages/airflow/example_dags/plugins/listener_plugin.py took 0.029 seconds
[2026-05-18T06:32:42.291+0000] {processor.py:186} INFO - Started process (PID=9989) to work on /home/noelsdavid/airflow_venv/lib/python3.12/site-packages/airflow/example_dags/plugins/listener_plugin.py
[2026-05-18T06:32:42.293+0000] {processor.py:914} INFO - Processing file /home/noelsdavid/airflow_venv/lib/python3.12/site-packages/airflow/example_dags/plugins/listener_plugin.py for tasks to queue
[2026-05-18T06:32:42.295+0000] {logging_mixin.py:190} INFO - [2026-05-18T06:32:42.295+0000] {dagbag.py:588} INFO - Filling up the DagBag from /home/noelsdavid/airflow_venv/lib/python3.12/site-packages/airflow/example_dags/plugins/listener_plugin.py
[2026-05-18T06:32:42.299+0000] {processor.py:927} WARNING - No viable dags retrieved from /home/noelsdavid/airflow_venv/lib/python3.12/site-packages/airflow/example_dags/plugins/listener_plugin.py
[2026-05-18T06:32:42.313+0000] {processor.py:208} INFO - Processing /home/noelsdavid/airflow_venv/lib/python3.12/site-packages/airflow/example_dags/plugins/listener_plugin.py took 0.030 seconds
[2026-05-18T06:33:45.317+0000] {processor.py:186} INFO - Started process (PID=10056) to work on /home/noelsdavid/airflow_venv/lib/python3.12/site-packages/airflow/example_dags/plugins/listener_plugin.py
[2026-05-18T06:33:45.319+0000] {processor.py:914} INFO - Processing file /home/noelsdavid/airflow_venv/lib/python3.12/site-packages/airflow/example_dags/plugins/listener_plugin.py for tasks to queue
[2026-05-18T06:33:45.321+0000] {logging_mixin.py:190} INFO - [2026-05-18T06:33:45.320+0000] {dagbag.py:588} INFO - Filling up the DagBag from /home/noelsdavid/airflow_venv/lib/python3.12/site-packages/airflow/example_dags/plugins/listener_plugin.py
[2026-05-18T06:33:45.324+0000] {processor.py:927} WARNING - No viable dags retrieved from /home/noelsdavid/airflow_venv/lib/python3.12/site-packages/airflow/example_dags/plugins/listener_plugin.py
[2026-05-18T06:33:45.339+0000] {processor.py:208} INFO - Processing /home/noelsdavid/airflow_venv/lib/python3.12/site-packages/airflow/example_dags/plugins/listener_plugin.py took 0.030 seconds
[2026-05-18T06:34:19.575+0000] {processor.py:186} INFO - Started process (PID=10153) to work on /home/noelsdavid/airflow_venv/lib/python3.12/site-packages/airflow/example_dags/plugins/listener_plugin.py
[2026-05-18T06:34:19.577+0000] {processor.py:914} INFO - Processing file /home/noelsdavid/airflow_venv/lib/python3.12/site-packages/airflow/example_dags/plugins/listener_plugin.py for tasks to queue
[2026-05-18T06:34:19.579+0000] {logging_mixin.py:190} INFO - [2026-05-18T06:34:19.579+0000] {dagbag.py:588} INFO - Filling up the DagBag from /home/noelsdavid/airflow_venv/lib/python3.12/site-packages/airflow/example_dags/plugins/listener_plugin.py
[2026-05-18T06:34:19.583+0000] {processor.py:927} WARNING - No viable dags retrieved from /home/noelsdavid/airflow_venv/lib/python3.12/site-packages/airflow/example_dags/plugins/listener_plugin.py
[2026-05-18T06:34:19.598+0000] {processor.py:208} INFO - Processing /home/noelsdavid/airflow_venv/lib/python3.12/site-packages/airflow/example_dags/plugins/listener_plugin.py took 0.031 seconds
[2026-05-18T06:35:24.092+0000] {processor.py:186} INFO - Started process (PID=10360) to work on /home/noelsdavid/airflow_venv/lib/python3.12/site-packages/airflow/example_dags/plugins/listener_plugin.py
[2026-05-18T06:35:24.095+0000] {processor.py:914} INFO - Processing file /home/noelsdavid/airflow_venv/lib/python3.12/site-packages/airflow/example_dags/plugins/listener_plugin.py for tasks to queue
[2026-05-18T06:35:24.097+0000] {logging_mixin.py:190} INFO - [2026-05-18T06:35:24.096+0000] {dagbag.py:588} INFO - Filling up the DagBag from /home/noelsdavid/airflow_venv/lib/python3.12/site-packages/airflow/example_dags/plugins/listener_plugin.py
[2026-05-18T06:35:24.101+0000] {processor.py:927} WARNING - No viable dags retrieved from /home/noelsdavid/airflow_venv/lib/python3.12/site-packages/airflow/example_dags/plugins/listener_plugin.py
[2026-05-18T06:35:24.116+0000] {processor.py:208} INFO - Processing /home/noelsdavid/airflow_venv/lib/python3.12/site-packages/airflow/example_dags/plugins/listener_plugin.py took 0.032 seconds
[2026-05-18T06:35:56.773+0000] {processor.py:186} INFO - Started process (PID=10426) to work on /home/noelsdavid/airflow_venv/lib/python3.12/site-packages/airflow/example_dags/plugins/listener_plugin.py
[2026-05-18T06:35:56.775+0000] {processor.py:914} INFO - Processing file /home/noelsdavid/airflow_venv/lib/python3.12/site-packages/airflow/example_dags/plugins/listener_plugin.py for tasks to queue
[2026-05-18T06:35:56.776+0000] {logging_mixin.py:190} INFO - [2026-05-18T06:35:56.776+0000] {dagbag.py:588} INFO - Filling up the DagBag from /home/noelsdavid/airflow_venv/lib/python3.12/site-packages/airflow/example_dags/plugins/listener_plugin.py
[2026-05-18T06:35:56.780+0000] {processor.py:927} WARNING - No viable dags retrieved from /home/noelsdavid/airflow_venv/lib/python3.12/site-packages/airflow/example_dags/plugins/listener_plugin.py
[2026-05-18T06:35:56.795+0000] {processor.py:208} INFO - Processing /home/noelsdavid/airflow_venv/lib/python3.12/site-packages/airflow/example_dags/plugins/listener_plugin.py took 0.030 seconds
[2026-05-18T06:36:57.445+0000] {processor.py:186} INFO - Started process (PID=10674) to work on /home/noelsdavid/airflow_venv/lib/python3.12/site-packages/airflow/example_dags/plugins/listener_plugin.py
[2026-05-18T06:36:57.447+0000] {processor.py:914} INFO - Processing file /home/noelsdavid/airflow_venv/lib/python3.12/site-packages/airflow/example_dags/plugins/listener_plugin.py for tasks to queue
[2026-05-18T06:36:57.448+0000] {logging_mixin.py:190} INFO - [2026-05-18T06:36:57.448+0000] {dagbag.py:588} INFO - Filling up the DagBag from /home/noelsdavid/airflow_venv/lib/python3.12/site-packages/airflow/example_dags/plugins/listener_plugin.py
[2026-05-18T06:36:57.452+0000] {processor.py:927} WARNING - No viable dags retrieved from /home/noelsdavid/airflow_venv/lib/python3.12/site-packages/airflow/example_dags/plugins/listener_plugin.py
[2026-05-18T06:36:57.468+0000] {processor.py:208} INFO - Processing /home/noelsdavid/airflow_venv/lib/python3.12/site-packages/airflow/example_dags/plugins/listener_plugin.py took 0.031 seconds
[2026-05-18T06:38:04.613+0000] {processor.py:186} INFO - Started process (PID=10958) to work on /home/noelsdavid/airflow_venv/lib/python3.12/site-packages/airflow/example_dags/plugins/listener_plugin.py
[2026-05-18T06:38:04.616+0000] {processor.py:914} INFO - Processing file /home/noelsdavid/airflow_venv/lib/python3.12/site-packages/airflow/example_dags/plugins/listener_plugin.py for tasks to queue
[2026-05-18T06:38:04.618+0000] {logging_mixin.py:190} INFO - [2026-05-18T06:38:04.617+0000] {dagbag.py:588} INFO - Filling up the DagBag from /home/noelsdavid/airflow_venv/lib/python3.12/site-packages/airflow/example_dags/plugins/listener_plugin.py
[2026-05-18T06:38:04.621+0000] {processor.py:927} WARNING - No viable dags retrieved from /home/noelsdavid/airflow_venv/lib/python3.12/site-packages/airflow/example_dags/plugins/listener_plugin.py
[2026-05-18T06:38:04.637+0000] {processor.py:208} INFO - Processing /home/noelsdavid/airflow_venv/lib/python3.12/site-packages/airflow/example_dags/plugins/listener_plugin.py took 0.031 seconds
[2026-05-18T06:39:07.446+0000] {processor.py:186} INFO - Started process (PID=11247) to work on /home/noelsdavid/airflow_venv/lib/python3.12/site-packages/airflow/example_dags/plugins/listener_plugin.py
[2026-05-18T06:39:07.457+0000] {processor.py:914} INFO - Processing file /home/noelsdavid/airflow_venv/lib/python3.12/site-packages/airflow/example_dags/plugins/listener_plugin.py for tasks to queue
[2026-05-18T06:39:07.459+0000] {logging_mixin.py:190} INFO - [2026-05-18T06:39:07.458+0000] {dagbag.py:588} INFO - Filling up the DagBag from /home/noelsdavid/airflow_venv/lib/python3.12/site-packages/airflow/example_dags/plugins/listener_plugin.py
[2026-05-18T06:39:07.463+0000] {processor.py:927} WARNING - No viable dags retrieved from /home/noelsdavid/airflow_venv/lib/python3.12/site-packages/airflow/example_dags/plugins/listener_plugin.py
[2026-05-18T06:39:07.478+0000] {processor.py:208} INFO - Processing /home/noelsdavid/airflow_venv/lib/python3.12/site-packages/airflow/example_dags/plugins/listener_plugin.py took 0.040 seconds
[2026-05-18T06:39:40.744+0000] {processor.py:186} INFO - Started process (PID=11296) to work on /home/noelsdavid/airflow_venv/lib/python3.12/site-packages/airflow/example_dags/plugins/listener_plugin.py
[2026-05-18T06:39:40.745+0000] {processor.py:914} INFO - Processing file /home/noelsdavid/airflow_venv/lib/python3.12/site-packages/airflow/example_dags/plugins/listener_plugin.py for tasks to queue
[2026-05-18T06:39:40.747+0000] {logging_mixin.py:190} INFO - [2026-05-18T06:39:40.746+0000] {dagbag.py:588} INFO - Filling up the DagBag from /home/noelsdavid/airflow_venv/lib/python3.12/site-packages/airflow/example_dags/plugins/listener_plugin.py
[2026-05-18T06:39:40.750+0000] {processor.py:927} WARNING - No viable dags retrieved from /home/noelsdavid/airflow_venv/lib/python3.12/site-packages/airflow/example_dags/plugins/listener_plugin.py
[2026-05-18T06:39:40.765+0000] {processor.py:208} INFO - Processing /home/noelsdavid/airflow_venv/lib/python3.12/site-packages/airflow/example_dags/plugins/listener_plugin.py took 0.030 seconds
[2026-05-18T06:40:14.978+0000] {processor.py:186} INFO - Started process (PID=11513) to work on /home/noelsdavid/airflow_venv/lib/python3.12/site-packages/airflow/example_dags/plugins/listener_plugin.py
[2026-05-18T06:40:15.017+0000] {processor.py:914} INFO - Processing file /home/noelsdavid/airflow_venv/lib/python3.12/site-packages/airflow/example_dags/plugins/listener_plugin.py for tasks to queue
[2026-05-18T06:40:15.020+0000] {logging_mixin.py:190} INFO - [2026-05-18T06:40:15.019+0000] {dagbag.py:588} INFO - Filling up the DagBag from /home/noelsdavid/airflow_venv/lib/python3.12/site-packages/airflow/example_dags/plugins/listener_plugin.py
[2026-05-18T06:40:15.024+0000] {processor.py:927} WARNING - No viable dags retrieved from /home/noelsdavid/airflow_venv/lib/python3.12/site-packages/airflow/example_dags/plugins/listener_plugin.py
[2026-05-18T06:40:15.040+0000] {processor.py:208} INFO - Processing /home/noelsdavid/airflow_venv/lib/python3.12/site-packages/airflow/example_dags/plugins/listener_plugin.py took 0.071 seconds
[2026-05-18T06:40:52.545+0000] {processor.py:186} INFO - Started process (PID=11608) to work on /home/noelsdavid/airflow_venv/lib/python3.12/site-packages/airflow/example_dags/plugins/listener_plugin.py
[2026-05-18T06:40:52.550+0000] {processor.py:914} INFO - Processing file /home/noelsdavid/airflow_venv/lib/python3.12/site-packages/airflow/example_dags/plugins/listener_plugin.py for tasks to queue
[2026-05-18T06:40:52.552+0000] {logging_mixin.py:190} INFO - [2026-05-18T06:40:52.552+0000] {dagbag.py:588} INFO - Filling up the DagBag from /home/noelsdavid/airflow_venv/lib/python3.12/site-packages/airflow/example_dags/plugins/listener_plugin.py
[2026-05-18T06:40:52.560+0000] {processor.py:927} WARNING - No viable dags retrieved from /home/noelsdavid/airflow_venv/lib/python3.12/site-packages/airflow/example_dags/plugins/listener_plugin.py
[2026-05-18T06:40:52.602+0000] {processor.py:208} INFO - Processing /home/noelsdavid/airflow_venv/lib/python3.12/site-packages/airflow/example_dags/plugins/listener_plugin.py took 0.069 seconds
[2026-05-18T06:41:29.096+0000] {processor.py:186} INFO - Started process (PID=12164) to work on /home/noelsdavid/airflow_venv/lib/python3.12/site-packages/airflow/example_dags/plugins/listener_plugin.py
[2026-05-18T06:41:29.098+0000] {processor.py:914} INFO - Processing file /home/noelsdavid/airflow_venv/lib/python3.12/site-packages/airflow/example_dags/plugins/listener_plugin.py for tasks to queue
[2026-05-18T06:41:29.101+0000] {logging_mixin.py:190} INFO - [2026-05-18T06:41:29.100+0000] {dagbag.py:588} INFO - Filling up the DagBag from /home/noelsdavid/airflow_venv/lib/python3.12/site-packages/airflow/example_dags/plugins/listener_plugin.py
[2026-05-18T06:41:29.104+0000] {processor.py:927} WARNING - No viable dags retrieved from /home/noelsdavid/airflow_venv/lib/python3.12/site-packages/airflow/example_dags/plugins/listener_plugin.py
[2026-05-18T06:41:29.122+0000] {processor.py:208} INFO - Processing /home/noelsdavid/airflow_venv/lib/python3.12/site-packages/airflow/example_dags/plugins/listener_plugin.py took 0.036 seconds
[2026-05-18T06:42:05.062+0000] {processor.py:186} INFO - Started process (PID=12312) to work on /home/noelsdavid/airflow_venv/lib/python3.12/site-packages/airflow/example_dags/plugins/listener_plugin.py
[2026-05-18T06:42:05.065+0000] {processor.py:914} INFO - Processing file /home/noelsdavid/airflow_venv/lib/python3.12/site-packages/airflow/example_dags/plugins/listener_plugin.py for tasks to queue
[2026-05-18T06:42:05.067+0000] {logging_mixin.py:190} INFO - [2026-05-18T06:42:05.066+0000] {dagbag.py:588} INFO - Filling up the DagBag from /home/noelsdavid/airflow_venv/lib/python3.12/site-packages/airflow/example_dags/plugins/listener_plugin.py
[2026-05-18T06:42:05.071+0000] {processor.py:927} WARNING - No viable dags retrieved from /home/noelsdavid/airflow_venv/lib/python3.12/site-packages/airflow/example_dags/plugins/listener_plugin.py
[2026-05-18T06:42:05.087+0000] {processor.py:208} INFO - Processing /home/noelsdavid/airflow_venv/lib/python3.12/site-packages/airflow/example_dags/plugins/listener_plugin.py took 0.034 seconds
[2026-05-18T06:42:42.239+0000] {processor.py:186} INFO - Started process (PID=12536) to work on /home/noelsdavid/airflow_venv/lib/python3.12/site-packages/airflow/example_dags/plugins/listener_plugin.py
[2026-05-18T06:42:42.264+0000] {processor.py:914} INFO - Processing file /home/noelsdavid/airflow_venv/lib/python3.12/site-packages/airflow/example_dags/plugins/listener_plugin.py for tasks to queue
[2026-05-18T06:42:42.266+0000] {logging_mixin.py:190} INFO - [2026-05-18T06:42:42.265+0000] {dagbag.py:588} INFO - Filling up the DagBag from /home/noelsdavid/airflow_venv/lib/python3.12/site-packages/airflow/example_dags/plugins/listener_plugin.py
[2026-05-18T06:42:42.270+0000] {processor.py:927} WARNING - No viable dags retrieved from /home/noelsdavid/airflow_venv/lib/python3.12/site-packages/airflow/example_dags/plugins/listener_plugin.py
[2026-05-18T06:42:42.286+0000] {processor.py:208} INFO - Processing /home/noelsdavid/airflow_venv/lib/python3.12/site-packages/airflow/example_dags/plugins/listener_plugin.py took 0.059 seconds
[2026-05-18T06:43:18.040+0000] {processor.py:186} INFO - Started process (PID=12692) to work on /home/noelsdavid/airflow_venv/lib/python3.12/site-packages/airflow/example_dags/plugins/listener_plugin.py
[2026-05-18T06:43:18.044+0000] {processor.py:914} INFO - Processing file /home/noelsdavid/airflow_venv/lib/python3.12/site-packages/airflow/example_dags/plugins/listener_plugin.py for tasks to queue
[2026-05-18T06:43:18.046+0000] {logging_mixin.py:190} INFO - [2026-05-18T06:43:18.045+0000] {dagbag.py:588} INFO - Filling up the DagBag from /home/noelsdavid/airflow_venv/lib/python3.12/site-packages/airflow/example_dags/plugins/listener_plugin.py
[2026-05-18T06:43:18.050+0000] {processor.py:927} WARNING - No viable dags retrieved from /home/noelsdavid/airflow_venv/lib/python3.12/site-packages/airflow/example_dags/plugins/listener_plugin.py
[2026-05-18T06:43:18.069+0000] {processor.py:208} INFO - Processing /home/noelsdavid/airflow_venv/lib/python3.12/site-packages/airflow/example_dags/plugins/listener_plugin.py took 0.039 seconds
[2026-05-18T06:44:14.926+0000] {processor.py:186} INFO - Started process (PID=13029) to work on /home/noelsdavid/airflow_venv/lib/python3.12/site-packages/airflow/example_dags/plugins/listener_plugin.py
[2026-05-18T06:44:14.929+0000] {processor.py:914} INFO - Processing file /home/noelsdavid/airflow_venv/lib/python3.12/site-packages/airflow/example_dags/plugins/listener_plugin.py for tasks to queue
[2026-05-18T06:44:14.931+0000] {logging_mixin.py:190} INFO - [2026-05-18T06:44:14.930+0000] {dagbag.py:588} INFO - Filling up the DagBag from /home/noelsdavid/airflow_venv/lib/python3.12/site-packages/airflow/example_dags/plugins/listener_plugin.py
[2026-05-18T06:44:14.935+0000] {processor.py:927} WARNING - No viable dags retrieved from /home/noelsdavid/airflow_venv/lib/python3.12/site-packages/airflow/example_dags/plugins/listener_plugin.py
[2026-05-18T06:44:14.951+0000] {processor.py:208} INFO - Processing /home/noelsdavid/airflow_venv/lib/python3.12/site-packages/airflow/example_dags/plugins/listener_plugin.py took 0.034 seconds
[2026-05-18T06:44:56.858+0000] {processor.py:186} INFO - Started process (PID=13075) to work on /home/noelsdavid/airflow_venv/lib/python3.12/site-packages/airflow/example_dags/plugins/listener_plugin.py
[2026-05-18T06:44:56.860+0000] {processor.py:914} INFO - Processing file /home/noelsdavid/airflow_venv/lib/python3.12/site-packages/airflow/example_dags/plugins/listener_plugin.py for tasks to queue
[2026-05-18T06:44:56.862+0000] {logging_mixin.py:190} INFO - [2026-05-18T06:44:56.861+0000] {dagbag.py:588} INFO - Filling up the DagBag from /home/noelsdavid/airflow_venv/lib/python3.12/site-packages/airflow/example_dags/plugins/listener_plugin.py
[2026-05-18T06:44:56.865+0000] {processor.py:927} WARNING - No viable dags retrieved from /home/noelsdavid/airflow_venv/lib/python3.12/site-packages/airflow/example_dags/plugins/listener_plugin.py
[2026-05-18T06:44:56.883+0000] {processor.py:208} INFO - Processing /home/noelsdavid/airflow_venv/lib/python3.12/site-packages/airflow/example_dags/plugins/listener_plugin.py took 0.038 seconds
[2026-05-18T06:45:32.881+0000] {processor.py:186} INFO - Started process (PID=13137) to work on /home/noelsdavid/airflow_venv/lib/python3.12/site-packages/airflow/example_dags/plugins/listener_plugin.py
[2026-05-18T06:45:32.884+0000] {processor.py:914} INFO - Processing file /home/noelsdavid/airflow_venv/lib/python3.12/site-packages/airflow/example_dags/plugins/listener_plugin.py for tasks to queue
[2026-05-18T06:45:32.886+0000] {logging_mixin.py:190} INFO - [2026-05-18T06:45:32.885+0000] {dagbag.py:588} INFO - Filling up the DagBag from /home/noelsdavid/airflow_venv/lib/python3.12/site-packages/airflow/example_dags/plugins/listener_plugin.py
[2026-05-18T06:45:32.890+0000] {processor.py:927} WARNING - No viable dags retrieved from /home/noelsdavid/airflow_venv/lib/python3.12/site-packages/airflow/example_dags/plugins/listener_plugin.py
[2026-05-18T06:45:32.906+0000] {processor.py:208} INFO - Processing /home/noelsdavid/airflow_venv/lib/python3.12/site-packages/airflow/example_dags/plugins/listener_plugin.py took 0.037 seconds
[2026-05-18T06:46:09.201+0000] {processor.py:186} INFO - Started process (PID=13177) to work on /home/noelsdavid/airflow_venv/lib/python3.12/site-packages/airflow/example_dags/plugins/listener_plugin.py
[2026-05-18T06:46:09.205+0000] {processor.py:914} INFO - Processing file /home/noelsdavid/airflow_venv/lib/python3.12/site-packages/airflow/example_dags/plugins/listener_plugin.py for tasks to queue
[2026-05-18T06:46:09.209+0000] {logging_mixin.py:190} INFO - [2026-05-18T06:46:09.207+0000] {dagbag.py:588} INFO - Filling up the DagBag from /home/noelsdavid/airflow_venv/lib/python3.12/site-packages/airflow/example_dags/plugins/listener_plugin.py
[2026-05-18T06:46:09.213+0000] {processor.py:927} WARNING - No viable dags retrieved from /home/noelsdavid/airflow_venv/lib/python3.12/site-packages/airflow/example_dags/plugins/listener_plugin.py
[2026-05-18T06:46:09.235+0000] {processor.py:208} INFO - Processing /home/noelsdavid/airflow_venv/lib/python3.12/site-packages/airflow/example_dags/plugins/listener_plugin.py took 0.043 seconds
[2026-05-18T06:46:44.327+0000] {processor.py:186} INFO - Started process (PID=13215) to work on /home/noelsdavid/airflow_venv/lib/python3.12/site-packages/airflow/example_dags/plugins/listener_plugin.py
[2026-05-18T06:46:44.354+0000] {processor.py:914} INFO - Processing file /home/noelsdavid/airflow_venv/lib/python3.12/site-packages/airflow/example_dags/plugins/listener_plugin.py for tasks to queue
[2026-05-18T06:46:44.356+0000] {logging_mixin.py:190} INFO - [2026-05-18T06:46:44.356+0000] {dagbag.py:588} INFO - Filling up the DagBag from /home/noelsdavid/airflow_venv/lib/python3.12/site-packages/airflow/example_dags/plugins/listener_plugin.py
[2026-05-18T06:46:44.360+0000] {processor.py:927} WARNING - No viable dags retrieved from /home/noelsdavid/airflow_venv/lib/python3.12/site-packages/airflow/example_dags/plugins/listener_plugin.py
[2026-05-18T06:46:44.376+0000] {processor.py:208} INFO - Processing /home/noelsdavid/airflow_venv/lib/python3.12/site-packages/airflow/example_dags/plugins/listener_plugin.py took 0.060 seconds
[2026-05-18T06:47:48.887+0000] {processor.py:186} INFO - Started process (PID=13287) to work on /home/noelsdavid/airflow_venv/lib/python3.12/site-packages/airflow/example_dags/plugins/listener_plugin.py
[2026-05-18T06:47:48.913+0000] {processor.py:914} INFO - Processing file /home/noelsdavid/airflow_venv/lib/python3.12/site-packages/airflow/example_dags/plugins/listener_plugin.py for tasks to queue
[2026-05-18T06:47:48.915+0000] {logging_mixin.py:190} INFO - [2026-05-18T06:47:48.914+0000] {dagbag.py:588} INFO - Filling up the DagBag from /home/noelsdavid/airflow_venv/lib/python3.12/site-packages/airflow/example_dags/plugins/listener_plugin.py
[2026-05-18T06:47:48.918+0000] {processor.py:927} WARNING - No viable dags retrieved from /home/noelsdavid/airflow_venv/lib/python3.12/site-packages/airflow/example_dags/plugins/listener_plugin.py
[2026-05-18T06:47:48.933+0000] {processor.py:208} INFO - Processing /home/noelsdavid/airflow_venv/lib/python3.12/site-packages/airflow/example_dags/plugins/listener_plugin.py took 0.056 seconds
[2026-05-18T06:48:55.525+0000] {processor.py:186} INFO - Started process (PID=13363) to work on /home/noelsdavid/airflow_venv/lib/python3.12/site-packages/airflow/example_dags/plugins/listener_plugin.py
[2026-05-18T06:48:55.527+0000] {processor.py:914} INFO - Processing file /home/noelsdavid/airflow_venv/lib/python3.12/site-packages/airflow/example_dags/plugins/listener_plugin.py for tasks to queue
[2026-05-18T06:48:55.530+0000] {logging_mixin.py:190} INFO - [2026-05-18T06:48:55.529+0000] {dagbag.py:588} INFO - Filling up the DagBag from /home/noelsdavid/airflow_venv/lib/python3.12/site-packages/airflow/example_dags/plugins/listener_plugin.py
[2026-05-18T06:48:55.533+0000] {processor.py:927} WARNING - No viable dags retrieved from /home/noelsdavid/airflow_venv/lib/python3.12/site-packages/airflow/example_dags/plugins/listener_plugin.py
[2026-05-18T06:48:55.549+0000] {processor.py:208} INFO - Processing /home/noelsdavid/airflow_venv/lib/python3.12/site-packages/airflow/example_dags/plugins/listener_plugin.py took 0.033 seconds
[2026-05-18T06:50:01.287+0000] {processor.py:186} INFO - Started process (PID=13462) to work on /home/noelsdavid/airflow_venv/lib/python3.12/site-packages/airflow/example_dags/plugins/listener_plugin.py
[2026-05-18T06:50:01.290+0000] {processor.py:914} INFO - Processing file /home/noelsdavid/airflow_venv/lib/python3.12/site-packages/airflow/example_dags/plugins/listener_plugin.py for tasks to queue
[2026-05-18T06:50:01.292+0000] {logging_mixin.py:190} INFO - [2026-05-18T06:50:01.292+0000] {dagbag.py:588} INFO - Filling up the DagBag from /home/noelsdavid/airflow_venv/lib/python3.12/site-packages/airflow/example_dags/plugins/listener_plugin.py
[2026-05-18T06:50:01.296+0000] {processor.py:927} WARNING - No viable dags retrieved from /home/noelsdavid/airflow_venv/lib/python3.12/site-packages/airflow/example_dags/plugins/listener_plugin.py
[2026-05-18T06:50:01.311+0000] {processor.py:208} INFO - Processing /home/noelsdavid/airflow_venv/lib/python3.12/site-packages/airflow/example_dags/plugins/listener_plugin.py took 0.033 seconds
