[2026-05-18T06:27:07.751+0000] {local_task_job_runner.py:123} INFO - ::group::Pre task execution logs
[2026-05-18T06:27:07.767+0000] {taskinstance.py:2613} INFO - Dependencies all met for dep_context=non-requeueable deps ti=<TaskInstance: simple_example_dag.run_bash_command scheduled__2026-05-17T00:00:00+00:00 [queued]>
[2026-05-18T06:27:07.776+0000] {taskinstance.py:2613} INFO - Dependencies all met for dep_context=requeueable deps ti=<TaskInstance: simple_example_dag.run_bash_command scheduled__2026-05-17T00:00:00+00:00 [queued]>
[2026-05-18T06:27:07.776+0000] {taskinstance.py:2866} INFO - Starting attempt 1 of 1
[2026-05-18T06:27:07.802+0000] {taskinstance.py:2889} INFO - Executing <Task(BashOperator): run_bash_command> on 2026-05-17 00:00:00+00:00
[2026-05-18T06:27:07.806+0000] {standard_task_runner.py:72} INFO - Started process 9264 to run task
[2026-05-18T06:27:07.813+0000] {standard_task_runner.py:104} INFO - Running: ['airflow', 'tasks', 'run', 'simple_example_dag', 'run_bash_command', 'scheduled__2026-05-17T00:00:00+00:00', '--job-id', '2', '--raw', '--subdir', 'DAGS_FOLDER/simple_dag.py', '--cfg-path', '/tmp/tmpxdnfjep0']
[2026-05-18T06:27:07.814+0000] {standard_task_runner.py:105} INFO - Job 2: Subtask run_bash_command
[2026-05-18T06:27:07.910+0000] {task_command.py:467} INFO - Running <TaskInstance: simple_example_dag.run_bash_command scheduled__2026-05-17T00:00:00+00:00 [running]> on host cs-370341157647-default
[2026-05-18T06:27:08.014+0000] {taskinstance.py:3132} INFO - Exporting env vars: AIRFLOW_CTX_DAG_OWNER='airflow' AIRFLOW_CTX_DAG_ID='simple_example_dag' AIRFLOW_CTX_TASK_ID='run_bash_command' AIRFLOW_CTX_EXECUTION_DATE='2026-05-17T00:00:00+00:00' AIRFLOW_CTX_TRY_NUMBER='1' AIRFLOW_CTX_DAG_RUN_ID='scheduled__2026-05-17T00:00:00+00:00'
[2026-05-18T06:27:08.016+0000] {logging_mixin.py:190} INFO - Task instance is in running state
[2026-05-18T06:27:08.017+0000] {logging_mixin.py:190} INFO -  Previous state of the Task instance: queued
[2026-05-18T06:27:08.017+0000] {logging_mixin.py:190} INFO - Current task name:run_bash_command state:running start_date:2026-05-18 06:27:07.767725+00:00
[2026-05-18T06:27:08.017+0000] {logging_mixin.py:190} INFO - Dag name:simple_example_dag and current dag run status:running
[2026-05-18T06:27:08.018+0000] {taskinstance.py:731} INFO - ::endgroup::
[2026-05-18T06:27:08.020+0000] {subprocess.py:78} INFO - Tmp dir root location: /tmp
[2026-05-18T06:27:08.021+0000] {subprocess.py:88} INFO - Running command: ['/usr/bin/bash', '-c', "echo 'Hello from the Bash Operator!'"]
[2026-05-18T06:27:08.032+0000] {subprocess.py:99} INFO - Output:
[2026-05-18T06:27:08.033+0000] {subprocess.py:106} INFO - Hello from the Bash Operator!
[2026-05-18T06:27:08.034+0000] {subprocess.py:110} INFO - Command exited with return code 0
[2026-05-18T06:27:08.064+0000] {taskinstance.py:340} INFO - ::group::Post task execution logs
[2026-05-18T06:27:08.065+0000] {taskinstance.py:352} INFO - Marking task as SUCCESS. dag_id=simple_example_dag, task_id=run_bash_command, run_id=scheduled__2026-05-17T00:00:00+00:00, execution_date=20260517T000000, start_date=20260518T062707, end_date=20260518T062708
[2026-05-18T06:27:08.083+0000] {logging_mixin.py:190} INFO - Task instance in success state
[2026-05-18T06:27:08.083+0000] {logging_mixin.py:190} INFO -  Previous state of the Task instance: running
[2026-05-18T06:27:08.083+0000] {logging_mixin.py:190} INFO - Dag name:simple_example_dag queued_at:2026-05-18 06:27:04.649679+00:00
[2026-05-18T06:27:08.084+0000] {logging_mixin.py:190} INFO - Task hostname:cs-370341157647-default operator:BashOperator
[2026-05-18T06:27:08.110+0000] {local_task_job_runner.py:266} INFO - Task exited with return code 0
[2026-05-18T06:27:08.131+0000] {taskinstance.py:3895} INFO - 1 downstream tasks scheduled from follow-on schedule check
[2026-05-18T06:27:08.140+0000] {local_task_job_runner.py:245} INFO - ::endgroup::
