[2026-05-18T06:27:18.699+0000] {local_task_job_runner.py:123} INFO - ::group::Pre task execution logs
[2026-05-18T06:27:18.709+0000] {taskinstance.py:2613} INFO - Dependencies all met for dep_context=non-requeueable deps ti=<TaskInstance: simple_example_dag.run_python_function manual__2026-05-18T06:27:04.452481+00:00 [queued]>
[2026-05-18T06:27:18.717+0000] {taskinstance.py:2613} INFO - Dependencies all met for dep_context=requeueable deps ti=<TaskInstance: simple_example_dag.run_python_function manual__2026-05-18T06:27:04.452481+00:00 [queued]>
[2026-05-18T06:27:18.717+0000] {taskinstance.py:2866} INFO - Starting attempt 1 of 1
[2026-05-18T06:27:18.735+0000] {taskinstance.py:2889} INFO - Executing <Task(PythonOperator): run_python_function> on 2026-05-18 06:27:04.452481+00:00
[2026-05-18T06:27:18.739+0000] {standard_task_runner.py:72} INFO - Started process 9389 to run task
[2026-05-18T06:27:18.744+0000] {standard_task_runner.py:104} INFO - Running: ['airflow', 'tasks', 'run', 'simple_example_dag', 'run_python_function', 'manual__2026-05-18T06:27:04.452481+00:00', '--job-id', '5', '--raw', '--subdir', 'DAGS_FOLDER/simple_dag.py', '--cfg-path', '/tmp/tmp3bjdu4xz']
[2026-05-18T06:27:18.745+0000] {standard_task_runner.py:105} INFO - Job 5: Subtask run_python_function
[2026-05-18T06:27:18.822+0000] {task_command.py:467} INFO - Running <TaskInstance: simple_example_dag.run_python_function manual__2026-05-18T06:27:04.452481+00:00 [running]> on host cs-370341157647-default
[2026-05-18T06:27:18.922+0000] {taskinstance.py:3132} INFO - Exporting env vars: AIRFLOW_CTX_DAG_OWNER='airflow' AIRFLOW_CTX_DAG_ID='simple_example_dag' AIRFLOW_CTX_TASK_ID='run_python_function' AIRFLOW_CTX_EXECUTION_DATE='2026-05-18T06:27:04.452481+00:00' AIRFLOW_CTX_TRY_NUMBER='1' AIRFLOW_CTX_DAG_RUN_ID='manual__2026-05-18T06:27:04.452481+00:00'
[2026-05-18T06:27:18.924+0000] {logging_mixin.py:190} INFO - Task instance is in running state
[2026-05-18T06:27:18.924+0000] {logging_mixin.py:190} INFO -  Previous state of the Task instance: queued
[2026-05-18T06:27:18.924+0000] {logging_mixin.py:190} INFO - Current task name:run_python_function state:running start_date:2026-05-18 06:27:18.710187+00:00
[2026-05-18T06:27:18.925+0000] {logging_mixin.py:190} INFO - Dag name:simple_example_dag and current dag run status:running
[2026-05-18T06:27:18.925+0000] {taskinstance.py:731} INFO - ::endgroup::
[2026-05-18T06:27:18.925+0000] {logging_mixin.py:190} INFO - Hello from the Python Operator!
[2026-05-18T06:27:18.926+0000] {python.py:240} INFO - Done. Returned value was: None
[2026-05-18T06:27:18.931+0000] {taskinstance.py:340} INFO - ::group::Post task execution logs
[2026-05-18T06:27:18.932+0000] {taskinstance.py:352} INFO - Marking task as SUCCESS. dag_id=simple_example_dag, task_id=run_python_function, run_id=manual__2026-05-18T06:27:04.452481+00:00, execution_date=20260518T062704, start_date=20260518T062718, end_date=20260518T062718
[2026-05-18T06:27:18.946+0000] {logging_mixin.py:190} INFO - Task instance in success state
[2026-05-18T06:27:18.946+0000] {logging_mixin.py:190} INFO -  Previous state of the Task instance: running
[2026-05-18T06:27:18.946+0000] {logging_mixin.py:190} INFO - Dag name:simple_example_dag queued_at:2026-05-18 06:27:04.489706+00:00
[2026-05-18T06:27:18.947+0000] {logging_mixin.py:190} INFO - Task hostname:cs-370341157647-default operator:PythonOperator
[2026-05-18T06:27:18.957+0000] {local_task_job_runner.py:266} INFO - Task exited with return code 0
[2026-05-18T06:27:18.971+0000] {taskinstance.py:3895} INFO - 0 downstream tasks scheduled from follow-on schedule check
[2026-05-18T06:27:18.972+0000] {local_task_job_runner.py:245} INFO - ::endgroup::
