[2026-05-18T06:43:29.683+0000] {local_task_job_runner.py:123} INFO - ::group::Pre task execution logs
[2026-05-18T06:43:29.700+0000] {taskinstance.py:2613} INFO - Dependencies all met for dep_context=non-requeueable deps ti=<TaskInstance: csv_etl_dag.extract_csv scheduled__2026-05-17T00:00:00+00:00 [queued]>
[2026-05-18T06:43:29.709+0000] {taskinstance.py:2613} INFO - Dependencies all met for dep_context=requeueable deps ti=<TaskInstance: csv_etl_dag.extract_csv scheduled__2026-05-17T00:00:00+00:00 [queued]>
[2026-05-18T06:43:29.710+0000] {taskinstance.py:2866} INFO - Starting attempt 1 of 1
[2026-05-18T06:43:29.739+0000] {taskinstance.py:2889} INFO - Executing <Task(PythonOperator): extract_csv> on 2026-05-17 00:00:00+00:00
[2026-05-18T06:43:29.748+0000] {standard_task_runner.py:72} INFO - Started process 12814 to run task
[2026-05-18T06:43:29.755+0000] {standard_task_runner.py:104} INFO - Running: ['airflow', 'tasks', 'run', 'csv_etl_dag', 'extract_csv', 'scheduled__2026-05-17T00:00:00+00:00', '--job-id', '6', '--raw', '--subdir', 'DAGS_FOLDER/csv_etl_dag.py', '--cfg-path', '/tmp/tmp9yghzltx']
[2026-05-18T06:43:29.756+0000] {standard_task_runner.py:105} INFO - Job 6: Subtask extract_csv
[2026-05-18T06:43:30.070+0000] {task_command.py:467} INFO - Running <TaskInstance: csv_etl_dag.extract_csv scheduled__2026-05-17T00:00:00+00:00 [running]> on host cs-370341157647-default
[2026-05-18T06:43:30.169+0000] {taskinstance.py:3132} INFO - Exporting env vars: AIRFLOW_CTX_DAG_OWNER='airflow' AIRFLOW_CTX_DAG_ID='csv_etl_dag' AIRFLOW_CTX_TASK_ID='extract_csv' AIRFLOW_CTX_EXECUTION_DATE='2026-05-17T00:00:00+00:00' AIRFLOW_CTX_TRY_NUMBER='1' AIRFLOW_CTX_DAG_RUN_ID='scheduled__2026-05-17T00:00:00+00:00'
[2026-05-18T06:43:30.170+0000] {logging_mixin.py:190} INFO - Task instance is in running state
[2026-05-18T06:43:30.170+0000] {logging_mixin.py:190} INFO -  Previous state of the Task instance: queued
[2026-05-18T06:43:30.171+0000] {logging_mixin.py:190} INFO - Current task name:extract_csv state:running start_date:2026-05-18 06:43:29.701024+00:00
[2026-05-18T06:43:30.171+0000] {logging_mixin.py:190} INFO - Dag name:csv_etl_dag and current dag run status:running
[2026-05-18T06:43:30.171+0000] {taskinstance.py:731} INFO - ::endgroup::
[2026-05-18T06:43:30.176+0000] {logging_mixin.py:190} INFO - Extracted Data:
[2026-05-18T06:43:30.194+0000] {logging_mixin.py:190} INFO -    order_id customer  total_amount      country
0         1     John           100          USA
1         2     Mary           250       Canada
2         3    Steve           300          USA
3         4      Ana           150  Philippines
4         5    Chris           400          USA
[2026-05-18T06:43:30.195+0000] {python.py:240} INFO - Done. Returned value was: None
[2026-05-18T06:43:30.202+0000] {taskinstance.py:340} INFO - ::group::Post task execution logs
[2026-05-18T06:43:30.203+0000] {taskinstance.py:352} INFO - Marking task as SUCCESS. dag_id=csv_etl_dag, task_id=extract_csv, run_id=scheduled__2026-05-17T00:00:00+00:00, execution_date=20260517T000000, start_date=20260518T064329, end_date=20260518T064330
[2026-05-18T06:43:30.227+0000] {logging_mixin.py:190} INFO - Task instance in success state
[2026-05-18T06:43:30.228+0000] {logging_mixin.py:190} INFO -  Previous state of the Task instance: running
[2026-05-18T06:43:30.229+0000] {logging_mixin.py:190} INFO - Dag name:csv_etl_dag queued_at:2026-05-18 06:43:26.089733+00:00
[2026-05-18T06:43:30.229+0000] {logging_mixin.py:190} INFO - Task hostname:cs-370341157647-default operator:PythonOperator
[2026-05-18T06:43:30.251+0000] {local_task_job_runner.py:266} INFO - Task exited with return code 0
[2026-05-18T06:43:30.513+0000] {taskinstance.py:3895} INFO - 1 downstream tasks scheduled from follow-on schedule check
[2026-05-18T06:43:30.531+0000] {local_task_job_runner.py:245} INFO - ::endgroup::
