[2026-05-18T06:27:14.960+0000] {local_task_job_runner.py:123} INFO - ::group::Pre task execution logs
[2026-05-18T06:27:14.974+0000] {taskinstance.py:2613} INFO - Dependencies all met for dep_context=non-requeueable deps ti=<TaskInstance: simple_example_dag.run_python_function scheduled__2026-05-17T00:00:00+00:00 [queued]>
[2026-05-18T06:27:14.981+0000] {taskinstance.py:2613} INFO - Dependencies all met for dep_context=requeueable deps ti=<TaskInstance: simple_example_dag.run_python_function scheduled__2026-05-17T00:00:00+00:00 [queued]>
[2026-05-18T06:27:14.981+0000] {taskinstance.py:2866} INFO - Starting attempt 1 of 1
[2026-05-18T06:27:15.004+0000] {taskinstance.py:2889} INFO - Executing <Task(PythonOperator): run_python_function> on 2026-05-17 00:00:00+00:00
[2026-05-18T06:27:15.009+0000] {standard_task_runner.py:72} INFO - Started process 9329 to run task
[2026-05-18T06:27:15.014+0000] {standard_task_runner.py:104} INFO - Running: ['airflow', 'tasks', 'run', 'simple_example_dag', 'run_python_function', 'scheduled__2026-05-17T00:00:00+00:00', '--job-id', '4', '--raw', '--subdir', 'DAGS_FOLDER/simple_dag.py', '--cfg-path', '/tmp/tmphmonhia1']
[2026-05-18T06:27:15.015+0000] {standard_task_runner.py:105} INFO - Job 4: Subtask run_python_function
[2026-05-18T06:27:15.093+0000] {task_command.py:467} INFO - Running <TaskInstance: simple_example_dag.run_python_function scheduled__2026-05-17T00:00:00+00:00 [running]> on host cs-370341157647-default
[2026-05-18T06:27:15.199+0000] {taskinstance.py:3132} INFO - Exporting env vars: AIRFLOW_CTX_DAG_OWNER='airflow' AIRFLOW_CTX_DAG_ID='simple_example_dag' AIRFLOW_CTX_TASK_ID='run_python_function' AIRFLOW_CTX_EXECUTION_DATE='2026-05-17T00:00:00+00:00' AIRFLOW_CTX_TRY_NUMBER='1' AIRFLOW_CTX_DAG_RUN_ID='scheduled__2026-05-17T00:00:00+00:00'
[2026-05-18T06:27:15.201+0000] {logging_mixin.py:190} INFO - Task instance is in running state
[2026-05-18T06:27:15.202+0000] {logging_mixin.py:190} INFO -  Previous state of the Task instance: queued
[2026-05-18T06:27:15.202+0000] {logging_mixin.py:190} INFO - Current task name:run_python_function state:running start_date:2026-05-18 06:27:14.974797+00:00
[2026-05-18T06:27:15.203+0000] {logging_mixin.py:190} INFO - Dag name:simple_example_dag and current dag run status:running
[2026-05-18T06:27:15.203+0000] {taskinstance.py:731} INFO - ::endgroup::
[2026-05-18T06:27:15.205+0000] {logging_mixin.py:190} INFO - Hello from the Python Operator!
[2026-05-18T06:27:15.205+0000] {python.py:240} INFO - Done. Returned value was: None
[2026-05-18T06:27:15.211+0000] {taskinstance.py:340} INFO - ::group::Post task execution logs
[2026-05-18T06:27:15.212+0000] {taskinstance.py:352} INFO - Marking task as SUCCESS. dag_id=simple_example_dag, task_id=run_python_function, run_id=scheduled__2026-05-17T00:00:00+00:00, execution_date=20260517T000000, start_date=20260518T062714, end_date=20260518T062715
[2026-05-18T06:27:15.233+0000] {logging_mixin.py:190} INFO - Task instance in success state
[2026-05-18T06:27:15.233+0000] {logging_mixin.py:190} INFO -  Previous state of the Task instance: running
[2026-05-18T06:27:15.234+0000] {logging_mixin.py:190} INFO - Dag name:simple_example_dag queued_at:2026-05-18 06:27:04.649679+00:00
[2026-05-18T06:27:15.234+0000] {logging_mixin.py:190} INFO - Task hostname:cs-370341157647-default operator:PythonOperator
[2026-05-18T06:27:15.268+0000] {local_task_job_runner.py:266} INFO - Task exited with return code 0
[2026-05-18T06:27:15.288+0000] {taskinstance.py:3895} INFO - 0 downstream tasks scheduled from follow-on schedule check
[2026-05-18T06:27:15.289+0000] {local_task_job_runner.py:245} INFO - ::endgroup::
