[2026-05-18T06:43:44.732+0000] {local_task_job_runner.py:123} INFO - ::group::Pre task execution logs
[2026-05-18T06:43:44.752+0000] {taskinstance.py:2613} INFO - Dependencies all met for dep_context=non-requeueable deps ti=<TaskInstance: csv_etl_dag.transform_and_load_csv manual__2026-05-18T06:43:25.415749+00:00 [queued]>
[2026-05-18T06:43:44.762+0000] {taskinstance.py:2613} INFO - Dependencies all met for dep_context=requeueable deps ti=<TaskInstance: csv_etl_dag.transform_and_load_csv manual__2026-05-18T06:43:25.415749+00:00 [queued]>
[2026-05-18T06:43:44.763+0000] {taskinstance.py:2866} INFO - Starting attempt 1 of 1
[2026-05-18T06:43:44.796+0000] {taskinstance.py:2889} INFO - Executing <Task(PythonOperator): transform_and_load_csv> on 2026-05-18 06:43:25.415749+00:00
[2026-05-18T06:43:44.809+0000] {standard_task_runner.py:72} INFO - Started process 12949 to run task
[2026-05-18T06:43:44.814+0000] {standard_task_runner.py:104} INFO - Running: ['airflow', 'tasks', 'run', 'csv_etl_dag', 'transform_and_load_csv', 'manual__2026-05-18T06:43:25.415749+00:00', '--job-id', '9', '--raw', '--subdir', 'DAGS_FOLDER/csv_etl_dag.py', '--cfg-path', '/tmp/tmpms0oylaa']
[2026-05-18T06:43:44.815+0000] {standard_task_runner.py:105} INFO - Job 9: Subtask transform_and_load_csv
[2026-05-18T06:43:45.129+0000] {task_command.py:467} INFO - Running <TaskInstance: csv_etl_dag.transform_and_load_csv manual__2026-05-18T06:43:25.415749+00:00 [running]> on host cs-370341157647-default
[2026-05-18T06:43:45.226+0000] {taskinstance.py:3132} INFO - Exporting env vars: AIRFLOW_CTX_DAG_OWNER='airflow' AIRFLOW_CTX_DAG_ID='csv_etl_dag' AIRFLOW_CTX_TASK_ID='transform_and_load_csv' AIRFLOW_CTX_EXECUTION_DATE='2026-05-18T06:43:25.415749+00:00' AIRFLOW_CTX_TRY_NUMBER='1' AIRFLOW_CTX_DAG_RUN_ID='manual__2026-05-18T06:43:25.415749+00:00'
[2026-05-18T06:43:45.227+0000] {logging_mixin.py:190} INFO - Task instance is in running state
[2026-05-18T06:43:45.228+0000] {logging_mixin.py:190} INFO -  Previous state of the Task instance: queued
[2026-05-18T06:43:45.228+0000] {logging_mixin.py:190} INFO - Current task name:transform_and_load_csv state:running start_date:2026-05-18 06:43:44.752726+00:00
[2026-05-18T06:43:45.228+0000] {logging_mixin.py:190} INFO - Dag name:csv_etl_dag and current dag run status:running
[2026-05-18T06:43:45.229+0000] {taskinstance.py:731} INFO - ::endgroup::
[2026-05-18T06:43:45.241+0000] {logging_mixin.py:190} INFO - Cleaned data saved!
[2026-05-18T06:43:45.253+0000] {logging_mixin.py:190} INFO -    order_id customer  total_amount      country  total_amount_with_tax
0         1     JOHN           100          USA                  112.0
1         2     MARY           250       Canada                  280.0
2         3    STEVE           300          USA                  336.0
3         4      ANA           150  Philippines                  168.0
4         5    CHRIS           400          USA                  448.0
[2026-05-18T06:43:45.254+0000] {python.py:240} INFO - Done. Returned value was: None
[2026-05-18T06:43:45.259+0000] {taskinstance.py:340} INFO - ::group::Post task execution logs
[2026-05-18T06:43:45.260+0000] {taskinstance.py:352} INFO - Marking task as SUCCESS. dag_id=csv_etl_dag, task_id=transform_and_load_csv, run_id=manual__2026-05-18T06:43:25.415749+00:00, execution_date=20260518T064325, start_date=20260518T064344, end_date=20260518T064345
[2026-05-18T06:43:45.284+0000] {logging_mixin.py:190} INFO - Task instance in success state
[2026-05-18T06:43:45.285+0000] {logging_mixin.py:190} INFO -  Previous state of the Task instance: running
[2026-05-18T06:43:45.285+0000] {logging_mixin.py:190} INFO - Dag name:csv_etl_dag queued_at:2026-05-18 06:43:25.478586+00:00
[2026-05-18T06:43:45.285+0000] {logging_mixin.py:190} INFO - Task hostname:cs-370341157647-default operator:PythonOperator
[2026-05-18T06:43:45.309+0000] {local_task_job_runner.py:266} INFO - Task exited with return code 0
[2026-05-18T06:43:45.590+0000] {taskinstance.py:3895} INFO - 0 downstream tasks scheduled from follow-on schedule check
[2026-05-18T06:43:45.592+0000] {local_task_job_runner.py:245} INFO - ::endgroup::
