[2026-05-18T06:20:12.367+0000] {processor.py:186} INFO - Started process (PID=8599) to work on /home/noelsdavid/airflow/dags/simple_dag.py
[2026-05-18T06:20:12.368+0000] {processor.py:914} INFO - Processing file /home/noelsdavid/airflow/dags/simple_dag.py for tasks to queue
[2026-05-18T06:20:12.370+0000] {logging_mixin.py:190} INFO - [2026-05-18T06:20:12.369+0000] {dagbag.py:588} INFO - Filling up the DagBag from /home/noelsdavid/airflow/dags/simple_dag.py
[2026-05-18T06:20:12.385+0000] {processor.py:925} INFO - DAG(s) 'simple_example_dag' retrieved from /home/noelsdavid/airflow/dags/simple_dag.py
[2026-05-18T06:20:12.525+0000] {logging_mixin.py:190} INFO - [2026-05-18T06:20:12.524+0000] {override.py:1911} INFO - Created Permission View: can edit on DAG:simple_example_dag
[2026-05-18T06:20:12.543+0000] {logging_mixin.py:190} INFO - [2026-05-18T06:20:12.542+0000] {override.py:1911} INFO - Created Permission View: can delete on DAG:simple_example_dag
[2026-05-18T06:20:12.557+0000] {logging_mixin.py:190} INFO - [2026-05-18T06:20:12.556+0000] {override.py:1911} INFO - Created Permission View: can read on DAG:simple_example_dag
[2026-05-18T06:20:12.580+0000] {logging_mixin.py:190} INFO - [2026-05-18T06:20:12.580+0000] {override.py:1911} INFO - Created Permission View: can delete on DAG Run:simple_example_dag
[2026-05-18T06:20:12.594+0000] {logging_mixin.py:190} INFO - [2026-05-18T06:20:12.593+0000] {override.py:1911} INFO - Created Permission View: menu access on DAG Run:simple_example_dag
[2026-05-18T06:20:12.607+0000] {logging_mixin.py:190} INFO - [2026-05-18T06:20:12.607+0000] {override.py:1911} INFO - Created Permission View: can create on DAG Run:simple_example_dag
[2026-05-18T06:20:12.621+0000] {logging_mixin.py:190} INFO - [2026-05-18T06:20:12.620+0000] {override.py:1911} INFO - Created Permission View: can read on DAG Run:simple_example_dag
[2026-05-18T06:20:12.621+0000] {logging_mixin.py:190} INFO - [2026-05-18T06:20:12.621+0000] {dag.py:3239} INFO - Sync 1 DAGs
[2026-05-18T06:20:12.639+0000] {logging_mixin.py:190} INFO - [2026-05-18T06:20:12.638+0000] {dag.py:3262} INFO - Creating ORM DAG for simple_example_dag
[2026-05-18T06:20:12.651+0000] {logging_mixin.py:190} INFO - [2026-05-18T06:20:12.651+0000] {dag.py:4180} INFO - Setting next_dagrun for simple_example_dag to 2026-05-17 00:00:00+00:00, run_after=2026-05-18 00:00:00+00:00
[2026-05-18T06:20:12.678+0000] {processor.py:208} INFO - Processing /home/noelsdavid/airflow/dags/simple_dag.py took 0.319 seconds
[2026-05-18T06:21:28.673+0000] {processor.py:186} INFO - Started process (PID=8674) to work on /home/noelsdavid/airflow/dags/simple_dag.py
[2026-05-18T06:21:28.690+0000] {processor.py:914} INFO - Processing file /home/noelsdavid/airflow/dags/simple_dag.py for tasks to queue
[2026-05-18T06:21:28.692+0000] {logging_mixin.py:190} INFO - [2026-05-18T06:21:28.692+0000] {dagbag.py:588} INFO - Filling up the DagBag from /home/noelsdavid/airflow/dags/simple_dag.py
[2026-05-18T06:21:28.707+0000] {processor.py:925} INFO - DAG(s) 'simple_example_dag' retrieved from /home/noelsdavid/airflow/dags/simple_dag.py
[2026-05-18T06:21:28.727+0000] {logging_mixin.py:190} INFO - [2026-05-18T06:21:28.727+0000] {dag.py:3239} INFO - Sync 1 DAGs
[2026-05-18T06:21:28.758+0000] {logging_mixin.py:190} INFO - [2026-05-18T06:21:28.758+0000] {dag.py:4180} INFO - Setting next_dagrun for simple_example_dag to 2026-05-17 00:00:00+00:00, run_after=2026-05-18 00:00:00+00:00
[2026-05-18T06:21:28.789+0000] {processor.py:208} INFO - Processing /home/noelsdavid/airflow/dags/simple_dag.py took 0.125 seconds
[2026-05-18T06:22:34.832+0000] {processor.py:186} INFO - Started process (PID=8738) to work on /home/noelsdavid/airflow/dags/simple_dag.py
[2026-05-18T06:22:34.834+0000] {processor.py:914} INFO - Processing file /home/noelsdavid/airflow/dags/simple_dag.py for tasks to queue
[2026-05-18T06:22:34.836+0000] {logging_mixin.py:190} INFO - [2026-05-18T06:22:34.836+0000] {dagbag.py:588} INFO - Filling up the DagBag from /home/noelsdavid/airflow/dags/simple_dag.py
[2026-05-18T06:22:34.851+0000] {processor.py:925} INFO - DAG(s) 'simple_example_dag' retrieved from /home/noelsdavid/airflow/dags/simple_dag.py
[2026-05-18T06:22:34.872+0000] {logging_mixin.py:190} INFO - [2026-05-18T06:22:34.871+0000] {dag.py:3239} INFO - Sync 1 DAGs
[2026-05-18T06:22:34.898+0000] {logging_mixin.py:190} INFO - [2026-05-18T06:22:34.898+0000] {dag.py:4180} INFO - Setting next_dagrun for simple_example_dag to 2026-05-17 00:00:00+00:00, run_after=2026-05-18 00:00:00+00:00
[2026-05-18T06:22:34.927+0000] {processor.py:208} INFO - Processing /home/noelsdavid/airflow/dags/simple_dag.py took 0.104 seconds
[2026-05-18T06:23:37.080+0000] {processor.py:186} INFO - Started process (PID=8799) to work on /home/noelsdavid/airflow/dags/simple_dag.py
[2026-05-18T06:23:37.084+0000] {processor.py:914} INFO - Processing file /home/noelsdavid/airflow/dags/simple_dag.py for tasks to queue
[2026-05-18T06:23:37.086+0000] {logging_mixin.py:190} INFO - [2026-05-18T06:23:37.085+0000] {dagbag.py:588} INFO - Filling up the DagBag from /home/noelsdavid/airflow/dags/simple_dag.py
[2026-05-18T06:23:37.105+0000] {processor.py:925} INFO - DAG(s) 'simple_example_dag' retrieved from /home/noelsdavid/airflow/dags/simple_dag.py
[2026-05-18T06:23:37.138+0000] {logging_mixin.py:190} INFO - [2026-05-18T06:23:37.137+0000] {dag.py:3239} INFO - Sync 1 DAGs
[2026-05-18T06:23:37.180+0000] {logging_mixin.py:190} INFO - [2026-05-18T06:23:37.179+0000] {dag.py:4180} INFO - Setting next_dagrun for simple_example_dag to 2026-05-17 00:00:00+00:00, run_after=2026-05-18 00:00:00+00:00
[2026-05-18T06:23:37.223+0000] {processor.py:208} INFO - Processing /home/noelsdavid/airflow/dags/simple_dag.py took 0.154 seconds
[2026-05-18T06:24:43.884+0000] {processor.py:186} INFO - Started process (PID=8862) to work on /home/noelsdavid/airflow/dags/simple_dag.py
[2026-05-18T06:24:43.886+0000] {processor.py:914} INFO - Processing file /home/noelsdavid/airflow/dags/simple_dag.py for tasks to queue
[2026-05-18T06:24:43.888+0000] {logging_mixin.py:190} INFO - [2026-05-18T06:24:43.888+0000] {dagbag.py:588} INFO - Filling up the DagBag from /home/noelsdavid/airflow/dags/simple_dag.py
[2026-05-18T06:24:43.905+0000] {processor.py:925} INFO - DAG(s) 'simple_example_dag' retrieved from /home/noelsdavid/airflow/dags/simple_dag.py
[2026-05-18T06:24:43.928+0000] {logging_mixin.py:190} INFO - [2026-05-18T06:24:43.928+0000] {dag.py:3239} INFO - Sync 1 DAGs
[2026-05-18T06:24:43.956+0000] {logging_mixin.py:190} INFO - [2026-05-18T06:24:43.956+0000] {dag.py:4180} INFO - Setting next_dagrun for simple_example_dag to 2026-05-17 00:00:00+00:00, run_after=2026-05-18 00:00:00+00:00
[2026-05-18T06:24:43.991+0000] {processor.py:208} INFO - Processing /home/noelsdavid/airflow/dags/simple_dag.py took 0.115 seconds
[2026-05-18T06:25:49.069+0000] {processor.py:186} INFO - Started process (PID=8947) to work on /home/noelsdavid/airflow/dags/simple_dag.py
[2026-05-18T06:25:49.071+0000] {processor.py:914} INFO - Processing file /home/noelsdavid/airflow/dags/simple_dag.py for tasks to queue
[2026-05-18T06:25:49.073+0000] {logging_mixin.py:190} INFO - [2026-05-18T06:25:49.073+0000] {dagbag.py:588} INFO - Filling up the DagBag from /home/noelsdavid/airflow/dags/simple_dag.py
[2026-05-18T06:25:49.089+0000] {processor.py:925} INFO - DAG(s) 'simple_example_dag' retrieved from /home/noelsdavid/airflow/dags/simple_dag.py
[2026-05-18T06:25:49.110+0000] {logging_mixin.py:190} INFO - [2026-05-18T06:25:49.110+0000] {dag.py:3239} INFO - Sync 1 DAGs
[2026-05-18T06:25:49.137+0000] {logging_mixin.py:190} INFO - [2026-05-18T06:25:49.137+0000] {dag.py:4180} INFO - Setting next_dagrun for simple_example_dag to 2026-05-17 00:00:00+00:00, run_after=2026-05-18 00:00:00+00:00
[2026-05-18T06:25:49.170+0000] {processor.py:208} INFO - Processing /home/noelsdavid/airflow/dags/simple_dag.py took 0.109 seconds
[2026-05-18T06:26:52.712+0000] {processor.py:186} INFO - Started process (PID=9144) to work on /home/noelsdavid/airflow/dags/simple_dag.py
[2026-05-18T06:26:52.714+0000] {processor.py:914} INFO - Processing file /home/noelsdavid/airflow/dags/simple_dag.py for tasks to queue
[2026-05-18T06:26:52.716+0000] {logging_mixin.py:190} INFO - [2026-05-18T06:26:52.716+0000] {dagbag.py:588} INFO - Filling up the DagBag from /home/noelsdavid/airflow/dags/simple_dag.py
[2026-05-18T06:26:52.733+0000] {processor.py:925} INFO - DAG(s) 'simple_example_dag' retrieved from /home/noelsdavid/airflow/dags/simple_dag.py
[2026-05-18T06:26:52.755+0000] {logging_mixin.py:190} INFO - [2026-05-18T06:26:52.754+0000] {dag.py:3239} INFO - Sync 1 DAGs
[2026-05-18T06:26:52.784+0000] {logging_mixin.py:190} INFO - [2026-05-18T06:26:52.784+0000] {dag.py:4180} INFO - Setting next_dagrun for simple_example_dag to 2026-05-17 00:00:00+00:00, run_after=2026-05-18 00:00:00+00:00
[2026-05-18T06:26:52.823+0000] {processor.py:208} INFO - Processing /home/noelsdavid/airflow/dags/simple_dag.py took 0.119 seconds
[2026-05-18T06:28:19.966+0000] {processor.py:186} INFO - Started process (PID=9711) to work on /home/noelsdavid/airflow/dags/simple_dag.py
[2026-05-18T06:28:19.984+0000] {processor.py:914} INFO - Processing file /home/noelsdavid/airflow/dags/simple_dag.py for tasks to queue
[2026-05-18T06:28:19.986+0000] {logging_mixin.py:190} INFO - [2026-05-18T06:28:19.985+0000] {dagbag.py:588} INFO - Filling up the DagBag from /home/noelsdavid/airflow/dags/simple_dag.py
[2026-05-18T06:28:20.001+0000] {processor.py:925} INFO - DAG(s) 'simple_example_dag' retrieved from /home/noelsdavid/airflow/dags/simple_dag.py
[2026-05-18T06:28:20.024+0000] {logging_mixin.py:190} INFO - [2026-05-18T06:28:20.023+0000] {dag.py:3239} INFO - Sync 1 DAGs
[2026-05-18T06:28:20.052+0000] {logging_mixin.py:190} INFO - [2026-05-18T06:28:20.052+0000] {dag.py:4180} INFO - Setting next_dagrun for simple_example_dag to 2026-05-18 00:00:00+00:00, run_after=2026-05-19 00:00:00+00:00
[2026-05-18T06:28:20.084+0000] {processor.py:208} INFO - Processing /home/noelsdavid/airflow/dags/simple_dag.py took 0.127 seconds
[2026-05-18T06:29:28.249+0000] {processor.py:186} INFO - Started process (PID=9774) to work on /home/noelsdavid/airflow/dags/simple_dag.py
[2026-05-18T06:29:28.252+0000] {processor.py:914} INFO - Processing file /home/noelsdavid/airflow/dags/simple_dag.py for tasks to queue
[2026-05-18T06:29:28.254+0000] {logging_mixin.py:190} INFO - [2026-05-18T06:29:28.253+0000] {dagbag.py:588} INFO - Filling up the DagBag from /home/noelsdavid/airflow/dags/simple_dag.py
[2026-05-18T06:29:28.270+0000] {processor.py:925} INFO - DAG(s) 'simple_example_dag' retrieved from /home/noelsdavid/airflow/dags/simple_dag.py
[2026-05-18T06:29:28.292+0000] {logging_mixin.py:190} INFO - [2026-05-18T06:29:28.291+0000] {dag.py:3239} INFO - Sync 1 DAGs
[2026-05-18T06:29:28.319+0000] {logging_mixin.py:190} INFO - [2026-05-18T06:29:28.319+0000] {dag.py:4180} INFO - Setting next_dagrun for simple_example_dag to 2026-05-18 00:00:00+00:00, run_after=2026-05-19 00:00:00+00:00
[2026-05-18T06:29:28.349+0000] {processor.py:208} INFO - Processing /home/noelsdavid/airflow/dags/simple_dag.py took 0.107 seconds
[2026-05-18T06:30:34.685+0000] {processor.py:186} INFO - Started process (PID=9863) to work on /home/noelsdavid/airflow/dags/simple_dag.py
[2026-05-18T06:30:34.688+0000] {processor.py:914} INFO - Processing file /home/noelsdavid/airflow/dags/simple_dag.py for tasks to queue
[2026-05-18T06:30:34.690+0000] {logging_mixin.py:190} INFO - [2026-05-18T06:30:34.689+0000] {dagbag.py:588} INFO - Filling up the DagBag from /home/noelsdavid/airflow/dags/simple_dag.py
[2026-05-18T06:30:34.704+0000] {processor.py:925} INFO - DAG(s) 'simple_example_dag' retrieved from /home/noelsdavid/airflow/dags/simple_dag.py
[2026-05-18T06:30:34.724+0000] {logging_mixin.py:190} INFO - [2026-05-18T06:30:34.724+0000] {dag.py:3239} INFO - Sync 1 DAGs
[2026-05-18T06:30:34.753+0000] {logging_mixin.py:190} INFO - [2026-05-18T06:30:34.752+0000] {dag.py:4180} INFO - Setting next_dagrun for simple_example_dag to 2026-05-18 00:00:00+00:00, run_after=2026-05-19 00:00:00+00:00
[2026-05-18T06:30:34.786+0000] {processor.py:208} INFO - Processing /home/noelsdavid/airflow/dags/simple_dag.py took 0.110 seconds
[2026-05-18T06:31:39.751+0000] {processor.py:186} INFO - Started process (PID=9926) to work on /home/noelsdavid/airflow/dags/simple_dag.py
[2026-05-18T06:31:39.753+0000] {processor.py:914} INFO - Processing file /home/noelsdavid/airflow/dags/simple_dag.py for tasks to queue
[2026-05-18T06:31:39.755+0000] {logging_mixin.py:190} INFO - [2026-05-18T06:31:39.754+0000] {dagbag.py:588} INFO - Filling up the DagBag from /home/noelsdavid/airflow/dags/simple_dag.py
[2026-05-18T06:31:39.769+0000] {processor.py:925} INFO - DAG(s) 'simple_example_dag' retrieved from /home/noelsdavid/airflow/dags/simple_dag.py
[2026-05-18T06:31:39.789+0000] {logging_mixin.py:190} INFO - [2026-05-18T06:31:39.789+0000] {dag.py:3239} INFO - Sync 1 DAGs
[2026-05-18T06:31:39.817+0000] {logging_mixin.py:190} INFO - [2026-05-18T06:31:39.816+0000] {dag.py:4180} INFO - Setting next_dagrun for simple_example_dag to 2026-05-18 00:00:00+00:00, run_after=2026-05-19 00:00:00+00:00
[2026-05-18T06:31:39.845+0000] {processor.py:208} INFO - Processing /home/noelsdavid/airflow/dags/simple_dag.py took 0.102 seconds
[2026-05-18T06:32:40.065+0000] {processor.py:186} INFO - Started process (PID=9987) to work on /home/noelsdavid/airflow/dags/simple_dag.py
[2026-05-18T06:32:40.068+0000] {processor.py:914} INFO - Processing file /home/noelsdavid/airflow/dags/simple_dag.py for tasks to queue
[2026-05-18T06:32:40.070+0000] {logging_mixin.py:190} INFO - [2026-05-18T06:32:40.069+0000] {dagbag.py:588} INFO - Filling up the DagBag from /home/noelsdavid/airflow/dags/simple_dag.py
[2026-05-18T06:32:40.084+0000] {processor.py:925} INFO - DAG(s) 'simple_example_dag' retrieved from /home/noelsdavid/airflow/dags/simple_dag.py
[2026-05-18T06:32:40.105+0000] {logging_mixin.py:190} INFO - [2026-05-18T06:32:40.105+0000] {dag.py:3239} INFO - Sync 1 DAGs
[2026-05-18T06:32:40.135+0000] {logging_mixin.py:190} INFO - [2026-05-18T06:32:40.135+0000] {dag.py:4180} INFO - Setting next_dagrun for simple_example_dag to 2026-05-18 00:00:00+00:00, run_after=2026-05-19 00:00:00+00:00
[2026-05-18T06:32:40.163+0000] {processor.py:208} INFO - Processing /home/noelsdavid/airflow/dags/simple_dag.py took 0.107 seconds
[2026-05-18T06:33:42.567+0000] {processor.py:186} INFO - Started process (PID=10053) to work on /home/noelsdavid/airflow/dags/simple_dag.py
[2026-05-18T06:33:42.583+0000] {processor.py:914} INFO - Processing file /home/noelsdavid/airflow/dags/simple_dag.py for tasks to queue
[2026-05-18T06:33:42.585+0000] {logging_mixin.py:190} INFO - [2026-05-18T06:33:42.584+0000] {dagbag.py:588} INFO - Filling up the DagBag from /home/noelsdavid/airflow/dags/simple_dag.py
[2026-05-18T06:33:42.599+0000] {processor.py:925} INFO - DAG(s) 'simple_example_dag' retrieved from /home/noelsdavid/airflow/dags/simple_dag.py
[2026-05-18T06:33:42.622+0000] {logging_mixin.py:190} INFO - [2026-05-18T06:33:42.621+0000] {dag.py:3239} INFO - Sync 1 DAGs
[2026-05-18T06:33:42.652+0000] {logging_mixin.py:190} INFO - [2026-05-18T06:33:42.651+0000] {dag.py:4180} INFO - Setting next_dagrun for simple_example_dag to 2026-05-18 00:00:00+00:00, run_after=2026-05-19 00:00:00+00:00
[2026-05-18T06:33:42.689+0000] {processor.py:208} INFO - Processing /home/noelsdavid/airflow/dags/simple_dag.py took 0.130 seconds
[2026-05-18T06:34:48.122+0000] {processor.py:186} INFO - Started process (PID=10243) to work on /home/noelsdavid/airflow/dags/simple_dag.py
[2026-05-18T06:34:48.134+0000] {processor.py:914} INFO - Processing file /home/noelsdavid/airflow/dags/simple_dag.py for tasks to queue
[2026-05-18T06:34:48.137+0000] {logging_mixin.py:190} INFO - [2026-05-18T06:34:48.136+0000] {dagbag.py:588} INFO - Filling up the DagBag from /home/noelsdavid/airflow/dags/simple_dag.py
[2026-05-18T06:34:48.154+0000] {processor.py:925} INFO - DAG(s) 'simple_example_dag' retrieved from /home/noelsdavid/airflow/dags/simple_dag.py
[2026-05-18T06:34:48.175+0000] {logging_mixin.py:190} INFO - [2026-05-18T06:34:48.174+0000] {dag.py:3239} INFO - Sync 1 DAGs
[2026-05-18T06:34:48.203+0000] {logging_mixin.py:190} INFO - [2026-05-18T06:34:48.203+0000] {dag.py:4180} INFO - Setting next_dagrun for simple_example_dag to 2026-05-18 00:00:00+00:00, run_after=2026-05-19 00:00:00+00:00
[2026-05-18T06:34:48.234+0000] {processor.py:208} INFO - Processing /home/noelsdavid/airflow/dags/simple_dag.py took 0.121 seconds
[2026-05-18T06:35:53.277+0000] {processor.py:186} INFO - Started process (PID=10422) to work on /home/noelsdavid/airflow/dags/simple_dag.py
[2026-05-18T06:35:53.279+0000] {processor.py:914} INFO - Processing file /home/noelsdavid/airflow/dags/simple_dag.py for tasks to queue
[2026-05-18T06:35:53.281+0000] {logging_mixin.py:190} INFO - [2026-05-18T06:35:53.281+0000] {dagbag.py:588} INFO - Filling up the DagBag from /home/noelsdavid/airflow/dags/simple_dag.py
[2026-05-18T06:35:53.296+0000] {processor.py:925} INFO - DAG(s) 'simple_example_dag' retrieved from /home/noelsdavid/airflow/dags/simple_dag.py
[2026-05-18T06:35:53.320+0000] {logging_mixin.py:190} INFO - [2026-05-18T06:35:53.320+0000] {dag.py:3239} INFO - Sync 1 DAGs
[2026-05-18T06:35:53.348+0000] {logging_mixin.py:190} INFO - [2026-05-18T06:35:53.347+0000] {dag.py:4180} INFO - Setting next_dagrun for simple_example_dag to 2026-05-18 00:00:00+00:00, run_after=2026-05-19 00:00:00+00:00
[2026-05-18T06:35:53.378+0000] {processor.py:208} INFO - Processing /home/noelsdavid/airflow/dags/simple_dag.py took 0.110 seconds
[2026-05-18T06:36:54.881+0000] {processor.py:186} INFO - Started process (PID=10659) to work on /home/noelsdavid/airflow/dags/simple_dag.py
[2026-05-18T06:36:54.883+0000] {processor.py:914} INFO - Processing file /home/noelsdavid/airflow/dags/simple_dag.py for tasks to queue
[2026-05-18T06:36:54.885+0000] {logging_mixin.py:190} INFO - [2026-05-18T06:36:54.884+0000] {dagbag.py:588} INFO - Filling up the DagBag from /home/noelsdavid/airflow/dags/simple_dag.py
[2026-05-18T06:36:54.900+0000] {processor.py:925} INFO - DAG(s) 'simple_example_dag' retrieved from /home/noelsdavid/airflow/dags/simple_dag.py
[2026-05-18T06:36:54.921+0000] {logging_mixin.py:190} INFO - [2026-05-18T06:36:54.920+0000] {dag.py:3239} INFO - Sync 1 DAGs
[2026-05-18T06:36:54.948+0000] {logging_mixin.py:190} INFO - [2026-05-18T06:36:54.948+0000] {dag.py:4180} INFO - Setting next_dagrun for simple_example_dag to 2026-05-18 00:00:00+00:00, run_after=2026-05-19 00:00:00+00:00
[2026-05-18T06:36:54.976+0000] {processor.py:208} INFO - Processing /home/noelsdavid/airflow/dags/simple_dag.py took 0.103 seconds
[2026-05-18T06:37:59.996+0000] {processor.py:186} INFO - Started process (PID=10954) to work on /home/noelsdavid/airflow/dags/simple_dag.py
[2026-05-18T06:37:59.999+0000] {processor.py:914} INFO - Processing file /home/noelsdavid/airflow/dags/simple_dag.py for tasks to queue
[2026-05-18T06:38:00.003+0000] {logging_mixin.py:190} INFO - [2026-05-18T06:38:00.001+0000] {dagbag.py:588} INFO - Filling up the DagBag from /home/noelsdavid/airflow/dags/simple_dag.py
[2026-05-18T06:38:00.019+0000] {processor.py:925} INFO - DAG(s) 'simple_example_dag' retrieved from /home/noelsdavid/airflow/dags/simple_dag.py
[2026-05-18T06:38:00.041+0000] {logging_mixin.py:190} INFO - [2026-05-18T06:38:00.041+0000] {dag.py:3239} INFO - Sync 1 DAGs
[2026-05-18T06:38:00.071+0000] {logging_mixin.py:190} INFO - [2026-05-18T06:38:00.071+0000] {dag.py:4180} INFO - Setting next_dagrun for simple_example_dag to 2026-05-18 00:00:00+00:00, run_after=2026-05-19 00:00:00+00:00
[2026-05-18T06:38:00.103+0000] {processor.py:208} INFO - Processing /home/noelsdavid/airflow/dags/simple_dag.py took 0.115 seconds
[2026-05-18T06:39:03.874+0000] {processor.py:186} INFO - Started process (PID=11232) to work on /home/noelsdavid/airflow/dags/simple_dag.py
[2026-05-18T06:39:03.889+0000] {processor.py:914} INFO - Processing file /home/noelsdavid/airflow/dags/simple_dag.py for tasks to queue
[2026-05-18T06:39:03.891+0000] {logging_mixin.py:190} INFO - [2026-05-18T06:39:03.890+0000] {dagbag.py:588} INFO - Filling up the DagBag from /home/noelsdavid/airflow/dags/simple_dag.py
[2026-05-18T06:39:03.907+0000] {processor.py:925} INFO - DAG(s) 'simple_example_dag' retrieved from /home/noelsdavid/airflow/dags/simple_dag.py
[2026-05-18T06:39:03.932+0000] {logging_mixin.py:190} INFO - [2026-05-18T06:39:03.932+0000] {dag.py:3239} INFO - Sync 1 DAGs
[2026-05-18T06:39:03.977+0000] {logging_mixin.py:190} INFO - [2026-05-18T06:39:03.977+0000] {dag.py:4180} INFO - Setting next_dagrun for simple_example_dag to 2026-05-18 00:00:00+00:00, run_after=2026-05-19 00:00:00+00:00
[2026-05-18T06:39:04.021+0000] {processor.py:208} INFO - Processing /home/noelsdavid/airflow/dags/simple_dag.py took 0.157 seconds
[2026-05-18T06:40:11.320+0000] {processor.py:186} INFO - Started process (PID=11460) to work on /home/noelsdavid/airflow/dags/simple_dag.py
[2026-05-18T06:40:11.323+0000] {processor.py:914} INFO - Processing file /home/noelsdavid/airflow/dags/simple_dag.py for tasks to queue
[2026-05-18T06:40:11.325+0000] {logging_mixin.py:190} INFO - [2026-05-18T06:40:11.324+0000] {dagbag.py:588} INFO - Filling up the DagBag from /home/noelsdavid/airflow/dags/simple_dag.py
[2026-05-18T06:40:11.340+0000] {processor.py:925} INFO - DAG(s) 'simple_example_dag' retrieved from /home/noelsdavid/airflow/dags/simple_dag.py
[2026-05-18T06:40:11.361+0000] {logging_mixin.py:190} INFO - [2026-05-18T06:40:11.361+0000] {dag.py:3239} INFO - Sync 1 DAGs
[2026-05-18T06:40:11.389+0000] {logging_mixin.py:190} INFO - [2026-05-18T06:40:11.388+0000] {dag.py:4180} INFO - Setting next_dagrun for simple_example_dag to 2026-05-18 00:00:00+00:00, run_after=2026-05-19 00:00:00+00:00
[2026-05-18T06:40:11.419+0000] {processor.py:208} INFO - Processing /home/noelsdavid/airflow/dags/simple_dag.py took 0.106 seconds
[2026-05-18T06:41:24.370+0000] {processor.py:186} INFO - Started process (PID=12134) to work on /home/noelsdavid/airflow/dags/simple_dag.py
[2026-05-18T06:41:24.373+0000] {processor.py:914} INFO - Processing file /home/noelsdavid/airflow/dags/simple_dag.py for tasks to queue
[2026-05-18T06:41:24.375+0000] {logging_mixin.py:190} INFO - [2026-05-18T06:41:24.374+0000] {dagbag.py:588} INFO - Filling up the DagBag from /home/noelsdavid/airflow/dags/simple_dag.py
[2026-05-18T06:41:24.390+0000] {processor.py:925} INFO - DAG(s) 'simple_example_dag' retrieved from /home/noelsdavid/airflow/dags/simple_dag.py
[2026-05-18T06:41:24.413+0000] {logging_mixin.py:190} INFO - [2026-05-18T06:41:24.413+0000] {dag.py:3239} INFO - Sync 1 DAGs
[2026-05-18T06:41:24.443+0000] {logging_mixin.py:190} INFO - [2026-05-18T06:41:24.443+0000] {dag.py:4180} INFO - Setting next_dagrun for simple_example_dag to 2026-05-18 00:00:00+00:00, run_after=2026-05-19 00:00:00+00:00
[2026-05-18T06:41:24.475+0000] {processor.py:208} INFO - Processing /home/noelsdavid/airflow/dags/simple_dag.py took 0.114 seconds
[2026-05-18T06:42:36.971+0000] {processor.py:186} INFO - Started process (PID=12499) to work on /home/noelsdavid/airflow/dags/simple_dag.py
[2026-05-18T06:42:36.974+0000] {processor.py:914} INFO - Processing file /home/noelsdavid/airflow/dags/simple_dag.py for tasks to queue
[2026-05-18T06:42:36.976+0000] {logging_mixin.py:190} INFO - [2026-05-18T06:42:36.976+0000] {dagbag.py:588} INFO - Filling up the DagBag from /home/noelsdavid/airflow/dags/simple_dag.py
[2026-05-18T06:42:36.991+0000] {processor.py:925} INFO - DAG(s) 'simple_example_dag' retrieved from /home/noelsdavid/airflow/dags/simple_dag.py
[2026-05-18T06:42:37.022+0000] {logging_mixin.py:190} INFO - [2026-05-18T06:42:37.021+0000] {dag.py:3239} INFO - Sync 1 DAGs
[2026-05-18T06:42:37.061+0000] {logging_mixin.py:190} INFO - [2026-05-18T06:42:37.061+0000] {dag.py:4180} INFO - Setting next_dagrun for simple_example_dag to 2026-05-18 00:00:00+00:00, run_after=2026-05-19 00:00:00+00:00
[2026-05-18T06:42:37.106+0000] {processor.py:208} INFO - Processing /home/noelsdavid/airflow/dags/simple_dag.py took 0.145 seconds
[2026-05-18T06:44:09.547+0000] {processor.py:186} INFO - Started process (PID=13019) to work on /home/noelsdavid/airflow/dags/simple_dag.py
[2026-05-18T06:44:09.592+0000] {processor.py:914} INFO - Processing file /home/noelsdavid/airflow/dags/simple_dag.py for tasks to queue
[2026-05-18T06:44:09.595+0000] {logging_mixin.py:190} INFO - [2026-05-18T06:44:09.594+0000] {dagbag.py:588} INFO - Filling up the DagBag from /home/noelsdavid/airflow/dags/simple_dag.py
[2026-05-18T06:44:09.612+0000] {processor.py:925} INFO - DAG(s) 'simple_example_dag' retrieved from /home/noelsdavid/airflow/dags/simple_dag.py
[2026-05-18T06:44:09.636+0000] {logging_mixin.py:190} INFO - [2026-05-18T06:44:09.636+0000] {dag.py:3239} INFO - Sync 1 DAGs
[2026-05-18T06:44:09.667+0000] {logging_mixin.py:190} INFO - [2026-05-18T06:44:09.666+0000] {dag.py:4180} INFO - Setting next_dagrun for simple_example_dag to 2026-05-18 00:00:00+00:00, run_after=2026-05-19 00:00:00+00:00
[2026-05-18T06:44:09.701+0000] {processor.py:208} INFO - Processing /home/noelsdavid/airflow/dags/simple_dag.py took 0.165 seconds
[2026-05-18T06:45:27.208+0000] {processor.py:186} INFO - Started process (PID=13127) to work on /home/noelsdavid/airflow/dags/simple_dag.py
[2026-05-18T06:45:27.211+0000] {processor.py:914} INFO - Processing file /home/noelsdavid/airflow/dags/simple_dag.py for tasks to queue
[2026-05-18T06:45:27.213+0000] {logging_mixin.py:190} INFO - [2026-05-18T06:45:27.213+0000] {dagbag.py:588} INFO - Filling up the DagBag from /home/noelsdavid/airflow/dags/simple_dag.py
[2026-05-18T06:45:27.229+0000] {processor.py:925} INFO - DAG(s) 'simple_example_dag' retrieved from /home/noelsdavid/airflow/dags/simple_dag.py
[2026-05-18T06:45:27.252+0000] {logging_mixin.py:190} INFO - [2026-05-18T06:45:27.252+0000] {dag.py:3239} INFO - Sync 1 DAGs
[2026-05-18T06:45:27.280+0000] {logging_mixin.py:190} INFO - [2026-05-18T06:45:27.279+0000] {dag.py:4180} INFO - Setting next_dagrun for simple_example_dag to 2026-05-18 00:00:00+00:00, run_after=2026-05-19 00:00:00+00:00
[2026-05-18T06:45:27.312+0000] {processor.py:208} INFO - Processing /home/noelsdavid/airflow/dags/simple_dag.py took 0.113 seconds
[2026-05-18T06:46:38.941+0000] {processor.py:186} INFO - Started process (PID=13205) to work on /home/noelsdavid/airflow/dags/simple_dag.py
[2026-05-18T06:46:38.943+0000] {processor.py:914} INFO - Processing file /home/noelsdavid/airflow/dags/simple_dag.py for tasks to queue
[2026-05-18T06:46:38.946+0000] {logging_mixin.py:190} INFO - [2026-05-18T06:46:38.945+0000] {dagbag.py:588} INFO - Filling up the DagBag from /home/noelsdavid/airflow/dags/simple_dag.py
[2026-05-18T06:46:38.960+0000] {processor.py:925} INFO - DAG(s) 'simple_example_dag' retrieved from /home/noelsdavid/airflow/dags/simple_dag.py
[2026-05-18T06:46:38.984+0000] {logging_mixin.py:190} INFO - [2026-05-18T06:46:38.983+0000] {dag.py:3239} INFO - Sync 1 DAGs
[2026-05-18T06:46:39.018+0000] {logging_mixin.py:190} INFO - [2026-05-18T06:46:39.018+0000] {dag.py:4180} INFO - Setting next_dagrun for simple_example_dag to 2026-05-18 00:00:00+00:00, run_after=2026-05-19 00:00:00+00:00
[2026-05-18T06:46:39.053+0000] {processor.py:208} INFO - Processing /home/noelsdavid/airflow/dags/simple_dag.py took 0.122 seconds
[2026-05-18T06:47:45.461+0000] {processor.py:186} INFO - Started process (PID=13281) to work on /home/noelsdavid/airflow/dags/simple_dag.py
[2026-05-18T06:47:45.464+0000] {processor.py:914} INFO - Processing file /home/noelsdavid/airflow/dags/simple_dag.py for tasks to queue
[2026-05-18T06:47:45.466+0000] {logging_mixin.py:190} INFO - [2026-05-18T06:47:45.466+0000] {dagbag.py:588} INFO - Filling up the DagBag from /home/noelsdavid/airflow/dags/simple_dag.py
[2026-05-18T06:47:45.480+0000] {processor.py:925} INFO - DAG(s) 'simple_example_dag' retrieved from /home/noelsdavid/airflow/dags/simple_dag.py
[2026-05-18T06:47:45.503+0000] {logging_mixin.py:190} INFO - [2026-05-18T06:47:45.503+0000] {dag.py:3239} INFO - Sync 1 DAGs
[2026-05-18T06:47:45.532+0000] {logging_mixin.py:190} INFO - [2026-05-18T06:47:45.531+0000] {dag.py:4180} INFO - Setting next_dagrun for simple_example_dag to 2026-05-18 00:00:00+00:00, run_after=2026-05-19 00:00:00+00:00
[2026-05-18T06:47:45.563+0000] {processor.py:208} INFO - Processing /home/noelsdavid/airflow/dags/simple_dag.py took 0.111 seconds
[2026-05-18T06:48:51.007+0000] {processor.py:186} INFO - Started process (PID=13353) to work on /home/noelsdavid/airflow/dags/simple_dag.py
[2026-05-18T06:48:51.009+0000] {processor.py:914} INFO - Processing file /home/noelsdavid/airflow/dags/simple_dag.py for tasks to queue
[2026-05-18T06:48:51.012+0000] {logging_mixin.py:190} INFO - [2026-05-18T06:48:51.011+0000] {dagbag.py:588} INFO - Filling up the DagBag from /home/noelsdavid/airflow/dags/simple_dag.py
[2026-05-18T06:48:51.026+0000] {processor.py:925} INFO - DAG(s) 'simple_example_dag' retrieved from /home/noelsdavid/airflow/dags/simple_dag.py
[2026-05-18T06:48:51.047+0000] {logging_mixin.py:190} INFO - [2026-05-18T06:48:51.047+0000] {dag.py:3239} INFO - Sync 1 DAGs
[2026-05-18T06:48:51.075+0000] {logging_mixin.py:190} INFO - [2026-05-18T06:48:51.075+0000] {dag.py:4180} INFO - Setting next_dagrun for simple_example_dag to 2026-05-18 00:00:00+00:00, run_after=2026-05-19 00:00:00+00:00
[2026-05-18T06:48:51.104+0000] {processor.py:208} INFO - Processing /home/noelsdavid/airflow/dags/simple_dag.py took 0.109 seconds
[2026-05-18T06:49:56.015+0000] {processor.py:186} INFO - Started process (PID=13452) to work on /home/noelsdavid/airflow/dags/simple_dag.py
[2026-05-18T06:49:56.017+0000] {processor.py:914} INFO - Processing file /home/noelsdavid/airflow/dags/simple_dag.py for tasks to queue
[2026-05-18T06:49:56.020+0000] {logging_mixin.py:190} INFO - [2026-05-18T06:49:56.019+0000] {dagbag.py:588} INFO - Filling up the DagBag from /home/noelsdavid/airflow/dags/simple_dag.py
[2026-05-18T06:49:56.034+0000] {processor.py:925} INFO - DAG(s) 'simple_example_dag' retrieved from /home/noelsdavid/airflow/dags/simple_dag.py
[2026-05-18T06:49:56.055+0000] {logging_mixin.py:190} INFO - [2026-05-18T06:49:56.055+0000] {dag.py:3239} INFO - Sync 1 DAGs
[2026-05-18T06:49:56.085+0000] {logging_mixin.py:190} INFO - [2026-05-18T06:49:56.084+0000] {dag.py:4180} INFO - Setting next_dagrun for simple_example_dag to 2026-05-18 00:00:00+00:00, run_after=2026-05-19 00:00:00+00:00
[2026-05-18T06:49:56.118+0000] {processor.py:208} INFO - Processing /home/noelsdavid/airflow/dags/simple_dag.py took 0.113 seconds
