[2026-05-18T06:00:40.722+0000] {processor.py:186} INFO - Started process (PID=6919) to work on /home/noelsdavid/airflow_venv/lib/python3.12/site-packages/airflow/example_dags/example_setup_teardown.py
[2026-05-18T06:00:40.723+0000] {processor.py:914} INFO - Processing file /home/noelsdavid/airflow_venv/lib/python3.12/site-packages/airflow/example_dags/example_setup_teardown.py for tasks to queue
[2026-05-18T06:00:40.726+0000] {logging_mixin.py:190} INFO - [2026-05-18T06:00:40.725+0000] {dagbag.py:588} INFO - Filling up the DagBag from /home/noelsdavid/airflow_venv/lib/python3.12/site-packages/airflow/example_dags/example_setup_teardown.py
[2026-05-18T06:00:40.737+0000] {processor.py:925} INFO - DAG(s) 'example_setup_teardown' retrieved from /home/noelsdavid/airflow_venv/lib/python3.12/site-packages/airflow/example_dags/example_setup_teardown.py
[2026-05-18T06:00:40.869+0000] {logging_mixin.py:190} INFO - [2026-05-18T06:00:40.869+0000] {override.py:1911} INFO - Created Permission View: can edit on DAG:example_setup_teardown
[2026-05-18T06:00:40.888+0000] {logging_mixin.py:190} INFO - [2026-05-18T06:00:40.888+0000] {override.py:1911} INFO - Created Permission View: can delete on DAG:example_setup_teardown
[2026-05-18T06:00:40.901+0000] {logging_mixin.py:190} INFO - [2026-05-18T06:00:40.901+0000] {override.py:1911} INFO - Created Permission View: can read on DAG:example_setup_teardown
[2026-05-18T06:00:40.924+0000] {logging_mixin.py:190} INFO - [2026-05-18T06:00:40.924+0000] {override.py:1911} INFO - Created Permission View: can delete on DAG Run:example_setup_teardown
[2026-05-18T06:00:40.937+0000] {logging_mixin.py:190} INFO - [2026-05-18T06:00:40.937+0000] {override.py:1911} INFO - Created Permission View: menu access on DAG Run:example_setup_teardown
[2026-05-18T06:00:40.951+0000] {logging_mixin.py:190} INFO - [2026-05-18T06:00:40.950+0000] {override.py:1911} INFO - Created Permission View: can create on DAG Run:example_setup_teardown
[2026-05-18T06:00:40.965+0000] {logging_mixin.py:190} INFO - [2026-05-18T06:00:40.964+0000] {override.py:1911} INFO - Created Permission View: can read on DAG Run:example_setup_teardown
[2026-05-18T06:00:40.965+0000] {logging_mixin.py:190} INFO - [2026-05-18T06:00:40.965+0000] {dag.py:3239} INFO - Sync 1 DAGs
[2026-05-18T06:00:40.978+0000] {logging_mixin.py:190} INFO - [2026-05-18T06:00:40.978+0000] {dag.py:3262} INFO - Creating ORM DAG for example_setup_teardown
[2026-05-18T06:00:40.979+0000] {logging_mixin.py:190} INFO - [2026-05-18T06:00:40.978+0000] {dag.py:4180} INFO - Setting next_dagrun for example_setup_teardown to None, run_after=None
[2026-05-18T06:00:41.007+0000] {processor.py:208} INFO - Processing /home/noelsdavid/airflow_venv/lib/python3.12/site-packages/airflow/example_dags/example_setup_teardown.py took 0.292 seconds
[2026-05-18T06:01:49.537+0000] {processor.py:186} INFO - Started process (PID=6978) to work on /home/noelsdavid/airflow_venv/lib/python3.12/site-packages/airflow/example_dags/example_setup_teardown.py
[2026-05-18T06:01:49.594+0000] {processor.py:914} INFO - Processing file /home/noelsdavid/airflow_venv/lib/python3.12/site-packages/airflow/example_dags/example_setup_teardown.py for tasks to queue
[2026-05-18T06:01:49.597+0000] {logging_mixin.py:190} INFO - [2026-05-18T06:01:49.597+0000] {dagbag.py:588} INFO - Filling up the DagBag from /home/noelsdavid/airflow_venv/lib/python3.12/site-packages/airflow/example_dags/example_setup_teardown.py
[2026-05-18T06:01:49.612+0000] {processor.py:925} INFO - DAG(s) 'example_setup_teardown' retrieved from /home/noelsdavid/airflow_venv/lib/python3.12/site-packages/airflow/example_dags/example_setup_teardown.py
[2026-05-18T06:01:49.636+0000] {logging_mixin.py:190} INFO - [2026-05-18T06:01:49.635+0000] {dag.py:3239} INFO - Sync 1 DAGs
[2026-05-18T06:01:49.655+0000] {logging_mixin.py:190} INFO - [2026-05-18T06:01:49.655+0000] {dag.py:4180} INFO - Setting next_dagrun for example_setup_teardown to None, run_after=None
[2026-05-18T06:01:49.691+0000] {processor.py:208} INFO - Processing /home/noelsdavid/airflow_venv/lib/python3.12/site-packages/airflow/example_dags/example_setup_teardown.py took 0.160 seconds
[2026-05-18T06:02:48.643+0000] {processor.py:186} INFO - Started process (PID=7038) to work on /home/noelsdavid/airflow_venv/lib/python3.12/site-packages/airflow/example_dags/example_setup_teardown.py
[2026-05-18T06:02:48.646+0000] {processor.py:914} INFO - Processing file /home/noelsdavid/airflow_venv/lib/python3.12/site-packages/airflow/example_dags/example_setup_teardown.py for tasks to queue
[2026-05-18T06:02:48.649+0000] {logging_mixin.py:190} INFO - [2026-05-18T06:02:48.648+0000] {dagbag.py:588} INFO - Filling up the DagBag from /home/noelsdavid/airflow_venv/lib/python3.12/site-packages/airflow/example_dags/example_setup_teardown.py
[2026-05-18T06:02:48.660+0000] {processor.py:925} INFO - DAG(s) 'example_setup_teardown' retrieved from /home/noelsdavid/airflow_venv/lib/python3.12/site-packages/airflow/example_dags/example_setup_teardown.py
[2026-05-18T06:02:48.682+0000] {logging_mixin.py:190} INFO - [2026-05-18T06:02:48.682+0000] {dag.py:3239} INFO - Sync 1 DAGs
[2026-05-18T06:02:48.699+0000] {logging_mixin.py:190} INFO - [2026-05-18T06:02:48.699+0000] {dag.py:4180} INFO - Setting next_dagrun for example_setup_teardown to None, run_after=None
[2026-05-18T06:02:48.732+0000] {processor.py:208} INFO - Processing /home/noelsdavid/airflow_venv/lib/python3.12/site-packages/airflow/example_dags/example_setup_teardown.py took 0.096 seconds
[2026-05-18T06:03:49.282+0000] {processor.py:186} INFO - Started process (PID=7097) to work on /home/noelsdavid/airflow_venv/lib/python3.12/site-packages/airflow/example_dags/example_setup_teardown.py
[2026-05-18T06:03:49.285+0000] {processor.py:914} INFO - Processing file /home/noelsdavid/airflow_venv/lib/python3.12/site-packages/airflow/example_dags/example_setup_teardown.py for tasks to queue
[2026-05-18T06:03:49.288+0000] {logging_mixin.py:190} INFO - [2026-05-18T06:03:49.287+0000] {dagbag.py:588} INFO - Filling up the DagBag from /home/noelsdavid/airflow_venv/lib/python3.12/site-packages/airflow/example_dags/example_setup_teardown.py
[2026-05-18T06:03:49.300+0000] {processor.py:925} INFO - DAG(s) 'example_setup_teardown' retrieved from /home/noelsdavid/airflow_venv/lib/python3.12/site-packages/airflow/example_dags/example_setup_teardown.py
[2026-05-18T06:03:49.323+0000] {logging_mixin.py:190} INFO - [2026-05-18T06:03:49.322+0000] {dag.py:3239} INFO - Sync 1 DAGs
[2026-05-18T06:03:49.344+0000] {logging_mixin.py:190} INFO - [2026-05-18T06:03:49.344+0000] {dag.py:4180} INFO - Setting next_dagrun for example_setup_teardown to None, run_after=None
[2026-05-18T06:03:49.389+0000] {processor.py:208} INFO - Processing /home/noelsdavid/airflow_venv/lib/python3.12/site-packages/airflow/example_dags/example_setup_teardown.py took 0.115 seconds
[2026-05-18T06:04:49.476+0000] {processor.py:186} INFO - Started process (PID=7157) to work on /home/noelsdavid/airflow_venv/lib/python3.12/site-packages/airflow/example_dags/example_setup_teardown.py
[2026-05-18T06:04:49.479+0000] {processor.py:914} INFO - Processing file /home/noelsdavid/airflow_venv/lib/python3.12/site-packages/airflow/example_dags/example_setup_teardown.py for tasks to queue
[2026-05-18T06:04:49.482+0000] {logging_mixin.py:190} INFO - [2026-05-18T06:04:49.481+0000] {dagbag.py:588} INFO - Filling up the DagBag from /home/noelsdavid/airflow_venv/lib/python3.12/site-packages/airflow/example_dags/example_setup_teardown.py
[2026-05-18T06:04:49.495+0000] {processor.py:925} INFO - DAG(s) 'example_setup_teardown' retrieved from /home/noelsdavid/airflow_venv/lib/python3.12/site-packages/airflow/example_dags/example_setup_teardown.py
[2026-05-18T06:04:49.517+0000] {logging_mixin.py:190} INFO - [2026-05-18T06:04:49.516+0000] {dag.py:3239} INFO - Sync 1 DAGs
[2026-05-18T06:04:49.532+0000] {logging_mixin.py:190} INFO - [2026-05-18T06:04:49.532+0000] {dag.py:4180} INFO - Setting next_dagrun for example_setup_teardown to None, run_after=None
[2026-05-18T06:04:49.566+0000] {processor.py:208} INFO - Processing /home/noelsdavid/airflow_venv/lib/python3.12/site-packages/airflow/example_dags/example_setup_teardown.py took 0.097 seconds
[2026-05-18T06:06:02.195+0000] {processor.py:186} INFO - Started process (PID=7246) to work on /home/noelsdavid/airflow_venv/lib/python3.12/site-packages/airflow/example_dags/example_setup_teardown.py
[2026-05-18T06:06:02.197+0000] {processor.py:914} INFO - Processing file /home/noelsdavid/airflow_venv/lib/python3.12/site-packages/airflow/example_dags/example_setup_teardown.py for tasks to queue
[2026-05-18T06:06:02.200+0000] {logging_mixin.py:190} INFO - [2026-05-18T06:06:02.200+0000] {dagbag.py:588} INFO - Filling up the DagBag from /home/noelsdavid/airflow_venv/lib/python3.12/site-packages/airflow/example_dags/example_setup_teardown.py
[2026-05-18T06:06:02.219+0000] {processor.py:925} INFO - DAG(s) 'example_setup_teardown' retrieved from /home/noelsdavid/airflow_venv/lib/python3.12/site-packages/airflow/example_dags/example_setup_teardown.py
[2026-05-18T06:06:02.249+0000] {logging_mixin.py:190} INFO - [2026-05-18T06:06:02.248+0000] {dag.py:3239} INFO - Sync 1 DAGs
[2026-05-18T06:06:02.275+0000] {logging_mixin.py:190} INFO - [2026-05-18T06:06:02.275+0000] {dag.py:4180} INFO - Setting next_dagrun for example_setup_teardown to None, run_after=None
[2026-05-18T06:06:02.323+0000] {processor.py:208} INFO - Processing /home/noelsdavid/airflow_venv/lib/python3.12/site-packages/airflow/example_dags/example_setup_teardown.py took 0.138 seconds
[2026-05-18T06:07:01.103+0000] {processor.py:186} INFO - Started process (PID=7307) to work on /home/noelsdavid/airflow_venv/lib/python3.12/site-packages/airflow/example_dags/example_setup_teardown.py
[2026-05-18T06:07:01.106+0000] {processor.py:914} INFO - Processing file /home/noelsdavid/airflow_venv/lib/python3.12/site-packages/airflow/example_dags/example_setup_teardown.py for tasks to queue
[2026-05-18T06:07:01.110+0000] {logging_mixin.py:190} INFO - [2026-05-18T06:07:01.109+0000] {dagbag.py:588} INFO - Filling up the DagBag from /home/noelsdavid/airflow_venv/lib/python3.12/site-packages/airflow/example_dags/example_setup_teardown.py
[2026-05-18T06:07:01.124+0000] {processor.py:925} INFO - DAG(s) 'example_setup_teardown' retrieved from /home/noelsdavid/airflow_venv/lib/python3.12/site-packages/airflow/example_dags/example_setup_teardown.py
[2026-05-18T06:07:01.150+0000] {logging_mixin.py:190} INFO - [2026-05-18T06:07:01.150+0000] {dag.py:3239} INFO - Sync 1 DAGs
[2026-05-18T06:07:01.167+0000] {logging_mixin.py:190} INFO - [2026-05-18T06:07:01.167+0000] {dag.py:4180} INFO - Setting next_dagrun for example_setup_teardown to None, run_after=None
[2026-05-18T06:07:01.199+0000] {processor.py:208} INFO - Processing /home/noelsdavid/airflow_venv/lib/python3.12/site-packages/airflow/example_dags/example_setup_teardown.py took 0.104 seconds
[2026-05-18T06:08:00.577+0000] {processor.py:186} INFO - Started process (PID=7365) to work on /home/noelsdavid/airflow_venv/lib/python3.12/site-packages/airflow/example_dags/example_setup_teardown.py
[2026-05-18T06:08:00.580+0000] {processor.py:914} INFO - Processing file /home/noelsdavid/airflow_venv/lib/python3.12/site-packages/airflow/example_dags/example_setup_teardown.py for tasks to queue
[2026-05-18T06:08:00.584+0000] {logging_mixin.py:190} INFO - [2026-05-18T06:08:00.583+0000] {dagbag.py:588} INFO - Filling up the DagBag from /home/noelsdavid/airflow_venv/lib/python3.12/site-packages/airflow/example_dags/example_setup_teardown.py
[2026-05-18T06:08:00.597+0000] {processor.py:925} INFO - DAG(s) 'example_setup_teardown' retrieved from /home/noelsdavid/airflow_venv/lib/python3.12/site-packages/airflow/example_dags/example_setup_teardown.py
[2026-05-18T06:08:00.619+0000] {logging_mixin.py:190} INFO - [2026-05-18T06:08:00.619+0000] {dag.py:3239} INFO - Sync 1 DAGs
[2026-05-18T06:08:00.639+0000] {logging_mixin.py:190} INFO - [2026-05-18T06:08:00.639+0000] {dag.py:4180} INFO - Setting next_dagrun for example_setup_teardown to None, run_after=None
[2026-05-18T06:08:00.677+0000] {processor.py:208} INFO - Processing /home/noelsdavid/airflow_venv/lib/python3.12/site-packages/airflow/example_dags/example_setup_teardown.py took 0.109 seconds
[2026-05-18T06:09:06.353+0000] {processor.py:186} INFO - Started process (PID=7428) to work on /home/noelsdavid/airflow_venv/lib/python3.12/site-packages/airflow/example_dags/example_setup_teardown.py
[2026-05-18T06:09:06.355+0000] {processor.py:914} INFO - Processing file /home/noelsdavid/airflow_venv/lib/python3.12/site-packages/airflow/example_dags/example_setup_teardown.py for tasks to queue
[2026-05-18T06:09:06.358+0000] {logging_mixin.py:190} INFO - [2026-05-18T06:09:06.358+0000] {dagbag.py:588} INFO - Filling up the DagBag from /home/noelsdavid/airflow_venv/lib/python3.12/site-packages/airflow/example_dags/example_setup_teardown.py
[2026-05-18T06:09:06.371+0000] {processor.py:925} INFO - DAG(s) 'example_setup_teardown' retrieved from /home/noelsdavid/airflow_venv/lib/python3.12/site-packages/airflow/example_dags/example_setup_teardown.py
[2026-05-18T06:09:06.395+0000] {logging_mixin.py:190} INFO - [2026-05-18T06:09:06.394+0000] {dag.py:3239} INFO - Sync 1 DAGs
[2026-05-18T06:09:06.412+0000] {logging_mixin.py:190} INFO - [2026-05-18T06:09:06.412+0000] {dag.py:4180} INFO - Setting next_dagrun for example_setup_teardown to None, run_after=None
[2026-05-18T06:09:06.446+0000] {processor.py:208} INFO - Processing /home/noelsdavid/airflow_venv/lib/python3.12/site-packages/airflow/example_dags/example_setup_teardown.py took 0.101 seconds
[2026-05-18T06:10:08.747+0000] {processor.py:186} INFO - Started process (PID=7489) to work on /home/noelsdavid/airflow_venv/lib/python3.12/site-packages/airflow/example_dags/example_setup_teardown.py
[2026-05-18T06:10:08.750+0000] {processor.py:914} INFO - Processing file /home/noelsdavid/airflow_venv/lib/python3.12/site-packages/airflow/example_dags/example_setup_teardown.py for tasks to queue
[2026-05-18T06:10:08.753+0000] {logging_mixin.py:190} INFO - [2026-05-18T06:10:08.752+0000] {dagbag.py:588} INFO - Filling up the DagBag from /home/noelsdavid/airflow_venv/lib/python3.12/site-packages/airflow/example_dags/example_setup_teardown.py
[2026-05-18T06:10:08.766+0000] {processor.py:925} INFO - DAG(s) 'example_setup_teardown' retrieved from /home/noelsdavid/airflow_venv/lib/python3.12/site-packages/airflow/example_dags/example_setup_teardown.py
[2026-05-18T06:10:08.788+0000] {logging_mixin.py:190} INFO - [2026-05-18T06:10:08.788+0000] {dag.py:3239} INFO - Sync 1 DAGs
[2026-05-18T06:10:08.805+0000] {logging_mixin.py:190} INFO - [2026-05-18T06:10:08.805+0000] {dag.py:4180} INFO - Setting next_dagrun for example_setup_teardown to None, run_after=None
[2026-05-18T06:10:08.835+0000] {processor.py:208} INFO - Processing /home/noelsdavid/airflow_venv/lib/python3.12/site-packages/airflow/example_dags/example_setup_teardown.py took 0.096 seconds
[2026-05-18T06:11:07.970+0000] {processor.py:186} INFO - Started process (PID=7570) to work on /home/noelsdavid/airflow_venv/lib/python3.12/site-packages/airflow/example_dags/example_setup_teardown.py
[2026-05-18T06:11:07.973+0000] {processor.py:914} INFO - Processing file /home/noelsdavid/airflow_venv/lib/python3.12/site-packages/airflow/example_dags/example_setup_teardown.py for tasks to queue
[2026-05-18T06:11:07.976+0000] {logging_mixin.py:190} INFO - [2026-05-18T06:11:07.975+0000] {dagbag.py:588} INFO - Filling up the DagBag from /home/noelsdavid/airflow_venv/lib/python3.12/site-packages/airflow/example_dags/example_setup_teardown.py
[2026-05-18T06:11:07.988+0000] {processor.py:925} INFO - DAG(s) 'example_setup_teardown' retrieved from /home/noelsdavid/airflow_venv/lib/python3.12/site-packages/airflow/example_dags/example_setup_teardown.py
[2026-05-18T06:11:08.012+0000] {logging_mixin.py:190} INFO - [2026-05-18T06:11:08.011+0000] {dag.py:3239} INFO - Sync 1 DAGs
[2026-05-18T06:11:08.028+0000] {logging_mixin.py:190} INFO - [2026-05-18T06:11:08.028+0000] {dag.py:4180} INFO - Setting next_dagrun for example_setup_teardown to None, run_after=None
[2026-05-18T06:11:08.059+0000] {processor.py:208} INFO - Processing /home/noelsdavid/airflow_venv/lib/python3.12/site-packages/airflow/example_dags/example_setup_teardown.py took 0.096 seconds
[2026-05-18T06:12:09.050+0000] {processor.py:186} INFO - Started process (PID=7630) to work on /home/noelsdavid/airflow_venv/lib/python3.12/site-packages/airflow/example_dags/example_setup_teardown.py
[2026-05-18T06:12:09.060+0000] {processor.py:914} INFO - Processing file /home/noelsdavid/airflow_venv/lib/python3.12/site-packages/airflow/example_dags/example_setup_teardown.py for tasks to queue
[2026-05-18T06:12:09.064+0000] {logging_mixin.py:190} INFO - [2026-05-18T06:12:09.063+0000] {dagbag.py:588} INFO - Filling up the DagBag from /home/noelsdavid/airflow_venv/lib/python3.12/site-packages/airflow/example_dags/example_setup_teardown.py
[2026-05-18T06:12:09.077+0000] {processor.py:925} INFO - DAG(s) 'example_setup_teardown' retrieved from /home/noelsdavid/airflow_venv/lib/python3.12/site-packages/airflow/example_dags/example_setup_teardown.py
[2026-05-18T06:12:09.099+0000] {logging_mixin.py:190} INFO - [2026-05-18T06:12:09.099+0000] {dag.py:3239} INFO - Sync 1 DAGs
[2026-05-18T06:12:09.116+0000] {logging_mixin.py:190} INFO - [2026-05-18T06:12:09.116+0000] {dag.py:4180} INFO - Setting next_dagrun for example_setup_teardown to None, run_after=None
[2026-05-18T06:12:09.149+0000] {processor.py:208} INFO - Processing /home/noelsdavid/airflow_venv/lib/python3.12/site-packages/airflow/example_dags/example_setup_teardown.py took 0.106 seconds
[2026-05-18T06:13:07.709+0000] {processor.py:186} INFO - Started process (PID=7688) to work on /home/noelsdavid/airflow_venv/lib/python3.12/site-packages/airflow/example_dags/example_setup_teardown.py
[2026-05-18T06:13:07.711+0000] {processor.py:914} INFO - Processing file /home/noelsdavid/airflow_venv/lib/python3.12/site-packages/airflow/example_dags/example_setup_teardown.py for tasks to queue
[2026-05-18T06:13:07.714+0000] {logging_mixin.py:190} INFO - [2026-05-18T06:13:07.714+0000] {dagbag.py:588} INFO - Filling up the DagBag from /home/noelsdavid/airflow_venv/lib/python3.12/site-packages/airflow/example_dags/example_setup_teardown.py
[2026-05-18T06:13:07.727+0000] {processor.py:925} INFO - DAG(s) 'example_setup_teardown' retrieved from /home/noelsdavid/airflow_venv/lib/python3.12/site-packages/airflow/example_dags/example_setup_teardown.py
[2026-05-18T06:13:07.750+0000] {logging_mixin.py:190} INFO - [2026-05-18T06:13:07.749+0000] {dag.py:3239} INFO - Sync 1 DAGs
[2026-05-18T06:13:07.767+0000] {logging_mixin.py:190} INFO - [2026-05-18T06:13:07.766+0000] {dag.py:4180} INFO - Setting next_dagrun for example_setup_teardown to None, run_after=None
[2026-05-18T06:13:07.796+0000] {processor.py:208} INFO - Processing /home/noelsdavid/airflow_venv/lib/python3.12/site-packages/airflow/example_dags/example_setup_teardown.py took 0.096 seconds
[2026-05-18T06:14:11.143+0000] {processor.py:186} INFO - Started process (PID=7750) to work on /home/noelsdavid/airflow_venv/lib/python3.12/site-packages/airflow/example_dags/example_setup_teardown.py
[2026-05-18T06:14:11.168+0000] {processor.py:914} INFO - Processing file /home/noelsdavid/airflow_venv/lib/python3.12/site-packages/airflow/example_dags/example_setup_teardown.py for tasks to queue
[2026-05-18T06:14:11.171+0000] {logging_mixin.py:190} INFO - [2026-05-18T06:14:11.171+0000] {dagbag.py:588} INFO - Filling up the DagBag from /home/noelsdavid/airflow_venv/lib/python3.12/site-packages/airflow/example_dags/example_setup_teardown.py
[2026-05-18T06:14:11.184+0000] {processor.py:925} INFO - DAG(s) 'example_setup_teardown' retrieved from /home/noelsdavid/airflow_venv/lib/python3.12/site-packages/airflow/example_dags/example_setup_teardown.py
[2026-05-18T06:14:11.206+0000] {logging_mixin.py:190} INFO - [2026-05-18T06:14:11.206+0000] {dag.py:3239} INFO - Sync 1 DAGs
[2026-05-18T06:14:11.224+0000] {logging_mixin.py:190} INFO - [2026-05-18T06:14:11.224+0000] {dag.py:4180} INFO - Setting next_dagrun for example_setup_teardown to None, run_after=None
[2026-05-18T06:14:11.255+0000] {processor.py:208} INFO - Processing /home/noelsdavid/airflow_venv/lib/python3.12/site-packages/airflow/example_dags/example_setup_teardown.py took 0.120 seconds
[2026-05-18T06:15:11.430+0000] {processor.py:186} INFO - Started process (PID=7837) to work on /home/noelsdavid/airflow_venv/lib/python3.12/site-packages/airflow/example_dags/example_setup_teardown.py
[2026-05-18T06:15:11.432+0000] {processor.py:914} INFO - Processing file /home/noelsdavid/airflow_venv/lib/python3.12/site-packages/airflow/example_dags/example_setup_teardown.py for tasks to queue
[2026-05-18T06:15:11.436+0000] {logging_mixin.py:190} INFO - [2026-05-18T06:15:11.435+0000] {dagbag.py:588} INFO - Filling up the DagBag from /home/noelsdavid/airflow_venv/lib/python3.12/site-packages/airflow/example_dags/example_setup_teardown.py
[2026-05-18T06:15:11.448+0000] {processor.py:925} INFO - DAG(s) 'example_setup_teardown' retrieved from /home/noelsdavid/airflow_venv/lib/python3.12/site-packages/airflow/example_dags/example_setup_teardown.py
[2026-05-18T06:15:11.471+0000] {logging_mixin.py:190} INFO - [2026-05-18T06:15:11.470+0000] {dag.py:3239} INFO - Sync 1 DAGs
[2026-05-18T06:15:11.488+0000] {logging_mixin.py:190} INFO - [2026-05-18T06:15:11.488+0000] {dag.py:4180} INFO - Setting next_dagrun for example_setup_teardown to None, run_after=None
[2026-05-18T06:15:11.520+0000] {processor.py:208} INFO - Processing /home/noelsdavid/airflow_venv/lib/python3.12/site-packages/airflow/example_dags/example_setup_teardown.py took 0.098 seconds
[2026-05-18T06:16:16.352+0000] {processor.py:186} INFO - Started process (PID=8036) to work on /home/noelsdavid/airflow_venv/lib/python3.12/site-packages/airflow/example_dags/example_setup_teardown.py
[2026-05-18T06:16:16.355+0000] {processor.py:914} INFO - Processing file /home/noelsdavid/airflow_venv/lib/python3.12/site-packages/airflow/example_dags/example_setup_teardown.py for tasks to queue
[2026-05-18T06:16:16.358+0000] {logging_mixin.py:190} INFO - [2026-05-18T06:16:16.357+0000] {dagbag.py:588} INFO - Filling up the DagBag from /home/noelsdavid/airflow_venv/lib/python3.12/site-packages/airflow/example_dags/example_setup_teardown.py
[2026-05-18T06:16:16.371+0000] {processor.py:925} INFO - DAG(s) 'example_setup_teardown' retrieved from /home/noelsdavid/airflow_venv/lib/python3.12/site-packages/airflow/example_dags/example_setup_teardown.py
[2026-05-18T06:16:16.393+0000] {logging_mixin.py:190} INFO - [2026-05-18T06:16:16.393+0000] {dag.py:3239} INFO - Sync 1 DAGs
[2026-05-18T06:16:16.410+0000] {logging_mixin.py:190} INFO - [2026-05-18T06:16:16.410+0000] {dag.py:4180} INFO - Setting next_dagrun for example_setup_teardown to None, run_after=None
[2026-05-18T06:16:16.443+0000] {processor.py:208} INFO - Processing /home/noelsdavid/airflow_venv/lib/python3.12/site-packages/airflow/example_dags/example_setup_teardown.py took 0.099 seconds
[2026-05-18T06:17:18.946+0000] {processor.py:186} INFO - Started process (PID=8247) to work on /home/noelsdavid/airflow_venv/lib/python3.12/site-packages/airflow/example_dags/example_setup_teardown.py
[2026-05-18T06:17:18.949+0000] {processor.py:914} INFO - Processing file /home/noelsdavid/airflow_venv/lib/python3.12/site-packages/airflow/example_dags/example_setup_teardown.py for tasks to queue
[2026-05-18T06:17:18.953+0000] {logging_mixin.py:190} INFO - [2026-05-18T06:17:18.952+0000] {dagbag.py:588} INFO - Filling up the DagBag from /home/noelsdavid/airflow_venv/lib/python3.12/site-packages/airflow/example_dags/example_setup_teardown.py
[2026-05-18T06:17:18.968+0000] {processor.py:925} INFO - DAG(s) 'example_setup_teardown' retrieved from /home/noelsdavid/airflow_venv/lib/python3.12/site-packages/airflow/example_dags/example_setup_teardown.py
[2026-05-18T06:17:18.991+0000] {logging_mixin.py:190} INFO - [2026-05-18T06:17:18.990+0000] {dag.py:3239} INFO - Sync 1 DAGs
[2026-05-18T06:17:19.010+0000] {logging_mixin.py:190} INFO - [2026-05-18T06:17:19.009+0000] {dag.py:4180} INFO - Setting next_dagrun for example_setup_teardown to None, run_after=None
[2026-05-18T06:17:19.045+0000] {processor.py:208} INFO - Processing /home/noelsdavid/airflow_venv/lib/python3.12/site-packages/airflow/example_dags/example_setup_teardown.py took 0.108 seconds
[2026-05-18T06:18:20.138+0000] {processor.py:186} INFO - Started process (PID=8464) to work on /home/noelsdavid/airflow_venv/lib/python3.12/site-packages/airflow/example_dags/example_setup_teardown.py
[2026-05-18T06:18:20.140+0000] {processor.py:914} INFO - Processing file /home/noelsdavid/airflow_venv/lib/python3.12/site-packages/airflow/example_dags/example_setup_teardown.py for tasks to queue
[2026-05-18T06:18:20.144+0000] {logging_mixin.py:190} INFO - [2026-05-18T06:18:20.143+0000] {dagbag.py:588} INFO - Filling up the DagBag from /home/noelsdavid/airflow_venv/lib/python3.12/site-packages/airflow/example_dags/example_setup_teardown.py
[2026-05-18T06:18:20.157+0000] {processor.py:925} INFO - DAG(s) 'example_setup_teardown' retrieved from /home/noelsdavid/airflow_venv/lib/python3.12/site-packages/airflow/example_dags/example_setup_teardown.py
[2026-05-18T06:18:20.178+0000] {logging_mixin.py:190} INFO - [2026-05-18T06:18:20.178+0000] {dag.py:3239} INFO - Sync 1 DAGs
[2026-05-18T06:18:20.194+0000] {logging_mixin.py:190} INFO - [2026-05-18T06:18:20.194+0000] {dag.py:4180} INFO - Setting next_dagrun for example_setup_teardown to None, run_after=None
[2026-05-18T06:18:20.222+0000] {processor.py:208} INFO - Processing /home/noelsdavid/airflow_venv/lib/python3.12/site-packages/airflow/example_dags/example_setup_teardown.py took 0.092 seconds
[2026-05-18T06:19:18.601+0000] {processor.py:186} INFO - Started process (PID=8523) to work on /home/noelsdavid/airflow_venv/lib/python3.12/site-packages/airflow/example_dags/example_setup_teardown.py
[2026-05-18T06:19:18.604+0000] {processor.py:914} INFO - Processing file /home/noelsdavid/airflow_venv/lib/python3.12/site-packages/airflow/example_dags/example_setup_teardown.py for tasks to queue
[2026-05-18T06:19:18.607+0000] {logging_mixin.py:190} INFO - [2026-05-18T06:19:18.606+0000] {dagbag.py:588} INFO - Filling up the DagBag from /home/noelsdavid/airflow_venv/lib/python3.12/site-packages/airflow/example_dags/example_setup_teardown.py
[2026-05-18T06:19:18.620+0000] {processor.py:925} INFO - DAG(s) 'example_setup_teardown' retrieved from /home/noelsdavid/airflow_venv/lib/python3.12/site-packages/airflow/example_dags/example_setup_teardown.py
[2026-05-18T06:19:18.642+0000] {logging_mixin.py:190} INFO - [2026-05-18T06:19:18.642+0000] {dag.py:3239} INFO - Sync 1 DAGs
[2026-05-18T06:19:18.660+0000] {logging_mixin.py:190} INFO - [2026-05-18T06:19:18.660+0000] {dag.py:4180} INFO - Setting next_dagrun for example_setup_teardown to None, run_after=None
[2026-05-18T06:19:18.691+0000] {processor.py:208} INFO - Processing /home/noelsdavid/airflow_venv/lib/python3.12/site-packages/airflow/example_dags/example_setup_teardown.py took 0.098 seconds
[2026-05-18T06:20:23.406+0000] {processor.py:186} INFO - Started process (PID=8609) to work on /home/noelsdavid/airflow_venv/lib/python3.12/site-packages/airflow/example_dags/example_setup_teardown.py
[2026-05-18T06:20:23.428+0000] {processor.py:914} INFO - Processing file /home/noelsdavid/airflow_venv/lib/python3.12/site-packages/airflow/example_dags/example_setup_teardown.py for tasks to queue
[2026-05-18T06:20:23.430+0000] {logging_mixin.py:190} INFO - [2026-05-18T06:20:23.430+0000] {dagbag.py:588} INFO - Filling up the DagBag from /home/noelsdavid/airflow_venv/lib/python3.12/site-packages/airflow/example_dags/example_setup_teardown.py
[2026-05-18T06:20:23.444+0000] {processor.py:925} INFO - DAG(s) 'example_setup_teardown' retrieved from /home/noelsdavid/airflow_venv/lib/python3.12/site-packages/airflow/example_dags/example_setup_teardown.py
[2026-05-18T06:20:23.465+0000] {logging_mixin.py:190} INFO - [2026-05-18T06:20:23.465+0000] {dag.py:3239} INFO - Sync 1 DAGs
[2026-05-18T06:20:23.484+0000] {logging_mixin.py:190} INFO - [2026-05-18T06:20:23.483+0000] {dag.py:4180} INFO - Setting next_dagrun for example_setup_teardown to None, run_after=None
[2026-05-18T06:20:23.515+0000] {processor.py:208} INFO - Processing /home/noelsdavid/airflow_venv/lib/python3.12/site-packages/airflow/example_dags/example_setup_teardown.py took 0.117 seconds
[2026-05-18T06:21:24.654+0000] {processor.py:186} INFO - Started process (PID=8669) to work on /home/noelsdavid/airflow_venv/lib/python3.12/site-packages/airflow/example_dags/example_setup_teardown.py
[2026-05-18T06:21:24.657+0000] {processor.py:914} INFO - Processing file /home/noelsdavid/airflow_venv/lib/python3.12/site-packages/airflow/example_dags/example_setup_teardown.py for tasks to queue
[2026-05-18T06:21:24.659+0000] {logging_mixin.py:190} INFO - [2026-05-18T06:21:24.658+0000] {dagbag.py:588} INFO - Filling up the DagBag from /home/noelsdavid/airflow_venv/lib/python3.12/site-packages/airflow/example_dags/example_setup_teardown.py
[2026-05-18T06:21:24.673+0000] {processor.py:925} INFO - DAG(s) 'example_setup_teardown' retrieved from /home/noelsdavid/airflow_venv/lib/python3.12/site-packages/airflow/example_dags/example_setup_teardown.py
[2026-05-18T06:21:24.696+0000] {logging_mixin.py:190} INFO - [2026-05-18T06:21:24.696+0000] {dag.py:3239} INFO - Sync 1 DAGs
[2026-05-18T06:21:24.714+0000] {logging_mixin.py:190} INFO - [2026-05-18T06:21:24.713+0000] {dag.py:4180} INFO - Setting next_dagrun for example_setup_teardown to None, run_after=None
[2026-05-18T06:21:24.750+0000] {processor.py:208} INFO - Processing /home/noelsdavid/airflow_venv/lib/python3.12/site-packages/airflow/example_dags/example_setup_teardown.py took 0.104 seconds
[2026-05-18T06:22:29.667+0000] {processor.py:186} INFO - Started process (PID=8733) to work on /home/noelsdavid/airflow_venv/lib/python3.12/site-packages/airflow/example_dags/example_setup_teardown.py
[2026-05-18T06:22:29.669+0000] {processor.py:914} INFO - Processing file /home/noelsdavid/airflow_venv/lib/python3.12/site-packages/airflow/example_dags/example_setup_teardown.py for tasks to queue
[2026-05-18T06:22:29.672+0000] {logging_mixin.py:190} INFO - [2026-05-18T06:22:29.671+0000] {dagbag.py:588} INFO - Filling up the DagBag from /home/noelsdavid/airflow_venv/lib/python3.12/site-packages/airflow/example_dags/example_setup_teardown.py
[2026-05-18T06:22:29.684+0000] {processor.py:925} INFO - DAG(s) 'example_setup_teardown' retrieved from /home/noelsdavid/airflow_venv/lib/python3.12/site-packages/airflow/example_dags/example_setup_teardown.py
[2026-05-18T06:22:29.706+0000] {logging_mixin.py:190} INFO - [2026-05-18T06:22:29.706+0000] {dag.py:3239} INFO - Sync 1 DAGs
[2026-05-18T06:22:29.722+0000] {logging_mixin.py:190} INFO - [2026-05-18T06:22:29.722+0000] {dag.py:4180} INFO - Setting next_dagrun for example_setup_teardown to None, run_after=None
[2026-05-18T06:22:29.753+0000] {processor.py:208} INFO - Processing /home/noelsdavid/airflow_venv/lib/python3.12/site-packages/airflow/example_dags/example_setup_teardown.py took 0.095 seconds
[2026-05-18T06:23:31.804+0000] {processor.py:186} INFO - Started process (PID=8794) to work on /home/noelsdavid/airflow_venv/lib/python3.12/site-packages/airflow/example_dags/example_setup_teardown.py
[2026-05-18T06:23:31.806+0000] {processor.py:914} INFO - Processing file /home/noelsdavid/airflow_venv/lib/python3.12/site-packages/airflow/example_dags/example_setup_teardown.py for tasks to queue
[2026-05-18T06:23:31.808+0000] {logging_mixin.py:190} INFO - [2026-05-18T06:23:31.807+0000] {dagbag.py:588} INFO - Filling up the DagBag from /home/noelsdavid/airflow_venv/lib/python3.12/site-packages/airflow/example_dags/example_setup_teardown.py
[2026-05-18T06:23:31.821+0000] {processor.py:925} INFO - DAG(s) 'example_setup_teardown' retrieved from /home/noelsdavid/airflow_venv/lib/python3.12/site-packages/airflow/example_dags/example_setup_teardown.py
[2026-05-18T06:23:31.843+0000] {logging_mixin.py:190} INFO - [2026-05-18T06:23:31.842+0000] {dag.py:3239} INFO - Sync 1 DAGs
[2026-05-18T06:23:31.861+0000] {logging_mixin.py:190} INFO - [2026-05-18T06:23:31.860+0000] {dag.py:4180} INFO - Setting next_dagrun for example_setup_teardown to None, run_after=None
[2026-05-18T06:23:31.895+0000] {processor.py:208} INFO - Processing /home/noelsdavid/airflow_venv/lib/python3.12/site-packages/airflow/example_dags/example_setup_teardown.py took 0.101 seconds
[2026-05-18T06:24:39.027+0000] {processor.py:186} INFO - Started process (PID=8857) to work on /home/noelsdavid/airflow_venv/lib/python3.12/site-packages/airflow/example_dags/example_setup_teardown.py
[2026-05-18T06:24:39.029+0000] {processor.py:914} INFO - Processing file /home/noelsdavid/airflow_venv/lib/python3.12/site-packages/airflow/example_dags/example_setup_teardown.py for tasks to queue
[2026-05-18T06:24:39.032+0000] {logging_mixin.py:190} INFO - [2026-05-18T06:24:39.031+0000] {dagbag.py:588} INFO - Filling up the DagBag from /home/noelsdavid/airflow_venv/lib/python3.12/site-packages/airflow/example_dags/example_setup_teardown.py
[2026-05-18T06:24:39.045+0000] {processor.py:925} INFO - DAG(s) 'example_setup_teardown' retrieved from /home/noelsdavid/airflow_venv/lib/python3.12/site-packages/airflow/example_dags/example_setup_teardown.py
[2026-05-18T06:24:39.067+0000] {logging_mixin.py:190} INFO - [2026-05-18T06:24:39.067+0000] {dag.py:3239} INFO - Sync 1 DAGs
[2026-05-18T06:24:39.083+0000] {logging_mixin.py:190} INFO - [2026-05-18T06:24:39.083+0000] {dag.py:4180} INFO - Setting next_dagrun for example_setup_teardown to None, run_after=None
[2026-05-18T06:24:39.113+0000] {processor.py:208} INFO - Processing /home/noelsdavid/airflow_venv/lib/python3.12/site-packages/airflow/example_dags/example_setup_teardown.py took 0.094 seconds
[2026-05-18T06:25:43.907+0000] {processor.py:186} INFO - Started process (PID=8942) to work on /home/noelsdavid/airflow_venv/lib/python3.12/site-packages/airflow/example_dags/example_setup_teardown.py
[2026-05-18T06:25:43.909+0000] {processor.py:914} INFO - Processing file /home/noelsdavid/airflow_venv/lib/python3.12/site-packages/airflow/example_dags/example_setup_teardown.py for tasks to queue
[2026-05-18T06:25:43.911+0000] {logging_mixin.py:190} INFO - [2026-05-18T06:25:43.910+0000] {dagbag.py:588} INFO - Filling up the DagBag from /home/noelsdavid/airflow_venv/lib/python3.12/site-packages/airflow/example_dags/example_setup_teardown.py
[2026-05-18T06:25:43.924+0000] {processor.py:925} INFO - DAG(s) 'example_setup_teardown' retrieved from /home/noelsdavid/airflow_venv/lib/python3.12/site-packages/airflow/example_dags/example_setup_teardown.py
[2026-05-18T06:25:43.946+0000] {logging_mixin.py:190} INFO - [2026-05-18T06:25:43.946+0000] {dag.py:3239} INFO - Sync 1 DAGs
[2026-05-18T06:25:43.963+0000] {logging_mixin.py:190} INFO - [2026-05-18T06:25:43.962+0000] {dag.py:4180} INFO - Setting next_dagrun for example_setup_teardown to None, run_after=None
[2026-05-18T06:25:43.994+0000] {processor.py:208} INFO - Processing /home/noelsdavid/airflow_venv/lib/python3.12/site-packages/airflow/example_dags/example_setup_teardown.py took 0.095 seconds
[2026-05-18T06:26:47.229+0000] {processor.py:186} INFO - Started process (PID=9097) to work on /home/noelsdavid/airflow_venv/lib/python3.12/site-packages/airflow/example_dags/example_setup_teardown.py
[2026-05-18T06:26:47.231+0000] {processor.py:914} INFO - Processing file /home/noelsdavid/airflow_venv/lib/python3.12/site-packages/airflow/example_dags/example_setup_teardown.py for tasks to queue
[2026-05-18T06:26:47.233+0000] {logging_mixin.py:190} INFO - [2026-05-18T06:26:47.232+0000] {dagbag.py:588} INFO - Filling up the DagBag from /home/noelsdavid/airflow_venv/lib/python3.12/site-packages/airflow/example_dags/example_setup_teardown.py
[2026-05-18T06:26:47.246+0000] {processor.py:925} INFO - DAG(s) 'example_setup_teardown' retrieved from /home/noelsdavid/airflow_venv/lib/python3.12/site-packages/airflow/example_dags/example_setup_teardown.py
[2026-05-18T06:26:47.268+0000] {logging_mixin.py:190} INFO - [2026-05-18T06:26:47.268+0000] {dag.py:3239} INFO - Sync 1 DAGs
[2026-05-18T06:26:47.286+0000] {logging_mixin.py:190} INFO - [2026-05-18T06:26:47.286+0000] {dag.py:4180} INFO - Setting next_dagrun for example_setup_teardown to None, run_after=None
[2026-05-18T06:26:47.318+0000] {processor.py:208} INFO - Processing /home/noelsdavid/airflow_venv/lib/python3.12/site-packages/airflow/example_dags/example_setup_teardown.py took 0.097 seconds
[2026-05-18T06:28:08.286+0000] {processor.py:186} INFO - Started process (PID=9700) to work on /home/noelsdavid/airflow_venv/lib/python3.12/site-packages/airflow/example_dags/example_setup_teardown.py
[2026-05-18T06:28:08.289+0000] {processor.py:914} INFO - Processing file /home/noelsdavid/airflow_venv/lib/python3.12/site-packages/airflow/example_dags/example_setup_teardown.py for tasks to queue
[2026-05-18T06:28:08.291+0000] {logging_mixin.py:190} INFO - [2026-05-18T06:28:08.290+0000] {dagbag.py:588} INFO - Filling up the DagBag from /home/noelsdavid/airflow_venv/lib/python3.12/site-packages/airflow/example_dags/example_setup_teardown.py
[2026-05-18T06:28:08.304+0000] {processor.py:925} INFO - DAG(s) 'example_setup_teardown' retrieved from /home/noelsdavid/airflow_venv/lib/python3.12/site-packages/airflow/example_dags/example_setup_teardown.py
[2026-05-18T06:28:08.327+0000] {logging_mixin.py:190} INFO - [2026-05-18T06:28:08.326+0000] {dag.py:3239} INFO - Sync 1 DAGs
[2026-05-18T06:28:08.345+0000] {logging_mixin.py:190} INFO - [2026-05-18T06:28:08.345+0000] {dag.py:4180} INFO - Setting next_dagrun for example_setup_teardown to None, run_after=None
[2026-05-18T06:28:08.377+0000] {processor.py:208} INFO - Processing /home/noelsdavid/airflow_venv/lib/python3.12/site-packages/airflow/example_dags/example_setup_teardown.py took 0.098 seconds
[2026-05-18T06:29:16.211+0000] {processor.py:186} INFO - Started process (PID=9763) to work on /home/noelsdavid/airflow_venv/lib/python3.12/site-packages/airflow/example_dags/example_setup_teardown.py
[2026-05-18T06:29:16.214+0000] {processor.py:914} INFO - Processing file /home/noelsdavid/airflow_venv/lib/python3.12/site-packages/airflow/example_dags/example_setup_teardown.py for tasks to queue
[2026-05-18T06:29:16.216+0000] {logging_mixin.py:190} INFO - [2026-05-18T06:29:16.216+0000] {dagbag.py:588} INFO - Filling up the DagBag from /home/noelsdavid/airflow_venv/lib/python3.12/site-packages/airflow/example_dags/example_setup_teardown.py
[2026-05-18T06:29:16.230+0000] {processor.py:925} INFO - DAG(s) 'example_setup_teardown' retrieved from /home/noelsdavid/airflow_venv/lib/python3.12/site-packages/airflow/example_dags/example_setup_teardown.py
[2026-05-18T06:29:16.252+0000] {logging_mixin.py:190} INFO - [2026-05-18T06:29:16.252+0000] {dag.py:3239} INFO - Sync 1 DAGs
[2026-05-18T06:29:16.272+0000] {logging_mixin.py:190} INFO - [2026-05-18T06:29:16.272+0000] {dag.py:4180} INFO - Setting next_dagrun for example_setup_teardown to None, run_after=None
[2026-05-18T06:29:16.308+0000] {processor.py:208} INFO - Processing /home/noelsdavid/airflow_venv/lib/python3.12/site-packages/airflow/example_dags/example_setup_teardown.py took 0.105 seconds
[2026-05-18T06:30:23.010+0000] {processor.py:186} INFO - Started process (PID=9852) to work on /home/noelsdavid/airflow_venv/lib/python3.12/site-packages/airflow/example_dags/example_setup_teardown.py
[2026-05-18T06:30:23.013+0000] {processor.py:914} INFO - Processing file /home/noelsdavid/airflow_venv/lib/python3.12/site-packages/airflow/example_dags/example_setup_teardown.py for tasks to queue
[2026-05-18T06:30:23.015+0000] {logging_mixin.py:190} INFO - [2026-05-18T06:30:23.015+0000] {dagbag.py:588} INFO - Filling up the DagBag from /home/noelsdavid/airflow_venv/lib/python3.12/site-packages/airflow/example_dags/example_setup_teardown.py
[2026-05-18T06:30:23.029+0000] {processor.py:925} INFO - DAG(s) 'example_setup_teardown' retrieved from /home/noelsdavid/airflow_venv/lib/python3.12/site-packages/airflow/example_dags/example_setup_teardown.py
[2026-05-18T06:30:23.051+0000] {logging_mixin.py:190} INFO - [2026-05-18T06:30:23.051+0000] {dag.py:3239} INFO - Sync 1 DAGs
[2026-05-18T06:30:23.069+0000] {logging_mixin.py:190} INFO - [2026-05-18T06:30:23.069+0000] {dag.py:4180} INFO - Setting next_dagrun for example_setup_teardown to None, run_after=None
[2026-05-18T06:30:23.100+0000] {processor.py:208} INFO - Processing /home/noelsdavid/airflow_venv/lib/python3.12/site-packages/airflow/example_dags/example_setup_teardown.py took 0.099 seconds
[2026-05-18T06:31:27.977+0000] {processor.py:186} INFO - Started process (PID=9915) to work on /home/noelsdavid/airflow_venv/lib/python3.12/site-packages/airflow/example_dags/example_setup_teardown.py
[2026-05-18T06:31:28.000+0000] {processor.py:914} INFO - Processing file /home/noelsdavid/airflow_venv/lib/python3.12/site-packages/airflow/example_dags/example_setup_teardown.py for tasks to queue
[2026-05-18T06:31:28.002+0000] {logging_mixin.py:190} INFO - [2026-05-18T06:31:28.001+0000] {dagbag.py:588} INFO - Filling up the DagBag from /home/noelsdavid/airflow_venv/lib/python3.12/site-packages/airflow/example_dags/example_setup_teardown.py
[2026-05-18T06:31:28.017+0000] {processor.py:925} INFO - DAG(s) 'example_setup_teardown' retrieved from /home/noelsdavid/airflow_venv/lib/python3.12/site-packages/airflow/example_dags/example_setup_teardown.py
[2026-05-18T06:31:28.040+0000] {logging_mixin.py:190} INFO - [2026-05-18T06:31:28.040+0000] {dag.py:3239} INFO - Sync 1 DAGs
[2026-05-18T06:31:28.059+0000] {logging_mixin.py:190} INFO - [2026-05-18T06:31:28.059+0000] {dag.py:4180} INFO - Setting next_dagrun for example_setup_teardown to None, run_after=None
[2026-05-18T06:31:28.092+0000] {processor.py:208} INFO - Processing /home/noelsdavid/airflow_venv/lib/python3.12/site-packages/airflow/example_dags/example_setup_teardown.py took 0.124 seconds
[2026-05-18T06:32:29.377+0000] {processor.py:186} INFO - Started process (PID=9974) to work on /home/noelsdavid/airflow_venv/lib/python3.12/site-packages/airflow/example_dags/example_setup_teardown.py
[2026-05-18T06:32:29.379+0000] {processor.py:914} INFO - Processing file /home/noelsdavid/airflow_venv/lib/python3.12/site-packages/airflow/example_dags/example_setup_teardown.py for tasks to queue
[2026-05-18T06:32:29.381+0000] {logging_mixin.py:190} INFO - [2026-05-18T06:32:29.380+0000] {dagbag.py:588} INFO - Filling up the DagBag from /home/noelsdavid/airflow_venv/lib/python3.12/site-packages/airflow/example_dags/example_setup_teardown.py
[2026-05-18T06:32:29.394+0000] {processor.py:925} INFO - DAG(s) 'example_setup_teardown' retrieved from /home/noelsdavid/airflow_venv/lib/python3.12/site-packages/airflow/example_dags/example_setup_teardown.py
[2026-05-18T06:32:29.415+0000] {logging_mixin.py:190} INFO - [2026-05-18T06:32:29.415+0000] {dag.py:3239} INFO - Sync 1 DAGs
[2026-05-18T06:32:29.434+0000] {logging_mixin.py:190} INFO - [2026-05-18T06:32:29.434+0000] {dag.py:4180} INFO - Setting next_dagrun for example_setup_teardown to None, run_after=None
[2026-05-18T06:32:29.462+0000] {processor.py:208} INFO - Processing /home/noelsdavid/airflow_venv/lib/python3.12/site-packages/airflow/example_dags/example_setup_teardown.py took 0.093 seconds
[2026-05-18T06:33:29.366+0000] {processor.py:186} INFO - Started process (PID=10041) to work on /home/noelsdavid/airflow_venv/lib/python3.12/site-packages/airflow/example_dags/example_setup_teardown.py
[2026-05-18T06:33:29.368+0000] {processor.py:914} INFO - Processing file /home/noelsdavid/airflow_venv/lib/python3.12/site-packages/airflow/example_dags/example_setup_teardown.py for tasks to queue
[2026-05-18T06:33:29.370+0000] {logging_mixin.py:190} INFO - [2026-05-18T06:33:29.370+0000] {dagbag.py:588} INFO - Filling up the DagBag from /home/noelsdavid/airflow_venv/lib/python3.12/site-packages/airflow/example_dags/example_setup_teardown.py
[2026-05-18T06:33:29.383+0000] {processor.py:925} INFO - DAG(s) 'example_setup_teardown' retrieved from /home/noelsdavid/airflow_venv/lib/python3.12/site-packages/airflow/example_dags/example_setup_teardown.py
[2026-05-18T06:33:29.404+0000] {logging_mixin.py:190} INFO - [2026-05-18T06:33:29.404+0000] {dag.py:3239} INFO - Sync 1 DAGs
[2026-05-18T06:33:29.422+0000] {logging_mixin.py:190} INFO - [2026-05-18T06:33:29.421+0000] {dag.py:4180} INFO - Setting next_dagrun for example_setup_teardown to None, run_after=None
[2026-05-18T06:33:29.451+0000] {processor.py:208} INFO - Processing /home/noelsdavid/airflow_venv/lib/python3.12/site-packages/airflow/example_dags/example_setup_teardown.py took 0.093 seconds
[2026-05-18T06:34:35.823+0000] {processor.py:186} INFO - Started process (PID=10199) to work on /home/noelsdavid/airflow_venv/lib/python3.12/site-packages/airflow/example_dags/example_setup_teardown.py
[2026-05-18T06:34:35.827+0000] {processor.py:914} INFO - Processing file /home/noelsdavid/airflow_venv/lib/python3.12/site-packages/airflow/example_dags/example_setup_teardown.py for tasks to queue
[2026-05-18T06:34:35.832+0000] {logging_mixin.py:190} INFO - [2026-05-18T06:34:35.831+0000] {dagbag.py:588} INFO - Filling up the DagBag from /home/noelsdavid/airflow_venv/lib/python3.12/site-packages/airflow/example_dags/example_setup_teardown.py
[2026-05-18T06:34:35.862+0000] {processor.py:925} INFO - DAG(s) 'example_setup_teardown' retrieved from /home/noelsdavid/airflow_venv/lib/python3.12/site-packages/airflow/example_dags/example_setup_teardown.py
[2026-05-18T06:34:35.902+0000] {logging_mixin.py:190} INFO - [2026-05-18T06:34:35.902+0000] {dag.py:3239} INFO - Sync 1 DAGs
[2026-05-18T06:34:35.920+0000] {logging_mixin.py:190} INFO - [2026-05-18T06:34:35.920+0000] {dag.py:4180} INFO - Setting next_dagrun for example_setup_teardown to None, run_after=None
[2026-05-18T06:34:35.954+0000] {processor.py:208} INFO - Processing /home/noelsdavid/airflow_venv/lib/python3.12/site-packages/airflow/example_dags/example_setup_teardown.py took 0.147 seconds
[2026-05-18T06:35:40.242+0000] {processor.py:186} INFO - Started process (PID=10410) to work on /home/noelsdavid/airflow_venv/lib/python3.12/site-packages/airflow/example_dags/example_setup_teardown.py
[2026-05-18T06:35:40.250+0000] {processor.py:914} INFO - Processing file /home/noelsdavid/airflow_venv/lib/python3.12/site-packages/airflow/example_dags/example_setup_teardown.py for tasks to queue
[2026-05-18T06:35:40.252+0000] {logging_mixin.py:190} INFO - [2026-05-18T06:35:40.251+0000] {dagbag.py:588} INFO - Filling up the DagBag from /home/noelsdavid/airflow_venv/lib/python3.12/site-packages/airflow/example_dags/example_setup_teardown.py
[2026-05-18T06:35:40.265+0000] {processor.py:925} INFO - DAG(s) 'example_setup_teardown' retrieved from /home/noelsdavid/airflow_venv/lib/python3.12/site-packages/airflow/example_dags/example_setup_teardown.py
[2026-05-18T06:35:40.288+0000] {logging_mixin.py:190} INFO - [2026-05-18T06:35:40.288+0000] {dag.py:3239} INFO - Sync 1 DAGs
[2026-05-18T06:35:40.307+0000] {logging_mixin.py:190} INFO - [2026-05-18T06:35:40.307+0000] {dag.py:4180} INFO - Setting next_dagrun for example_setup_teardown to None, run_after=None
[2026-05-18T06:35:40.337+0000] {processor.py:208} INFO - Processing /home/noelsdavid/airflow_venv/lib/python3.12/site-packages/airflow/example_dags/example_setup_teardown.py took 0.102 seconds
[2026-05-18T06:36:42.144+0000] {processor.py:186} INFO - Started process (PID=10567) to work on /home/noelsdavid/airflow_venv/lib/python3.12/site-packages/airflow/example_dags/example_setup_teardown.py
[2026-05-18T06:36:42.159+0000] {processor.py:914} INFO - Processing file /home/noelsdavid/airflow_venv/lib/python3.12/site-packages/airflow/example_dags/example_setup_teardown.py for tasks to queue
[2026-05-18T06:36:42.162+0000] {logging_mixin.py:190} INFO - [2026-05-18T06:36:42.161+0000] {dagbag.py:588} INFO - Filling up the DagBag from /home/noelsdavid/airflow_venv/lib/python3.12/site-packages/airflow/example_dags/example_setup_teardown.py
[2026-05-18T06:36:42.175+0000] {processor.py:925} INFO - DAG(s) 'example_setup_teardown' retrieved from /home/noelsdavid/airflow_venv/lib/python3.12/site-packages/airflow/example_dags/example_setup_teardown.py
[2026-05-18T06:36:42.200+0000] {logging_mixin.py:190} INFO - [2026-05-18T06:36:42.199+0000] {dag.py:3239} INFO - Sync 1 DAGs
[2026-05-18T06:36:42.221+0000] {logging_mixin.py:190} INFO - [2026-05-18T06:36:42.221+0000] {dag.py:4180} INFO - Setting next_dagrun for example_setup_teardown to None, run_after=None
[2026-05-18T06:36:42.251+0000] {processor.py:208} INFO - Processing /home/noelsdavid/airflow_venv/lib/python3.12/site-packages/airflow/example_dags/example_setup_teardown.py took 0.117 seconds
[2026-05-18T06:37:46.927+0000] {processor.py:186} INFO - Started process (PID=10940) to work on /home/noelsdavid/airflow_venv/lib/python3.12/site-packages/airflow/example_dags/example_setup_teardown.py
[2026-05-18T06:37:46.929+0000] {processor.py:914} INFO - Processing file /home/noelsdavid/airflow_venv/lib/python3.12/site-packages/airflow/example_dags/example_setup_teardown.py for tasks to queue
[2026-05-18T06:37:46.931+0000] {logging_mixin.py:190} INFO - [2026-05-18T06:37:46.931+0000] {dagbag.py:588} INFO - Filling up the DagBag from /home/noelsdavid/airflow_venv/lib/python3.12/site-packages/airflow/example_dags/example_setup_teardown.py
[2026-05-18T06:37:46.945+0000] {processor.py:925} INFO - DAG(s) 'example_setup_teardown' retrieved from /home/noelsdavid/airflow_venv/lib/python3.12/site-packages/airflow/example_dags/example_setup_teardown.py
[2026-05-18T06:37:46.968+0000] {logging_mixin.py:190} INFO - [2026-05-18T06:37:46.967+0000] {dag.py:3239} INFO - Sync 1 DAGs
[2026-05-18T06:37:46.986+0000] {logging_mixin.py:190} INFO - [2026-05-18T06:37:46.985+0000] {dag.py:4180} INFO - Setting next_dagrun for example_setup_teardown to None, run_after=None
[2026-05-18T06:37:47.017+0000] {processor.py:208} INFO - Processing /home/noelsdavid/airflow_venv/lib/python3.12/site-packages/airflow/example_dags/example_setup_teardown.py took 0.098 seconds
[2026-05-18T06:38:51.087+0000] {processor.py:186} INFO - Started process (PID=11139) to work on /home/noelsdavid/airflow_venv/lib/python3.12/site-packages/airflow/example_dags/example_setup_teardown.py
[2026-05-18T06:38:51.090+0000] {processor.py:914} INFO - Processing file /home/noelsdavid/airflow_venv/lib/python3.12/site-packages/airflow/example_dags/example_setup_teardown.py for tasks to queue
[2026-05-18T06:38:51.092+0000] {logging_mixin.py:190} INFO - [2026-05-18T06:38:51.091+0000] {dagbag.py:588} INFO - Filling up the DagBag from /home/noelsdavid/airflow_venv/lib/python3.12/site-packages/airflow/example_dags/example_setup_teardown.py
[2026-05-18T06:38:51.105+0000] {processor.py:925} INFO - DAG(s) 'example_setup_teardown' retrieved from /home/noelsdavid/airflow_venv/lib/python3.12/site-packages/airflow/example_dags/example_setup_teardown.py
[2026-05-18T06:38:51.129+0000] {logging_mixin.py:190} INFO - [2026-05-18T06:38:51.128+0000] {dag.py:3239} INFO - Sync 1 DAGs
[2026-05-18T06:38:51.149+0000] {logging_mixin.py:190} INFO - [2026-05-18T06:38:51.148+0000] {dag.py:4180} INFO - Setting next_dagrun for example_setup_teardown to None, run_after=None
[2026-05-18T06:38:51.184+0000] {processor.py:208} INFO - Processing /home/noelsdavid/airflow_venv/lib/python3.12/site-packages/airflow/example_dags/example_setup_teardown.py took 0.107 seconds
[2026-05-18T06:39:57.436+0000] {processor.py:186} INFO - Started process (PID=11365) to work on /home/noelsdavid/airflow_venv/lib/python3.12/site-packages/airflow/example_dags/example_setup_teardown.py
[2026-05-18T06:39:57.438+0000] {processor.py:914} INFO - Processing file /home/noelsdavid/airflow_venv/lib/python3.12/site-packages/airflow/example_dags/example_setup_teardown.py for tasks to queue
[2026-05-18T06:39:57.440+0000] {logging_mixin.py:190} INFO - [2026-05-18T06:39:57.440+0000] {dagbag.py:588} INFO - Filling up the DagBag from /home/noelsdavid/airflow_venv/lib/python3.12/site-packages/airflow/example_dags/example_setup_teardown.py
[2026-05-18T06:39:57.453+0000] {processor.py:925} INFO - DAG(s) 'example_setup_teardown' retrieved from /home/noelsdavid/airflow_venv/lib/python3.12/site-packages/airflow/example_dags/example_setup_teardown.py
[2026-05-18T06:39:57.475+0000] {logging_mixin.py:190} INFO - [2026-05-18T06:39:57.475+0000] {dag.py:3239} INFO - Sync 1 DAGs
[2026-05-18T06:39:57.492+0000] {logging_mixin.py:190} INFO - [2026-05-18T06:39:57.492+0000] {dag.py:4180} INFO - Setting next_dagrun for example_setup_teardown to None, run_after=None
[2026-05-18T06:39:57.523+0000] {processor.py:208} INFO - Processing /home/noelsdavid/airflow_venv/lib/python3.12/site-packages/airflow/example_dags/example_setup_teardown.py took 0.094 seconds
[2026-05-18T06:41:12.327+0000] {processor.py:186} INFO - Started process (PID=11728) to work on /home/noelsdavid/airflow_venv/lib/python3.12/site-packages/airflow/example_dags/example_setup_teardown.py
[2026-05-18T06:41:12.330+0000] {processor.py:914} INFO - Processing file /home/noelsdavid/airflow_venv/lib/python3.12/site-packages/airflow/example_dags/example_setup_teardown.py for tasks to queue
[2026-05-18T06:41:12.332+0000] {logging_mixin.py:190} INFO - [2026-05-18T06:41:12.331+0000] {dagbag.py:588} INFO - Filling up the DagBag from /home/noelsdavid/airflow_venv/lib/python3.12/site-packages/airflow/example_dags/example_setup_teardown.py
[2026-05-18T06:41:12.345+0000] {processor.py:925} INFO - DAG(s) 'example_setup_teardown' retrieved from /home/noelsdavid/airflow_venv/lib/python3.12/site-packages/airflow/example_dags/example_setup_teardown.py
[2026-05-18T06:41:12.367+0000] {logging_mixin.py:190} INFO - [2026-05-18T06:41:12.367+0000] {dag.py:3239} INFO - Sync 1 DAGs
[2026-05-18T06:41:12.385+0000] {logging_mixin.py:190} INFO - [2026-05-18T06:41:12.385+0000] {dag.py:4180} INFO - Setting next_dagrun for example_setup_teardown to None, run_after=None
[2026-05-18T06:41:12.421+0000] {processor.py:208} INFO - Processing /home/noelsdavid/airflow_venv/lib/python3.12/site-packages/airflow/example_dags/example_setup_teardown.py took 0.104 seconds
[2026-05-18T06:42:24.017+0000] {processor.py:186} INFO - Started process (PID=12390) to work on /home/noelsdavid/airflow_venv/lib/python3.12/site-packages/airflow/example_dags/example_setup_teardown.py
[2026-05-18T06:42:24.020+0000] {processor.py:914} INFO - Processing file /home/noelsdavid/airflow_venv/lib/python3.12/site-packages/airflow/example_dags/example_setup_teardown.py for tasks to queue
[2026-05-18T06:42:24.023+0000] {logging_mixin.py:190} INFO - [2026-05-18T06:42:24.021+0000] {dagbag.py:588} INFO - Filling up the DagBag from /home/noelsdavid/airflow_venv/lib/python3.12/site-packages/airflow/example_dags/example_setup_teardown.py
[2026-05-18T06:42:24.037+0000] {processor.py:925} INFO - DAG(s) 'example_setup_teardown' retrieved from /home/noelsdavid/airflow_venv/lib/python3.12/site-packages/airflow/example_dags/example_setup_teardown.py
[2026-05-18T06:42:24.060+0000] {logging_mixin.py:190} INFO - [2026-05-18T06:42:24.060+0000] {dag.py:3239} INFO - Sync 1 DAGs
[2026-05-18T06:42:24.081+0000] {logging_mixin.py:190} INFO - [2026-05-18T06:42:24.081+0000] {dag.py:4180} INFO - Setting next_dagrun for example_setup_teardown to None, run_after=None
[2026-05-18T06:42:24.120+0000] {processor.py:208} INFO - Processing /home/noelsdavid/airflow_venv/lib/python3.12/site-packages/airflow/example_dags/example_setup_teardown.py took 0.114 seconds
[2026-05-18T06:43:56.480+0000] {processor.py:186} INFO - Started process (PID=13007) to work on /home/noelsdavid/airflow_venv/lib/python3.12/site-packages/airflow/example_dags/example_setup_teardown.py
[2026-05-18T06:43:56.542+0000] {processor.py:914} INFO - Processing file /home/noelsdavid/airflow_venv/lib/python3.12/site-packages/airflow/example_dags/example_setup_teardown.py for tasks to queue
[2026-05-18T06:43:56.545+0000] {logging_mixin.py:190} INFO - [2026-05-18T06:43:56.544+0000] {dagbag.py:588} INFO - Filling up the DagBag from /home/noelsdavid/airflow_venv/lib/python3.12/site-packages/airflow/example_dags/example_setup_teardown.py
[2026-05-18T06:43:56.560+0000] {processor.py:925} INFO - DAG(s) 'example_setup_teardown' retrieved from /home/noelsdavid/airflow_venv/lib/python3.12/site-packages/airflow/example_dags/example_setup_teardown.py
[2026-05-18T06:43:56.584+0000] {logging_mixin.py:190} INFO - [2026-05-18T06:43:56.583+0000] {dag.py:3239} INFO - Sync 1 DAGs
[2026-05-18T06:43:56.601+0000] {logging_mixin.py:190} INFO - [2026-05-18T06:43:56.601+0000] {dag.py:4180} INFO - Setting next_dagrun for example_setup_teardown to None, run_after=None
[2026-05-18T06:43:56.634+0000] {processor.py:208} INFO - Processing /home/noelsdavid/airflow_venv/lib/python3.12/site-packages/airflow/example_dags/example_setup_teardown.py took 0.163 seconds
[2026-05-18T06:45:14.082+0000] {processor.py:186} INFO - Started process (PID=13115) to work on /home/noelsdavid/airflow_venv/lib/python3.12/site-packages/airflow/example_dags/example_setup_teardown.py
[2026-05-18T06:45:14.144+0000] {processor.py:914} INFO - Processing file /home/noelsdavid/airflow_venv/lib/python3.12/site-packages/airflow/example_dags/example_setup_teardown.py for tasks to queue
[2026-05-18T06:45:14.147+0000] {logging_mixin.py:190} INFO - [2026-05-18T06:45:14.146+0000] {dagbag.py:588} INFO - Filling up the DagBag from /home/noelsdavid/airflow_venv/lib/python3.12/site-packages/airflow/example_dags/example_setup_teardown.py
[2026-05-18T06:45:14.159+0000] {processor.py:925} INFO - DAG(s) 'example_setup_teardown' retrieved from /home/noelsdavid/airflow_venv/lib/python3.12/site-packages/airflow/example_dags/example_setup_teardown.py
[2026-05-18T06:45:14.182+0000] {logging_mixin.py:190} INFO - [2026-05-18T06:45:14.181+0000] {dag.py:3239} INFO - Sync 1 DAGs
[2026-05-18T06:45:14.201+0000] {logging_mixin.py:190} INFO - [2026-05-18T06:45:14.200+0000] {dag.py:4180} INFO - Setting next_dagrun for example_setup_teardown to None, run_after=None
[2026-05-18T06:45:14.232+0000] {processor.py:208} INFO - Processing /home/noelsdavid/airflow_venv/lib/python3.12/site-packages/airflow/example_dags/example_setup_teardown.py took 0.160 seconds
[2026-05-18T06:46:25.625+0000] {processor.py:186} INFO - Started process (PID=13193) to work on /home/noelsdavid/airflow_venv/lib/python3.12/site-packages/airflow/example_dags/example_setup_teardown.py
[2026-05-18T06:46:25.628+0000] {processor.py:914} INFO - Processing file /home/noelsdavid/airflow_venv/lib/python3.12/site-packages/airflow/example_dags/example_setup_teardown.py for tasks to queue
[2026-05-18T06:46:25.631+0000] {logging_mixin.py:190} INFO - [2026-05-18T06:46:25.630+0000] {dagbag.py:588} INFO - Filling up the DagBag from /home/noelsdavid/airflow_venv/lib/python3.12/site-packages/airflow/example_dags/example_setup_teardown.py
[2026-05-18T06:46:25.648+0000] {processor.py:925} INFO - DAG(s) 'example_setup_teardown' retrieved from /home/noelsdavid/airflow_venv/lib/python3.12/site-packages/airflow/example_dags/example_setup_teardown.py
[2026-05-18T06:46:25.684+0000] {logging_mixin.py:190} INFO - [2026-05-18T06:46:25.684+0000] {dag.py:3239} INFO - Sync 1 DAGs
[2026-05-18T06:46:25.709+0000] {logging_mixin.py:190} INFO - [2026-05-18T06:46:25.708+0000] {dag.py:4180} INFO - Setting next_dagrun for example_setup_teardown to None, run_after=None
[2026-05-18T06:46:25.751+0000] {processor.py:208} INFO - Processing /home/noelsdavid/airflow_venv/lib/python3.12/site-packages/airflow/example_dags/example_setup_teardown.py took 0.135 seconds
[2026-05-18T06:47:33.953+0000] {processor.py:186} INFO - Started process (PID=13269) to work on /home/noelsdavid/airflow_venv/lib/python3.12/site-packages/airflow/example_dags/example_setup_teardown.py
[2026-05-18T06:47:33.955+0000] {processor.py:914} INFO - Processing file /home/noelsdavid/airflow_venv/lib/python3.12/site-packages/airflow/example_dags/example_setup_teardown.py for tasks to queue
[2026-05-18T06:47:33.958+0000] {logging_mixin.py:190} INFO - [2026-05-18T06:47:33.957+0000] {dagbag.py:588} INFO - Filling up the DagBag from /home/noelsdavid/airflow_venv/lib/python3.12/site-packages/airflow/example_dags/example_setup_teardown.py
[2026-05-18T06:47:33.971+0000] {processor.py:925} INFO - DAG(s) 'example_setup_teardown' retrieved from /home/noelsdavid/airflow_venv/lib/python3.12/site-packages/airflow/example_dags/example_setup_teardown.py
[2026-05-18T06:47:33.993+0000] {logging_mixin.py:190} INFO - [2026-05-18T06:47:33.993+0000] {dag.py:3239} INFO - Sync 1 DAGs
[2026-05-18T06:47:34.012+0000] {logging_mixin.py:190} INFO - [2026-05-18T06:47:34.012+0000] {dag.py:4180} INFO - Setting next_dagrun for example_setup_teardown to None, run_after=None
[2026-05-18T06:47:34.044+0000] {processor.py:208} INFO - Processing /home/noelsdavid/airflow_venv/lib/python3.12/site-packages/airflow/example_dags/example_setup_teardown.py took 0.100 seconds
[2026-05-18T06:48:38.226+0000] {processor.py:186} INFO - Started process (PID=13341) to work on /home/noelsdavid/airflow_venv/lib/python3.12/site-packages/airflow/example_dags/example_setup_teardown.py
[2026-05-18T06:48:38.228+0000] {processor.py:914} INFO - Processing file /home/noelsdavid/airflow_venv/lib/python3.12/site-packages/airflow/example_dags/example_setup_teardown.py for tasks to queue
[2026-05-18T06:48:38.231+0000] {logging_mixin.py:190} INFO - [2026-05-18T06:48:38.230+0000] {dagbag.py:588} INFO - Filling up the DagBag from /home/noelsdavid/airflow_venv/lib/python3.12/site-packages/airflow/example_dags/example_setup_teardown.py
[2026-05-18T06:48:38.246+0000] {processor.py:925} INFO - DAG(s) 'example_setup_teardown' retrieved from /home/noelsdavid/airflow_venv/lib/python3.12/site-packages/airflow/example_dags/example_setup_teardown.py
[2026-05-18T06:48:38.267+0000] {logging_mixin.py:190} INFO - [2026-05-18T06:48:38.267+0000] {dag.py:3239} INFO - Sync 1 DAGs
[2026-05-18T06:48:38.284+0000] {logging_mixin.py:190} INFO - [2026-05-18T06:48:38.284+0000] {dag.py:4180} INFO - Setting next_dagrun for example_setup_teardown to None, run_after=None
[2026-05-18T06:48:38.320+0000] {processor.py:208} INFO - Processing /home/noelsdavid/airflow_venv/lib/python3.12/site-packages/airflow/example_dags/example_setup_teardown.py took 0.103 seconds
[2026-05-18T06:49:42.445+0000] {processor.py:186} INFO - Started process (PID=13413) to work on /home/noelsdavid/airflow_venv/lib/python3.12/site-packages/airflow/example_dags/example_setup_teardown.py
[2026-05-18T06:49:42.457+0000] {processor.py:914} INFO - Processing file /home/noelsdavid/airflow_venv/lib/python3.12/site-packages/airflow/example_dags/example_setup_teardown.py for tasks to queue
[2026-05-18T06:49:42.460+0000] {logging_mixin.py:190} INFO - [2026-05-18T06:49:42.459+0000] {dagbag.py:588} INFO - Filling up the DagBag from /home/noelsdavid/airflow_venv/lib/python3.12/site-packages/airflow/example_dags/example_setup_teardown.py
[2026-05-18T06:49:42.473+0000] {processor.py:925} INFO - DAG(s) 'example_setup_teardown' retrieved from /home/noelsdavid/airflow_venv/lib/python3.12/site-packages/airflow/example_dags/example_setup_teardown.py
[2026-05-18T06:49:42.497+0000] {logging_mixin.py:190} INFO - [2026-05-18T06:49:42.496+0000] {dag.py:3239} INFO - Sync 1 DAGs
[2026-05-18T06:49:42.515+0000] {logging_mixin.py:190} INFO - [2026-05-18T06:49:42.515+0000] {dag.py:4180} INFO - Setting next_dagrun for example_setup_teardown to None, run_after=None
[2026-05-18T06:49:42.550+0000] {processor.py:208} INFO - Processing /home/noelsdavid/airflow_venv/lib/python3.12/site-packages/airflow/example_dags/example_setup_teardown.py took 0.114 seconds
[2026-05-18T06:50:50.812+0000] {processor.py:186} INFO - Started process (PID=14018) to work on /home/noelsdavid/airflow_venv/lib/python3.12/site-packages/airflow/example_dags/example_setup_teardown.py
[2026-05-18T06:50:50.815+0000] {processor.py:914} INFO - Processing file /home/noelsdavid/airflow_venv/lib/python3.12/site-packages/airflow/example_dags/example_setup_teardown.py for tasks to queue
[2026-05-18T06:50:50.818+0000] {logging_mixin.py:190} INFO - [2026-05-18T06:50:50.816+0000] {dagbag.py:588} INFO - Filling up the DagBag from /home/noelsdavid/airflow_venv/lib/python3.12/site-packages/airflow/example_dags/example_setup_teardown.py
[2026-05-18T06:50:50.830+0000] {processor.py:925} INFO - DAG(s) 'example_setup_teardown' retrieved from /home/noelsdavid/airflow_venv/lib/python3.12/site-packages/airflow/example_dags/example_setup_teardown.py
[2026-05-18T06:50:50.853+0000] {logging_mixin.py:190} INFO - [2026-05-18T06:50:50.853+0000] {dag.py:3239} INFO - Sync 1 DAGs
[2026-05-18T06:50:50.870+0000] {logging_mixin.py:190} INFO - [2026-05-18T06:50:50.870+0000] {dag.py:4180} INFO - Setting next_dagrun for example_setup_teardown to None, run_after=None
[2026-05-18T06:50:50.902+0000] {processor.py:208} INFO - Processing /home/noelsdavid/airflow_venv/lib/python3.12/site-packages/airflow/example_dags/example_setup_teardown.py took 0.099 seconds
