[2026-05-18T06:00:54.113+0000] {processor.py:186} INFO - Started process (PID=6929) to work on /home/noelsdavid/airflow_venv/lib/python3.12/site-packages/airflow/example_dags/example_external_task_marker_dag.py
[2026-05-18T06:00:54.114+0000] {processor.py:914} INFO - Processing file /home/noelsdavid/airflow_venv/lib/python3.12/site-packages/airflow/example_dags/example_external_task_marker_dag.py for tasks to queue
[2026-05-18T06:00:54.117+0000] {logging_mixin.py:190} INFO - [2026-05-18T06:00:54.116+0000] {dagbag.py:588} INFO - Filling up the DagBag from /home/noelsdavid/airflow_venv/lib/python3.12/site-packages/airflow/example_dags/example_external_task_marker_dag.py
[2026-05-18T06:00:54.130+0000] {processor.py:925} INFO - DAG(s) 'example_external_task_marker_child', 'example_external_task_marker_parent' retrieved from /home/noelsdavid/airflow_venv/lib/python3.12/site-packages/airflow/example_dags/example_external_task_marker_dag.py
[2026-05-18T06:00:54.271+0000] {logging_mixin.py:190} INFO - [2026-05-18T06:00:54.270+0000] {override.py:1911} INFO - Created Permission View: can edit on DAG:example_external_task_marker_child
[2026-05-18T06:00:54.289+0000] {logging_mixin.py:190} INFO - [2026-05-18T06:00:54.289+0000] {override.py:1911} INFO - Created Permission View: can delete on DAG:example_external_task_marker_child
[2026-05-18T06:00:54.303+0000] {logging_mixin.py:190} INFO - [2026-05-18T06:00:54.303+0000] {override.py:1911} INFO - Created Permission View: can read on DAG:example_external_task_marker_child
[2026-05-18T06:00:54.327+0000] {logging_mixin.py:190} INFO - [2026-05-18T06:00:54.327+0000] {override.py:1911} INFO - Created Permission View: can delete on DAG Run:example_external_task_marker_child
[2026-05-18T06:00:54.343+0000] {logging_mixin.py:190} INFO - [2026-05-18T06:00:54.342+0000] {override.py:1911} INFO - Created Permission View: menu access on DAG Run:example_external_task_marker_child
[2026-05-18T06:00:54.358+0000] {logging_mixin.py:190} INFO - [2026-05-18T06:00:54.358+0000] {override.py:1911} INFO - Created Permission View: can create on DAG Run:example_external_task_marker_child
[2026-05-18T06:00:54.374+0000] {logging_mixin.py:190} INFO - [2026-05-18T06:00:54.373+0000] {override.py:1911} INFO - Created Permission View: can read on DAG Run:example_external_task_marker_child
[2026-05-18T06:00:54.405+0000] {logging_mixin.py:190} INFO - [2026-05-18T06:00:54.405+0000] {override.py:1911} INFO - Created Permission View: can edit on DAG:example_external_task_marker_parent
[2026-05-18T06:00:54.421+0000] {logging_mixin.py:190} INFO - [2026-05-18T06:00:54.421+0000] {override.py:1911} INFO - Created Permission View: can delete on DAG:example_external_task_marker_parent
[2026-05-18T06:00:54.435+0000] {logging_mixin.py:190} INFO - [2026-05-18T06:00:54.434+0000] {override.py:1911} INFO - Created Permission View: can read on DAG:example_external_task_marker_parent
[2026-05-18T06:00:54.457+0000] {logging_mixin.py:190} INFO - [2026-05-18T06:00:54.457+0000] {override.py:1911} INFO - Created Permission View: can delete on DAG Run:example_external_task_marker_parent
[2026-05-18T06:00:54.472+0000] {logging_mixin.py:190} INFO - [2026-05-18T06:00:54.471+0000] {override.py:1911} INFO - Created Permission View: menu access on DAG Run:example_external_task_marker_parent
[2026-05-18T06:00:54.487+0000] {logging_mixin.py:190} INFO - [2026-05-18T06:00:54.486+0000] {override.py:1911} INFO - Created Permission View: can create on DAG Run:example_external_task_marker_parent
[2026-05-18T06:00:54.501+0000] {logging_mixin.py:190} INFO - [2026-05-18T06:00:54.501+0000] {override.py:1911} INFO - Created Permission View: can read on DAG Run:example_external_task_marker_parent
[2026-05-18T06:00:54.502+0000] {logging_mixin.py:190} INFO - [2026-05-18T06:00:54.502+0000] {dag.py:3239} INFO - Sync 2 DAGs
[2026-05-18T06:00:54.517+0000] {logging_mixin.py:190} INFO - [2026-05-18T06:00:54.517+0000] {dag.py:3262} INFO - Creating ORM DAG for example_external_task_marker_parent
[2026-05-18T06:00:54.518+0000] {logging_mixin.py:190} INFO - [2026-05-18T06:00:54.518+0000] {dag.py:3262} INFO - Creating ORM DAG for example_external_task_marker_child
[2026-05-18T06:00:54.519+0000] {logging_mixin.py:190} INFO - [2026-05-18T06:00:54.519+0000] {dag.py:4180} INFO - Setting next_dagrun for example_external_task_marker_child to None, run_after=None
[2026-05-18T06:00:54.519+0000] {logging_mixin.py:190} INFO - [2026-05-18T06:00:54.519+0000] {dag.py:4180} INFO - Setting next_dagrun for example_external_task_marker_parent to None, run_after=None
[2026-05-18T06:00:54.549+0000] {processor.py:208} INFO - Processing /home/noelsdavid/airflow_venv/lib/python3.12/site-packages/airflow/example_dags/example_external_task_marker_dag.py took 0.446 seconds
[2026-05-18T06:02:06.553+0000] {processor.py:186} INFO - Started process (PID=6995) to work on /home/noelsdavid/airflow_venv/lib/python3.12/site-packages/airflow/example_dags/example_external_task_marker_dag.py
[2026-05-18T06:02:06.556+0000] {processor.py:914} INFO - Processing file /home/noelsdavid/airflow_venv/lib/python3.12/site-packages/airflow/example_dags/example_external_task_marker_dag.py for tasks to queue
[2026-05-18T06:02:06.559+0000] {logging_mixin.py:190} INFO - [2026-05-18T06:02:06.558+0000] {dagbag.py:588} INFO - Filling up the DagBag from /home/noelsdavid/airflow_venv/lib/python3.12/site-packages/airflow/example_dags/example_external_task_marker_dag.py
[2026-05-18T06:02:06.570+0000] {processor.py:925} INFO - DAG(s) 'example_external_task_marker_child', 'example_external_task_marker_parent' retrieved from /home/noelsdavid/airflow_venv/lib/python3.12/site-packages/airflow/example_dags/example_external_task_marker_dag.py
[2026-05-18T06:02:06.594+0000] {logging_mixin.py:190} INFO - [2026-05-18T06:02:06.594+0000] {dag.py:3239} INFO - Sync 2 DAGs
[2026-05-18T06:02:06.611+0000] {logging_mixin.py:190} INFO - [2026-05-18T06:02:06.611+0000] {dag.py:4180} INFO - Setting next_dagrun for example_external_task_marker_child to None, run_after=None
[2026-05-18T06:02:06.615+0000] {logging_mixin.py:190} INFO - [2026-05-18T06:02:06.615+0000] {dag.py:4180} INFO - Setting next_dagrun for example_external_task_marker_parent to None, run_after=None
[2026-05-18T06:02:06.643+0000] {processor.py:208} INFO - Processing /home/noelsdavid/airflow_venv/lib/python3.12/site-packages/airflow/example_dags/example_external_task_marker_dag.py took 0.097 seconds
[2026-05-18T06:03:04.632+0000] {processor.py:186} INFO - Started process (PID=7054) to work on /home/noelsdavid/airflow_venv/lib/python3.12/site-packages/airflow/example_dags/example_external_task_marker_dag.py
[2026-05-18T06:03:04.634+0000] {processor.py:914} INFO - Processing file /home/noelsdavid/airflow_venv/lib/python3.12/site-packages/airflow/example_dags/example_external_task_marker_dag.py for tasks to queue
[2026-05-18T06:03:04.637+0000] {logging_mixin.py:190} INFO - [2026-05-18T06:03:04.637+0000] {dagbag.py:588} INFO - Filling up the DagBag from /home/noelsdavid/airflow_venv/lib/python3.12/site-packages/airflow/example_dags/example_external_task_marker_dag.py
[2026-05-18T06:03:04.649+0000] {processor.py:925} INFO - DAG(s) 'example_external_task_marker_child', 'example_external_task_marker_parent' retrieved from /home/noelsdavid/airflow_venv/lib/python3.12/site-packages/airflow/example_dags/example_external_task_marker_dag.py
[2026-05-18T06:03:04.672+0000] {logging_mixin.py:190} INFO - [2026-05-18T06:03:04.671+0000] {dag.py:3239} INFO - Sync 2 DAGs
[2026-05-18T06:03:04.686+0000] {logging_mixin.py:190} INFO - [2026-05-18T06:03:04.686+0000] {dag.py:4180} INFO - Setting next_dagrun for example_external_task_marker_child to None, run_after=None
[2026-05-18T06:03:04.690+0000] {logging_mixin.py:190} INFO - [2026-05-18T06:03:04.690+0000] {dag.py:4180} INFO - Setting next_dagrun for example_external_task_marker_parent to None, run_after=None
[2026-05-18T06:03:04.716+0000] {processor.py:208} INFO - Processing /home/noelsdavid/airflow_venv/lib/python3.12/site-packages/airflow/example_dags/example_external_task_marker_dag.py took 0.091 seconds
[2026-05-18T06:04:05.492+0000] {processor.py:186} INFO - Started process (PID=7114) to work on /home/noelsdavid/airflow_venv/lib/python3.12/site-packages/airflow/example_dags/example_external_task_marker_dag.py
[2026-05-18T06:04:05.494+0000] {processor.py:914} INFO - Processing file /home/noelsdavid/airflow_venv/lib/python3.12/site-packages/airflow/example_dags/example_external_task_marker_dag.py for tasks to queue
[2026-05-18T06:04:05.497+0000] {logging_mixin.py:190} INFO - [2026-05-18T06:04:05.496+0000] {dagbag.py:588} INFO - Filling up the DagBag from /home/noelsdavid/airflow_venv/lib/python3.12/site-packages/airflow/example_dags/example_external_task_marker_dag.py
[2026-05-18T06:04:05.509+0000] {processor.py:925} INFO - DAG(s) 'example_external_task_marker_child', 'example_external_task_marker_parent' retrieved from /home/noelsdavid/airflow_venv/lib/python3.12/site-packages/airflow/example_dags/example_external_task_marker_dag.py
[2026-05-18T06:04:05.533+0000] {logging_mixin.py:190} INFO - [2026-05-18T06:04:05.532+0000] {dag.py:3239} INFO - Sync 2 DAGs
[2026-05-18T06:04:05.550+0000] {logging_mixin.py:190} INFO - [2026-05-18T06:04:05.550+0000] {dag.py:4180} INFO - Setting next_dagrun for example_external_task_marker_child to None, run_after=None
[2026-05-18T06:04:05.555+0000] {logging_mixin.py:190} INFO - [2026-05-18T06:04:05.555+0000] {dag.py:4180} INFO - Setting next_dagrun for example_external_task_marker_parent to None, run_after=None
[2026-05-18T06:04:05.587+0000] {processor.py:208} INFO - Processing /home/noelsdavid/airflow_venv/lib/python3.12/site-packages/airflow/example_dags/example_external_task_marker_dag.py took 0.103 seconds
[2026-05-18T06:05:08.496+0000] {processor.py:186} INFO - Started process (PID=7175) to work on /home/noelsdavid/airflow_venv/lib/python3.12/site-packages/airflow/example_dags/example_external_task_marker_dag.py
[2026-05-18T06:05:08.508+0000] {processor.py:914} INFO - Processing file /home/noelsdavid/airflow_venv/lib/python3.12/site-packages/airflow/example_dags/example_external_task_marker_dag.py for tasks to queue
[2026-05-18T06:05:08.512+0000] {logging_mixin.py:190} INFO - [2026-05-18T06:05:08.511+0000] {dagbag.py:588} INFO - Filling up the DagBag from /home/noelsdavid/airflow_venv/lib/python3.12/site-packages/airflow/example_dags/example_external_task_marker_dag.py
[2026-05-18T06:05:08.524+0000] {processor.py:925} INFO - DAG(s) 'example_external_task_marker_parent', 'example_external_task_marker_child' retrieved from /home/noelsdavid/airflow_venv/lib/python3.12/site-packages/airflow/example_dags/example_external_task_marker_dag.py
[2026-05-18T06:05:08.549+0000] {logging_mixin.py:190} INFO - [2026-05-18T06:05:08.548+0000] {dag.py:3239} INFO - Sync 2 DAGs
[2026-05-18T06:05:08.565+0000] {logging_mixin.py:190} INFO - [2026-05-18T06:05:08.565+0000] {dag.py:4180} INFO - Setting next_dagrun for example_external_task_marker_child to None, run_after=None
[2026-05-18T06:05:08.570+0000] {logging_mixin.py:190} INFO - [2026-05-18T06:05:08.570+0000] {dag.py:4180} INFO - Setting next_dagrun for example_external_task_marker_parent to None, run_after=None
[2026-05-18T06:05:08.601+0000] {processor.py:208} INFO - Processing /home/noelsdavid/airflow_venv/lib/python3.12/site-packages/airflow/example_dags/example_external_task_marker_dag.py took 0.112 seconds
[2026-05-18T06:06:20.887+0000] {processor.py:186} INFO - Started process (PID=7267) to work on /home/noelsdavid/airflow_venv/lib/python3.12/site-packages/airflow/example_dags/example_external_task_marker_dag.py
[2026-05-18T06:06:20.907+0000] {processor.py:914} INFO - Processing file /home/noelsdavid/airflow_venv/lib/python3.12/site-packages/airflow/example_dags/example_external_task_marker_dag.py for tasks to queue
[2026-05-18T06:06:20.910+0000] {logging_mixin.py:190} INFO - [2026-05-18T06:06:20.910+0000] {dagbag.py:588} INFO - Filling up the DagBag from /home/noelsdavid/airflow_venv/lib/python3.12/site-packages/airflow/example_dags/example_external_task_marker_dag.py
[2026-05-18T06:06:20.923+0000] {processor.py:925} INFO - DAG(s) 'example_external_task_marker_child', 'example_external_task_marker_parent' retrieved from /home/noelsdavid/airflow_venv/lib/python3.12/site-packages/airflow/example_dags/example_external_task_marker_dag.py
[2026-05-18T06:06:20.949+0000] {logging_mixin.py:190} INFO - [2026-05-18T06:06:20.949+0000] {dag.py:3239} INFO - Sync 2 DAGs
[2026-05-18T06:06:20.966+0000] {logging_mixin.py:190} INFO - [2026-05-18T06:06:20.966+0000] {dag.py:4180} INFO - Setting next_dagrun for example_external_task_marker_child to None, run_after=None
[2026-05-18T06:06:20.971+0000] {logging_mixin.py:190} INFO - [2026-05-18T06:06:20.970+0000] {dag.py:4180} INFO - Setting next_dagrun for example_external_task_marker_parent to None, run_after=None
[2026-05-18T06:06:21.002+0000] {processor.py:208} INFO - Processing /home/noelsdavid/airflow_venv/lib/python3.12/site-packages/airflow/example_dags/example_external_task_marker_dag.py took 0.123 seconds
[2026-05-18T06:07:17.617+0000] {processor.py:186} INFO - Started process (PID=7324) to work on /home/noelsdavid/airflow_venv/lib/python3.12/site-packages/airflow/example_dags/example_external_task_marker_dag.py
[2026-05-18T06:07:17.636+0000] {processor.py:914} INFO - Processing file /home/noelsdavid/airflow_venv/lib/python3.12/site-packages/airflow/example_dags/example_external_task_marker_dag.py for tasks to queue
[2026-05-18T06:07:17.642+0000] {logging_mixin.py:190} INFO - [2026-05-18T06:07:17.641+0000] {dagbag.py:588} INFO - Filling up the DagBag from /home/noelsdavid/airflow_venv/lib/python3.12/site-packages/airflow/example_dags/example_external_task_marker_dag.py
[2026-05-18T06:07:17.658+0000] {processor.py:925} INFO - DAG(s) 'example_external_task_marker_child', 'example_external_task_marker_parent' retrieved from /home/noelsdavid/airflow_venv/lib/python3.12/site-packages/airflow/example_dags/example_external_task_marker_dag.py
[2026-05-18T06:07:17.687+0000] {logging_mixin.py:190} INFO - [2026-05-18T06:07:17.687+0000] {dag.py:3239} INFO - Sync 2 DAGs
[2026-05-18T06:07:17.708+0000] {logging_mixin.py:190} INFO - [2026-05-18T06:07:17.708+0000] {dag.py:4180} INFO - Setting next_dagrun for example_external_task_marker_child to None, run_after=None
[2026-05-18T06:07:17.714+0000] {logging_mixin.py:190} INFO - [2026-05-18T06:07:17.714+0000] {dag.py:4180} INFO - Setting next_dagrun for example_external_task_marker_parent to None, run_after=None
[2026-05-18T06:07:17.748+0000] {processor.py:208} INFO - Processing /home/noelsdavid/airflow_venv/lib/python3.12/site-packages/airflow/example_dags/example_external_task_marker_dag.py took 0.142 seconds
[2026-05-18T06:08:19.759+0000] {processor.py:186} INFO - Started process (PID=7383) to work on /home/noelsdavid/airflow_venv/lib/python3.12/site-packages/airflow/example_dags/example_external_task_marker_dag.py
[2026-05-18T06:08:19.762+0000] {processor.py:914} INFO - Processing file /home/noelsdavid/airflow_venv/lib/python3.12/site-packages/airflow/example_dags/example_external_task_marker_dag.py for tasks to queue
[2026-05-18T06:08:19.765+0000] {logging_mixin.py:190} INFO - [2026-05-18T06:08:19.764+0000] {dagbag.py:588} INFO - Filling up the DagBag from /home/noelsdavid/airflow_venv/lib/python3.12/site-packages/airflow/example_dags/example_external_task_marker_dag.py
[2026-05-18T06:08:19.777+0000] {processor.py:925} INFO - DAG(s) 'example_external_task_marker_parent', 'example_external_task_marker_child' retrieved from /home/noelsdavid/airflow_venv/lib/python3.12/site-packages/airflow/example_dags/example_external_task_marker_dag.py
[2026-05-18T06:08:19.804+0000] {logging_mixin.py:190} INFO - [2026-05-18T06:08:19.803+0000] {dag.py:3239} INFO - Sync 2 DAGs
[2026-05-18T06:08:19.821+0000] {logging_mixin.py:190} INFO - [2026-05-18T06:08:19.821+0000] {dag.py:4180} INFO - Setting next_dagrun for example_external_task_marker_child to None, run_after=None
[2026-05-18T06:08:19.826+0000] {logging_mixin.py:190} INFO - [2026-05-18T06:08:19.826+0000] {dag.py:4180} INFO - Setting next_dagrun for example_external_task_marker_parent to None, run_after=None
[2026-05-18T06:08:19.854+0000] {processor.py:208} INFO - Processing /home/noelsdavid/airflow_venv/lib/python3.12/site-packages/airflow/example_dags/example_external_task_marker_dag.py took 0.102 seconds
[2026-05-18T06:09:24.423+0000] {processor.py:186} INFO - Started process (PID=7445) to work on /home/noelsdavid/airflow_venv/lib/python3.12/site-packages/airflow/example_dags/example_external_task_marker_dag.py
[2026-05-18T06:09:24.425+0000] {processor.py:914} INFO - Processing file /home/noelsdavid/airflow_venv/lib/python3.12/site-packages/airflow/example_dags/example_external_task_marker_dag.py for tasks to queue
[2026-05-18T06:09:24.429+0000] {logging_mixin.py:190} INFO - [2026-05-18T06:09:24.428+0000] {dagbag.py:588} INFO - Filling up the DagBag from /home/noelsdavid/airflow_venv/lib/python3.12/site-packages/airflow/example_dags/example_external_task_marker_dag.py
[2026-05-18T06:09:24.442+0000] {processor.py:925} INFO - DAG(s) 'example_external_task_marker_parent', 'example_external_task_marker_child' retrieved from /home/noelsdavid/airflow_venv/lib/python3.12/site-packages/airflow/example_dags/example_external_task_marker_dag.py
[2026-05-18T06:09:24.467+0000] {logging_mixin.py:190} INFO - [2026-05-18T06:09:24.466+0000] {dag.py:3239} INFO - Sync 2 DAGs
[2026-05-18T06:09:24.483+0000] {logging_mixin.py:190} INFO - [2026-05-18T06:09:24.483+0000] {dag.py:4180} INFO - Setting next_dagrun for example_external_task_marker_child to None, run_after=None
[2026-05-18T06:09:24.488+0000] {logging_mixin.py:190} INFO - [2026-05-18T06:09:24.487+0000] {dag.py:4180} INFO - Setting next_dagrun for example_external_task_marker_parent to None, run_after=None
[2026-05-18T06:09:24.517+0000] {processor.py:208} INFO - Processing /home/noelsdavid/airflow_venv/lib/python3.12/site-packages/airflow/example_dags/example_external_task_marker_dag.py took 0.102 seconds
[2026-05-18T06:10:26.151+0000] {processor.py:186} INFO - Started process (PID=7530) to work on /home/noelsdavid/airflow_venv/lib/python3.12/site-packages/airflow/example_dags/example_external_task_marker_dag.py
[2026-05-18T06:10:26.166+0000] {processor.py:914} INFO - Processing file /home/noelsdavid/airflow_venv/lib/python3.12/site-packages/airflow/example_dags/example_external_task_marker_dag.py for tasks to queue
[2026-05-18T06:10:26.170+0000] {logging_mixin.py:190} INFO - [2026-05-18T06:10:26.169+0000] {dagbag.py:588} INFO - Filling up the DagBag from /home/noelsdavid/airflow_venv/lib/python3.12/site-packages/airflow/example_dags/example_external_task_marker_dag.py
[2026-05-18T06:10:26.182+0000] {processor.py:925} INFO - DAG(s) 'example_external_task_marker_child', 'example_external_task_marker_parent' retrieved from /home/noelsdavid/airflow_venv/lib/python3.12/site-packages/airflow/example_dags/example_external_task_marker_dag.py
[2026-05-18T06:10:26.207+0000] {logging_mixin.py:190} INFO - [2026-05-18T06:10:26.206+0000] {dag.py:3239} INFO - Sync 2 DAGs
[2026-05-18T06:10:26.223+0000] {logging_mixin.py:190} INFO - [2026-05-18T06:10:26.223+0000] {dag.py:4180} INFO - Setting next_dagrun for example_external_task_marker_child to None, run_after=None
[2026-05-18T06:10:26.227+0000] {logging_mixin.py:190} INFO - [2026-05-18T06:10:26.227+0000] {dag.py:4180} INFO - Setting next_dagrun for example_external_task_marker_parent to None, run_after=None
[2026-05-18T06:10:26.254+0000] {processor.py:208} INFO - Processing /home/noelsdavid/airflow_venv/lib/python3.12/site-packages/airflow/example_dags/example_external_task_marker_dag.py took 0.112 seconds
[2026-05-18T06:11:25.696+0000] {processor.py:186} INFO - Started process (PID=7589) to work on /home/noelsdavid/airflow_venv/lib/python3.12/site-packages/airflow/example_dags/example_external_task_marker_dag.py
[2026-05-18T06:11:25.699+0000] {processor.py:914} INFO - Processing file /home/noelsdavid/airflow_venv/lib/python3.12/site-packages/airflow/example_dags/example_external_task_marker_dag.py for tasks to queue
[2026-05-18T06:11:25.702+0000] {logging_mixin.py:190} INFO - [2026-05-18T06:11:25.701+0000] {dagbag.py:588} INFO - Filling up the DagBag from /home/noelsdavid/airflow_venv/lib/python3.12/site-packages/airflow/example_dags/example_external_task_marker_dag.py
[2026-05-18T06:11:25.714+0000] {processor.py:925} INFO - DAG(s) 'example_external_task_marker_child', 'example_external_task_marker_parent' retrieved from /home/noelsdavid/airflow_venv/lib/python3.12/site-packages/airflow/example_dags/example_external_task_marker_dag.py
[2026-05-18T06:11:25.741+0000] {logging_mixin.py:190} INFO - [2026-05-18T06:11:25.741+0000] {dag.py:3239} INFO - Sync 2 DAGs
[2026-05-18T06:11:25.760+0000] {logging_mixin.py:190} INFO - [2026-05-18T06:11:25.759+0000] {dag.py:4180} INFO - Setting next_dagrun for example_external_task_marker_child to None, run_after=None
[2026-05-18T06:11:25.765+0000] {logging_mixin.py:190} INFO - [2026-05-18T06:11:25.764+0000] {dag.py:4180} INFO - Setting next_dagrun for example_external_task_marker_parent to None, run_after=None
[2026-05-18T06:11:25.793+0000] {processor.py:208} INFO - Processing /home/noelsdavid/airflow_venv/lib/python3.12/site-packages/airflow/example_dags/example_external_task_marker_dag.py took 0.104 seconds
[2026-05-18T06:12:24.739+0000] {processor.py:186} INFO - Started process (PID=7646) to work on /home/noelsdavid/airflow_venv/lib/python3.12/site-packages/airflow/example_dags/example_external_task_marker_dag.py
[2026-05-18T06:12:24.741+0000] {processor.py:914} INFO - Processing file /home/noelsdavid/airflow_venv/lib/python3.12/site-packages/airflow/example_dags/example_external_task_marker_dag.py for tasks to queue
[2026-05-18T06:12:24.744+0000] {logging_mixin.py:190} INFO - [2026-05-18T06:12:24.744+0000] {dagbag.py:588} INFO - Filling up the DagBag from /home/noelsdavid/airflow_venv/lib/python3.12/site-packages/airflow/example_dags/example_external_task_marker_dag.py
[2026-05-18T06:12:24.756+0000] {processor.py:925} INFO - DAG(s) 'example_external_task_marker_child', 'example_external_task_marker_parent' retrieved from /home/noelsdavid/airflow_venv/lib/python3.12/site-packages/airflow/example_dags/example_external_task_marker_dag.py
[2026-05-18T06:12:24.782+0000] {logging_mixin.py:190} INFO - [2026-05-18T06:12:24.781+0000] {dag.py:3239} INFO - Sync 2 DAGs
[2026-05-18T06:12:24.799+0000] {logging_mixin.py:190} INFO - [2026-05-18T06:12:24.799+0000] {dag.py:4180} INFO - Setting next_dagrun for example_external_task_marker_child to None, run_after=None
[2026-05-18T06:12:24.803+0000] {logging_mixin.py:190} INFO - [2026-05-18T06:12:24.803+0000] {dag.py:4180} INFO - Setting next_dagrun for example_external_task_marker_parent to None, run_after=None
[2026-05-18T06:12:24.832+0000] {processor.py:208} INFO - Processing /home/noelsdavid/airflow_venv/lib/python3.12/site-packages/airflow/example_dags/example_external_task_marker_dag.py took 0.101 seconds
[2026-05-18T06:13:24.748+0000] {processor.py:186} INFO - Started process (PID=7705) to work on /home/noelsdavid/airflow_venv/lib/python3.12/site-packages/airflow/example_dags/example_external_task_marker_dag.py
[2026-05-18T06:13:24.750+0000] {processor.py:914} INFO - Processing file /home/noelsdavid/airflow_venv/lib/python3.12/site-packages/airflow/example_dags/example_external_task_marker_dag.py for tasks to queue
[2026-05-18T06:13:24.753+0000] {logging_mixin.py:190} INFO - [2026-05-18T06:13:24.753+0000] {dagbag.py:588} INFO - Filling up the DagBag from /home/noelsdavid/airflow_venv/lib/python3.12/site-packages/airflow/example_dags/example_external_task_marker_dag.py
[2026-05-18T06:13:24.766+0000] {processor.py:925} INFO - DAG(s) 'example_external_task_marker_parent', 'example_external_task_marker_child' retrieved from /home/noelsdavid/airflow_venv/lib/python3.12/site-packages/airflow/example_dags/example_external_task_marker_dag.py
[2026-05-18T06:13:24.792+0000] {logging_mixin.py:190} INFO - [2026-05-18T06:13:24.792+0000] {dag.py:3239} INFO - Sync 2 DAGs
[2026-05-18T06:13:24.808+0000] {logging_mixin.py:190} INFO - [2026-05-18T06:13:24.808+0000] {dag.py:4180} INFO - Setting next_dagrun for example_external_task_marker_child to None, run_after=None
[2026-05-18T06:13:24.813+0000] {logging_mixin.py:190} INFO - [2026-05-18T06:13:24.812+0000] {dag.py:4180} INFO - Setting next_dagrun for example_external_task_marker_parent to None, run_after=None
[2026-05-18T06:13:24.840+0000] {processor.py:208} INFO - Processing /home/noelsdavid/airflow_venv/lib/python3.12/site-packages/airflow/example_dags/example_external_task_marker_dag.py took 0.100 seconds
[2026-05-18T06:14:26.833+0000] {processor.py:186} INFO - Started process (PID=7765) to work on /home/noelsdavid/airflow_venv/lib/python3.12/site-packages/airflow/example_dags/example_external_task_marker_dag.py
[2026-05-18T06:14:26.835+0000] {processor.py:914} INFO - Processing file /home/noelsdavid/airflow_venv/lib/python3.12/site-packages/airflow/example_dags/example_external_task_marker_dag.py for tasks to queue
[2026-05-18T06:14:26.838+0000] {logging_mixin.py:190} INFO - [2026-05-18T06:14:26.838+0000] {dagbag.py:588} INFO - Filling up the DagBag from /home/noelsdavid/airflow_venv/lib/python3.12/site-packages/airflow/example_dags/example_external_task_marker_dag.py
[2026-05-18T06:14:26.851+0000] {processor.py:925} INFO - DAG(s) 'example_external_task_marker_child', 'example_external_task_marker_parent' retrieved from /home/noelsdavid/airflow_venv/lib/python3.12/site-packages/airflow/example_dags/example_external_task_marker_dag.py
[2026-05-18T06:14:26.877+0000] {logging_mixin.py:190} INFO - [2026-05-18T06:14:26.877+0000] {dag.py:3239} INFO - Sync 2 DAGs
[2026-05-18T06:14:26.894+0000] {logging_mixin.py:190} INFO - [2026-05-18T06:14:26.893+0000] {dag.py:4180} INFO - Setting next_dagrun for example_external_task_marker_child to None, run_after=None
[2026-05-18T06:14:26.898+0000] {logging_mixin.py:190} INFO - [2026-05-18T06:14:26.898+0000] {dag.py:4180} INFO - Setting next_dagrun for example_external_task_marker_parent to None, run_after=None
[2026-05-18T06:14:26.928+0000] {processor.py:208} INFO - Processing /home/noelsdavid/airflow_venv/lib/python3.12/site-packages/airflow/example_dags/example_external_task_marker_dag.py took 0.104 seconds
[2026-05-18T06:15:28.959+0000] {processor.py:186} INFO - Started process (PID=7857) to work on /home/noelsdavid/airflow_venv/lib/python3.12/site-packages/airflow/example_dags/example_external_task_marker_dag.py
[2026-05-18T06:15:28.962+0000] {processor.py:914} INFO - Processing file /home/noelsdavid/airflow_venv/lib/python3.12/site-packages/airflow/example_dags/example_external_task_marker_dag.py for tasks to queue
[2026-05-18T06:15:28.965+0000] {logging_mixin.py:190} INFO - [2026-05-18T06:15:28.965+0000] {dagbag.py:588} INFO - Filling up the DagBag from /home/noelsdavid/airflow_venv/lib/python3.12/site-packages/airflow/example_dags/example_external_task_marker_dag.py
[2026-05-18T06:15:28.978+0000] {processor.py:925} INFO - DAG(s) 'example_external_task_marker_parent', 'example_external_task_marker_child' retrieved from /home/noelsdavid/airflow_venv/lib/python3.12/site-packages/airflow/example_dags/example_external_task_marker_dag.py
[2026-05-18T06:15:29.007+0000] {logging_mixin.py:190} INFO - [2026-05-18T06:15:29.007+0000] {dag.py:3239} INFO - Sync 2 DAGs
[2026-05-18T06:15:29.025+0000] {logging_mixin.py:190} INFO - [2026-05-18T06:15:29.025+0000] {dag.py:4180} INFO - Setting next_dagrun for example_external_task_marker_child to None, run_after=None
[2026-05-18T06:15:29.030+0000] {logging_mixin.py:190} INFO - [2026-05-18T06:15:29.029+0000] {dag.py:4180} INFO - Setting next_dagrun for example_external_task_marker_parent to None, run_after=None
[2026-05-18T06:15:29.059+0000] {processor.py:208} INFO - Processing /home/noelsdavid/airflow_venv/lib/python3.12/site-packages/airflow/example_dags/example_external_task_marker_dag.py took 0.108 seconds
[2026-05-18T06:16:33.228+0000] {processor.py:186} INFO - Started process (PID=8052) to work on /home/noelsdavid/airflow_venv/lib/python3.12/site-packages/airflow/example_dags/example_external_task_marker_dag.py
[2026-05-18T06:16:33.230+0000] {processor.py:914} INFO - Processing file /home/noelsdavid/airflow_venv/lib/python3.12/site-packages/airflow/example_dags/example_external_task_marker_dag.py for tasks to queue
[2026-05-18T06:16:33.233+0000] {logging_mixin.py:190} INFO - [2026-05-18T06:16:33.233+0000] {dagbag.py:588} INFO - Filling up the DagBag from /home/noelsdavid/airflow_venv/lib/python3.12/site-packages/airflow/example_dags/example_external_task_marker_dag.py
[2026-05-18T06:16:33.246+0000] {processor.py:925} INFO - DAG(s) 'example_external_task_marker_parent', 'example_external_task_marker_child' retrieved from /home/noelsdavid/airflow_venv/lib/python3.12/site-packages/airflow/example_dags/example_external_task_marker_dag.py
[2026-05-18T06:16:33.272+0000] {logging_mixin.py:190} INFO - [2026-05-18T06:16:33.272+0000] {dag.py:3239} INFO - Sync 2 DAGs
[2026-05-18T06:16:33.290+0000] {logging_mixin.py:190} INFO - [2026-05-18T06:16:33.289+0000] {dag.py:4180} INFO - Setting next_dagrun for example_external_task_marker_child to None, run_after=None
[2026-05-18T06:16:33.294+0000] {logging_mixin.py:190} INFO - [2026-05-18T06:16:33.294+0000] {dag.py:4180} INFO - Setting next_dagrun for example_external_task_marker_parent to None, run_after=None
[2026-05-18T06:16:33.321+0000] {processor.py:208} INFO - Processing /home/noelsdavid/airflow_venv/lib/python3.12/site-packages/airflow/example_dags/example_external_task_marker_dag.py took 0.101 seconds
[2026-05-18T06:17:37.028+0000] {processor.py:186} INFO - Started process (PID=8366) to work on /home/noelsdavid/airflow_venv/lib/python3.12/site-packages/airflow/example_dags/example_external_task_marker_dag.py
[2026-05-18T06:17:37.030+0000] {processor.py:914} INFO - Processing file /home/noelsdavid/airflow_venv/lib/python3.12/site-packages/airflow/example_dags/example_external_task_marker_dag.py for tasks to queue
[2026-05-18T06:17:37.034+0000] {logging_mixin.py:190} INFO - [2026-05-18T06:17:37.033+0000] {dagbag.py:588} INFO - Filling up the DagBag from /home/noelsdavid/airflow_venv/lib/python3.12/site-packages/airflow/example_dags/example_external_task_marker_dag.py
[2026-05-18T06:17:37.046+0000] {processor.py:925} INFO - DAG(s) 'example_external_task_marker_child', 'example_external_task_marker_parent' retrieved from /home/noelsdavid/airflow_venv/lib/python3.12/site-packages/airflow/example_dags/example_external_task_marker_dag.py
[2026-05-18T06:17:37.070+0000] {logging_mixin.py:190} INFO - [2026-05-18T06:17:37.070+0000] {dag.py:3239} INFO - Sync 2 DAGs
[2026-05-18T06:17:37.086+0000] {logging_mixin.py:190} INFO - [2026-05-18T06:17:37.086+0000] {dag.py:4180} INFO - Setting next_dagrun for example_external_task_marker_child to None, run_after=None
[2026-05-18T06:17:37.090+0000] {logging_mixin.py:190} INFO - [2026-05-18T06:17:37.090+0000] {dag.py:4180} INFO - Setting next_dagrun for example_external_task_marker_parent to None, run_after=None
[2026-05-18T06:17:37.118+0000] {processor.py:208} INFO - Processing /home/noelsdavid/airflow_venv/lib/python3.12/site-packages/airflow/example_dags/example_external_task_marker_dag.py took 0.098 seconds
[2026-05-18T06:18:35.500+0000] {processor.py:186} INFO - Started process (PID=8479) to work on /home/noelsdavid/airflow_venv/lib/python3.12/site-packages/airflow/example_dags/example_external_task_marker_dag.py
[2026-05-18T06:18:35.502+0000] {processor.py:914} INFO - Processing file /home/noelsdavid/airflow_venv/lib/python3.12/site-packages/airflow/example_dags/example_external_task_marker_dag.py for tasks to queue
[2026-05-18T06:18:35.505+0000] {logging_mixin.py:190} INFO - [2026-05-18T06:18:35.505+0000] {dagbag.py:588} INFO - Filling up the DagBag from /home/noelsdavid/airflow_venv/lib/python3.12/site-packages/airflow/example_dags/example_external_task_marker_dag.py
[2026-05-18T06:18:35.517+0000] {processor.py:925} INFO - DAG(s) 'example_external_task_marker_parent', 'example_external_task_marker_child' retrieved from /home/noelsdavid/airflow_venv/lib/python3.12/site-packages/airflow/example_dags/example_external_task_marker_dag.py
[2026-05-18T06:18:35.543+0000] {logging_mixin.py:190} INFO - [2026-05-18T06:18:35.543+0000] {dag.py:3239} INFO - Sync 2 DAGs
[2026-05-18T06:18:35.561+0000] {logging_mixin.py:190} INFO - [2026-05-18T06:18:35.561+0000] {dag.py:4180} INFO - Setting next_dagrun for example_external_task_marker_child to None, run_after=None
[2026-05-18T06:18:35.566+0000] {logging_mixin.py:190} INFO - [2026-05-18T06:18:35.565+0000] {dag.py:4180} INFO - Setting next_dagrun for example_external_task_marker_parent to None, run_after=None
[2026-05-18T06:18:35.595+0000] {processor.py:208} INFO - Processing /home/noelsdavid/airflow_venv/lib/python3.12/site-packages/airflow/example_dags/example_external_task_marker_dag.py took 0.104 seconds
[2026-05-18T06:19:34.617+0000] {processor.py:186} INFO - Started process (PID=8538) to work on /home/noelsdavid/airflow_venv/lib/python3.12/site-packages/airflow/example_dags/example_external_task_marker_dag.py
[2026-05-18T06:19:34.620+0000] {processor.py:914} INFO - Processing file /home/noelsdavid/airflow_venv/lib/python3.12/site-packages/airflow/example_dags/example_external_task_marker_dag.py for tasks to queue
[2026-05-18T06:19:34.623+0000] {logging_mixin.py:190} INFO - [2026-05-18T06:19:34.622+0000] {dagbag.py:588} INFO - Filling up the DagBag from /home/noelsdavid/airflow_venv/lib/python3.12/site-packages/airflow/example_dags/example_external_task_marker_dag.py
[2026-05-18T06:19:34.639+0000] {processor.py:925} INFO - DAG(s) 'example_external_task_marker_child', 'example_external_task_marker_parent' retrieved from /home/noelsdavid/airflow_venv/lib/python3.12/site-packages/airflow/example_dags/example_external_task_marker_dag.py
[2026-05-18T06:19:34.667+0000] {logging_mixin.py:190} INFO - [2026-05-18T06:19:34.667+0000] {dag.py:3239} INFO - Sync 2 DAGs
[2026-05-18T06:19:34.684+0000] {logging_mixin.py:190} INFO - [2026-05-18T06:19:34.684+0000] {dag.py:4180} INFO - Setting next_dagrun for example_external_task_marker_child to None, run_after=None
[2026-05-18T06:19:34.690+0000] {logging_mixin.py:190} INFO - [2026-05-18T06:19:34.689+0000] {dag.py:4180} INFO - Setting next_dagrun for example_external_task_marker_parent to None, run_after=None
[2026-05-18T06:19:34.718+0000] {processor.py:208} INFO - Processing /home/noelsdavid/airflow_venv/lib/python3.12/site-packages/airflow/example_dags/example_external_task_marker_dag.py took 0.109 seconds
[2026-05-18T06:20:39.525+0000] {processor.py:186} INFO - Started process (PID=8627) to work on /home/noelsdavid/airflow_venv/lib/python3.12/site-packages/airflow/example_dags/example_external_task_marker_dag.py
[2026-05-18T06:20:39.527+0000] {processor.py:914} INFO - Processing file /home/noelsdavid/airflow_venv/lib/python3.12/site-packages/airflow/example_dags/example_external_task_marker_dag.py for tasks to queue
[2026-05-18T06:20:39.529+0000] {logging_mixin.py:190} INFO - [2026-05-18T06:20:39.528+0000] {dagbag.py:588} INFO - Filling up the DagBag from /home/noelsdavid/airflow_venv/lib/python3.12/site-packages/airflow/example_dags/example_external_task_marker_dag.py
[2026-05-18T06:20:39.541+0000] {processor.py:925} INFO - DAG(s) 'example_external_task_marker_child', 'example_external_task_marker_parent' retrieved from /home/noelsdavid/airflow_venv/lib/python3.12/site-packages/airflow/example_dags/example_external_task_marker_dag.py
[2026-05-18T06:20:39.566+0000] {logging_mixin.py:190} INFO - [2026-05-18T06:20:39.566+0000] {dag.py:3239} INFO - Sync 2 DAGs
[2026-05-18T06:20:39.584+0000] {logging_mixin.py:190} INFO - [2026-05-18T06:20:39.584+0000] {dag.py:4180} INFO - Setting next_dagrun for example_external_task_marker_child to None, run_after=None
[2026-05-18T06:20:39.588+0000] {logging_mixin.py:190} INFO - [2026-05-18T06:20:39.588+0000] {dag.py:4180} INFO - Setting next_dagrun for example_external_task_marker_parent to None, run_after=None
[2026-05-18T06:20:39.615+0000] {processor.py:208} INFO - Processing /home/noelsdavid/airflow_venv/lib/python3.12/site-packages/airflow/example_dags/example_external_task_marker_dag.py took 0.099 seconds
[2026-05-18T06:21:42.291+0000] {processor.py:186} INFO - Started process (PID=8687) to work on /home/noelsdavid/airflow_venv/lib/python3.12/site-packages/airflow/example_dags/example_external_task_marker_dag.py
[2026-05-18T06:21:42.293+0000] {processor.py:914} INFO - Processing file /home/noelsdavid/airflow_venv/lib/python3.12/site-packages/airflow/example_dags/example_external_task_marker_dag.py for tasks to queue
[2026-05-18T06:21:42.295+0000] {logging_mixin.py:190} INFO - [2026-05-18T06:21:42.295+0000] {dagbag.py:588} INFO - Filling up the DagBag from /home/noelsdavid/airflow_venv/lib/python3.12/site-packages/airflow/example_dags/example_external_task_marker_dag.py
[2026-05-18T06:21:42.308+0000] {processor.py:925} INFO - DAG(s) 'example_external_task_marker_child', 'example_external_task_marker_parent' retrieved from /home/noelsdavid/airflow_venv/lib/python3.12/site-packages/airflow/example_dags/example_external_task_marker_dag.py
[2026-05-18T06:21:42.332+0000] {logging_mixin.py:190} INFO - [2026-05-18T06:21:42.332+0000] {dag.py:3239} INFO - Sync 2 DAGs
[2026-05-18T06:21:42.350+0000] {logging_mixin.py:190} INFO - [2026-05-18T06:21:42.350+0000] {dag.py:4180} INFO - Setting next_dagrun for example_external_task_marker_child to None, run_after=None
[2026-05-18T06:21:42.355+0000] {logging_mixin.py:190} INFO - [2026-05-18T06:21:42.354+0000] {dag.py:4180} INFO - Setting next_dagrun for example_external_task_marker_parent to None, run_after=None
[2026-05-18T06:21:42.385+0000] {processor.py:208} INFO - Processing /home/noelsdavid/airflow_venv/lib/python3.12/site-packages/airflow/example_dags/example_external_task_marker_dag.py took 0.102 seconds
[2026-05-18T06:22:47.768+0000] {processor.py:186} INFO - Started process (PID=8750) to work on /home/noelsdavid/airflow_venv/lib/python3.12/site-packages/airflow/example_dags/example_external_task_marker_dag.py
[2026-05-18T06:22:47.771+0000] {processor.py:914} INFO - Processing file /home/noelsdavid/airflow_venv/lib/python3.12/site-packages/airflow/example_dags/example_external_task_marker_dag.py for tasks to queue
[2026-05-18T06:22:47.772+0000] {logging_mixin.py:190} INFO - [2026-05-18T06:22:47.772+0000] {dagbag.py:588} INFO - Filling up the DagBag from /home/noelsdavid/airflow_venv/lib/python3.12/site-packages/airflow/example_dags/example_external_task_marker_dag.py
[2026-05-18T06:22:47.785+0000] {processor.py:925} INFO - DAG(s) 'example_external_task_marker_parent', 'example_external_task_marker_child' retrieved from /home/noelsdavid/airflow_venv/lib/python3.12/site-packages/airflow/example_dags/example_external_task_marker_dag.py
[2026-05-18T06:22:47.812+0000] {logging_mixin.py:190} INFO - [2026-05-18T06:22:47.812+0000] {dag.py:3239} INFO - Sync 2 DAGs
[2026-05-18T06:22:47.831+0000] {logging_mixin.py:190} INFO - [2026-05-18T06:22:47.830+0000] {dag.py:4180} INFO - Setting next_dagrun for example_external_task_marker_child to None, run_after=None
[2026-05-18T06:22:47.836+0000] {logging_mixin.py:190} INFO - [2026-05-18T06:22:47.835+0000] {dag.py:4180} INFO - Setting next_dagrun for example_external_task_marker_parent to None, run_after=None
[2026-05-18T06:22:47.865+0000] {processor.py:208} INFO - Processing /home/noelsdavid/airflow_venv/lib/python3.12/site-packages/airflow/example_dags/example_external_task_marker_dag.py took 0.105 seconds
[2026-05-18T06:23:50.664+0000] {processor.py:186} INFO - Started process (PID=8812) to work on /home/noelsdavid/airflow_venv/lib/python3.12/site-packages/airflow/example_dags/example_external_task_marker_dag.py
[2026-05-18T06:23:50.668+0000] {processor.py:914} INFO - Processing file /home/noelsdavid/airflow_venv/lib/python3.12/site-packages/airflow/example_dags/example_external_task_marker_dag.py for tasks to queue
[2026-05-18T06:23:50.671+0000] {logging_mixin.py:190} INFO - [2026-05-18T06:23:50.670+0000] {dagbag.py:588} INFO - Filling up the DagBag from /home/noelsdavid/airflow_venv/lib/python3.12/site-packages/airflow/example_dags/example_external_task_marker_dag.py
[2026-05-18T06:23:50.689+0000] {processor.py:925} INFO - DAG(s) 'example_external_task_marker_child', 'example_external_task_marker_parent' retrieved from /home/noelsdavid/airflow_venv/lib/python3.12/site-packages/airflow/example_dags/example_external_task_marker_dag.py
[2026-05-18T06:23:50.723+0000] {logging_mixin.py:190} INFO - [2026-05-18T06:23:50.723+0000] {dag.py:3239} INFO - Sync 2 DAGs
[2026-05-18T06:23:50.744+0000] {logging_mixin.py:190} INFO - [2026-05-18T06:23:50.744+0000] {dag.py:4180} INFO - Setting next_dagrun for example_external_task_marker_child to None, run_after=None
[2026-05-18T06:23:50.748+0000] {logging_mixin.py:190} INFO - [2026-05-18T06:23:50.748+0000] {dag.py:4180} INFO - Setting next_dagrun for example_external_task_marker_parent to None, run_after=None
[2026-05-18T06:23:50.780+0000] {processor.py:208} INFO - Processing /home/noelsdavid/airflow_venv/lib/python3.12/site-packages/airflow/example_dags/example_external_task_marker_dag.py took 0.126 seconds
[2026-05-18T06:24:58.635+0000] {processor.py:186} INFO - Started process (PID=8876) to work on /home/noelsdavid/airflow_venv/lib/python3.12/site-packages/airflow/example_dags/example_external_task_marker_dag.py
[2026-05-18T06:24:58.638+0000] {processor.py:914} INFO - Processing file /home/noelsdavid/airflow_venv/lib/python3.12/site-packages/airflow/example_dags/example_external_task_marker_dag.py for tasks to queue
[2026-05-18T06:24:58.640+0000] {logging_mixin.py:190} INFO - [2026-05-18T06:24:58.640+0000] {dagbag.py:588} INFO - Filling up the DagBag from /home/noelsdavid/airflow_venv/lib/python3.12/site-packages/airflow/example_dags/example_external_task_marker_dag.py
[2026-05-18T06:24:58.654+0000] {processor.py:925} INFO - DAG(s) 'example_external_task_marker_parent', 'example_external_task_marker_child' retrieved from /home/noelsdavid/airflow_venv/lib/python3.12/site-packages/airflow/example_dags/example_external_task_marker_dag.py
[2026-05-18T06:24:58.679+0000] {logging_mixin.py:190} INFO - [2026-05-18T06:24:58.678+0000] {dag.py:3239} INFO - Sync 2 DAGs
[2026-05-18T06:24:58.699+0000] {logging_mixin.py:190} INFO - [2026-05-18T06:24:58.698+0000] {dag.py:4180} INFO - Setting next_dagrun for example_external_task_marker_child to None, run_after=None
[2026-05-18T06:24:58.703+0000] {logging_mixin.py:190} INFO - [2026-05-18T06:24:58.703+0000] {dag.py:4180} INFO - Setting next_dagrun for example_external_task_marker_parent to None, run_after=None
[2026-05-18T06:24:58.734+0000] {processor.py:208} INFO - Processing /home/noelsdavid/airflow_venv/lib/python3.12/site-packages/airflow/example_dags/example_external_task_marker_dag.py took 0.108 seconds
[2026-05-18T06:26:02.132+0000] {processor.py:186} INFO - Started process (PID=8963) to work on /home/noelsdavid/airflow_venv/lib/python3.12/site-packages/airflow/example_dags/example_external_task_marker_dag.py
[2026-05-18T06:26:02.135+0000] {processor.py:914} INFO - Processing file /home/noelsdavid/airflow_venv/lib/python3.12/site-packages/airflow/example_dags/example_external_task_marker_dag.py for tasks to queue
[2026-05-18T06:26:02.137+0000] {logging_mixin.py:190} INFO - [2026-05-18T06:26:02.136+0000] {dagbag.py:588} INFO - Filling up the DagBag from /home/noelsdavid/airflow_venv/lib/python3.12/site-packages/airflow/example_dags/example_external_task_marker_dag.py
[2026-05-18T06:26:02.149+0000] {processor.py:925} INFO - DAG(s) 'example_external_task_marker_parent', 'example_external_task_marker_child' retrieved from /home/noelsdavid/airflow_venv/lib/python3.12/site-packages/airflow/example_dags/example_external_task_marker_dag.py
[2026-05-18T06:26:02.175+0000] {logging_mixin.py:190} INFO - [2026-05-18T06:26:02.174+0000] {dag.py:3239} INFO - Sync 2 DAGs
[2026-05-18T06:26:02.195+0000] {logging_mixin.py:190} INFO - [2026-05-18T06:26:02.194+0000] {dag.py:4180} INFO - Setting next_dagrun for example_external_task_marker_child to None, run_after=None
[2026-05-18T06:26:02.199+0000] {logging_mixin.py:190} INFO - [2026-05-18T06:26:02.199+0000] {dag.py:4180} INFO - Setting next_dagrun for example_external_task_marker_parent to None, run_after=None
[2026-05-18T06:26:02.238+0000] {processor.py:208} INFO - Processing /home/noelsdavid/airflow_venv/lib/python3.12/site-packages/airflow/example_dags/example_external_task_marker_dag.py took 0.118 seconds
[2026-05-18T06:27:15.966+0000] {processor.py:186} INFO - Started process (PID=9343) to work on /home/noelsdavid/airflow_venv/lib/python3.12/site-packages/airflow/example_dags/example_external_task_marker_dag.py
[2026-05-18T06:27:15.980+0000] {processor.py:914} INFO - Processing file /home/noelsdavid/airflow_venv/lib/python3.12/site-packages/airflow/example_dags/example_external_task_marker_dag.py for tasks to queue
[2026-05-18T06:27:15.982+0000] {logging_mixin.py:190} INFO - [2026-05-18T06:27:15.981+0000] {dagbag.py:588} INFO - Filling up the DagBag from /home/noelsdavid/airflow_venv/lib/python3.12/site-packages/airflow/example_dags/example_external_task_marker_dag.py
[2026-05-18T06:27:15.994+0000] {processor.py:925} INFO - DAG(s) 'example_external_task_marker_child', 'example_external_task_marker_parent' retrieved from /home/noelsdavid/airflow_venv/lib/python3.12/site-packages/airflow/example_dags/example_external_task_marker_dag.py
[2026-05-18T06:27:16.025+0000] {logging_mixin.py:190} INFO - [2026-05-18T06:27:16.025+0000] {dag.py:3239} INFO - Sync 2 DAGs
[2026-05-18T06:27:16.043+0000] {logging_mixin.py:190} INFO - [2026-05-18T06:27:16.043+0000] {dag.py:4180} INFO - Setting next_dagrun for example_external_task_marker_child to None, run_after=None
[2026-05-18T06:27:16.048+0000] {logging_mixin.py:190} INFO - [2026-05-18T06:27:16.048+0000] {dag.py:4180} INFO - Setting next_dagrun for example_external_task_marker_parent to None, run_after=None
[2026-05-18T06:27:16.079+0000] {processor.py:208} INFO - Processing /home/noelsdavid/airflow_venv/lib/python3.12/site-packages/airflow/example_dags/example_external_task_marker_dag.py took 0.123 seconds
[2026-05-18T06:28:32.904+0000] {processor.py:186} INFO - Started process (PID=9723) to work on /home/noelsdavid/airflow_venv/lib/python3.12/site-packages/airflow/example_dags/example_external_task_marker_dag.py
[2026-05-18T06:28:32.921+0000] {processor.py:914} INFO - Processing file /home/noelsdavid/airflow_venv/lib/python3.12/site-packages/airflow/example_dags/example_external_task_marker_dag.py for tasks to queue
[2026-05-18T06:28:32.923+0000] {logging_mixin.py:190} INFO - [2026-05-18T06:28:32.923+0000] {dagbag.py:588} INFO - Filling up the DagBag from /home/noelsdavid/airflow_venv/lib/python3.12/site-packages/airflow/example_dags/example_external_task_marker_dag.py
[2026-05-18T06:28:32.936+0000] {processor.py:925} INFO - DAG(s) 'example_external_task_marker_child', 'example_external_task_marker_parent' retrieved from /home/noelsdavid/airflow_venv/lib/python3.12/site-packages/airflow/example_dags/example_external_task_marker_dag.py
[2026-05-18T06:28:32.965+0000] {logging_mixin.py:190} INFO - [2026-05-18T06:28:32.964+0000] {dag.py:3239} INFO - Sync 2 DAGs
[2026-05-18T06:28:32.982+0000] {logging_mixin.py:190} INFO - [2026-05-18T06:28:32.982+0000] {dag.py:4180} INFO - Setting next_dagrun for example_external_task_marker_child to None, run_after=None
[2026-05-18T06:28:32.988+0000] {logging_mixin.py:190} INFO - [2026-05-18T06:28:32.988+0000] {dag.py:4180} INFO - Setting next_dagrun for example_external_task_marker_parent to None, run_after=None
[2026-05-18T06:28:33.024+0000] {processor.py:208} INFO - Processing /home/noelsdavid/airflow_venv/lib/python3.12/site-packages/airflow/example_dags/example_external_task_marker_dag.py took 0.128 seconds
[2026-05-18T06:29:43.938+0000] {processor.py:186} INFO - Started process (PID=9789) to work on /home/noelsdavid/airflow_venv/lib/python3.12/site-packages/airflow/example_dags/example_external_task_marker_dag.py
[2026-05-18T06:29:43.956+0000] {processor.py:914} INFO - Processing file /home/noelsdavid/airflow_venv/lib/python3.12/site-packages/airflow/example_dags/example_external_task_marker_dag.py for tasks to queue
[2026-05-18T06:29:43.958+0000] {logging_mixin.py:190} INFO - [2026-05-18T06:29:43.957+0000] {dagbag.py:588} INFO - Filling up the DagBag from /home/noelsdavid/airflow_venv/lib/python3.12/site-packages/airflow/example_dags/example_external_task_marker_dag.py
[2026-05-18T06:29:43.971+0000] {processor.py:925} INFO - DAG(s) 'example_external_task_marker_parent', 'example_external_task_marker_child' retrieved from /home/noelsdavid/airflow_venv/lib/python3.12/site-packages/airflow/example_dags/example_external_task_marker_dag.py
[2026-05-18T06:29:43.996+0000] {logging_mixin.py:190} INFO - [2026-05-18T06:29:43.996+0000] {dag.py:3239} INFO - Sync 2 DAGs
[2026-05-18T06:29:44.014+0000] {logging_mixin.py:190} INFO - [2026-05-18T06:29:44.014+0000] {dag.py:4180} INFO - Setting next_dagrun for example_external_task_marker_child to None, run_after=None
[2026-05-18T06:29:44.019+0000] {logging_mixin.py:190} INFO - [2026-05-18T06:29:44.019+0000] {dag.py:4180} INFO - Setting next_dagrun for example_external_task_marker_parent to None, run_after=None
[2026-05-18T06:29:44.046+0000] {processor.py:208} INFO - Processing /home/noelsdavid/airflow_venv/lib/python3.12/site-packages/airflow/example_dags/example_external_task_marker_dag.py took 0.115 seconds
[2026-05-18T06:30:48.886+0000] {processor.py:186} INFO - Started process (PID=9876) to work on /home/noelsdavid/airflow_venv/lib/python3.12/site-packages/airflow/example_dags/example_external_task_marker_dag.py
[2026-05-18T06:30:48.888+0000] {processor.py:914} INFO - Processing file /home/noelsdavid/airflow_venv/lib/python3.12/site-packages/airflow/example_dags/example_external_task_marker_dag.py for tasks to queue
[2026-05-18T06:30:48.890+0000] {logging_mixin.py:190} INFO - [2026-05-18T06:30:48.890+0000] {dagbag.py:588} INFO - Filling up the DagBag from /home/noelsdavid/airflow_venv/lib/python3.12/site-packages/airflow/example_dags/example_external_task_marker_dag.py
[2026-05-18T06:30:48.904+0000] {processor.py:925} INFO - DAG(s) 'example_external_task_marker_parent', 'example_external_task_marker_child' retrieved from /home/noelsdavid/airflow_venv/lib/python3.12/site-packages/airflow/example_dags/example_external_task_marker_dag.py
[2026-05-18T06:30:48.928+0000] {logging_mixin.py:190} INFO - [2026-05-18T06:30:48.928+0000] {dag.py:3239} INFO - Sync 2 DAGs
[2026-05-18T06:30:48.946+0000] {logging_mixin.py:190} INFO - [2026-05-18T06:30:48.945+0000] {dag.py:4180} INFO - Setting next_dagrun for example_external_task_marker_child to None, run_after=None
[2026-05-18T06:30:48.951+0000] {logging_mixin.py:190} INFO - [2026-05-18T06:30:48.950+0000] {dag.py:4180} INFO - Setting next_dagrun for example_external_task_marker_parent to None, run_after=None
[2026-05-18T06:30:48.979+0000] {processor.py:208} INFO - Processing /home/noelsdavid/airflow_venv/lib/python3.12/site-packages/airflow/example_dags/example_external_task_marker_dag.py took 0.101 seconds
[2026-05-18T06:31:53.065+0000] {processor.py:186} INFO - Started process (PID=9939) to work on /home/noelsdavid/airflow_venv/lib/python3.12/site-packages/airflow/example_dags/example_external_task_marker_dag.py
[2026-05-18T06:31:53.084+0000] {processor.py:914} INFO - Processing file /home/noelsdavid/airflow_venv/lib/python3.12/site-packages/airflow/example_dags/example_external_task_marker_dag.py for tasks to queue
[2026-05-18T06:31:53.086+0000] {logging_mixin.py:190} INFO - [2026-05-18T06:31:53.085+0000] {dagbag.py:588} INFO - Filling up the DagBag from /home/noelsdavid/airflow_venv/lib/python3.12/site-packages/airflow/example_dags/example_external_task_marker_dag.py
[2026-05-18T06:31:53.098+0000] {processor.py:925} INFO - DAG(s) 'example_external_task_marker_child', 'example_external_task_marker_parent' retrieved from /home/noelsdavid/airflow_venv/lib/python3.12/site-packages/airflow/example_dags/example_external_task_marker_dag.py
[2026-05-18T06:31:53.121+0000] {logging_mixin.py:190} INFO - [2026-05-18T06:31:53.121+0000] {dag.py:3239} INFO - Sync 2 DAGs
[2026-05-18T06:31:53.138+0000] {logging_mixin.py:190} INFO - [2026-05-18T06:31:53.137+0000] {dag.py:4180} INFO - Setting next_dagrun for example_external_task_marker_child to None, run_after=None
[2026-05-18T06:31:53.142+0000] {logging_mixin.py:190} INFO - [2026-05-18T06:31:53.141+0000] {dag.py:4180} INFO - Setting next_dagrun for example_external_task_marker_parent to None, run_after=None
[2026-05-18T06:31:53.169+0000] {processor.py:208} INFO - Processing /home/noelsdavid/airflow_venv/lib/python3.12/site-packages/airflow/example_dags/example_external_task_marker_dag.py took 0.111 seconds
[2026-05-18T06:32:52.442+0000] {processor.py:186} INFO - Started process (PID=9999) to work on /home/noelsdavid/airflow_venv/lib/python3.12/site-packages/airflow/example_dags/example_external_task_marker_dag.py
[2026-05-18T06:32:52.444+0000] {processor.py:914} INFO - Processing file /home/noelsdavid/airflow_venv/lib/python3.12/site-packages/airflow/example_dags/example_external_task_marker_dag.py for tasks to queue
[2026-05-18T06:32:52.446+0000] {logging_mixin.py:190} INFO - [2026-05-18T06:32:52.446+0000] {dagbag.py:588} INFO - Filling up the DagBag from /home/noelsdavid/airflow_venv/lib/python3.12/site-packages/airflow/example_dags/example_external_task_marker_dag.py
[2026-05-18T06:32:52.459+0000] {processor.py:925} INFO - DAG(s) 'example_external_task_marker_child', 'example_external_task_marker_parent' retrieved from /home/noelsdavid/airflow_venv/lib/python3.12/site-packages/airflow/example_dags/example_external_task_marker_dag.py
[2026-05-18T06:32:52.483+0000] {logging_mixin.py:190} INFO - [2026-05-18T06:32:52.483+0000] {dag.py:3239} INFO - Sync 2 DAGs
[2026-05-18T06:32:52.501+0000] {logging_mixin.py:190} INFO - [2026-05-18T06:32:52.501+0000] {dag.py:4180} INFO - Setting next_dagrun for example_external_task_marker_child to None, run_after=None
[2026-05-18T06:32:52.505+0000] {logging_mixin.py:190} INFO - [2026-05-18T06:32:52.505+0000] {dag.py:4180} INFO - Setting next_dagrun for example_external_task_marker_parent to None, run_after=None
[2026-05-18T06:32:52.531+0000] {processor.py:208} INFO - Processing /home/noelsdavid/airflow_venv/lib/python3.12/site-packages/airflow/example_dags/example_external_task_marker_dag.py took 0.097 seconds
[2026-05-18T06:33:59.511+0000] {processor.py:186} INFO - Started process (PID=10104) to work on /home/noelsdavid/airflow_venv/lib/python3.12/site-packages/airflow/example_dags/example_external_task_marker_dag.py
[2026-05-18T06:33:59.520+0000] {processor.py:914} INFO - Processing file /home/noelsdavid/airflow_venv/lib/python3.12/site-packages/airflow/example_dags/example_external_task_marker_dag.py for tasks to queue
[2026-05-18T06:33:59.522+0000] {logging_mixin.py:190} INFO - [2026-05-18T06:33:59.522+0000] {dagbag.py:588} INFO - Filling up the DagBag from /home/noelsdavid/airflow_venv/lib/python3.12/site-packages/airflow/example_dags/example_external_task_marker_dag.py
[2026-05-18T06:33:59.536+0000] {processor.py:925} INFO - DAG(s) 'example_external_task_marker_child', 'example_external_task_marker_parent' retrieved from /home/noelsdavid/airflow_venv/lib/python3.12/site-packages/airflow/example_dags/example_external_task_marker_dag.py
[2026-05-18T06:33:59.573+0000] {logging_mixin.py:190} INFO - [2026-05-18T06:33:59.573+0000] {dag.py:3239} INFO - Sync 2 DAGs
[2026-05-18T06:33:59.604+0000] {logging_mixin.py:190} INFO - [2026-05-18T06:33:59.603+0000] {dag.py:4180} INFO - Setting next_dagrun for example_external_task_marker_child to None, run_after=None
[2026-05-18T06:33:59.613+0000] {logging_mixin.py:190} INFO - [2026-05-18T06:33:59.613+0000] {dag.py:4180} INFO - Setting next_dagrun for example_external_task_marker_parent to None, run_after=None
[2026-05-18T06:33:59.649+0000] {processor.py:208} INFO - Processing /home/noelsdavid/airflow_venv/lib/python3.12/site-packages/airflow/example_dags/example_external_task_marker_dag.py took 0.146 seconds
[2026-05-18T06:35:02.399+0000] {processor.py:186} INFO - Started process (PID=10257) to work on /home/noelsdavid/airflow_venv/lib/python3.12/site-packages/airflow/example_dags/example_external_task_marker_dag.py
[2026-05-18T06:35:02.401+0000] {processor.py:914} INFO - Processing file /home/noelsdavid/airflow_venv/lib/python3.12/site-packages/airflow/example_dags/example_external_task_marker_dag.py for tasks to queue
[2026-05-18T06:35:02.404+0000] {logging_mixin.py:190} INFO - [2026-05-18T06:35:02.403+0000] {dagbag.py:588} INFO - Filling up the DagBag from /home/noelsdavid/airflow_venv/lib/python3.12/site-packages/airflow/example_dags/example_external_task_marker_dag.py
[2026-05-18T06:35:02.417+0000] {processor.py:925} INFO - DAG(s) 'example_external_task_marker_parent', 'example_external_task_marker_child' retrieved from /home/noelsdavid/airflow_venv/lib/python3.12/site-packages/airflow/example_dags/example_external_task_marker_dag.py
[2026-05-18T06:35:02.444+0000] {logging_mixin.py:190} INFO - [2026-05-18T06:35:02.444+0000] {dag.py:3239} INFO - Sync 2 DAGs
[2026-05-18T06:35:02.461+0000] {logging_mixin.py:190} INFO - [2026-05-18T06:35:02.461+0000] {dag.py:4180} INFO - Setting next_dagrun for example_external_task_marker_child to None, run_after=None
[2026-05-18T06:35:02.466+0000] {logging_mixin.py:190} INFO - [2026-05-18T06:35:02.466+0000] {dag.py:4180} INFO - Setting next_dagrun for example_external_task_marker_parent to None, run_after=None
[2026-05-18T06:35:02.495+0000] {processor.py:208} INFO - Processing /home/noelsdavid/airflow_venv/lib/python3.12/site-packages/airflow/example_dags/example_external_task_marker_dag.py took 0.103 seconds
[2026-05-18T06:36:08.868+0000] {processor.py:186} INFO - Started process (PID=10469) to work on /home/noelsdavid/airflow_venv/lib/python3.12/site-packages/airflow/example_dags/example_external_task_marker_dag.py
[2026-05-18T06:36:08.871+0000] {processor.py:914} INFO - Processing file /home/noelsdavid/airflow_venv/lib/python3.12/site-packages/airflow/example_dags/example_external_task_marker_dag.py for tasks to queue
[2026-05-18T06:36:08.873+0000] {logging_mixin.py:190} INFO - [2026-05-18T06:36:08.872+0000] {dagbag.py:588} INFO - Filling up the DagBag from /home/noelsdavid/airflow_venv/lib/python3.12/site-packages/airflow/example_dags/example_external_task_marker_dag.py
[2026-05-18T06:36:08.886+0000] {processor.py:925} INFO - DAG(s) 'example_external_task_marker_child', 'example_external_task_marker_parent' retrieved from /home/noelsdavid/airflow_venv/lib/python3.12/site-packages/airflow/example_dags/example_external_task_marker_dag.py
[2026-05-18T06:36:08.915+0000] {logging_mixin.py:190} INFO - [2026-05-18T06:36:08.915+0000] {dag.py:3239} INFO - Sync 2 DAGs
[2026-05-18T06:36:08.932+0000] {logging_mixin.py:190} INFO - [2026-05-18T06:36:08.932+0000] {dag.py:4180} INFO - Setting next_dagrun for example_external_task_marker_child to None, run_after=None
[2026-05-18T06:36:08.937+0000] {logging_mixin.py:190} INFO - [2026-05-18T06:36:08.937+0000] {dag.py:4180} INFO - Setting next_dagrun for example_external_task_marker_parent to None, run_after=None
[2026-05-18T06:36:08.966+0000] {processor.py:208} INFO - Processing /home/noelsdavid/airflow_venv/lib/python3.12/site-packages/airflow/example_dags/example_external_task_marker_dag.py took 0.107 seconds
[2026-05-18T06:37:08.844+0000] {processor.py:186} INFO - Started process (PID=10754) to work on /home/noelsdavid/airflow_venv/lib/python3.12/site-packages/airflow/example_dags/example_external_task_marker_dag.py
[2026-05-18T06:37:08.847+0000] {processor.py:914} INFO - Processing file /home/noelsdavid/airflow_venv/lib/python3.12/site-packages/airflow/example_dags/example_external_task_marker_dag.py for tasks to queue
[2026-05-18T06:37:08.849+0000] {logging_mixin.py:190} INFO - [2026-05-18T06:37:08.848+0000] {dagbag.py:588} INFO - Filling up the DagBag from /home/noelsdavid/airflow_venv/lib/python3.12/site-packages/airflow/example_dags/example_external_task_marker_dag.py
[2026-05-18T06:37:08.861+0000] {processor.py:925} INFO - DAG(s) 'example_external_task_marker_parent', 'example_external_task_marker_child' retrieved from /home/noelsdavid/airflow_venv/lib/python3.12/site-packages/airflow/example_dags/example_external_task_marker_dag.py
[2026-05-18T06:37:08.886+0000] {logging_mixin.py:190} INFO - [2026-05-18T06:37:08.886+0000] {dag.py:3239} INFO - Sync 2 DAGs
[2026-05-18T06:37:08.903+0000] {logging_mixin.py:190} INFO - [2026-05-18T06:37:08.903+0000] {dag.py:4180} INFO - Setting next_dagrun for example_external_task_marker_child to None, run_after=None
[2026-05-18T06:37:08.908+0000] {logging_mixin.py:190} INFO - [2026-05-18T06:37:08.908+0000] {dag.py:4180} INFO - Setting next_dagrun for example_external_task_marker_parent to None, run_after=None
[2026-05-18T06:37:08.938+0000] {processor.py:208} INFO - Processing /home/noelsdavid/airflow_venv/lib/python3.12/site-packages/airflow/example_dags/example_external_task_marker_dag.py took 0.102 seconds
[2026-05-18T06:38:16.660+0000] {processor.py:186} INFO - Started process (PID=10997) to work on /home/noelsdavid/airflow_venv/lib/python3.12/site-packages/airflow/example_dags/example_external_task_marker_dag.py
[2026-05-18T06:38:16.663+0000] {processor.py:914} INFO - Processing file /home/noelsdavid/airflow_venv/lib/python3.12/site-packages/airflow/example_dags/example_external_task_marker_dag.py for tasks to queue
[2026-05-18T06:38:16.665+0000] {logging_mixin.py:190} INFO - [2026-05-18T06:38:16.664+0000] {dagbag.py:588} INFO - Filling up the DagBag from /home/noelsdavid/airflow_venv/lib/python3.12/site-packages/airflow/example_dags/example_external_task_marker_dag.py
[2026-05-18T06:38:16.678+0000] {processor.py:925} INFO - DAG(s) 'example_external_task_marker_parent', 'example_external_task_marker_child' retrieved from /home/noelsdavid/airflow_venv/lib/python3.12/site-packages/airflow/example_dags/example_external_task_marker_dag.py
[2026-05-18T06:38:16.704+0000] {logging_mixin.py:190} INFO - [2026-05-18T06:38:16.703+0000] {dag.py:3239} INFO - Sync 2 DAGs
[2026-05-18T06:38:16.720+0000] {logging_mixin.py:190} INFO - [2026-05-18T06:38:16.720+0000] {dag.py:4180} INFO - Setting next_dagrun for example_external_task_marker_child to None, run_after=None
[2026-05-18T06:38:16.724+0000] {logging_mixin.py:190} INFO - [2026-05-18T06:38:16.724+0000] {dag.py:4180} INFO - Setting next_dagrun for example_external_task_marker_parent to None, run_after=None
[2026-05-18T06:38:16.753+0000] {processor.py:208} INFO - Processing /home/noelsdavid/airflow_venv/lib/python3.12/site-packages/airflow/example_dags/example_external_task_marker_dag.py took 0.100 seconds
[2026-05-18T06:39:19.583+0000] {processor.py:186} INFO - Started process (PID=11276) to work on /home/noelsdavid/airflow_venv/lib/python3.12/site-packages/airflow/example_dags/example_external_task_marker_dag.py
[2026-05-18T06:39:19.586+0000] {processor.py:914} INFO - Processing file /home/noelsdavid/airflow_venv/lib/python3.12/site-packages/airflow/example_dags/example_external_task_marker_dag.py for tasks to queue
[2026-05-18T06:39:19.588+0000] {logging_mixin.py:190} INFO - [2026-05-18T06:39:19.587+0000] {dagbag.py:588} INFO - Filling up the DagBag from /home/noelsdavid/airflow_venv/lib/python3.12/site-packages/airflow/example_dags/example_external_task_marker_dag.py
[2026-05-18T06:39:19.600+0000] {processor.py:925} INFO - DAG(s) 'example_external_task_marker_child', 'example_external_task_marker_parent' retrieved from /home/noelsdavid/airflow_venv/lib/python3.12/site-packages/airflow/example_dags/example_external_task_marker_dag.py
[2026-05-18T06:39:19.626+0000] {logging_mixin.py:190} INFO - [2026-05-18T06:39:19.626+0000] {dag.py:3239} INFO - Sync 2 DAGs
[2026-05-18T06:39:19.645+0000] {logging_mixin.py:190} INFO - [2026-05-18T06:39:19.644+0000] {dag.py:4180} INFO - Setting next_dagrun for example_external_task_marker_child to None, run_after=None
[2026-05-18T06:39:19.650+0000] {logging_mixin.py:190} INFO - [2026-05-18T06:39:19.650+0000] {dag.py:4180} INFO - Setting next_dagrun for example_external_task_marker_parent to None, run_after=None
[2026-05-18T06:39:19.678+0000] {processor.py:208} INFO - Processing /home/noelsdavid/airflow_venv/lib/python3.12/site-packages/airflow/example_dags/example_external_task_marker_dag.py took 0.103 seconds
[2026-05-18T06:40:29.445+0000] {processor.py:186} INFO - Started process (PID=11555) to work on /home/noelsdavid/airflow_venv/lib/python3.12/site-packages/airflow/example_dags/example_external_task_marker_dag.py
[2026-05-18T06:40:29.447+0000] {processor.py:914} INFO - Processing file /home/noelsdavid/airflow_venv/lib/python3.12/site-packages/airflow/example_dags/example_external_task_marker_dag.py for tasks to queue
[2026-05-18T06:40:29.449+0000] {logging_mixin.py:190} INFO - [2026-05-18T06:40:29.449+0000] {dagbag.py:588} INFO - Filling up the DagBag from /home/noelsdavid/airflow_venv/lib/python3.12/site-packages/airflow/example_dags/example_external_task_marker_dag.py
[2026-05-18T06:40:29.463+0000] {processor.py:925} INFO - DAG(s) 'example_external_task_marker_parent', 'example_external_task_marker_child' retrieved from /home/noelsdavid/airflow_venv/lib/python3.12/site-packages/airflow/example_dags/example_external_task_marker_dag.py
[2026-05-18T06:40:29.489+0000] {logging_mixin.py:190} INFO - [2026-05-18T06:40:29.488+0000] {dag.py:3239} INFO - Sync 2 DAGs
[2026-05-18T06:40:29.507+0000] {logging_mixin.py:190} INFO - [2026-05-18T06:40:29.506+0000] {dag.py:4180} INFO - Setting next_dagrun for example_external_task_marker_child to None, run_after=None
[2026-05-18T06:40:29.511+0000] {logging_mixin.py:190} INFO - [2026-05-18T06:40:29.511+0000] {dag.py:4180} INFO - Setting next_dagrun for example_external_task_marker_parent to None, run_after=None
[2026-05-18T06:40:29.540+0000] {processor.py:208} INFO - Processing /home/noelsdavid/airflow_venv/lib/python3.12/site-packages/airflow/example_dags/example_external_task_marker_dag.py took 0.104 seconds
[2026-05-18T06:41:42.284+0000] {processor.py:186} INFO - Started process (PID=12203) to work on /home/noelsdavid/airflow_venv/lib/python3.12/site-packages/airflow/example_dags/example_external_task_marker_dag.py
[2026-05-18T06:41:42.299+0000] {processor.py:914} INFO - Processing file /home/noelsdavid/airflow_venv/lib/python3.12/site-packages/airflow/example_dags/example_external_task_marker_dag.py for tasks to queue
[2026-05-18T06:41:42.301+0000] {logging_mixin.py:190} INFO - [2026-05-18T06:41:42.300+0000] {dagbag.py:588} INFO - Filling up the DagBag from /home/noelsdavid/airflow_venv/lib/python3.12/site-packages/airflow/example_dags/example_external_task_marker_dag.py
[2026-05-18T06:41:42.315+0000] {processor.py:925} INFO - DAG(s) 'example_external_task_marker_child', 'example_external_task_marker_parent' retrieved from /home/noelsdavid/airflow_venv/lib/python3.12/site-packages/airflow/example_dags/example_external_task_marker_dag.py
[2026-05-18T06:41:42.344+0000] {logging_mixin.py:190} INFO - [2026-05-18T06:41:42.343+0000] {dag.py:3239} INFO - Sync 2 DAGs
[2026-05-18T06:41:42.363+0000] {logging_mixin.py:190} INFO - [2026-05-18T06:41:42.363+0000] {dag.py:4180} INFO - Setting next_dagrun for example_external_task_marker_child to None, run_after=None
[2026-05-18T06:41:42.368+0000] {logging_mixin.py:190} INFO - [2026-05-18T06:41:42.368+0000] {dag.py:4180} INFO - Setting next_dagrun for example_external_task_marker_parent to None, run_after=None
[2026-05-18T06:41:42.404+0000] {processor.py:208} INFO - Processing /home/noelsdavid/airflow_venv/lib/python3.12/site-packages/airflow/example_dags/example_external_task_marker_dag.py took 0.130 seconds
[2026-05-18T06:42:55.096+0000] {processor.py:186} INFO - Started process (PID=12574) to work on /home/noelsdavid/airflow_venv/lib/python3.12/site-packages/airflow/example_dags/example_external_task_marker_dag.py
[2026-05-18T06:42:55.099+0000] {processor.py:914} INFO - Processing file /home/noelsdavid/airflow_venv/lib/python3.12/site-packages/airflow/example_dags/example_external_task_marker_dag.py for tasks to queue
[2026-05-18T06:42:55.101+0000] {logging_mixin.py:190} INFO - [2026-05-18T06:42:55.101+0000] {dagbag.py:588} INFO - Filling up the DagBag from /home/noelsdavid/airflow_venv/lib/python3.12/site-packages/airflow/example_dags/example_external_task_marker_dag.py
[2026-05-18T06:42:55.114+0000] {processor.py:925} INFO - DAG(s) 'example_external_task_marker_parent', 'example_external_task_marker_child' retrieved from /home/noelsdavid/airflow_venv/lib/python3.12/site-packages/airflow/example_dags/example_external_task_marker_dag.py
[2026-05-18T06:42:55.139+0000] {logging_mixin.py:190} INFO - [2026-05-18T06:42:55.139+0000] {dag.py:3239} INFO - Sync 2 DAGs
[2026-05-18T06:42:55.156+0000] {logging_mixin.py:190} INFO - [2026-05-18T06:42:55.156+0000] {dag.py:4180} INFO - Setting next_dagrun for example_external_task_marker_child to None, run_after=None
[2026-05-18T06:42:55.161+0000] {logging_mixin.py:190} INFO - [2026-05-18T06:42:55.161+0000] {dag.py:4180} INFO - Setting next_dagrun for example_external_task_marker_parent to None, run_after=None
[2026-05-18T06:42:55.198+0000] {processor.py:208} INFO - Processing /home/noelsdavid/airflow_venv/lib/python3.12/site-packages/airflow/example_dags/example_external_task_marker_dag.py took 0.113 seconds
[2026-05-18T06:44:34.288+0000] {processor.py:186} INFO - Started process (PID=13049) to work on /home/noelsdavid/airflow_venv/lib/python3.12/site-packages/airflow/example_dags/example_external_task_marker_dag.py
[2026-05-18T06:44:34.299+0000] {processor.py:914} INFO - Processing file /home/noelsdavid/airflow_venv/lib/python3.12/site-packages/airflow/example_dags/example_external_task_marker_dag.py for tasks to queue
[2026-05-18T06:44:34.302+0000] {logging_mixin.py:190} INFO - [2026-05-18T06:44:34.301+0000] {dagbag.py:588} INFO - Filling up the DagBag from /home/noelsdavid/airflow_venv/lib/python3.12/site-packages/airflow/example_dags/example_external_task_marker_dag.py
[2026-05-18T06:44:34.315+0000] {processor.py:925} INFO - DAG(s) 'example_external_task_marker_parent', 'example_external_task_marker_child' retrieved from /home/noelsdavid/airflow_venv/lib/python3.12/site-packages/airflow/example_dags/example_external_task_marker_dag.py
[2026-05-18T06:44:34.340+0000] {logging_mixin.py:190} INFO - [2026-05-18T06:44:34.340+0000] {dag.py:3239} INFO - Sync 2 DAGs
[2026-05-18T06:44:34.357+0000] {logging_mixin.py:190} INFO - [2026-05-18T06:44:34.356+0000] {dag.py:4180} INFO - Setting next_dagrun for example_external_task_marker_child to None, run_after=None
[2026-05-18T06:44:34.361+0000] {logging_mixin.py:190} INFO - [2026-05-18T06:44:34.361+0000] {dag.py:4180} INFO - Setting next_dagrun for example_external_task_marker_parent to None, run_after=None
[2026-05-18T06:44:34.390+0000] {processor.py:208} INFO - Processing /home/noelsdavid/airflow_venv/lib/python3.12/site-packages/airflow/example_dags/example_external_task_marker_dag.py took 0.112 seconds
[2026-05-18T06:45:46.676+0000] {processor.py:186} INFO - Started process (PID=13151) to work on /home/noelsdavid/airflow_venv/lib/python3.12/site-packages/airflow/example_dags/example_external_task_marker_dag.py
[2026-05-18T06:45:46.679+0000] {processor.py:914} INFO - Processing file /home/noelsdavid/airflow_venv/lib/python3.12/site-packages/airflow/example_dags/example_external_task_marker_dag.py for tasks to queue
[2026-05-18T06:45:46.681+0000] {logging_mixin.py:190} INFO - [2026-05-18T06:45:46.680+0000] {dagbag.py:588} INFO - Filling up the DagBag from /home/noelsdavid/airflow_venv/lib/python3.12/site-packages/airflow/example_dags/example_external_task_marker_dag.py
[2026-05-18T06:45:46.694+0000] {processor.py:925} INFO - DAG(s) 'example_external_task_marker_parent', 'example_external_task_marker_child' retrieved from /home/noelsdavid/airflow_venv/lib/python3.12/site-packages/airflow/example_dags/example_external_task_marker_dag.py
[2026-05-18T06:45:46.721+0000] {logging_mixin.py:190} INFO - [2026-05-18T06:45:46.721+0000] {dag.py:3239} INFO - Sync 2 DAGs
[2026-05-18T06:45:46.739+0000] {logging_mixin.py:190} INFO - [2026-05-18T06:45:46.739+0000] {dag.py:4180} INFO - Setting next_dagrun for example_external_task_marker_child to None, run_after=None
[2026-05-18T06:45:46.744+0000] {logging_mixin.py:190} INFO - [2026-05-18T06:45:46.743+0000] {dag.py:4180} INFO - Setting next_dagrun for example_external_task_marker_parent to None, run_after=None
[2026-05-18T06:45:46.773+0000] {processor.py:208} INFO - Processing /home/noelsdavid/airflow_venv/lib/python3.12/site-packages/airflow/example_dags/example_external_task_marker_dag.py took 0.107 seconds
[2026-05-18T06:46:55.496+0000] {processor.py:186} INFO - Started process (PID=13228) to work on /home/noelsdavid/airflow_venv/lib/python3.12/site-packages/airflow/example_dags/example_external_task_marker_dag.py
[2026-05-18T06:46:55.498+0000] {processor.py:914} INFO - Processing file /home/noelsdavid/airflow_venv/lib/python3.12/site-packages/airflow/example_dags/example_external_task_marker_dag.py for tasks to queue
[2026-05-18T06:46:55.500+0000] {logging_mixin.py:190} INFO - [2026-05-18T06:46:55.499+0000] {dagbag.py:588} INFO - Filling up the DagBag from /home/noelsdavid/airflow_venv/lib/python3.12/site-packages/airflow/example_dags/example_external_task_marker_dag.py
[2026-05-18T06:46:55.516+0000] {processor.py:925} INFO - DAG(s) 'example_external_task_marker_child', 'example_external_task_marker_parent' retrieved from /home/noelsdavid/airflow_venv/lib/python3.12/site-packages/airflow/example_dags/example_external_task_marker_dag.py
[2026-05-18T06:46:55.542+0000] {logging_mixin.py:190} INFO - [2026-05-18T06:46:55.542+0000] {dag.py:3239} INFO - Sync 2 DAGs
[2026-05-18T06:46:55.560+0000] {logging_mixin.py:190} INFO - [2026-05-18T06:46:55.560+0000] {dag.py:4180} INFO - Setting next_dagrun for example_external_task_marker_child to None, run_after=None
[2026-05-18T06:46:55.565+0000] {logging_mixin.py:190} INFO - [2026-05-18T06:46:55.564+0000] {dag.py:4180} INFO - Setting next_dagrun for example_external_task_marker_parent to None, run_after=None
[2026-05-18T06:46:55.596+0000] {processor.py:208} INFO - Processing /home/noelsdavid/airflow_venv/lib/python3.12/site-packages/airflow/example_dags/example_external_task_marker_dag.py took 0.111 seconds
[2026-05-18T06:48:00.772+0000] {processor.py:186} INFO - Started process (PID=13298) to work on /home/noelsdavid/airflow_venv/lib/python3.12/site-packages/airflow/example_dags/example_external_task_marker_dag.py
[2026-05-18T06:48:00.775+0000] {processor.py:914} INFO - Processing file /home/noelsdavid/airflow_venv/lib/python3.12/site-packages/airflow/example_dags/example_external_task_marker_dag.py for tasks to queue
[2026-05-18T06:48:00.777+0000] {logging_mixin.py:190} INFO - [2026-05-18T06:48:00.776+0000] {dagbag.py:588} INFO - Filling up the DagBag from /home/noelsdavid/airflow_venv/lib/python3.12/site-packages/airflow/example_dags/example_external_task_marker_dag.py
[2026-05-18T06:48:00.789+0000] {processor.py:925} INFO - DAG(s) 'example_external_task_marker_child', 'example_external_task_marker_parent' retrieved from /home/noelsdavid/airflow_venv/lib/python3.12/site-packages/airflow/example_dags/example_external_task_marker_dag.py
[2026-05-18T06:48:00.815+0000] {logging_mixin.py:190} INFO - [2026-05-18T06:48:00.815+0000] {dag.py:3239} INFO - Sync 2 DAGs
[2026-05-18T06:48:00.833+0000] {logging_mixin.py:190} INFO - [2026-05-18T06:48:00.832+0000] {dag.py:4180} INFO - Setting next_dagrun for example_external_task_marker_child to None, run_after=None
[2026-05-18T06:48:00.837+0000] {logging_mixin.py:190} INFO - [2026-05-18T06:48:00.837+0000] {dag.py:4180} INFO - Setting next_dagrun for example_external_task_marker_parent to None, run_after=None
[2026-05-18T06:48:00.869+0000] {processor.py:208} INFO - Processing /home/noelsdavid/airflow_venv/lib/python3.12/site-packages/airflow/example_dags/example_external_task_marker_dag.py took 0.107 seconds
[2026-05-18T06:49:07.294+0000] {processor.py:186} INFO - Started process (PID=13374) to work on /home/noelsdavid/airflow_venv/lib/python3.12/site-packages/airflow/example_dags/example_external_task_marker_dag.py
[2026-05-18T06:49:07.297+0000] {processor.py:914} INFO - Processing file /home/noelsdavid/airflow_venv/lib/python3.12/site-packages/airflow/example_dags/example_external_task_marker_dag.py for tasks to queue
[2026-05-18T06:49:07.299+0000] {logging_mixin.py:190} INFO - [2026-05-18T06:49:07.298+0000] {dagbag.py:588} INFO - Filling up the DagBag from /home/noelsdavid/airflow_venv/lib/python3.12/site-packages/airflow/example_dags/example_external_task_marker_dag.py
[2026-05-18T06:49:07.312+0000] {processor.py:925} INFO - DAG(s) 'example_external_task_marker_child', 'example_external_task_marker_parent' retrieved from /home/noelsdavid/airflow_venv/lib/python3.12/site-packages/airflow/example_dags/example_external_task_marker_dag.py
[2026-05-18T06:49:07.338+0000] {logging_mixin.py:190} INFO - [2026-05-18T06:49:07.337+0000] {dag.py:3239} INFO - Sync 2 DAGs
[2026-05-18T06:49:07.354+0000] {logging_mixin.py:190} INFO - [2026-05-18T06:49:07.354+0000] {dag.py:4180} INFO - Setting next_dagrun for example_external_task_marker_child to None, run_after=None
[2026-05-18T06:49:07.358+0000] {logging_mixin.py:190} INFO - [2026-05-18T06:49:07.358+0000] {dag.py:4180} INFO - Setting next_dagrun for example_external_task_marker_parent to None, run_after=None
[2026-05-18T06:49:07.388+0000] {processor.py:208} INFO - Processing /home/noelsdavid/airflow_venv/lib/python3.12/site-packages/airflow/example_dags/example_external_task_marker_dag.py took 0.104 seconds
[2026-05-18T06:50:14.430+0000] {processor.py:186} INFO - Started process (PID=13890) to work on /home/noelsdavid/airflow_venv/lib/python3.12/site-packages/airflow/example_dags/example_external_task_marker_dag.py
[2026-05-18T06:50:14.432+0000] {processor.py:914} INFO - Processing file /home/noelsdavid/airflow_venv/lib/python3.12/site-packages/airflow/example_dags/example_external_task_marker_dag.py for tasks to queue
[2026-05-18T06:50:14.434+0000] {logging_mixin.py:190} INFO - [2026-05-18T06:50:14.433+0000] {dagbag.py:588} INFO - Filling up the DagBag from /home/noelsdavid/airflow_venv/lib/python3.12/site-packages/airflow/example_dags/example_external_task_marker_dag.py
[2026-05-18T06:50:14.447+0000] {processor.py:925} INFO - DAG(s) 'example_external_task_marker_parent', 'example_external_task_marker_child' retrieved from /home/noelsdavid/airflow_venv/lib/python3.12/site-packages/airflow/example_dags/example_external_task_marker_dag.py
[2026-05-18T06:50:14.474+0000] {logging_mixin.py:190} INFO - [2026-05-18T06:50:14.473+0000] {dag.py:3239} INFO - Sync 2 DAGs
[2026-05-18T06:50:14.493+0000] {logging_mixin.py:190} INFO - [2026-05-18T06:50:14.493+0000] {dag.py:4180} INFO - Setting next_dagrun for example_external_task_marker_child to None, run_after=None
[2026-05-18T06:50:14.497+0000] {logging_mixin.py:190} INFO - [2026-05-18T06:50:14.497+0000] {dag.py:4180} INFO - Setting next_dagrun for example_external_task_marker_parent to None, run_after=None
[2026-05-18T06:50:14.526+0000] {processor.py:208} INFO - Processing /home/noelsdavid/airflow_venv/lib/python3.12/site-packages/airflow/example_dags/example_external_task_marker_dag.py took 0.106 seconds
