[2026-05-18T06:01:08.497+0000] {processor.py:186} INFO - Started process (PID=6941) to work on /home/noelsdavid/airflow_venv/lib/python3.12/site-packages/airflow/example_dags/example_complex.py
[2026-05-18T06:01:08.498+0000] {processor.py:914} INFO - Processing file /home/noelsdavid/airflow_venv/lib/python3.12/site-packages/airflow/example_dags/example_complex.py for tasks to queue
[2026-05-18T06:01:08.500+0000] {logging_mixin.py:190} INFO - [2026-05-18T06:01:08.500+0000] {dagbag.py:588} INFO - Filling up the DagBag from /home/noelsdavid/airflow_venv/lib/python3.12/site-packages/airflow/example_dags/example_complex.py
[2026-05-18T06:01:08.517+0000] {processor.py:925} INFO - DAG(s) 'example_complex' retrieved from /home/noelsdavid/airflow_venv/lib/python3.12/site-packages/airflow/example_dags/example_complex.py
[2026-05-18T06:01:08.667+0000] {logging_mixin.py:190} INFO - [2026-05-18T06:01:08.666+0000] {override.py:1911} INFO - Created Permission View: can edit on DAG:example_complex
[2026-05-18T06:01:08.685+0000] {logging_mixin.py:190} INFO - [2026-05-18T06:01:08.684+0000] {override.py:1911} INFO - Created Permission View: can delete on DAG:example_complex
[2026-05-18T06:01:08.700+0000] {logging_mixin.py:190} INFO - [2026-05-18T06:01:08.700+0000] {override.py:1911} INFO - Created Permission View: can read on DAG:example_complex
[2026-05-18T06:01:08.723+0000] {logging_mixin.py:190} INFO - [2026-05-18T06:01:08.722+0000] {override.py:1911} INFO - Created Permission View: can delete on DAG Run:example_complex
[2026-05-18T06:01:08.737+0000] {logging_mixin.py:190} INFO - [2026-05-18T06:01:08.737+0000] {override.py:1911} INFO - Created Permission View: menu access on DAG Run:example_complex
[2026-05-18T06:01:08.751+0000] {logging_mixin.py:190} INFO - [2026-05-18T06:01:08.750+0000] {override.py:1911} INFO - Created Permission View: can create on DAG Run:example_complex
[2026-05-18T06:01:08.764+0000] {logging_mixin.py:190} INFO - [2026-05-18T06:01:08.763+0000] {override.py:1911} INFO - Created Permission View: can read on DAG Run:example_complex
[2026-05-18T06:01:08.764+0000] {logging_mixin.py:190} INFO - [2026-05-18T06:01:08.764+0000] {dag.py:3239} INFO - Sync 1 DAGs
[2026-05-18T06:01:08.778+0000] {logging_mixin.py:190} INFO - [2026-05-18T06:01:08.778+0000] {dag.py:3262} INFO - Creating ORM DAG for example_complex
[2026-05-18T06:01:08.779+0000] {logging_mixin.py:190} INFO - [2026-05-18T06:01:08.779+0000] {dag.py:4180} INFO - Setting next_dagrun for example_complex to None, run_after=None
[2026-05-18T06:01:08.808+0000] {processor.py:208} INFO - Processing /home/noelsdavid/airflow_venv/lib/python3.12/site-packages/airflow/example_dags/example_complex.py took 0.319 seconds
[2026-05-18T06:02:15.829+0000] {processor.py:186} INFO - Started process (PID=7005) to work on /home/noelsdavid/airflow_venv/lib/python3.12/site-packages/airflow/example_dags/example_complex.py
[2026-05-18T06:02:15.831+0000] {processor.py:914} INFO - Processing file /home/noelsdavid/airflow_venv/lib/python3.12/site-packages/airflow/example_dags/example_complex.py for tasks to queue
[2026-05-18T06:02:15.834+0000] {logging_mixin.py:190} INFO - [2026-05-18T06:02:15.833+0000] {dagbag.py:588} INFO - Filling up the DagBag from /home/noelsdavid/airflow_venv/lib/python3.12/site-packages/airflow/example_dags/example_complex.py
[2026-05-18T06:02:15.850+0000] {processor.py:925} INFO - DAG(s) 'example_complex' retrieved from /home/noelsdavid/airflow_venv/lib/python3.12/site-packages/airflow/example_dags/example_complex.py
[2026-05-18T06:02:15.884+0000] {logging_mixin.py:190} INFO - [2026-05-18T06:02:15.884+0000] {dag.py:3239} INFO - Sync 1 DAGs
[2026-05-18T06:02:15.899+0000] {logging_mixin.py:190} INFO - [2026-05-18T06:02:15.899+0000] {dag.py:4180} INFO - Setting next_dagrun for example_complex to None, run_after=None
[2026-05-18T06:02:15.928+0000] {processor.py:208} INFO - Processing /home/noelsdavid/airflow_venv/lib/python3.12/site-packages/airflow/example_dags/example_complex.py took 0.106 seconds
[2026-05-18T06:03:14.779+0000] {processor.py:186} INFO - Started process (PID=7064) to work on /home/noelsdavid/airflow_venv/lib/python3.12/site-packages/airflow/example_dags/example_complex.py
[2026-05-18T06:03:14.782+0000] {processor.py:914} INFO - Processing file /home/noelsdavid/airflow_venv/lib/python3.12/site-packages/airflow/example_dags/example_complex.py for tasks to queue
[2026-05-18T06:03:14.785+0000] {logging_mixin.py:190} INFO - [2026-05-18T06:03:14.784+0000] {dagbag.py:588} INFO - Filling up the DagBag from /home/noelsdavid/airflow_venv/lib/python3.12/site-packages/airflow/example_dags/example_complex.py
[2026-05-18T06:03:14.801+0000] {processor.py:925} INFO - DAG(s) 'example_complex' retrieved from /home/noelsdavid/airflow_venv/lib/python3.12/site-packages/airflow/example_dags/example_complex.py
[2026-05-18T06:03:14.835+0000] {logging_mixin.py:190} INFO - [2026-05-18T06:03:14.835+0000] {dag.py:3239} INFO - Sync 1 DAGs
[2026-05-18T06:03:14.852+0000] {logging_mixin.py:190} INFO - [2026-05-18T06:03:14.852+0000] {dag.py:4180} INFO - Setting next_dagrun for example_complex to None, run_after=None
[2026-05-18T06:03:14.883+0000] {processor.py:208} INFO - Processing /home/noelsdavid/airflow_venv/lib/python3.12/site-packages/airflow/example_dags/example_complex.py took 0.111 seconds
[2026-05-18T06:04:15.755+0000] {processor.py:186} INFO - Started process (PID=7124) to work on /home/noelsdavid/airflow_venv/lib/python3.12/site-packages/airflow/example_dags/example_complex.py
[2026-05-18T06:04:15.757+0000] {processor.py:914} INFO - Processing file /home/noelsdavid/airflow_venv/lib/python3.12/site-packages/airflow/example_dags/example_complex.py for tasks to queue
[2026-05-18T06:04:15.760+0000] {logging_mixin.py:190} INFO - [2026-05-18T06:04:15.760+0000] {dagbag.py:588} INFO - Filling up the DagBag from /home/noelsdavid/airflow_venv/lib/python3.12/site-packages/airflow/example_dags/example_complex.py
[2026-05-18T06:04:15.776+0000] {processor.py:925} INFO - DAG(s) 'example_complex' retrieved from /home/noelsdavid/airflow_venv/lib/python3.12/site-packages/airflow/example_dags/example_complex.py
[2026-05-18T06:04:15.812+0000] {logging_mixin.py:190} INFO - [2026-05-18T06:04:15.811+0000] {dag.py:3239} INFO - Sync 1 DAGs
[2026-05-18T06:04:15.829+0000] {logging_mixin.py:190} INFO - [2026-05-18T06:04:15.828+0000] {dag.py:4180} INFO - Setting next_dagrun for example_complex to None, run_after=None
[2026-05-18T06:04:15.859+0000] {processor.py:208} INFO - Processing /home/noelsdavid/airflow_venv/lib/python3.12/site-packages/airflow/example_dags/example_complex.py took 0.112 seconds
[2026-05-18T06:05:21.012+0000] {processor.py:186} INFO - Started process (PID=7211) to work on /home/noelsdavid/airflow_venv/lib/python3.12/site-packages/airflow/example_dags/example_complex.py
[2026-05-18T06:05:21.014+0000] {processor.py:914} INFO - Processing file /home/noelsdavid/airflow_venv/lib/python3.12/site-packages/airflow/example_dags/example_complex.py for tasks to queue
[2026-05-18T06:05:21.017+0000] {logging_mixin.py:190} INFO - [2026-05-18T06:05:21.017+0000] {dagbag.py:588} INFO - Filling up the DagBag from /home/noelsdavid/airflow_venv/lib/python3.12/site-packages/airflow/example_dags/example_complex.py
[2026-05-18T06:05:21.033+0000] {processor.py:925} INFO - DAG(s) 'example_complex' retrieved from /home/noelsdavid/airflow_venv/lib/python3.12/site-packages/airflow/example_dags/example_complex.py
[2026-05-18T06:05:21.068+0000] {logging_mixin.py:190} INFO - [2026-05-18T06:05:21.067+0000] {dag.py:3239} INFO - Sync 1 DAGs
[2026-05-18T06:05:21.246+0000] {logging_mixin.py:190} INFO - [2026-05-18T06:05:21.246+0000] {dag.py:4180} INFO - Setting next_dagrun for example_complex to None, run_after=None
[2026-05-18T06:05:21.275+0000] {processor.py:208} INFO - Processing /home/noelsdavid/airflow_venv/lib/python3.12/site-packages/airflow/example_dags/example_complex.py took 0.271 seconds
[2026-05-18T06:06:30.606+0000] {processor.py:186} INFO - Started process (PID=7277) to work on /home/noelsdavid/airflow_venv/lib/python3.12/site-packages/airflow/example_dags/example_complex.py
[2026-05-18T06:06:30.609+0000] {processor.py:914} INFO - Processing file /home/noelsdavid/airflow_venv/lib/python3.12/site-packages/airflow/example_dags/example_complex.py for tasks to queue
[2026-05-18T06:06:30.613+0000] {logging_mixin.py:190} INFO - [2026-05-18T06:06:30.613+0000] {dagbag.py:588} INFO - Filling up the DagBag from /home/noelsdavid/airflow_venv/lib/python3.12/site-packages/airflow/example_dags/example_complex.py
[2026-05-18T06:06:30.631+0000] {processor.py:925} INFO - DAG(s) 'example_complex' retrieved from /home/noelsdavid/airflow_venv/lib/python3.12/site-packages/airflow/example_dags/example_complex.py
[2026-05-18T06:06:30.671+0000] {logging_mixin.py:190} INFO - [2026-05-18T06:06:30.670+0000] {dag.py:3239} INFO - Sync 1 DAGs
[2026-05-18T06:06:30.687+0000] {logging_mixin.py:190} INFO - [2026-05-18T06:06:30.687+0000] {dag.py:4180} INFO - Setting next_dagrun for example_complex to None, run_after=None
[2026-05-18T06:06:30.719+0000] {processor.py:208} INFO - Processing /home/noelsdavid/airflow_venv/lib/python3.12/site-packages/airflow/example_dags/example_complex.py took 0.122 seconds
[2026-05-18T06:07:28.524+0000] {processor.py:186} INFO - Started process (PID=7336) to work on /home/noelsdavid/airflow_venv/lib/python3.12/site-packages/airflow/example_dags/example_complex.py
[2026-05-18T06:07:28.527+0000] {processor.py:914} INFO - Processing file /home/noelsdavid/airflow_venv/lib/python3.12/site-packages/airflow/example_dags/example_complex.py for tasks to queue
[2026-05-18T06:07:28.530+0000] {logging_mixin.py:190} INFO - [2026-05-18T06:07:28.530+0000] {dagbag.py:588} INFO - Filling up the DagBag from /home/noelsdavid/airflow_venv/lib/python3.12/site-packages/airflow/example_dags/example_complex.py
[2026-05-18T06:07:28.548+0000] {processor.py:925} INFO - DAG(s) 'example_complex' retrieved from /home/noelsdavid/airflow_venv/lib/python3.12/site-packages/airflow/example_dags/example_complex.py
[2026-05-18T06:07:28.584+0000] {logging_mixin.py:190} INFO - [2026-05-18T06:07:28.584+0000] {dag.py:3239} INFO - Sync 1 DAGs
[2026-05-18T06:07:28.603+0000] {logging_mixin.py:190} INFO - [2026-05-18T06:07:28.603+0000] {dag.py:4180} INFO - Setting next_dagrun for example_complex to None, run_after=None
[2026-05-18T06:07:28.639+0000] {processor.py:208} INFO - Processing /home/noelsdavid/airflow_venv/lib/python3.12/site-packages/airflow/example_dags/example_complex.py took 0.123 seconds
[2026-05-18T06:08:31.173+0000] {processor.py:186} INFO - Started process (PID=7393) to work on /home/noelsdavid/airflow_venv/lib/python3.12/site-packages/airflow/example_dags/example_complex.py
[2026-05-18T06:08:31.175+0000] {processor.py:914} INFO - Processing file /home/noelsdavid/airflow_venv/lib/python3.12/site-packages/airflow/example_dags/example_complex.py for tasks to queue
[2026-05-18T06:08:31.179+0000] {logging_mixin.py:190} INFO - [2026-05-18T06:08:31.178+0000] {dagbag.py:588} INFO - Filling up the DagBag from /home/noelsdavid/airflow_venv/lib/python3.12/site-packages/airflow/example_dags/example_complex.py
[2026-05-18T06:08:31.196+0000] {processor.py:925} INFO - DAG(s) 'example_complex' retrieved from /home/noelsdavid/airflow_venv/lib/python3.12/site-packages/airflow/example_dags/example_complex.py
[2026-05-18T06:08:31.231+0000] {logging_mixin.py:190} INFO - [2026-05-18T06:08:31.231+0000] {dag.py:3239} INFO - Sync 1 DAGs
[2026-05-18T06:08:31.248+0000] {logging_mixin.py:190} INFO - [2026-05-18T06:08:31.247+0000] {dag.py:4180} INFO - Setting next_dagrun for example_complex to None, run_after=None
[2026-05-18T06:08:31.278+0000] {processor.py:208} INFO - Processing /home/noelsdavid/airflow_venv/lib/python3.12/site-packages/airflow/example_dags/example_complex.py took 0.113 seconds
[2026-05-18T06:09:34.946+0000] {processor.py:186} INFO - Started process (PID=7455) to work on /home/noelsdavid/airflow_venv/lib/python3.12/site-packages/airflow/example_dags/example_complex.py
[2026-05-18T06:09:34.948+0000] {processor.py:914} INFO - Processing file /home/noelsdavid/airflow_venv/lib/python3.12/site-packages/airflow/example_dags/example_complex.py for tasks to queue
[2026-05-18T06:09:34.952+0000] {logging_mixin.py:190} INFO - [2026-05-18T06:09:34.951+0000] {dagbag.py:588} INFO - Filling up the DagBag from /home/noelsdavid/airflow_venv/lib/python3.12/site-packages/airflow/example_dags/example_complex.py
[2026-05-18T06:09:34.969+0000] {processor.py:925} INFO - DAG(s) 'example_complex' retrieved from /home/noelsdavid/airflow_venv/lib/python3.12/site-packages/airflow/example_dags/example_complex.py
[2026-05-18T06:09:35.007+0000] {logging_mixin.py:190} INFO - [2026-05-18T06:09:35.007+0000] {dag.py:3239} INFO - Sync 1 DAGs
[2026-05-18T06:09:35.025+0000] {logging_mixin.py:190} INFO - [2026-05-18T06:09:35.025+0000] {dag.py:4180} INFO - Setting next_dagrun for example_complex to None, run_after=None
[2026-05-18T06:09:35.066+0000] {processor.py:208} INFO - Processing /home/noelsdavid/airflow_venv/lib/python3.12/site-packages/airflow/example_dags/example_complex.py took 0.129 seconds
[2026-05-18T06:10:35.981+0000] {processor.py:186} INFO - Started process (PID=7540) to work on /home/noelsdavid/airflow_venv/lib/python3.12/site-packages/airflow/example_dags/example_complex.py
[2026-05-18T06:10:35.992+0000] {processor.py:914} INFO - Processing file /home/noelsdavid/airflow_venv/lib/python3.12/site-packages/airflow/example_dags/example_complex.py for tasks to queue
[2026-05-18T06:10:35.995+0000] {logging_mixin.py:190} INFO - [2026-05-18T06:10:35.995+0000] {dagbag.py:588} INFO - Filling up the DagBag from /home/noelsdavid/airflow_venv/lib/python3.12/site-packages/airflow/example_dags/example_complex.py
[2026-05-18T06:10:36.015+0000] {processor.py:925} INFO - DAG(s) 'example_complex' retrieved from /home/noelsdavid/airflow_venv/lib/python3.12/site-packages/airflow/example_dags/example_complex.py
[2026-05-18T06:10:36.051+0000] {logging_mixin.py:190} INFO - [2026-05-18T06:10:36.051+0000] {dag.py:3239} INFO - Sync 1 DAGs
[2026-05-18T06:10:36.067+0000] {logging_mixin.py:190} INFO - [2026-05-18T06:10:36.067+0000] {dag.py:4180} INFO - Setting next_dagrun for example_complex to None, run_after=None
[2026-05-18T06:10:36.098+0000] {processor.py:208} INFO - Processing /home/noelsdavid/airflow_venv/lib/python3.12/site-packages/airflow/example_dags/example_complex.py took 0.125 seconds
[2026-05-18T06:11:35.948+0000] {processor.py:186} INFO - Started process (PID=7599) to work on /home/noelsdavid/airflow_venv/lib/python3.12/site-packages/airflow/example_dags/example_complex.py
[2026-05-18T06:11:35.951+0000] {processor.py:914} INFO - Processing file /home/noelsdavid/airflow_venv/lib/python3.12/site-packages/airflow/example_dags/example_complex.py for tasks to queue
[2026-05-18T06:11:35.954+0000] {logging_mixin.py:190} INFO - [2026-05-18T06:11:35.953+0000] {dagbag.py:588} INFO - Filling up the DagBag from /home/noelsdavid/airflow_venv/lib/python3.12/site-packages/airflow/example_dags/example_complex.py
[2026-05-18T06:11:35.971+0000] {processor.py:925} INFO - DAG(s) 'example_complex' retrieved from /home/noelsdavid/airflow_venv/lib/python3.12/site-packages/airflow/example_dags/example_complex.py
[2026-05-18T06:11:36.008+0000] {logging_mixin.py:190} INFO - [2026-05-18T06:11:36.007+0000] {dag.py:3239} INFO - Sync 1 DAGs
[2026-05-18T06:11:36.024+0000] {logging_mixin.py:190} INFO - [2026-05-18T06:11:36.024+0000] {dag.py:4180} INFO - Setting next_dagrun for example_complex to None, run_after=None
[2026-05-18T06:11:36.056+0000] {processor.py:208} INFO - Processing /home/noelsdavid/airflow_venv/lib/python3.12/site-packages/airflow/example_dags/example_complex.py took 0.116 seconds
[2026-05-18T06:12:34.731+0000] {processor.py:186} INFO - Started process (PID=7656) to work on /home/noelsdavid/airflow_venv/lib/python3.12/site-packages/airflow/example_dags/example_complex.py
[2026-05-18T06:12:34.733+0000] {processor.py:914} INFO - Processing file /home/noelsdavid/airflow_venv/lib/python3.12/site-packages/airflow/example_dags/example_complex.py for tasks to queue
[2026-05-18T06:12:34.736+0000] {logging_mixin.py:190} INFO - [2026-05-18T06:12:34.736+0000] {dagbag.py:588} INFO - Filling up the DagBag from /home/noelsdavid/airflow_venv/lib/python3.12/site-packages/airflow/example_dags/example_complex.py
[2026-05-18T06:12:34.753+0000] {processor.py:925} INFO - DAG(s) 'example_complex' retrieved from /home/noelsdavid/airflow_venv/lib/python3.12/site-packages/airflow/example_dags/example_complex.py
[2026-05-18T06:12:34.787+0000] {logging_mixin.py:190} INFO - [2026-05-18T06:12:34.787+0000] {dag.py:3239} INFO - Sync 1 DAGs
[2026-05-18T06:12:34.805+0000] {logging_mixin.py:190} INFO - [2026-05-18T06:12:34.804+0000] {dag.py:4180} INFO - Setting next_dagrun for example_complex to None, run_after=None
[2026-05-18T06:12:34.834+0000] {processor.py:208} INFO - Processing /home/noelsdavid/airflow_venv/lib/python3.12/site-packages/airflow/example_dags/example_complex.py took 0.111 seconds
[2026-05-18T06:13:35.737+0000] {processor.py:186} INFO - Started process (PID=7715) to work on /home/noelsdavid/airflow_venv/lib/python3.12/site-packages/airflow/example_dags/example_complex.py
[2026-05-18T06:13:35.739+0000] {processor.py:914} INFO - Processing file /home/noelsdavid/airflow_venv/lib/python3.12/site-packages/airflow/example_dags/example_complex.py for tasks to queue
[2026-05-18T06:13:35.743+0000] {logging_mixin.py:190} INFO - [2026-05-18T06:13:35.742+0000] {dagbag.py:588} INFO - Filling up the DagBag from /home/noelsdavid/airflow_venv/lib/python3.12/site-packages/airflow/example_dags/example_complex.py
[2026-05-18T06:13:35.760+0000] {processor.py:925} INFO - DAG(s) 'example_complex' retrieved from /home/noelsdavid/airflow_venv/lib/python3.12/site-packages/airflow/example_dags/example_complex.py
[2026-05-18T06:13:35.795+0000] {logging_mixin.py:190} INFO - [2026-05-18T06:13:35.794+0000] {dag.py:3239} INFO - Sync 1 DAGs
[2026-05-18T06:13:35.811+0000] {logging_mixin.py:190} INFO - [2026-05-18T06:13:35.811+0000] {dag.py:4180} INFO - Setting next_dagrun for example_complex to None, run_after=None
[2026-05-18T06:13:35.841+0000] {processor.py:208} INFO - Processing /home/noelsdavid/airflow_venv/lib/python3.12/site-packages/airflow/example_dags/example_complex.py took 0.111 seconds
[2026-05-18T06:14:36.770+0000] {processor.py:186} INFO - Started process (PID=7775) to work on /home/noelsdavid/airflow_venv/lib/python3.12/site-packages/airflow/example_dags/example_complex.py
[2026-05-18T06:14:36.772+0000] {processor.py:914} INFO - Processing file /home/noelsdavid/airflow_venv/lib/python3.12/site-packages/airflow/example_dags/example_complex.py for tasks to queue
[2026-05-18T06:14:36.776+0000] {logging_mixin.py:190} INFO - [2026-05-18T06:14:36.775+0000] {dagbag.py:588} INFO - Filling up the DagBag from /home/noelsdavid/airflow_venv/lib/python3.12/site-packages/airflow/example_dags/example_complex.py
[2026-05-18T06:14:36.793+0000] {processor.py:925} INFO - DAG(s) 'example_complex' retrieved from /home/noelsdavid/airflow_venv/lib/python3.12/site-packages/airflow/example_dags/example_complex.py
[2026-05-18T06:14:36.827+0000] {logging_mixin.py:190} INFO - [2026-05-18T06:14:36.827+0000] {dag.py:3239} INFO - Sync 1 DAGs
[2026-05-18T06:14:36.844+0000] {logging_mixin.py:190} INFO - [2026-05-18T06:14:36.844+0000] {dag.py:4180} INFO - Setting next_dagrun for example_complex to None, run_after=None
[2026-05-18T06:14:36.873+0000] {processor.py:208} INFO - Processing /home/noelsdavid/airflow_venv/lib/python3.12/site-packages/airflow/example_dags/example_complex.py took 0.111 seconds
[2026-05-18T06:15:40.465+0000] {processor.py:186} INFO - Started process (PID=7933) to work on /home/noelsdavid/airflow_venv/lib/python3.12/site-packages/airflow/example_dags/example_complex.py
[2026-05-18T06:15:40.467+0000] {processor.py:914} INFO - Processing file /home/noelsdavid/airflow_venv/lib/python3.12/site-packages/airflow/example_dags/example_complex.py for tasks to queue
[2026-05-18T06:15:40.471+0000] {logging_mixin.py:190} INFO - [2026-05-18T06:15:40.470+0000] {dagbag.py:588} INFO - Filling up the DagBag from /home/noelsdavid/airflow_venv/lib/python3.12/site-packages/airflow/example_dags/example_complex.py
[2026-05-18T06:15:40.488+0000] {processor.py:925} INFO - DAG(s) 'example_complex' retrieved from /home/noelsdavid/airflow_venv/lib/python3.12/site-packages/airflow/example_dags/example_complex.py
[2026-05-18T06:15:40.527+0000] {logging_mixin.py:190} INFO - [2026-05-18T06:15:40.527+0000] {dag.py:3239} INFO - Sync 1 DAGs
[2026-05-18T06:15:40.545+0000] {logging_mixin.py:190} INFO - [2026-05-18T06:15:40.545+0000] {dag.py:4180} INFO - Setting next_dagrun for example_complex to None, run_after=None
[2026-05-18T06:15:40.578+0000] {processor.py:208} INFO - Processing /home/noelsdavid/airflow_venv/lib/python3.12/site-packages/airflow/example_dags/example_complex.py took 0.122 seconds
[2026-05-18T06:16:43.855+0000] {processor.py:186} INFO - Started process (PID=8064) to work on /home/noelsdavid/airflow_venv/lib/python3.12/site-packages/airflow/example_dags/example_complex.py
[2026-05-18T06:16:43.857+0000] {processor.py:914} INFO - Processing file /home/noelsdavid/airflow_venv/lib/python3.12/site-packages/airflow/example_dags/example_complex.py for tasks to queue
[2026-05-18T06:16:43.860+0000] {logging_mixin.py:190} INFO - [2026-05-18T06:16:43.860+0000] {dagbag.py:588} INFO - Filling up the DagBag from /home/noelsdavid/airflow_venv/lib/python3.12/site-packages/airflow/example_dags/example_complex.py
[2026-05-18T06:16:43.877+0000] {processor.py:925} INFO - DAG(s) 'example_complex' retrieved from /home/noelsdavid/airflow_venv/lib/python3.12/site-packages/airflow/example_dags/example_complex.py
[2026-05-18T06:16:43.916+0000] {logging_mixin.py:190} INFO - [2026-05-18T06:16:43.915+0000] {dag.py:3239} INFO - Sync 1 DAGs
[2026-05-18T06:16:43.933+0000] {logging_mixin.py:190} INFO - [2026-05-18T06:16:43.932+0000] {dag.py:4180} INFO - Setting next_dagrun for example_complex to None, run_after=None
[2026-05-18T06:16:43.964+0000] {processor.py:208} INFO - Processing /home/noelsdavid/airflow_venv/lib/python3.12/site-packages/airflow/example_dags/example_complex.py took 0.117 seconds
[2026-05-18T06:17:47.551+0000] {processor.py:186} INFO - Started process (PID=8376) to work on /home/noelsdavid/airflow_venv/lib/python3.12/site-packages/airflow/example_dags/example_complex.py
[2026-05-18T06:17:47.556+0000] {processor.py:914} INFO - Processing file /home/noelsdavid/airflow_venv/lib/python3.12/site-packages/airflow/example_dags/example_complex.py for tasks to queue
[2026-05-18T06:17:47.559+0000] {logging_mixin.py:190} INFO - [2026-05-18T06:17:47.559+0000] {dagbag.py:588} INFO - Filling up the DagBag from /home/noelsdavid/airflow_venv/lib/python3.12/site-packages/airflow/example_dags/example_complex.py
[2026-05-18T06:17:47.576+0000] {processor.py:925} INFO - DAG(s) 'example_complex' retrieved from /home/noelsdavid/airflow_venv/lib/python3.12/site-packages/airflow/example_dags/example_complex.py
[2026-05-18T06:17:47.614+0000] {logging_mixin.py:190} INFO - [2026-05-18T06:17:47.614+0000] {dag.py:3239} INFO - Sync 1 DAGs
[2026-05-18T06:17:47.630+0000] {logging_mixin.py:190} INFO - [2026-05-18T06:17:47.630+0000] {dag.py:4180} INFO - Setting next_dagrun for example_complex to None, run_after=None
[2026-05-18T06:17:47.661+0000] {processor.py:208} INFO - Processing /home/noelsdavid/airflow_venv/lib/python3.12/site-packages/airflow/example_dags/example_complex.py took 0.118 seconds
[2026-05-18T06:18:45.850+0000] {processor.py:186} INFO - Started process (PID=8489) to work on /home/noelsdavid/airflow_venv/lib/python3.12/site-packages/airflow/example_dags/example_complex.py
[2026-05-18T06:18:45.853+0000] {processor.py:914} INFO - Processing file /home/noelsdavid/airflow_venv/lib/python3.12/site-packages/airflow/example_dags/example_complex.py for tasks to queue
[2026-05-18T06:18:45.856+0000] {logging_mixin.py:190} INFO - [2026-05-18T06:18:45.855+0000] {dagbag.py:588} INFO - Filling up the DagBag from /home/noelsdavid/airflow_venv/lib/python3.12/site-packages/airflow/example_dags/example_complex.py
[2026-05-18T06:18:45.873+0000] {processor.py:925} INFO - DAG(s) 'example_complex' retrieved from /home/noelsdavid/airflow_venv/lib/python3.12/site-packages/airflow/example_dags/example_complex.py
[2026-05-18T06:18:45.907+0000] {logging_mixin.py:190} INFO - [2026-05-18T06:18:45.907+0000] {dag.py:3239} INFO - Sync 1 DAGs
[2026-05-18T06:18:45.923+0000] {logging_mixin.py:190} INFO - [2026-05-18T06:18:45.922+0000] {dag.py:4180} INFO - Setting next_dagrun for example_complex to None, run_after=None
[2026-05-18T06:18:45.953+0000] {processor.py:208} INFO - Processing /home/noelsdavid/airflow_venv/lib/python3.12/site-packages/airflow/example_dags/example_complex.py took 0.110 seconds
[2026-05-18T06:19:46.124+0000] {processor.py:186} INFO - Started process (PID=8548) to work on /home/noelsdavid/airflow_venv/lib/python3.12/site-packages/airflow/example_dags/example_complex.py
[2026-05-18T06:19:46.127+0000] {processor.py:914} INFO - Processing file /home/noelsdavid/airflow_venv/lib/python3.12/site-packages/airflow/example_dags/example_complex.py for tasks to queue
[2026-05-18T06:19:46.131+0000] {logging_mixin.py:190} INFO - [2026-05-18T06:19:46.130+0000] {dagbag.py:588} INFO - Filling up the DagBag from /home/noelsdavid/airflow_venv/lib/python3.12/site-packages/airflow/example_dags/example_complex.py
[2026-05-18T06:19:46.149+0000] {processor.py:925} INFO - DAG(s) 'example_complex' retrieved from /home/noelsdavid/airflow_venv/lib/python3.12/site-packages/airflow/example_dags/example_complex.py
[2026-05-18T06:19:46.185+0000] {logging_mixin.py:190} INFO - [2026-05-18T06:19:46.184+0000] {dag.py:3239} INFO - Sync 1 DAGs
[2026-05-18T06:19:46.202+0000] {logging_mixin.py:190} INFO - [2026-05-18T06:19:46.202+0000] {dag.py:4180} INFO - Setting next_dagrun for example_complex to None, run_after=None
[2026-05-18T06:19:46.240+0000] {processor.py:208} INFO - Processing /home/noelsdavid/airflow_venv/lib/python3.12/site-packages/airflow/example_dags/example_complex.py took 0.124 seconds
[2026-05-18T06:20:49.881+0000] {processor.py:186} INFO - Started process (PID=8637) to work on /home/noelsdavid/airflow_venv/lib/python3.12/site-packages/airflow/example_dags/example_complex.py
[2026-05-18T06:20:49.884+0000] {processor.py:914} INFO - Processing file /home/noelsdavid/airflow_venv/lib/python3.12/site-packages/airflow/example_dags/example_complex.py for tasks to queue
[2026-05-18T06:20:49.887+0000] {logging_mixin.py:190} INFO - [2026-05-18T06:20:49.886+0000] {dagbag.py:588} INFO - Filling up the DagBag from /home/noelsdavid/airflow_venv/lib/python3.12/site-packages/airflow/example_dags/example_complex.py
[2026-05-18T06:20:49.903+0000] {processor.py:925} INFO - DAG(s) 'example_complex' retrieved from /home/noelsdavid/airflow_venv/lib/python3.12/site-packages/airflow/example_dags/example_complex.py
[2026-05-18T06:20:49.940+0000] {logging_mixin.py:190} INFO - [2026-05-18T06:20:49.940+0000] {dag.py:3239} INFO - Sync 1 DAGs
[2026-05-18T06:20:49.957+0000] {logging_mixin.py:190} INFO - [2026-05-18T06:20:49.957+0000] {dag.py:4180} INFO - Setting next_dagrun for example_complex to None, run_after=None
[2026-05-18T06:20:49.987+0000] {processor.py:208} INFO - Processing /home/noelsdavid/airflow_venv/lib/python3.12/site-packages/airflow/example_dags/example_complex.py took 0.113 seconds
[2026-05-18T06:21:53.703+0000] {processor.py:186} INFO - Started process (PID=8699) to work on /home/noelsdavid/airflow_venv/lib/python3.12/site-packages/airflow/example_dags/example_complex.py
[2026-05-18T06:21:53.705+0000] {processor.py:914} INFO - Processing file /home/noelsdavid/airflow_venv/lib/python3.12/site-packages/airflow/example_dags/example_complex.py for tasks to queue
[2026-05-18T06:21:53.707+0000] {logging_mixin.py:190} INFO - [2026-05-18T06:21:53.707+0000] {dagbag.py:588} INFO - Filling up the DagBag from /home/noelsdavid/airflow_venv/lib/python3.12/site-packages/airflow/example_dags/example_complex.py
[2026-05-18T06:21:53.724+0000] {processor.py:925} INFO - DAG(s) 'example_complex' retrieved from /home/noelsdavid/airflow_venv/lib/python3.12/site-packages/airflow/example_dags/example_complex.py
[2026-05-18T06:21:53.758+0000] {logging_mixin.py:190} INFO - [2026-05-18T06:21:53.757+0000] {dag.py:3239} INFO - Sync 1 DAGs
[2026-05-18T06:21:53.774+0000] {logging_mixin.py:190} INFO - [2026-05-18T06:21:53.774+0000] {dag.py:4180} INFO - Setting next_dagrun for example_complex to None, run_after=None
[2026-05-18T06:21:53.803+0000] {processor.py:208} INFO - Processing /home/noelsdavid/airflow_venv/lib/python3.12/site-packages/airflow/example_dags/example_complex.py took 0.108 seconds
[2026-05-18T06:22:58.200+0000] {processor.py:186} INFO - Started process (PID=8760) to work on /home/noelsdavid/airflow_venv/lib/python3.12/site-packages/airflow/example_dags/example_complex.py
[2026-05-18T06:22:58.204+0000] {processor.py:914} INFO - Processing file /home/noelsdavid/airflow_venv/lib/python3.12/site-packages/airflow/example_dags/example_complex.py for tasks to queue
[2026-05-18T06:22:58.206+0000] {logging_mixin.py:190} INFO - [2026-05-18T06:22:58.205+0000] {dagbag.py:588} INFO - Filling up the DagBag from /home/noelsdavid/airflow_venv/lib/python3.12/site-packages/airflow/example_dags/example_complex.py
[2026-05-18T06:22:58.223+0000] {processor.py:925} INFO - DAG(s) 'example_complex' retrieved from /home/noelsdavid/airflow_venv/lib/python3.12/site-packages/airflow/example_dags/example_complex.py
[2026-05-18T06:22:58.257+0000] {logging_mixin.py:190} INFO - [2026-05-18T06:22:58.257+0000] {dag.py:3239} INFO - Sync 1 DAGs
[2026-05-18T06:22:58.274+0000] {logging_mixin.py:190} INFO - [2026-05-18T06:22:58.273+0000] {dag.py:4180} INFO - Setting next_dagrun for example_complex to None, run_after=None
[2026-05-18T06:22:58.305+0000] {processor.py:208} INFO - Processing /home/noelsdavid/airflow_venv/lib/python3.12/site-packages/airflow/example_dags/example_complex.py took 0.114 seconds
[2026-05-18T06:24:02.081+0000] {processor.py:186} INFO - Started process (PID=8822) to work on /home/noelsdavid/airflow_venv/lib/python3.12/site-packages/airflow/example_dags/example_complex.py
[2026-05-18T06:24:02.112+0000] {processor.py:914} INFO - Processing file /home/noelsdavid/airflow_venv/lib/python3.12/site-packages/airflow/example_dags/example_complex.py for tasks to queue
[2026-05-18T06:24:02.114+0000] {logging_mixin.py:190} INFO - [2026-05-18T06:24:02.114+0000] {dagbag.py:588} INFO - Filling up the DagBag from /home/noelsdavid/airflow_venv/lib/python3.12/site-packages/airflow/example_dags/example_complex.py
[2026-05-18T06:24:02.131+0000] {processor.py:925} INFO - DAG(s) 'example_complex' retrieved from /home/noelsdavid/airflow_venv/lib/python3.12/site-packages/airflow/example_dags/example_complex.py
[2026-05-18T06:24:02.167+0000] {logging_mixin.py:190} INFO - [2026-05-18T06:24:02.166+0000] {dag.py:3239} INFO - Sync 1 DAGs
[2026-05-18T06:24:02.184+0000] {logging_mixin.py:190} INFO - [2026-05-18T06:24:02.183+0000] {dag.py:4180} INFO - Setting next_dagrun for example_complex to None, run_after=None
[2026-05-18T06:24:02.216+0000] {processor.py:208} INFO - Processing /home/noelsdavid/airflow_venv/lib/python3.12/site-packages/airflow/example_dags/example_complex.py took 0.143 seconds
[2026-05-18T06:25:09.009+0000] {processor.py:186} INFO - Started process (PID=8886) to work on /home/noelsdavid/airflow_venv/lib/python3.12/site-packages/airflow/example_dags/example_complex.py
[2026-05-18T06:25:09.011+0000] {processor.py:914} INFO - Processing file /home/noelsdavid/airflow_venv/lib/python3.12/site-packages/airflow/example_dags/example_complex.py for tasks to queue
[2026-05-18T06:25:09.013+0000] {logging_mixin.py:190} INFO - [2026-05-18T06:25:09.013+0000] {dagbag.py:588} INFO - Filling up the DagBag from /home/noelsdavid/airflow_venv/lib/python3.12/site-packages/airflow/example_dags/example_complex.py
[2026-05-18T06:25:09.032+0000] {processor.py:925} INFO - DAG(s) 'example_complex' retrieved from /home/noelsdavid/airflow_venv/lib/python3.12/site-packages/airflow/example_dags/example_complex.py
[2026-05-18T06:25:09.074+0000] {logging_mixin.py:190} INFO - [2026-05-18T06:25:09.074+0000] {dag.py:3239} INFO - Sync 1 DAGs
[2026-05-18T06:25:09.096+0000] {logging_mixin.py:190} INFO - [2026-05-18T06:25:09.095+0000] {dag.py:4180} INFO - Setting next_dagrun for example_complex to None, run_after=None
[2026-05-18T06:25:09.128+0000] {processor.py:208} INFO - Processing /home/noelsdavid/airflow_venv/lib/python3.12/site-packages/airflow/example_dags/example_complex.py took 0.129 seconds
[2026-05-18T06:26:12.666+0000] {processor.py:186} INFO - Started process (PID=9027) to work on /home/noelsdavid/airflow_venv/lib/python3.12/site-packages/airflow/example_dags/example_complex.py
[2026-05-18T06:26:12.669+0000] {processor.py:914} INFO - Processing file /home/noelsdavid/airflow_venv/lib/python3.12/site-packages/airflow/example_dags/example_complex.py for tasks to queue
[2026-05-18T06:26:12.671+0000] {logging_mixin.py:190} INFO - [2026-05-18T06:26:12.670+0000] {dagbag.py:588} INFO - Filling up the DagBag from /home/noelsdavid/airflow_venv/lib/python3.12/site-packages/airflow/example_dags/example_complex.py
[2026-05-18T06:26:12.690+0000] {processor.py:925} INFO - DAG(s) 'example_complex' retrieved from /home/noelsdavid/airflow_venv/lib/python3.12/site-packages/airflow/example_dags/example_complex.py
[2026-05-18T06:26:12.731+0000] {logging_mixin.py:190} INFO - [2026-05-18T06:26:12.730+0000] {dag.py:3239} INFO - Sync 1 DAGs
[2026-05-18T06:26:12.752+0000] {logging_mixin.py:190} INFO - [2026-05-18T06:26:12.751+0000] {dag.py:4180} INFO - Setting next_dagrun for example_complex to None, run_after=None
[2026-05-18T06:26:12.790+0000] {processor.py:208} INFO - Processing /home/noelsdavid/airflow_venv/lib/python3.12/site-packages/airflow/example_dags/example_complex.py took 0.133 seconds
[2026-05-18T06:27:30.772+0000] {processor.py:186} INFO - Started process (PID=9502) to work on /home/noelsdavid/airflow_venv/lib/python3.12/site-packages/airflow/example_dags/example_complex.py
[2026-05-18T06:27:30.805+0000] {processor.py:914} INFO - Processing file /home/noelsdavid/airflow_venv/lib/python3.12/site-packages/airflow/example_dags/example_complex.py for tasks to queue
[2026-05-18T06:27:30.808+0000] {logging_mixin.py:190} INFO - [2026-05-18T06:27:30.807+0000] {dagbag.py:588} INFO - Filling up the DagBag from /home/noelsdavid/airflow_venv/lib/python3.12/site-packages/airflow/example_dags/example_complex.py
[2026-05-18T06:27:30.825+0000] {processor.py:925} INFO - DAG(s) 'example_complex' retrieved from /home/noelsdavid/airflow_venv/lib/python3.12/site-packages/airflow/example_dags/example_complex.py
[2026-05-18T06:27:30.859+0000] {logging_mixin.py:190} INFO - [2026-05-18T06:27:30.859+0000] {dag.py:3239} INFO - Sync 1 DAGs
[2026-05-18T06:27:30.876+0000] {logging_mixin.py:190} INFO - [2026-05-18T06:27:30.875+0000] {dag.py:4180} INFO - Setting next_dagrun for example_complex to None, run_after=None
[2026-05-18T06:27:30.906+0000] {processor.py:208} INFO - Processing /home/noelsdavid/airflow_venv/lib/python3.12/site-packages/airflow/example_dags/example_complex.py took 0.142 seconds
[2026-05-18T06:28:44.777+0000] {processor.py:186} INFO - Started process (PID=9735) to work on /home/noelsdavid/airflow_venv/lib/python3.12/site-packages/airflow/example_dags/example_complex.py
[2026-05-18T06:28:44.780+0000] {processor.py:914} INFO - Processing file /home/noelsdavid/airflow_venv/lib/python3.12/site-packages/airflow/example_dags/example_complex.py for tasks to queue
[2026-05-18T06:28:44.782+0000] {logging_mixin.py:190} INFO - [2026-05-18T06:28:44.781+0000] {dagbag.py:588} INFO - Filling up the DagBag from /home/noelsdavid/airflow_venv/lib/python3.12/site-packages/airflow/example_dags/example_complex.py
[2026-05-18T06:28:44.806+0000] {processor.py:925} INFO - DAG(s) 'example_complex' retrieved from /home/noelsdavid/airflow_venv/lib/python3.12/site-packages/airflow/example_dags/example_complex.py
[2026-05-18T06:28:44.853+0000] {logging_mixin.py:190} INFO - [2026-05-18T06:28:44.852+0000] {dag.py:3239} INFO - Sync 1 DAGs
[2026-05-18T06:28:44.874+0000] {logging_mixin.py:190} INFO - [2026-05-18T06:28:44.874+0000] {dag.py:4180} INFO - Setting next_dagrun for example_complex to None, run_after=None
[2026-05-18T06:28:44.925+0000] {processor.py:208} INFO - Processing /home/noelsdavid/airflow_venv/lib/python3.12/site-packages/airflow/example_dags/example_complex.py took 0.156 seconds
[2026-05-18T06:29:55.074+0000] {processor.py:186} INFO - Started process (PID=9801) to work on /home/noelsdavid/airflow_venv/lib/python3.12/site-packages/airflow/example_dags/example_complex.py
[2026-05-18T06:29:55.076+0000] {processor.py:914} INFO - Processing file /home/noelsdavid/airflow_venv/lib/python3.12/site-packages/airflow/example_dags/example_complex.py for tasks to queue
[2026-05-18T06:29:55.078+0000] {logging_mixin.py:190} INFO - [2026-05-18T06:29:55.078+0000] {dagbag.py:588} INFO - Filling up the DagBag from /home/noelsdavid/airflow_venv/lib/python3.12/site-packages/airflow/example_dags/example_complex.py
[2026-05-18T06:29:55.096+0000] {processor.py:925} INFO - DAG(s) 'example_complex' retrieved from /home/noelsdavid/airflow_venv/lib/python3.12/site-packages/airflow/example_dags/example_complex.py
[2026-05-18T06:29:55.129+0000] {logging_mixin.py:190} INFO - [2026-05-18T06:29:55.129+0000] {dag.py:3239} INFO - Sync 1 DAGs
[2026-05-18T06:29:55.148+0000] {logging_mixin.py:190} INFO - [2026-05-18T06:29:55.148+0000] {dag.py:4180} INFO - Setting next_dagrun for example_complex to None, run_after=None
[2026-05-18T06:29:55.179+0000] {processor.py:208} INFO - Processing /home/noelsdavid/airflow_venv/lib/python3.12/site-packages/airflow/example_dags/example_complex.py took 0.113 seconds
[2026-05-18T06:31:00.239+0000] {processor.py:186} INFO - Started process (PID=9886) to work on /home/noelsdavid/airflow_venv/lib/python3.12/site-packages/airflow/example_dags/example_complex.py
[2026-05-18T06:31:00.241+0000] {processor.py:914} INFO - Processing file /home/noelsdavid/airflow_venv/lib/python3.12/site-packages/airflow/example_dags/example_complex.py for tasks to queue
[2026-05-18T06:31:00.244+0000] {logging_mixin.py:190} INFO - [2026-05-18T06:31:00.243+0000] {dagbag.py:588} INFO - Filling up the DagBag from /home/noelsdavid/airflow_venv/lib/python3.12/site-packages/airflow/example_dags/example_complex.py
[2026-05-18T06:31:00.262+0000] {processor.py:925} INFO - DAG(s) 'example_complex' retrieved from /home/noelsdavid/airflow_venv/lib/python3.12/site-packages/airflow/example_dags/example_complex.py
[2026-05-18T06:31:00.299+0000] {logging_mixin.py:190} INFO - [2026-05-18T06:31:00.298+0000] {dag.py:3239} INFO - Sync 1 DAGs
[2026-05-18T06:31:00.317+0000] {logging_mixin.py:190} INFO - [2026-05-18T06:31:00.316+0000] {dag.py:4180} INFO - Setting next_dagrun for example_complex to None, run_after=None
[2026-05-18T06:31:00.357+0000] {processor.py:208} INFO - Processing /home/noelsdavid/airflow_venv/lib/python3.12/site-packages/airflow/example_dags/example_complex.py took 0.129 seconds
[2026-05-18T06:32:04.017+0000] {processor.py:186} INFO - Started process (PID=9949) to work on /home/noelsdavid/airflow_venv/lib/python3.12/site-packages/airflow/example_dags/example_complex.py
[2026-05-18T06:32:04.019+0000] {processor.py:914} INFO - Processing file /home/noelsdavid/airflow_venv/lib/python3.12/site-packages/airflow/example_dags/example_complex.py for tasks to queue
[2026-05-18T06:32:04.021+0000] {logging_mixin.py:190} INFO - [2026-05-18T06:32:04.020+0000] {dagbag.py:588} INFO - Filling up the DagBag from /home/noelsdavid/airflow_venv/lib/python3.12/site-packages/airflow/example_dags/example_complex.py
[2026-05-18T06:32:04.037+0000] {processor.py:925} INFO - DAG(s) 'example_complex' retrieved from /home/noelsdavid/airflow_venv/lib/python3.12/site-packages/airflow/example_dags/example_complex.py
[2026-05-18T06:32:04.070+0000] {logging_mixin.py:190} INFO - [2026-05-18T06:32:04.070+0000] {dag.py:3239} INFO - Sync 1 DAGs
[2026-05-18T06:32:04.087+0000] {logging_mixin.py:190} INFO - [2026-05-18T06:32:04.087+0000] {dag.py:4180} INFO - Setting next_dagrun for example_complex to None, run_after=None
[2026-05-18T06:32:04.118+0000] {processor.py:208} INFO - Processing /home/noelsdavid/airflow_venv/lib/python3.12/site-packages/airflow/example_dags/example_complex.py took 0.109 seconds
[2026-05-18T06:33:02.694+0000] {processor.py:186} INFO - Started process (PID=10009) to work on /home/noelsdavid/airflow_venv/lib/python3.12/site-packages/airflow/example_dags/example_complex.py
[2026-05-18T06:33:02.697+0000] {processor.py:914} INFO - Processing file /home/noelsdavid/airflow_venv/lib/python3.12/site-packages/airflow/example_dags/example_complex.py for tasks to queue
[2026-05-18T06:33:02.699+0000] {logging_mixin.py:190} INFO - [2026-05-18T06:33:02.698+0000] {dagbag.py:588} INFO - Filling up the DagBag from /home/noelsdavid/airflow_venv/lib/python3.12/site-packages/airflow/example_dags/example_complex.py
[2026-05-18T06:33:02.715+0000] {processor.py:925} INFO - DAG(s) 'example_complex' retrieved from /home/noelsdavid/airflow_venv/lib/python3.12/site-packages/airflow/example_dags/example_complex.py
[2026-05-18T06:33:02.753+0000] {logging_mixin.py:190} INFO - [2026-05-18T06:33:02.753+0000] {dag.py:3239} INFO - Sync 1 DAGs
[2026-05-18T06:33:02.770+0000] {logging_mixin.py:190} INFO - [2026-05-18T06:33:02.770+0000] {dag.py:4180} INFO - Setting next_dagrun for example_complex to None, run_after=None
[2026-05-18T06:33:02.802+0000] {processor.py:208} INFO - Processing /home/noelsdavid/airflow_venv/lib/python3.12/site-packages/airflow/example_dags/example_complex.py took 0.115 seconds
[2026-05-18T06:34:10.123+0000] {processor.py:186} INFO - Started process (PID=10144) to work on /home/noelsdavid/airflow_venv/lib/python3.12/site-packages/airflow/example_dags/example_complex.py
[2026-05-18T06:34:10.125+0000] {processor.py:914} INFO - Processing file /home/noelsdavid/airflow_venv/lib/python3.12/site-packages/airflow/example_dags/example_complex.py for tasks to queue
[2026-05-18T06:34:10.127+0000] {logging_mixin.py:190} INFO - [2026-05-18T06:34:10.126+0000] {dagbag.py:588} INFO - Filling up the DagBag from /home/noelsdavid/airflow_venv/lib/python3.12/site-packages/airflow/example_dags/example_complex.py
[2026-05-18T06:34:10.144+0000] {processor.py:925} INFO - DAG(s) 'example_complex' retrieved from /home/noelsdavid/airflow_venv/lib/python3.12/site-packages/airflow/example_dags/example_complex.py
[2026-05-18T06:34:10.182+0000] {logging_mixin.py:190} INFO - [2026-05-18T06:34:10.182+0000] {dag.py:3239} INFO - Sync 1 DAGs
[2026-05-18T06:34:10.200+0000] {logging_mixin.py:190} INFO - [2026-05-18T06:34:10.199+0000] {dag.py:4180} INFO - Setting next_dagrun for example_complex to None, run_after=None
[2026-05-18T06:34:10.236+0000] {processor.py:208} INFO - Processing /home/noelsdavid/airflow_venv/lib/python3.12/site-packages/airflow/example_dags/example_complex.py took 0.121 seconds
[2026-05-18T06:35:13.574+0000] {processor.py:186} INFO - Started process (PID=10294) to work on /home/noelsdavid/airflow_venv/lib/python3.12/site-packages/airflow/example_dags/example_complex.py
[2026-05-18T06:35:13.576+0000] {processor.py:914} INFO - Processing file /home/noelsdavid/airflow_venv/lib/python3.12/site-packages/airflow/example_dags/example_complex.py for tasks to queue
[2026-05-18T06:35:13.578+0000] {logging_mixin.py:190} INFO - [2026-05-18T06:35:13.578+0000] {dagbag.py:588} INFO - Filling up the DagBag from /home/noelsdavid/airflow_venv/lib/python3.12/site-packages/airflow/example_dags/example_complex.py
[2026-05-18T06:35:13.596+0000] {processor.py:925} INFO - DAG(s) 'example_complex' retrieved from /home/noelsdavid/airflow_venv/lib/python3.12/site-packages/airflow/example_dags/example_complex.py
[2026-05-18T06:35:13.632+0000] {logging_mixin.py:190} INFO - [2026-05-18T06:35:13.632+0000] {dag.py:3239} INFO - Sync 1 DAGs
[2026-05-18T06:35:13.651+0000] {logging_mixin.py:190} INFO - [2026-05-18T06:35:13.651+0000] {dag.py:4180} INFO - Setting next_dagrun for example_complex to None, run_after=None
[2026-05-18T06:35:13.681+0000] {processor.py:208} INFO - Processing /home/noelsdavid/airflow_venv/lib/python3.12/site-packages/airflow/example_dags/example_complex.py took 0.115 seconds
[2026-05-18T06:36:17.677+0000] {processor.py:186} INFO - Started process (PID=10479) to work on /home/noelsdavid/airflow_venv/lib/python3.12/site-packages/airflow/example_dags/example_complex.py
[2026-05-18T06:36:17.690+0000] {processor.py:914} INFO - Processing file /home/noelsdavid/airflow_venv/lib/python3.12/site-packages/airflow/example_dags/example_complex.py for tasks to queue
[2026-05-18T06:36:17.692+0000] {logging_mixin.py:190} INFO - [2026-05-18T06:36:17.691+0000] {dagbag.py:588} INFO - Filling up the DagBag from /home/noelsdavid/airflow_venv/lib/python3.12/site-packages/airflow/example_dags/example_complex.py
[2026-05-18T06:36:17.709+0000] {processor.py:925} INFO - DAG(s) 'example_complex' retrieved from /home/noelsdavid/airflow_venv/lib/python3.12/site-packages/airflow/example_dags/example_complex.py
[2026-05-18T06:36:17.746+0000] {logging_mixin.py:190} INFO - [2026-05-18T06:36:17.746+0000] {dag.py:3239} INFO - Sync 1 DAGs
[2026-05-18T06:36:17.766+0000] {logging_mixin.py:190} INFO - [2026-05-18T06:36:17.766+0000] {dag.py:4180} INFO - Setting next_dagrun for example_complex to None, run_after=None
[2026-05-18T06:36:17.797+0000] {processor.py:208} INFO - Processing /home/noelsdavid/airflow_venv/lib/python3.12/site-packages/airflow/example_dags/example_complex.py took 0.128 seconds
[2026-05-18T06:37:19.105+0000] {processor.py:186} INFO - Started process (PID=10812) to work on /home/noelsdavid/airflow_venv/lib/python3.12/site-packages/airflow/example_dags/example_complex.py
[2026-05-18T06:37:19.107+0000] {processor.py:914} INFO - Processing file /home/noelsdavid/airflow_venv/lib/python3.12/site-packages/airflow/example_dags/example_complex.py for tasks to queue
[2026-05-18T06:37:19.109+0000] {logging_mixin.py:190} INFO - [2026-05-18T06:37:19.109+0000] {dagbag.py:588} INFO - Filling up the DagBag from /home/noelsdavid/airflow_venv/lib/python3.12/site-packages/airflow/example_dags/example_complex.py
[2026-05-18T06:37:19.126+0000] {processor.py:925} INFO - DAG(s) 'example_complex' retrieved from /home/noelsdavid/airflow_venv/lib/python3.12/site-packages/airflow/example_dags/example_complex.py
[2026-05-18T06:37:19.163+0000] {logging_mixin.py:190} INFO - [2026-05-18T06:37:19.163+0000] {dag.py:3239} INFO - Sync 1 DAGs
[2026-05-18T06:37:19.184+0000] {logging_mixin.py:190} INFO - [2026-05-18T06:37:19.184+0000] {dag.py:4180} INFO - Setting next_dagrun for example_complex to None, run_after=None
[2026-05-18T06:37:19.216+0000] {processor.py:208} INFO - Processing /home/noelsdavid/airflow_venv/lib/python3.12/site-packages/airflow/example_dags/example_complex.py took 0.119 seconds
[2026-05-18T06:38:27.184+0000] {processor.py:186} INFO - Started process (PID=11061) to work on /home/noelsdavid/airflow_venv/lib/python3.12/site-packages/airflow/example_dags/example_complex.py
[2026-05-18T06:38:27.186+0000] {processor.py:914} INFO - Processing file /home/noelsdavid/airflow_venv/lib/python3.12/site-packages/airflow/example_dags/example_complex.py for tasks to queue
[2026-05-18T06:38:27.188+0000] {logging_mixin.py:190} INFO - [2026-05-18T06:38:27.188+0000] {dagbag.py:588} INFO - Filling up the DagBag from /home/noelsdavid/airflow_venv/lib/python3.12/site-packages/airflow/example_dags/example_complex.py
[2026-05-18T06:38:27.205+0000] {processor.py:925} INFO - DAG(s) 'example_complex' retrieved from /home/noelsdavid/airflow_venv/lib/python3.12/site-packages/airflow/example_dags/example_complex.py
[2026-05-18T06:38:27.240+0000] {logging_mixin.py:190} INFO - [2026-05-18T06:38:27.239+0000] {dag.py:3239} INFO - Sync 1 DAGs
[2026-05-18T06:38:27.257+0000] {logging_mixin.py:190} INFO - [2026-05-18T06:38:27.256+0000] {dag.py:4180} INFO - Setting next_dagrun for example_complex to None, run_after=None
[2026-05-18T06:38:27.287+0000] {processor.py:208} INFO - Processing /home/noelsdavid/airflow_venv/lib/python3.12/site-packages/airflow/example_dags/example_complex.py took 0.111 seconds
[2026-05-18T06:39:30.114+0000] {processor.py:186} INFO - Started process (PID=11286) to work on /home/noelsdavid/airflow_venv/lib/python3.12/site-packages/airflow/example_dags/example_complex.py
[2026-05-18T06:39:30.117+0000] {processor.py:914} INFO - Processing file /home/noelsdavid/airflow_venv/lib/python3.12/site-packages/airflow/example_dags/example_complex.py for tasks to queue
[2026-05-18T06:39:30.119+0000] {logging_mixin.py:190} INFO - [2026-05-18T06:39:30.118+0000] {dagbag.py:588} INFO - Filling up the DagBag from /home/noelsdavid/airflow_venv/lib/python3.12/site-packages/airflow/example_dags/example_complex.py
[2026-05-18T06:39:30.137+0000] {processor.py:925} INFO - DAG(s) 'example_complex' retrieved from /home/noelsdavid/airflow_venv/lib/python3.12/site-packages/airflow/example_dags/example_complex.py
[2026-05-18T06:39:30.172+0000] {logging_mixin.py:190} INFO - [2026-05-18T06:39:30.171+0000] {dag.py:3239} INFO - Sync 1 DAGs
[2026-05-18T06:39:30.190+0000] {logging_mixin.py:190} INFO - [2026-05-18T06:39:30.190+0000] {dag.py:4180} INFO - Setting next_dagrun for example_complex to None, run_after=None
[2026-05-18T06:39:30.222+0000] {processor.py:208} INFO - Processing /home/noelsdavid/airflow_venv/lib/python3.12/site-packages/airflow/example_dags/example_complex.py took 0.116 seconds
[2026-05-18T06:40:41.170+0000] {processor.py:186} INFO - Started process (PID=11565) to work on /home/noelsdavid/airflow_venv/lib/python3.12/site-packages/airflow/example_dags/example_complex.py
[2026-05-18T06:40:41.173+0000] {processor.py:914} INFO - Processing file /home/noelsdavid/airflow_venv/lib/python3.12/site-packages/airflow/example_dags/example_complex.py for tasks to queue
[2026-05-18T06:40:41.175+0000] {logging_mixin.py:190} INFO - [2026-05-18T06:40:41.174+0000] {dagbag.py:588} INFO - Filling up the DagBag from /home/noelsdavid/airflow_venv/lib/python3.12/site-packages/airflow/example_dags/example_complex.py
[2026-05-18T06:40:41.194+0000] {processor.py:925} INFO - DAG(s) 'example_complex' retrieved from /home/noelsdavid/airflow_venv/lib/python3.12/site-packages/airflow/example_dags/example_complex.py
[2026-05-18T06:40:41.234+0000] {logging_mixin.py:190} INFO - [2026-05-18T06:40:41.233+0000] {dag.py:3239} INFO - Sync 1 DAGs
[2026-05-18T06:40:41.252+0000] {logging_mixin.py:190} INFO - [2026-05-18T06:40:41.252+0000] {dag.py:4180} INFO - Setting next_dagrun for example_complex to None, run_after=None
[2026-05-18T06:40:41.291+0000] {processor.py:208} INFO - Processing /home/noelsdavid/airflow_venv/lib/python3.12/site-packages/airflow/example_dags/example_complex.py took 0.131 seconds
[2026-05-18T06:41:53.791+0000] {processor.py:186} INFO - Started process (PID=12242) to work on /home/noelsdavid/airflow_venv/lib/python3.12/site-packages/airflow/example_dags/example_complex.py
[2026-05-18T06:41:53.794+0000] {processor.py:914} INFO - Processing file /home/noelsdavid/airflow_venv/lib/python3.12/site-packages/airflow/example_dags/example_complex.py for tasks to queue
[2026-05-18T06:41:53.796+0000] {logging_mixin.py:190} INFO - [2026-05-18T06:41:53.795+0000] {dagbag.py:588} INFO - Filling up the DagBag from /home/noelsdavid/airflow_venv/lib/python3.12/site-packages/airflow/example_dags/example_complex.py
[2026-05-18T06:41:53.814+0000] {processor.py:925} INFO - DAG(s) 'example_complex' retrieved from /home/noelsdavid/airflow_venv/lib/python3.12/site-packages/airflow/example_dags/example_complex.py
[2026-05-18T06:41:53.854+0000] {logging_mixin.py:190} INFO - [2026-05-18T06:41:53.853+0000] {dag.py:3239} INFO - Sync 1 DAGs
[2026-05-18T06:41:53.870+0000] {logging_mixin.py:190} INFO - [2026-05-18T06:41:53.870+0000] {dag.py:4180} INFO - Setting next_dagrun for example_complex to None, run_after=None
[2026-05-18T06:41:53.902+0000] {processor.py:208} INFO - Processing /home/noelsdavid/airflow_venv/lib/python3.12/site-packages/airflow/example_dags/example_complex.py took 0.121 seconds
[2026-05-18T06:43:06.620+0000] {processor.py:186} INFO - Started process (PID=12625) to work on /home/noelsdavid/airflow_venv/lib/python3.12/site-packages/airflow/example_dags/example_complex.py
[2026-05-18T06:43:06.622+0000] {processor.py:914} INFO - Processing file /home/noelsdavid/airflow_venv/lib/python3.12/site-packages/airflow/example_dags/example_complex.py for tasks to queue
[2026-05-18T06:43:06.624+0000] {logging_mixin.py:190} INFO - [2026-05-18T06:43:06.623+0000] {dagbag.py:588} INFO - Filling up the DagBag from /home/noelsdavid/airflow_venv/lib/python3.12/site-packages/airflow/example_dags/example_complex.py
[2026-05-18T06:43:06.641+0000] {processor.py:925} INFO - DAG(s) 'example_complex' retrieved from /home/noelsdavid/airflow_venv/lib/python3.12/site-packages/airflow/example_dags/example_complex.py
[2026-05-18T06:43:06.680+0000] {logging_mixin.py:190} INFO - [2026-05-18T06:43:06.680+0000] {dag.py:3239} INFO - Sync 1 DAGs
[2026-05-18T06:43:06.700+0000] {logging_mixin.py:190} INFO - [2026-05-18T06:43:06.700+0000] {dag.py:4180} INFO - Setting next_dagrun for example_complex to None, run_after=None
[2026-05-18T06:43:06.740+0000] {processor.py:208} INFO - Processing /home/noelsdavid/airflow_venv/lib/python3.12/site-packages/airflow/example_dags/example_complex.py took 0.130 seconds
[2026-05-18T06:44:44.670+0000] {processor.py:186} INFO - Started process (PID=13059) to work on /home/noelsdavid/airflow_venv/lib/python3.12/site-packages/airflow/example_dags/example_complex.py
[2026-05-18T06:44:44.673+0000] {processor.py:914} INFO - Processing file /home/noelsdavid/airflow_venv/lib/python3.12/site-packages/airflow/example_dags/example_complex.py for tasks to queue
[2026-05-18T06:44:44.675+0000] {logging_mixin.py:190} INFO - [2026-05-18T06:44:44.674+0000] {dagbag.py:588} INFO - Filling up the DagBag from /home/noelsdavid/airflow_venv/lib/python3.12/site-packages/airflow/example_dags/example_complex.py
[2026-05-18T06:44:44.693+0000] {processor.py:925} INFO - DAG(s) 'example_complex' retrieved from /home/noelsdavid/airflow_venv/lib/python3.12/site-packages/airflow/example_dags/example_complex.py
[2026-05-18T06:44:44.730+0000] {logging_mixin.py:190} INFO - [2026-05-18T06:44:44.729+0000] {dag.py:3239} INFO - Sync 1 DAGs
[2026-05-18T06:44:44.747+0000] {logging_mixin.py:190} INFO - [2026-05-18T06:44:44.747+0000] {dag.py:4180} INFO - Setting next_dagrun for example_complex to None, run_after=None
[2026-05-18T06:44:44.784+0000] {processor.py:208} INFO - Processing /home/noelsdavid/airflow_venv/lib/python3.12/site-packages/airflow/example_dags/example_complex.py took 0.123 seconds
[2026-05-18T06:45:57.084+0000] {processor.py:186} INFO - Started process (PID=13161) to work on /home/noelsdavid/airflow_venv/lib/python3.12/site-packages/airflow/example_dags/example_complex.py
[2026-05-18T06:45:57.086+0000] {processor.py:914} INFO - Processing file /home/noelsdavid/airflow_venv/lib/python3.12/site-packages/airflow/example_dags/example_complex.py for tasks to queue
[2026-05-18T06:45:57.088+0000] {logging_mixin.py:190} INFO - [2026-05-18T06:45:57.088+0000] {dagbag.py:588} INFO - Filling up the DagBag from /home/noelsdavid/airflow_venv/lib/python3.12/site-packages/airflow/example_dags/example_complex.py
[2026-05-18T06:45:57.105+0000] {processor.py:925} INFO - DAG(s) 'example_complex' retrieved from /home/noelsdavid/airflow_venv/lib/python3.12/site-packages/airflow/example_dags/example_complex.py
[2026-05-18T06:45:57.141+0000] {logging_mixin.py:190} INFO - [2026-05-18T06:45:57.141+0000] {dag.py:3239} INFO - Sync 1 DAGs
[2026-05-18T06:45:57.158+0000] {logging_mixin.py:190} INFO - [2026-05-18T06:45:57.158+0000] {dag.py:4180} INFO - Setting next_dagrun for example_complex to None, run_after=None
[2026-05-18T06:45:57.189+0000] {processor.py:208} INFO - Processing /home/noelsdavid/airflow_venv/lib/python3.12/site-packages/airflow/example_dags/example_complex.py took 0.116 seconds
[2026-05-18T06:47:06.733+0000] {processor.py:186} INFO - Started process (PID=13238) to work on /home/noelsdavid/airflow_venv/lib/python3.12/site-packages/airflow/example_dags/example_complex.py
[2026-05-18T06:47:06.735+0000] {processor.py:914} INFO - Processing file /home/noelsdavid/airflow_venv/lib/python3.12/site-packages/airflow/example_dags/example_complex.py for tasks to queue
[2026-05-18T06:47:06.737+0000] {logging_mixin.py:190} INFO - [2026-05-18T06:47:06.736+0000] {dagbag.py:588} INFO - Filling up the DagBag from /home/noelsdavid/airflow_venv/lib/python3.12/site-packages/airflow/example_dags/example_complex.py
[2026-05-18T06:47:06.755+0000] {processor.py:925} INFO - DAG(s) 'example_complex' retrieved from /home/noelsdavid/airflow_venv/lib/python3.12/site-packages/airflow/example_dags/example_complex.py
[2026-05-18T06:47:06.791+0000] {logging_mixin.py:190} INFO - [2026-05-18T06:47:06.790+0000] {dag.py:3239} INFO - Sync 1 DAGs
[2026-05-18T06:47:06.807+0000] {logging_mixin.py:190} INFO - [2026-05-18T06:47:06.807+0000] {dag.py:4180} INFO - Setting next_dagrun for example_complex to None, run_after=None
[2026-05-18T06:47:06.837+0000] {processor.py:208} INFO - Processing /home/noelsdavid/airflow_venv/lib/python3.12/site-packages/airflow/example_dags/example_complex.py took 0.114 seconds
[2026-05-18T06:48:11.760+0000] {processor.py:186} INFO - Started process (PID=13310) to work on /home/noelsdavid/airflow_venv/lib/python3.12/site-packages/airflow/example_dags/example_complex.py
[2026-05-18T06:48:11.762+0000] {processor.py:914} INFO - Processing file /home/noelsdavid/airflow_venv/lib/python3.12/site-packages/airflow/example_dags/example_complex.py for tasks to queue
[2026-05-18T06:48:11.764+0000] {logging_mixin.py:190} INFO - [2026-05-18T06:48:11.764+0000] {dagbag.py:588} INFO - Filling up the DagBag from /home/noelsdavid/airflow_venv/lib/python3.12/site-packages/airflow/example_dags/example_complex.py
[2026-05-18T06:48:11.783+0000] {processor.py:925} INFO - DAG(s) 'example_complex' retrieved from /home/noelsdavid/airflow_venv/lib/python3.12/site-packages/airflow/example_dags/example_complex.py
[2026-05-18T06:48:11.817+0000] {logging_mixin.py:190} INFO - [2026-05-18T06:48:11.817+0000] {dag.py:3239} INFO - Sync 1 DAGs
[2026-05-18T06:48:11.833+0000] {logging_mixin.py:190} INFO - [2026-05-18T06:48:11.833+0000] {dag.py:4180} INFO - Setting next_dagrun for example_complex to None, run_after=None
[2026-05-18T06:48:11.866+0000] {processor.py:208} INFO - Processing /home/noelsdavid/airflow_venv/lib/python3.12/site-packages/airflow/example_dags/example_complex.py took 0.118 seconds
[2026-05-18T06:49:16.478+0000] {processor.py:186} INFO - Started process (PID=13384) to work on /home/noelsdavid/airflow_venv/lib/python3.12/site-packages/airflow/example_dags/example_complex.py
[2026-05-18T06:49:16.492+0000] {processor.py:914} INFO - Processing file /home/noelsdavid/airflow_venv/lib/python3.12/site-packages/airflow/example_dags/example_complex.py for tasks to queue
[2026-05-18T06:49:16.494+0000] {logging_mixin.py:190} INFO - [2026-05-18T06:49:16.493+0000] {dagbag.py:588} INFO - Filling up the DagBag from /home/noelsdavid/airflow_venv/lib/python3.12/site-packages/airflow/example_dags/example_complex.py
[2026-05-18T06:49:16.513+0000] {processor.py:925} INFO - DAG(s) 'example_complex' retrieved from /home/noelsdavid/airflow_venv/lib/python3.12/site-packages/airflow/example_dags/example_complex.py
[2026-05-18T06:49:16.547+0000] {logging_mixin.py:190} INFO - [2026-05-18T06:49:16.547+0000] {dag.py:3239} INFO - Sync 1 DAGs
[2026-05-18T06:49:16.565+0000] {logging_mixin.py:190} INFO - [2026-05-18T06:49:16.565+0000] {dag.py:4180} INFO - Setting next_dagrun for example_complex to None, run_after=None
[2026-05-18T06:49:16.595+0000] {processor.py:208} INFO - Processing /home/noelsdavid/airflow_venv/lib/python3.12/site-packages/airflow/example_dags/example_complex.py took 0.126 seconds
[2026-05-18T06:50:24.424+0000] {processor.py:186} INFO - Started process (PID=13949) to work on /home/noelsdavid/airflow_venv/lib/python3.12/site-packages/airflow/example_dags/example_complex.py
[2026-05-18T06:50:24.426+0000] {processor.py:914} INFO - Processing file /home/noelsdavid/airflow_venv/lib/python3.12/site-packages/airflow/example_dags/example_complex.py for tasks to queue
[2026-05-18T06:50:24.428+0000] {logging_mixin.py:190} INFO - [2026-05-18T06:50:24.428+0000] {dagbag.py:588} INFO - Filling up the DagBag from /home/noelsdavid/airflow_venv/lib/python3.12/site-packages/airflow/example_dags/example_complex.py
[2026-05-18T06:50:24.446+0000] {processor.py:925} INFO - DAG(s) 'example_complex' retrieved from /home/noelsdavid/airflow_venv/lib/python3.12/site-packages/airflow/example_dags/example_complex.py
[2026-05-18T06:50:24.483+0000] {logging_mixin.py:190} INFO - [2026-05-18T06:50:24.482+0000] {dag.py:3239} INFO - Sync 1 DAGs
[2026-05-18T06:50:24.499+0000] {logging_mixin.py:190} INFO - [2026-05-18T06:50:24.499+0000] {dag.py:4180} INFO - Setting next_dagrun for example_complex to None, run_after=None
[2026-05-18T06:50:24.530+0000] {processor.py:208} INFO - Processing /home/noelsdavid/airflow_venv/lib/python3.12/site-packages/airflow/example_dags/example_complex.py took 0.116 seconds
