[2026-05-18T06:00:25.803+0000] {processor.py:186} INFO - Started process (PID=6906) to work on /home/noelsdavid/airflow_venv/lib/python3.12/site-packages/airflow/example_dags/example_trigger_controller_dag.py
[2026-05-18T06:00:25.804+0000] {processor.py:914} INFO - Processing file /home/noelsdavid/airflow_venv/lib/python3.12/site-packages/airflow/example_dags/example_trigger_controller_dag.py for tasks to queue
[2026-05-18T06:00:25.808+0000] {logging_mixin.py:190} INFO - [2026-05-18T06:00:25.807+0000] {dagbag.py:588} INFO - Filling up the DagBag from /home/noelsdavid/airflow_venv/lib/python3.12/site-packages/airflow/example_dags/example_trigger_controller_dag.py
[2026-05-18T06:00:25.816+0000] {processor.py:925} INFO - DAG(s) 'example_trigger_controller_dag' retrieved from /home/noelsdavid/airflow_venv/lib/python3.12/site-packages/airflow/example_dags/example_trigger_controller_dag.py
[2026-05-18T06:00:25.946+0000] {logging_mixin.py:190} INFO - [2026-05-18T06:00:25.945+0000] {override.py:1911} INFO - Created Permission View: can edit on DAG:example_trigger_controller_dag
[2026-05-18T06:00:25.962+0000] {logging_mixin.py:190} INFO - [2026-05-18T06:00:25.962+0000] {override.py:1911} INFO - Created Permission View: can delete on DAG:example_trigger_controller_dag
[2026-05-18T06:00:25.975+0000] {logging_mixin.py:190} INFO - [2026-05-18T06:00:25.974+0000] {override.py:1911} INFO - Created Permission View: can read on DAG:example_trigger_controller_dag
[2026-05-18T06:00:25.995+0000] {logging_mixin.py:190} INFO - [2026-05-18T06:00:25.995+0000] {override.py:1911} INFO - Created Permission View: can delete on DAG Run:example_trigger_controller_dag
[2026-05-18T06:00:26.010+0000] {logging_mixin.py:190} INFO - [2026-05-18T06:00:26.009+0000] {override.py:1911} INFO - Created Permission View: menu access on DAG Run:example_trigger_controller_dag
[2026-05-18T06:00:26.026+0000] {logging_mixin.py:190} INFO - [2026-05-18T06:00:26.025+0000] {override.py:1911} INFO - Created Permission View: can create on DAG Run:example_trigger_controller_dag
[2026-05-18T06:00:26.038+0000] {logging_mixin.py:190} INFO - [2026-05-18T06:00:26.037+0000] {override.py:1911} INFO - Created Permission View: can read on DAG Run:example_trigger_controller_dag
[2026-05-18T06:00:26.038+0000] {logging_mixin.py:190} INFO - [2026-05-18T06:00:26.038+0000] {dag.py:3239} INFO - Sync 1 DAGs
[2026-05-18T06:00:26.053+0000] {logging_mixin.py:190} INFO - [2026-05-18T06:00:26.053+0000] {dag.py:3262} INFO - Creating ORM DAG for example_trigger_controller_dag
[2026-05-18T06:00:26.063+0000] {logging_mixin.py:190} INFO - [2026-05-18T06:00:26.063+0000] {dag.py:4180} INFO - Setting next_dagrun for example_trigger_controller_dag to 2021-01-01 00:00:00+00:00, run_after=2021-01-01 00:00:00+00:00
[2026-05-18T06:00:26.088+0000] {processor.py:208} INFO - Processing /home/noelsdavid/airflow_venv/lib/python3.12/site-packages/airflow/example_dags/example_trigger_controller_dag.py took 0.292 seconds
[2026-05-18T06:01:35.282+0000] {processor.py:186} INFO - Started process (PID=6965) to work on /home/noelsdavid/airflow_venv/lib/python3.12/site-packages/airflow/example_dags/example_trigger_controller_dag.py
[2026-05-18T06:01:35.293+0000] {processor.py:914} INFO - Processing file /home/noelsdavid/airflow_venv/lib/python3.12/site-packages/airflow/example_dags/example_trigger_controller_dag.py for tasks to queue
[2026-05-18T06:01:35.297+0000] {logging_mixin.py:190} INFO - [2026-05-18T06:01:35.296+0000] {dagbag.py:588} INFO - Filling up the DagBag from /home/noelsdavid/airflow_venv/lib/python3.12/site-packages/airflow/example_dags/example_trigger_controller_dag.py
[2026-05-18T06:01:35.306+0000] {processor.py:925} INFO - DAG(s) 'example_trigger_controller_dag' retrieved from /home/noelsdavid/airflow_venv/lib/python3.12/site-packages/airflow/example_dags/example_trigger_controller_dag.py
[2026-05-18T06:01:35.327+0000] {logging_mixin.py:190} INFO - [2026-05-18T06:01:35.326+0000] {dag.py:3239} INFO - Sync 1 DAGs
[2026-05-18T06:01:35.351+0000] {logging_mixin.py:190} INFO - [2026-05-18T06:01:35.351+0000] {dag.py:4180} INFO - Setting next_dagrun for example_trigger_controller_dag to 2021-01-01 00:00:00+00:00, run_after=2021-01-01 00:00:00+00:00
[2026-05-18T06:01:35.380+0000] {processor.py:208} INFO - Processing /home/noelsdavid/airflow_venv/lib/python3.12/site-packages/airflow/example_dags/example_trigger_controller_dag.py took 0.105 seconds
[2026-05-18T06:02:34.989+0000] {processor.py:186} INFO - Started process (PID=7025) to work on /home/noelsdavid/airflow_venv/lib/python3.12/site-packages/airflow/example_dags/example_trigger_controller_dag.py
[2026-05-18T06:02:34.992+0000] {processor.py:914} INFO - Processing file /home/noelsdavid/airflow_venv/lib/python3.12/site-packages/airflow/example_dags/example_trigger_controller_dag.py for tasks to queue
[2026-05-18T06:02:34.995+0000] {logging_mixin.py:190} INFO - [2026-05-18T06:02:34.994+0000] {dagbag.py:588} INFO - Filling up the DagBag from /home/noelsdavid/airflow_venv/lib/python3.12/site-packages/airflow/example_dags/example_trigger_controller_dag.py
[2026-05-18T06:02:35.005+0000] {processor.py:925} INFO - DAG(s) 'example_trigger_controller_dag' retrieved from /home/noelsdavid/airflow_venv/lib/python3.12/site-packages/airflow/example_dags/example_trigger_controller_dag.py
[2026-05-18T06:02:35.025+0000] {logging_mixin.py:190} INFO - [2026-05-18T06:02:35.024+0000] {dag.py:3239} INFO - Sync 1 DAGs
[2026-05-18T06:02:35.048+0000] {logging_mixin.py:190} INFO - [2026-05-18T06:02:35.048+0000] {dag.py:4180} INFO - Setting next_dagrun for example_trigger_controller_dag to 2021-01-01 00:00:00+00:00, run_after=2021-01-01 00:00:00+00:00
[2026-05-18T06:02:35.077+0000] {processor.py:208} INFO - Processing /home/noelsdavid/airflow_venv/lib/python3.12/site-packages/airflow/example_dags/example_trigger_controller_dag.py took 0.094 seconds
[2026-05-18T06:03:34.174+0000] {processor.py:186} INFO - Started process (PID=7084) to work on /home/noelsdavid/airflow_venv/lib/python3.12/site-packages/airflow/example_dags/example_trigger_controller_dag.py
[2026-05-18T06:03:34.177+0000] {processor.py:914} INFO - Processing file /home/noelsdavid/airflow_venv/lib/python3.12/site-packages/airflow/example_dags/example_trigger_controller_dag.py for tasks to queue
[2026-05-18T06:03:34.179+0000] {logging_mixin.py:190} INFO - [2026-05-18T06:03:34.179+0000] {dagbag.py:588} INFO - Filling up the DagBag from /home/noelsdavid/airflow_venv/lib/python3.12/site-packages/airflow/example_dags/example_trigger_controller_dag.py
[2026-05-18T06:03:34.190+0000] {processor.py:925} INFO - DAG(s) 'example_trigger_controller_dag' retrieved from /home/noelsdavid/airflow_venv/lib/python3.12/site-packages/airflow/example_dags/example_trigger_controller_dag.py
[2026-05-18T06:03:34.208+0000] {logging_mixin.py:190} INFO - [2026-05-18T06:03:34.208+0000] {dag.py:3239} INFO - Sync 1 DAGs
[2026-05-18T06:03:34.232+0000] {logging_mixin.py:190} INFO - [2026-05-18T06:03:34.232+0000] {dag.py:4180} INFO - Setting next_dagrun for example_trigger_controller_dag to 2021-01-01 00:00:00+00:00, run_after=2021-01-01 00:00:00+00:00
[2026-05-18T06:03:34.261+0000] {processor.py:208} INFO - Processing /home/noelsdavid/airflow_venv/lib/python3.12/site-packages/airflow/example_dags/example_trigger_controller_dag.py took 0.094 seconds
[2026-05-18T06:04:35.292+0000] {processor.py:186} INFO - Started process (PID=7142) to work on /home/noelsdavid/airflow_venv/lib/python3.12/site-packages/airflow/example_dags/example_trigger_controller_dag.py
[2026-05-18T06:04:35.294+0000] {processor.py:914} INFO - Processing file /home/noelsdavid/airflow_venv/lib/python3.12/site-packages/airflow/example_dags/example_trigger_controller_dag.py for tasks to queue
[2026-05-18T06:04:35.298+0000] {logging_mixin.py:190} INFO - [2026-05-18T06:04:35.297+0000] {dagbag.py:588} INFO - Filling up the DagBag from /home/noelsdavid/airflow_venv/lib/python3.12/site-packages/airflow/example_dags/example_trigger_controller_dag.py
[2026-05-18T06:04:35.308+0000] {processor.py:925} INFO - DAG(s) 'example_trigger_controller_dag' retrieved from /home/noelsdavid/airflow_venv/lib/python3.12/site-packages/airflow/example_dags/example_trigger_controller_dag.py
[2026-05-18T06:04:35.330+0000] {logging_mixin.py:190} INFO - [2026-05-18T06:04:35.329+0000] {dag.py:3239} INFO - Sync 1 DAGs
[2026-05-18T06:04:35.355+0000] {logging_mixin.py:190} INFO - [2026-05-18T06:04:35.355+0000] {dag.py:4180} INFO - Setting next_dagrun for example_trigger_controller_dag to 2021-01-01 00:00:00+00:00, run_after=2021-01-01 00:00:00+00:00
[2026-05-18T06:04:35.384+0000] {processor.py:208} INFO - Processing /home/noelsdavid/airflow_venv/lib/python3.12/site-packages/airflow/example_dags/example_trigger_controller_dag.py took 0.100 seconds
[2026-05-18T06:05:46.187+0000] {processor.py:186} INFO - Started process (PID=7233) to work on /home/noelsdavid/airflow_venv/lib/python3.12/site-packages/airflow/example_dags/example_trigger_controller_dag.py
[2026-05-18T06:05:46.190+0000] {processor.py:914} INFO - Processing file /home/noelsdavid/airflow_venv/lib/python3.12/site-packages/airflow/example_dags/example_trigger_controller_dag.py for tasks to queue
[2026-05-18T06:05:46.368+0000] {logging_mixin.py:190} INFO - [2026-05-18T06:05:46.368+0000] {dagbag.py:588} INFO - Filling up the DagBag from /home/noelsdavid/airflow_venv/lib/python3.12/site-packages/airflow/example_dags/example_trigger_controller_dag.py
[2026-05-18T06:05:46.374+0000] {processor.py:925} INFO - DAG(s) 'example_trigger_controller_dag' retrieved from /home/noelsdavid/airflow_venv/lib/python3.12/site-packages/airflow/example_dags/example_trigger_controller_dag.py
[2026-05-18T06:05:46.390+0000] {logging_mixin.py:190} INFO - [2026-05-18T06:05:46.389+0000] {dag.py:3239} INFO - Sync 1 DAGs
[2026-05-18T06:05:46.411+0000] {logging_mixin.py:190} INFO - [2026-05-18T06:05:46.410+0000] {dag.py:4180} INFO - Setting next_dagrun for example_trigger_controller_dag to 2021-01-01 00:00:00+00:00, run_after=2021-01-01 00:00:00+00:00
[2026-05-18T06:05:46.439+0000] {processor.py:208} INFO - Processing /home/noelsdavid/airflow_venv/lib/python3.12/site-packages/airflow/example_dags/example_trigger_controller_dag.py took 0.260 seconds
[2026-05-18T06:06:48.175+0000] {processor.py:186} INFO - Started process (PID=7294) to work on /home/noelsdavid/airflow_venv/lib/python3.12/site-packages/airflow/example_dags/example_trigger_controller_dag.py
[2026-05-18T06:06:48.178+0000] {processor.py:914} INFO - Processing file /home/noelsdavid/airflow_venv/lib/python3.12/site-packages/airflow/example_dags/example_trigger_controller_dag.py for tasks to queue
[2026-05-18T06:06:48.181+0000] {logging_mixin.py:190} INFO - [2026-05-18T06:06:48.180+0000] {dagbag.py:588} INFO - Filling up the DagBag from /home/noelsdavid/airflow_venv/lib/python3.12/site-packages/airflow/example_dags/example_trigger_controller_dag.py
[2026-05-18T06:06:48.192+0000] {processor.py:925} INFO - DAG(s) 'example_trigger_controller_dag' retrieved from /home/noelsdavid/airflow_venv/lib/python3.12/site-packages/airflow/example_dags/example_trigger_controller_dag.py
[2026-05-18T06:06:48.212+0000] {logging_mixin.py:190} INFO - [2026-05-18T06:06:48.212+0000] {dag.py:3239} INFO - Sync 1 DAGs
[2026-05-18T06:06:48.238+0000] {logging_mixin.py:190} INFO - [2026-05-18T06:06:48.238+0000] {dag.py:4180} INFO - Setting next_dagrun for example_trigger_controller_dag to 2021-01-01 00:00:00+00:00, run_after=2021-01-01 00:00:00+00:00
[2026-05-18T06:06:48.269+0000] {processor.py:208} INFO - Processing /home/noelsdavid/airflow_venv/lib/python3.12/site-packages/airflow/example_dags/example_trigger_controller_dag.py took 0.102 seconds
[2026-05-18T06:07:45.317+0000] {processor.py:186} INFO - Started process (PID=7352) to work on /home/noelsdavid/airflow_venv/lib/python3.12/site-packages/airflow/example_dags/example_trigger_controller_dag.py
[2026-05-18T06:07:45.319+0000] {processor.py:914} INFO - Processing file /home/noelsdavid/airflow_venv/lib/python3.12/site-packages/airflow/example_dags/example_trigger_controller_dag.py for tasks to queue
[2026-05-18T06:07:45.322+0000] {logging_mixin.py:190} INFO - [2026-05-18T06:07:45.322+0000] {dagbag.py:588} INFO - Filling up the DagBag from /home/noelsdavid/airflow_venv/lib/python3.12/site-packages/airflow/example_dags/example_trigger_controller_dag.py
[2026-05-18T06:07:45.335+0000] {processor.py:925} INFO - DAG(s) 'example_trigger_controller_dag' retrieved from /home/noelsdavid/airflow_venv/lib/python3.12/site-packages/airflow/example_dags/example_trigger_controller_dag.py
[2026-05-18T06:07:45.360+0000] {logging_mixin.py:190} INFO - [2026-05-18T06:07:45.360+0000] {dag.py:3239} INFO - Sync 1 DAGs
[2026-05-18T06:07:45.392+0000] {logging_mixin.py:190} INFO - [2026-05-18T06:07:45.391+0000] {dag.py:4180} INFO - Setting next_dagrun for example_trigger_controller_dag to 2021-01-01 00:00:00+00:00, run_after=2021-01-01 00:00:00+00:00
[2026-05-18T06:07:45.431+0000] {processor.py:208} INFO - Processing /home/noelsdavid/airflow_venv/lib/python3.12/site-packages/airflow/example_dags/example_trigger_controller_dag.py took 0.123 seconds
[2026-05-18T06:08:52.096+0000] {processor.py:186} INFO - Started process (PID=7415) to work on /home/noelsdavid/airflow_venv/lib/python3.12/site-packages/airflow/example_dags/example_trigger_controller_dag.py
[2026-05-18T06:08:52.098+0000] {processor.py:914} INFO - Processing file /home/noelsdavid/airflow_venv/lib/python3.12/site-packages/airflow/example_dags/example_trigger_controller_dag.py for tasks to queue
[2026-05-18T06:08:52.102+0000] {logging_mixin.py:190} INFO - [2026-05-18T06:08:52.102+0000] {dagbag.py:588} INFO - Filling up the DagBag from /home/noelsdavid/airflow_venv/lib/python3.12/site-packages/airflow/example_dags/example_trigger_controller_dag.py
[2026-05-18T06:08:52.113+0000] {processor.py:925} INFO - DAG(s) 'example_trigger_controller_dag' retrieved from /home/noelsdavid/airflow_venv/lib/python3.12/site-packages/airflow/example_dags/example_trigger_controller_dag.py
[2026-05-18T06:08:52.134+0000] {logging_mixin.py:190} INFO - [2026-05-18T06:08:52.133+0000] {dag.py:3239} INFO - Sync 1 DAGs
[2026-05-18T06:08:52.162+0000] {logging_mixin.py:190} INFO - [2026-05-18T06:08:52.162+0000] {dag.py:4180} INFO - Setting next_dagrun for example_trigger_controller_dag to 2021-01-01 00:00:00+00:00, run_after=2021-01-01 00:00:00+00:00
[2026-05-18T06:08:52.193+0000] {processor.py:208} INFO - Processing /home/noelsdavid/airflow_venv/lib/python3.12/site-packages/airflow/example_dags/example_trigger_controller_dag.py took 0.104 seconds
[2026-05-18T06:09:54.632+0000] {processor.py:186} INFO - Started process (PID=7474) to work on /home/noelsdavid/airflow_venv/lib/python3.12/site-packages/airflow/example_dags/example_trigger_controller_dag.py
[2026-05-18T06:09:54.635+0000] {processor.py:914} INFO - Processing file /home/noelsdavid/airflow_venv/lib/python3.12/site-packages/airflow/example_dags/example_trigger_controller_dag.py for tasks to queue
[2026-05-18T06:09:54.639+0000] {logging_mixin.py:190} INFO - [2026-05-18T06:09:54.639+0000] {dagbag.py:588} INFO - Filling up the DagBag from /home/noelsdavid/airflow_venv/lib/python3.12/site-packages/airflow/example_dags/example_trigger_controller_dag.py
[2026-05-18T06:09:54.650+0000] {processor.py:925} INFO - DAG(s) 'example_trigger_controller_dag' retrieved from /home/noelsdavid/airflow_venv/lib/python3.12/site-packages/airflow/example_dags/example_trigger_controller_dag.py
[2026-05-18T06:09:54.671+0000] {logging_mixin.py:190} INFO - [2026-05-18T06:09:54.670+0000] {dag.py:3239} INFO - Sync 1 DAGs
[2026-05-18T06:09:54.698+0000] {logging_mixin.py:190} INFO - [2026-05-18T06:09:54.697+0000] {dag.py:4180} INFO - Setting next_dagrun for example_trigger_controller_dag to 2021-01-01 00:00:00+00:00, run_after=2021-01-01 00:00:00+00:00
[2026-05-18T06:09:54.731+0000] {processor.py:208} INFO - Processing /home/noelsdavid/airflow_venv/lib/python3.12/site-packages/airflow/example_dags/example_trigger_controller_dag.py took 0.107 seconds
[2026-05-18T06:10:53.984+0000] {processor.py:186} INFO - Started process (PID=7557) to work on /home/noelsdavid/airflow_venv/lib/python3.12/site-packages/airflow/example_dags/example_trigger_controller_dag.py
[2026-05-18T06:10:53.986+0000] {processor.py:914} INFO - Processing file /home/noelsdavid/airflow_venv/lib/python3.12/site-packages/airflow/example_dags/example_trigger_controller_dag.py for tasks to queue
[2026-05-18T06:10:53.990+0000] {logging_mixin.py:190} INFO - [2026-05-18T06:10:53.989+0000] {dagbag.py:588} INFO - Filling up the DagBag from /home/noelsdavid/airflow_venv/lib/python3.12/site-packages/airflow/example_dags/example_trigger_controller_dag.py
[2026-05-18T06:10:54.001+0000] {processor.py:925} INFO - DAG(s) 'example_trigger_controller_dag' retrieved from /home/noelsdavid/airflow_venv/lib/python3.12/site-packages/airflow/example_dags/example_trigger_controller_dag.py
[2026-05-18T06:10:54.022+0000] {logging_mixin.py:190} INFO - [2026-05-18T06:10:54.022+0000] {dag.py:3239} INFO - Sync 1 DAGs
[2026-05-18T06:10:54.049+0000] {logging_mixin.py:190} INFO - [2026-05-18T06:10:54.049+0000] {dag.py:4180} INFO - Setting next_dagrun for example_trigger_controller_dag to 2021-01-01 00:00:00+00:00, run_after=2021-01-01 00:00:00+00:00
[2026-05-18T06:10:54.080+0000] {processor.py:208} INFO - Processing /home/noelsdavid/airflow_venv/lib/python3.12/site-packages/airflow/example_dags/example_trigger_controller_dag.py took 0.104 seconds
[2026-05-18T06:11:54.671+0000] {processor.py:186} INFO - Started process (PID=7617) to work on /home/noelsdavid/airflow_venv/lib/python3.12/site-packages/airflow/example_dags/example_trigger_controller_dag.py
[2026-05-18T06:11:54.674+0000] {processor.py:914} INFO - Processing file /home/noelsdavid/airflow_venv/lib/python3.12/site-packages/airflow/example_dags/example_trigger_controller_dag.py for tasks to queue
[2026-05-18T06:11:54.677+0000] {logging_mixin.py:190} INFO - [2026-05-18T06:11:54.676+0000] {dagbag.py:588} INFO - Filling up the DagBag from /home/noelsdavid/airflow_venv/lib/python3.12/site-packages/airflow/example_dags/example_trigger_controller_dag.py
[2026-05-18T06:11:54.689+0000] {processor.py:925} INFO - DAG(s) 'example_trigger_controller_dag' retrieved from /home/noelsdavid/airflow_venv/lib/python3.12/site-packages/airflow/example_dags/example_trigger_controller_dag.py
[2026-05-18T06:11:54.709+0000] {logging_mixin.py:190} INFO - [2026-05-18T06:11:54.709+0000] {dag.py:3239} INFO - Sync 1 DAGs
[2026-05-18T06:11:54.737+0000] {logging_mixin.py:190} INFO - [2026-05-18T06:11:54.737+0000] {dag.py:4180} INFO - Setting next_dagrun for example_trigger_controller_dag to 2021-01-01 00:00:00+00:00, run_after=2021-01-01 00:00:00+00:00
[2026-05-18T06:11:54.769+0000] {processor.py:208} INFO - Processing /home/noelsdavid/airflow_venv/lib/python3.12/site-packages/airflow/example_dags/example_trigger_controller_dag.py took 0.108 seconds
[2026-05-18T06:12:52.456+0000] {processor.py:186} INFO - Started process (PID=7675) to work on /home/noelsdavid/airflow_venv/lib/python3.12/site-packages/airflow/example_dags/example_trigger_controller_dag.py
[2026-05-18T06:12:52.459+0000] {processor.py:914} INFO - Processing file /home/noelsdavid/airflow_venv/lib/python3.12/site-packages/airflow/example_dags/example_trigger_controller_dag.py for tasks to queue
[2026-05-18T06:12:52.462+0000] {logging_mixin.py:190} INFO - [2026-05-18T06:12:52.461+0000] {dagbag.py:588} INFO - Filling up the DagBag from /home/noelsdavid/airflow_venv/lib/python3.12/site-packages/airflow/example_dags/example_trigger_controller_dag.py
[2026-05-18T06:12:52.473+0000] {processor.py:925} INFO - DAG(s) 'example_trigger_controller_dag' retrieved from /home/noelsdavid/airflow_venv/lib/python3.12/site-packages/airflow/example_dags/example_trigger_controller_dag.py
[2026-05-18T06:12:52.498+0000] {logging_mixin.py:190} INFO - [2026-05-18T06:12:52.497+0000] {dag.py:3239} INFO - Sync 1 DAGs
[2026-05-18T06:12:52.525+0000] {logging_mixin.py:190} INFO - [2026-05-18T06:12:52.525+0000] {dag.py:4180} INFO - Setting next_dagrun for example_trigger_controller_dag to 2021-01-01 00:00:00+00:00, run_after=2021-01-01 00:00:00+00:00
[2026-05-18T06:12:52.559+0000] {processor.py:208} INFO - Processing /home/noelsdavid/airflow_venv/lib/python3.12/site-packages/airflow/example_dags/example_trigger_controller_dag.py took 0.111 seconds
[2026-05-18T06:13:57.383+0000] {processor.py:186} INFO - Started process (PID=7735) to work on /home/noelsdavid/airflow_venv/lib/python3.12/site-packages/airflow/example_dags/example_trigger_controller_dag.py
[2026-05-18T06:13:57.385+0000] {processor.py:914} INFO - Processing file /home/noelsdavid/airflow_venv/lib/python3.12/site-packages/airflow/example_dags/example_trigger_controller_dag.py for tasks to queue
[2026-05-18T06:13:57.388+0000] {logging_mixin.py:190} INFO - [2026-05-18T06:13:57.388+0000] {dagbag.py:588} INFO - Filling up the DagBag from /home/noelsdavid/airflow_venv/lib/python3.12/site-packages/airflow/example_dags/example_trigger_controller_dag.py
[2026-05-18T06:13:57.400+0000] {processor.py:925} INFO - DAG(s) 'example_trigger_controller_dag' retrieved from /home/noelsdavid/airflow_venv/lib/python3.12/site-packages/airflow/example_dags/example_trigger_controller_dag.py
[2026-05-18T06:13:57.421+0000] {logging_mixin.py:190} INFO - [2026-05-18T06:13:57.421+0000] {dag.py:3239} INFO - Sync 1 DAGs
[2026-05-18T06:13:57.449+0000] {logging_mixin.py:190} INFO - [2026-05-18T06:13:57.448+0000] {dag.py:4180} INFO - Setting next_dagrun for example_trigger_controller_dag to 2021-01-01 00:00:00+00:00, run_after=2021-01-01 00:00:00+00:00
[2026-05-18T06:13:57.478+0000] {processor.py:208} INFO - Processing /home/noelsdavid/airflow_venv/lib/python3.12/site-packages/airflow/example_dags/example_trigger_controller_dag.py took 0.103 seconds
[2026-05-18T06:14:57.047+0000] {processor.py:186} INFO - Started process (PID=7794) to work on /home/noelsdavid/airflow_venv/lib/python3.12/site-packages/airflow/example_dags/example_trigger_controller_dag.py
[2026-05-18T06:14:57.049+0000] {processor.py:914} INFO - Processing file /home/noelsdavid/airflow_venv/lib/python3.12/site-packages/airflow/example_dags/example_trigger_controller_dag.py for tasks to queue
[2026-05-18T06:14:57.052+0000] {logging_mixin.py:190} INFO - [2026-05-18T06:14:57.052+0000] {dagbag.py:588} INFO - Filling up the DagBag from /home/noelsdavid/airflow_venv/lib/python3.12/site-packages/airflow/example_dags/example_trigger_controller_dag.py
[2026-05-18T06:14:57.065+0000] {processor.py:925} INFO - DAG(s) 'example_trigger_controller_dag' retrieved from /home/noelsdavid/airflow_venv/lib/python3.12/site-packages/airflow/example_dags/example_trigger_controller_dag.py
[2026-05-18T06:14:57.085+0000] {logging_mixin.py:190} INFO - [2026-05-18T06:14:57.085+0000] {dag.py:3239} INFO - Sync 1 DAGs
[2026-05-18T06:14:57.111+0000] {logging_mixin.py:190} INFO - [2026-05-18T06:14:57.111+0000] {dag.py:4180} INFO - Setting next_dagrun for example_trigger_controller_dag to 2021-01-01 00:00:00+00:00, run_after=2021-01-01 00:00:00+00:00
[2026-05-18T06:14:57.144+0000] {processor.py:208} INFO - Processing /home/noelsdavid/airflow_venv/lib/python3.12/site-packages/airflow/example_dags/example_trigger_controller_dag.py took 0.105 seconds
[2026-05-18T06:16:02.071+0000] {processor.py:186} INFO - Started process (PID=8023) to work on /home/noelsdavid/airflow_venv/lib/python3.12/site-packages/airflow/example_dags/example_trigger_controller_dag.py
[2026-05-18T06:16:02.075+0000] {processor.py:914} INFO - Processing file /home/noelsdavid/airflow_venv/lib/python3.12/site-packages/airflow/example_dags/example_trigger_controller_dag.py for tasks to queue
[2026-05-18T06:16:02.079+0000] {logging_mixin.py:190} INFO - [2026-05-18T06:16:02.078+0000] {dagbag.py:588} INFO - Filling up the DagBag from /home/noelsdavid/airflow_venv/lib/python3.12/site-packages/airflow/example_dags/example_trigger_controller_dag.py
[2026-05-18T06:16:02.092+0000] {processor.py:925} INFO - DAG(s) 'example_trigger_controller_dag' retrieved from /home/noelsdavid/airflow_venv/lib/python3.12/site-packages/airflow/example_dags/example_trigger_controller_dag.py
[2026-05-18T06:16:02.114+0000] {logging_mixin.py:190} INFO - [2026-05-18T06:16:02.114+0000] {dag.py:3239} INFO - Sync 1 DAGs
[2026-05-18T06:16:02.142+0000] {logging_mixin.py:190} INFO - [2026-05-18T06:16:02.141+0000] {dag.py:4180} INFO - Setting next_dagrun for example_trigger_controller_dag to 2021-01-01 00:00:00+00:00, run_after=2021-01-01 00:00:00+00:00
[2026-05-18T06:16:02.177+0000] {processor.py:208} INFO - Processing /home/noelsdavid/airflow_venv/lib/python3.12/site-packages/airflow/example_dags/example_trigger_controller_dag.py took 0.113 seconds
[2026-05-18T06:17:04.642+0000] {processor.py:186} INFO - Started process (PID=8185) to work on /home/noelsdavid/airflow_venv/lib/python3.12/site-packages/airflow/example_dags/example_trigger_controller_dag.py
[2026-05-18T06:17:04.644+0000] {processor.py:914} INFO - Processing file /home/noelsdavid/airflow_venv/lib/python3.12/site-packages/airflow/example_dags/example_trigger_controller_dag.py for tasks to queue
[2026-05-18T06:17:04.648+0000] {logging_mixin.py:190} INFO - [2026-05-18T06:17:04.647+0000] {dagbag.py:588} INFO - Filling up the DagBag from /home/noelsdavid/airflow_venv/lib/python3.12/site-packages/airflow/example_dags/example_trigger_controller_dag.py
[2026-05-18T06:17:04.659+0000] {processor.py:925} INFO - DAG(s) 'example_trigger_controller_dag' retrieved from /home/noelsdavid/airflow_venv/lib/python3.12/site-packages/airflow/example_dags/example_trigger_controller_dag.py
[2026-05-18T06:17:04.682+0000] {logging_mixin.py:190} INFO - [2026-05-18T06:17:04.682+0000] {dag.py:3239} INFO - Sync 1 DAGs
[2026-05-18T06:17:04.711+0000] {logging_mixin.py:190} INFO - [2026-05-18T06:17:04.711+0000] {dag.py:4180} INFO - Setting next_dagrun for example_trigger_controller_dag to 2021-01-01 00:00:00+00:00, run_after=2021-01-01 00:00:00+00:00
[2026-05-18T06:17:04.744+0000] {processor.py:208} INFO - Processing /home/noelsdavid/airflow_venv/lib/python3.12/site-packages/airflow/example_dags/example_trigger_controller_dag.py took 0.110 seconds
[2026-05-18T06:18:08.224+0000] {processor.py:186} INFO - Started process (PID=8409) to work on /home/noelsdavid/airflow_venv/lib/python3.12/site-packages/airflow/example_dags/example_trigger_controller_dag.py
[2026-05-18T06:18:08.227+0000] {processor.py:914} INFO - Processing file /home/noelsdavid/airflow_venv/lib/python3.12/site-packages/airflow/example_dags/example_trigger_controller_dag.py for tasks to queue
[2026-05-18T06:18:08.231+0000] {logging_mixin.py:190} INFO - [2026-05-18T06:18:08.230+0000] {dagbag.py:588} INFO - Filling up the DagBag from /home/noelsdavid/airflow_venv/lib/python3.12/site-packages/airflow/example_dags/example_trigger_controller_dag.py
[2026-05-18T06:18:08.241+0000] {processor.py:925} INFO - DAG(s) 'example_trigger_controller_dag' retrieved from /home/noelsdavid/airflow_venv/lib/python3.12/site-packages/airflow/example_dags/example_trigger_controller_dag.py
[2026-05-18T06:18:08.262+0000] {logging_mixin.py:190} INFO - [2026-05-18T06:18:08.262+0000] {dag.py:3239} INFO - Sync 1 DAGs
[2026-05-18T06:18:08.289+0000] {logging_mixin.py:190} INFO - [2026-05-18T06:18:08.288+0000] {dag.py:4180} INFO - Setting next_dagrun for example_trigger_controller_dag to 2021-01-01 00:00:00+00:00, run_after=2021-01-01 00:00:00+00:00
[2026-05-18T06:18:08.319+0000] {processor.py:208} INFO - Processing /home/noelsdavid/airflow_venv/lib/python3.12/site-packages/airflow/example_dags/example_trigger_controller_dag.py took 0.102 seconds
[2026-05-18T06:19:06.349+0000] {processor.py:186} INFO - Started process (PID=8508) to work on /home/noelsdavid/airflow_venv/lib/python3.12/site-packages/airflow/example_dags/example_trigger_controller_dag.py
[2026-05-18T06:19:06.351+0000] {processor.py:914} INFO - Processing file /home/noelsdavid/airflow_venv/lib/python3.12/site-packages/airflow/example_dags/example_trigger_controller_dag.py for tasks to queue
[2026-05-18T06:19:06.354+0000] {logging_mixin.py:190} INFO - [2026-05-18T06:19:06.354+0000] {dagbag.py:588} INFO - Filling up the DagBag from /home/noelsdavid/airflow_venv/lib/python3.12/site-packages/airflow/example_dags/example_trigger_controller_dag.py
[2026-05-18T06:19:06.365+0000] {processor.py:925} INFO - DAG(s) 'example_trigger_controller_dag' retrieved from /home/noelsdavid/airflow_venv/lib/python3.12/site-packages/airflow/example_dags/example_trigger_controller_dag.py
[2026-05-18T06:19:06.385+0000] {logging_mixin.py:190} INFO - [2026-05-18T06:19:06.385+0000] {dag.py:3239} INFO - Sync 1 DAGs
[2026-05-18T06:19:06.411+0000] {logging_mixin.py:190} INFO - [2026-05-18T06:19:06.411+0000] {dag.py:4180} INFO - Setting next_dagrun for example_trigger_controller_dag to 2021-01-01 00:00:00+00:00, run_after=2021-01-01 00:00:00+00:00
[2026-05-18T06:19:06.442+0000] {processor.py:208} INFO - Processing /home/noelsdavid/airflow_venv/lib/python3.12/site-packages/airflow/example_dags/example_trigger_controller_dag.py took 0.101 seconds
[2026-05-18T06:20:08.871+0000] {processor.py:186} INFO - Started process (PID=8569) to work on /home/noelsdavid/airflow_venv/lib/python3.12/site-packages/airflow/example_dags/example_trigger_controller_dag.py
[2026-05-18T06:20:08.873+0000] {processor.py:914} INFO - Processing file /home/noelsdavid/airflow_venv/lib/python3.12/site-packages/airflow/example_dags/example_trigger_controller_dag.py for tasks to queue
[2026-05-18T06:20:08.877+0000] {logging_mixin.py:190} INFO - [2026-05-18T06:20:08.876+0000] {dagbag.py:588} INFO - Filling up the DagBag from /home/noelsdavid/airflow_venv/lib/python3.12/site-packages/airflow/example_dags/example_trigger_controller_dag.py
[2026-05-18T06:20:08.888+0000] {processor.py:925} INFO - DAG(s) 'example_trigger_controller_dag' retrieved from /home/noelsdavid/airflow_venv/lib/python3.12/site-packages/airflow/example_dags/example_trigger_controller_dag.py
[2026-05-18T06:20:08.909+0000] {logging_mixin.py:190} INFO - [2026-05-18T06:20:08.909+0000] {dag.py:3239} INFO - Sync 1 DAGs
[2026-05-18T06:20:08.938+0000] {logging_mixin.py:190} INFO - [2026-05-18T06:20:08.938+0000] {dag.py:4180} INFO - Setting next_dagrun for example_trigger_controller_dag to 2021-01-01 00:00:00+00:00, run_after=2021-01-01 00:00:00+00:00
[2026-05-18T06:20:08.969+0000] {processor.py:208} INFO - Processing /home/noelsdavid/airflow_venv/lib/python3.12/site-packages/airflow/example_dags/example_trigger_controller_dag.py took 0.107 seconds
[2026-05-18T06:21:10.370+0000] {processor.py:186} INFO - Started process (PID=8656) to work on /home/noelsdavid/airflow_venv/lib/python3.12/site-packages/airflow/example_dags/example_trigger_controller_dag.py
[2026-05-18T06:21:10.373+0000] {processor.py:914} INFO - Processing file /home/noelsdavid/airflow_venv/lib/python3.12/site-packages/airflow/example_dags/example_trigger_controller_dag.py for tasks to queue
[2026-05-18T06:21:10.374+0000] {logging_mixin.py:190} INFO - [2026-05-18T06:21:10.374+0000] {dagbag.py:588} INFO - Filling up the DagBag from /home/noelsdavid/airflow_venv/lib/python3.12/site-packages/airflow/example_dags/example_trigger_controller_dag.py
[2026-05-18T06:21:10.386+0000] {processor.py:925} INFO - DAG(s) 'example_trigger_controller_dag' retrieved from /home/noelsdavid/airflow_venv/lib/python3.12/site-packages/airflow/example_dags/example_trigger_controller_dag.py
[2026-05-18T06:21:10.407+0000] {logging_mixin.py:190} INFO - [2026-05-18T06:21:10.406+0000] {dag.py:3239} INFO - Sync 1 DAGs
[2026-05-18T06:21:10.433+0000] {logging_mixin.py:190} INFO - [2026-05-18T06:21:10.432+0000] {dag.py:4180} INFO - Setting next_dagrun for example_trigger_controller_dag to 2021-01-01 00:00:00+00:00, run_after=2021-01-01 00:00:00+00:00
[2026-05-18T06:21:10.465+0000] {processor.py:208} INFO - Processing /home/noelsdavid/airflow_venv/lib/python3.12/site-packages/airflow/example_dags/example_trigger_controller_dag.py took 0.103 seconds
[2026-05-18T06:22:15.397+0000] {processor.py:186} INFO - Started process (PID=8720) to work on /home/noelsdavid/airflow_venv/lib/python3.12/site-packages/airflow/example_dags/example_trigger_controller_dag.py
[2026-05-18T06:22:15.400+0000] {processor.py:914} INFO - Processing file /home/noelsdavid/airflow_venv/lib/python3.12/site-packages/airflow/example_dags/example_trigger_controller_dag.py for tasks to queue
[2026-05-18T06:22:15.402+0000] {logging_mixin.py:190} INFO - [2026-05-18T06:22:15.401+0000] {dagbag.py:588} INFO - Filling up the DagBag from /home/noelsdavid/airflow_venv/lib/python3.12/site-packages/airflow/example_dags/example_trigger_controller_dag.py
[2026-05-18T06:22:15.414+0000] {processor.py:925} INFO - DAG(s) 'example_trigger_controller_dag' retrieved from /home/noelsdavid/airflow_venv/lib/python3.12/site-packages/airflow/example_dags/example_trigger_controller_dag.py
[2026-05-18T06:22:15.438+0000] {logging_mixin.py:190} INFO - [2026-05-18T06:22:15.437+0000] {dag.py:3239} INFO - Sync 1 DAGs
[2026-05-18T06:22:15.465+0000] {logging_mixin.py:190} INFO - [2026-05-18T06:22:15.465+0000] {dag.py:4180} INFO - Setting next_dagrun for example_trigger_controller_dag to 2021-01-01 00:00:00+00:00, run_after=2021-01-01 00:00:00+00:00
[2026-05-18T06:22:15.497+0000] {processor.py:208} INFO - Processing /home/noelsdavid/airflow_venv/lib/python3.12/site-packages/airflow/example_dags/example_trigger_controller_dag.py took 0.108 seconds
[2026-05-18T06:23:17.484+0000] {processor.py:186} INFO - Started process (PID=8781) to work on /home/noelsdavid/airflow_venv/lib/python3.12/site-packages/airflow/example_dags/example_trigger_controller_dag.py
[2026-05-18T06:23:17.487+0000] {processor.py:914} INFO - Processing file /home/noelsdavid/airflow_venv/lib/python3.12/site-packages/airflow/example_dags/example_trigger_controller_dag.py for tasks to queue
[2026-05-18T06:23:17.489+0000] {logging_mixin.py:190} INFO - [2026-05-18T06:23:17.489+0000] {dagbag.py:588} INFO - Filling up the DagBag from /home/noelsdavid/airflow_venv/lib/python3.12/site-packages/airflow/example_dags/example_trigger_controller_dag.py
[2026-05-18T06:23:17.503+0000] {processor.py:925} INFO - DAG(s) 'example_trigger_controller_dag' retrieved from /home/noelsdavid/airflow_venv/lib/python3.12/site-packages/airflow/example_dags/example_trigger_controller_dag.py
[2026-05-18T06:23:17.524+0000] {logging_mixin.py:190} INFO - [2026-05-18T06:23:17.524+0000] {dag.py:3239} INFO - Sync 1 DAGs
[2026-05-18T06:23:17.552+0000] {logging_mixin.py:190} INFO - [2026-05-18T06:23:17.551+0000] {dag.py:4180} INFO - Setting next_dagrun for example_trigger_controller_dag to 2021-01-01 00:00:00+00:00, run_after=2021-01-01 00:00:00+00:00
[2026-05-18T06:23:17.587+0000] {processor.py:208} INFO - Processing /home/noelsdavid/airflow_venv/lib/python3.12/site-packages/airflow/example_dags/example_trigger_controller_dag.py took 0.111 seconds
[2026-05-18T06:24:24.755+0000] {processor.py:186} INFO - Started process (PID=8842) to work on /home/noelsdavid/airflow_venv/lib/python3.12/site-packages/airflow/example_dags/example_trigger_controller_dag.py
[2026-05-18T06:24:24.757+0000] {processor.py:914} INFO - Processing file /home/noelsdavid/airflow_venv/lib/python3.12/site-packages/airflow/example_dags/example_trigger_controller_dag.py for tasks to queue
[2026-05-18T06:24:24.759+0000] {logging_mixin.py:190} INFO - [2026-05-18T06:24:24.759+0000] {dagbag.py:588} INFO - Filling up the DagBag from /home/noelsdavid/airflow_venv/lib/python3.12/site-packages/airflow/example_dags/example_trigger_controller_dag.py
[2026-05-18T06:24:24.772+0000] {processor.py:925} INFO - DAG(s) 'example_trigger_controller_dag' retrieved from /home/noelsdavid/airflow_venv/lib/python3.12/site-packages/airflow/example_dags/example_trigger_controller_dag.py
[2026-05-18T06:24:24.794+0000] {logging_mixin.py:190} INFO - [2026-05-18T06:24:24.794+0000] {dag.py:3239} INFO - Sync 1 DAGs
[2026-05-18T06:24:24.821+0000] {logging_mixin.py:190} INFO - [2026-05-18T06:24:24.821+0000] {dag.py:4180} INFO - Setting next_dagrun for example_trigger_controller_dag to 2021-01-01 00:00:00+00:00, run_after=2021-01-01 00:00:00+00:00
[2026-05-18T06:24:24.855+0000] {processor.py:208} INFO - Processing /home/noelsdavid/airflow_venv/lib/python3.12/site-packages/airflow/example_dags/example_trigger_controller_dag.py took 0.111 seconds
[2026-05-18T06:25:28.601+0000] {processor.py:186} INFO - Started process (PID=8929) to work on /home/noelsdavid/airflow_venv/lib/python3.12/site-packages/airflow/example_dags/example_trigger_controller_dag.py
[2026-05-18T06:25:28.604+0000] {processor.py:914} INFO - Processing file /home/noelsdavid/airflow_venv/lib/python3.12/site-packages/airflow/example_dags/example_trigger_controller_dag.py for tasks to queue
[2026-05-18T06:25:28.606+0000] {logging_mixin.py:190} INFO - [2026-05-18T06:25:28.605+0000] {dagbag.py:588} INFO - Filling up the DagBag from /home/noelsdavid/airflow_venv/lib/python3.12/site-packages/airflow/example_dags/example_trigger_controller_dag.py
[2026-05-18T06:25:28.618+0000] {processor.py:925} INFO - DAG(s) 'example_trigger_controller_dag' retrieved from /home/noelsdavid/airflow_venv/lib/python3.12/site-packages/airflow/example_dags/example_trigger_controller_dag.py
[2026-05-18T06:25:28.642+0000] {logging_mixin.py:190} INFO - [2026-05-18T06:25:28.641+0000] {dag.py:3239} INFO - Sync 1 DAGs
[2026-05-18T06:25:28.670+0000] {logging_mixin.py:190} INFO - [2026-05-18T06:25:28.670+0000] {dag.py:4180} INFO - Setting next_dagrun for example_trigger_controller_dag to 2021-01-01 00:00:00+00:00, run_after=2021-01-01 00:00:00+00:00
[2026-05-18T06:25:28.706+0000] {processor.py:208} INFO - Processing /home/noelsdavid/airflow_venv/lib/python3.12/site-packages/airflow/example_dags/example_trigger_controller_dag.py took 0.113 seconds
[2026-05-18T06:26:32.509+0000] {processor.py:186} INFO - Started process (PID=9045) to work on /home/noelsdavid/airflow_venv/lib/python3.12/site-packages/airflow/example_dags/example_trigger_controller_dag.py
[2026-05-18T06:26:32.512+0000] {processor.py:914} INFO - Processing file /home/noelsdavid/airflow_venv/lib/python3.12/site-packages/airflow/example_dags/example_trigger_controller_dag.py for tasks to queue
[2026-05-18T06:26:32.515+0000] {logging_mixin.py:190} INFO - [2026-05-18T06:26:32.514+0000] {dagbag.py:588} INFO - Filling up the DagBag from /home/noelsdavid/airflow_venv/lib/python3.12/site-packages/airflow/example_dags/example_trigger_controller_dag.py
[2026-05-18T06:26:32.528+0000] {processor.py:925} INFO - DAG(s) 'example_trigger_controller_dag' retrieved from /home/noelsdavid/airflow_venv/lib/python3.12/site-packages/airflow/example_dags/example_trigger_controller_dag.py
[2026-05-18T06:26:32.554+0000] {logging_mixin.py:190} INFO - [2026-05-18T06:26:32.553+0000] {dag.py:3239} INFO - Sync 1 DAGs
[2026-05-18T06:26:32.582+0000] {logging_mixin.py:190} INFO - [2026-05-18T06:26:32.582+0000] {dag.py:4180} INFO - Setting next_dagrun for example_trigger_controller_dag to 2021-01-01 00:00:00+00:00, run_after=2021-01-01 00:00:00+00:00
[2026-05-18T06:26:32.619+0000] {processor.py:208} INFO - Processing /home/noelsdavid/airflow_venv/lib/python3.12/site-packages/airflow/example_dags/example_trigger_controller_dag.py took 0.119 seconds
[2026-05-18T06:27:56.220+0000] {processor.py:186} INFO - Started process (PID=9606) to work on /home/noelsdavid/airflow_venv/lib/python3.12/site-packages/airflow/example_dags/example_trigger_controller_dag.py
[2026-05-18T06:27:56.223+0000] {processor.py:914} INFO - Processing file /home/noelsdavid/airflow_venv/lib/python3.12/site-packages/airflow/example_dags/example_trigger_controller_dag.py for tasks to queue
[2026-05-18T06:27:56.224+0000] {logging_mixin.py:190} INFO - [2026-05-18T06:27:56.224+0000] {dagbag.py:588} INFO - Filling up the DagBag from /home/noelsdavid/airflow_venv/lib/python3.12/site-packages/airflow/example_dags/example_trigger_controller_dag.py
[2026-05-18T06:27:56.235+0000] {processor.py:925} INFO - DAG(s) 'example_trigger_controller_dag' retrieved from /home/noelsdavid/airflow_venv/lib/python3.12/site-packages/airflow/example_dags/example_trigger_controller_dag.py
[2026-05-18T06:27:56.255+0000] {logging_mixin.py:190} INFO - [2026-05-18T06:27:56.255+0000] {dag.py:3239} INFO - Sync 1 DAGs
[2026-05-18T06:27:56.282+0000] {logging_mixin.py:190} INFO - [2026-05-18T06:27:56.282+0000] {dag.py:4180} INFO - Setting next_dagrun for example_trigger_controller_dag to 2021-01-01 00:00:00+00:00, run_after=2021-01-01 00:00:00+00:00
[2026-05-18T06:27:56.311+0000] {processor.py:208} INFO - Processing /home/noelsdavid/airflow_venv/lib/python3.12/site-packages/airflow/example_dags/example_trigger_controller_dag.py took 0.099 seconds
[2026-05-18T06:29:01.333+0000] {processor.py:186} INFO - Started process (PID=9750) to work on /home/noelsdavid/airflow_venv/lib/python3.12/site-packages/airflow/example_dags/example_trigger_controller_dag.py
[2026-05-18T06:29:01.359+0000] {processor.py:914} INFO - Processing file /home/noelsdavid/airflow_venv/lib/python3.12/site-packages/airflow/example_dags/example_trigger_controller_dag.py for tasks to queue
[2026-05-18T06:29:01.361+0000] {logging_mixin.py:190} INFO - [2026-05-18T06:29:01.361+0000] {dagbag.py:588} INFO - Filling up the DagBag from /home/noelsdavid/airflow_venv/lib/python3.12/site-packages/airflow/example_dags/example_trigger_controller_dag.py
[2026-05-18T06:29:01.374+0000] {processor.py:925} INFO - DAG(s) 'example_trigger_controller_dag' retrieved from /home/noelsdavid/airflow_venv/lib/python3.12/site-packages/airflow/example_dags/example_trigger_controller_dag.py
[2026-05-18T06:29:01.403+0000] {logging_mixin.py:190} INFO - [2026-05-18T06:29:01.403+0000] {dag.py:3239} INFO - Sync 1 DAGs
[2026-05-18T06:29:01.442+0000] {logging_mixin.py:190} INFO - [2026-05-18T06:29:01.442+0000] {dag.py:4180} INFO - Setting next_dagrun for example_trigger_controller_dag to 2021-01-01 00:00:00+00:00, run_after=2021-01-01 00:00:00+00:00
[2026-05-18T06:29:01.480+0000] {processor.py:208} INFO - Processing /home/noelsdavid/airflow_venv/lib/python3.12/site-packages/airflow/example_dags/example_trigger_controller_dag.py took 0.156 seconds
[2026-05-18T06:30:08.986+0000] {processor.py:186} INFO - Started process (PID=9815) to work on /home/noelsdavid/airflow_venv/lib/python3.12/site-packages/airflow/example_dags/example_trigger_controller_dag.py
[2026-05-18T06:30:09.006+0000] {processor.py:914} INFO - Processing file /home/noelsdavid/airflow_venv/lib/python3.12/site-packages/airflow/example_dags/example_trigger_controller_dag.py for tasks to queue
[2026-05-18T06:30:09.009+0000] {logging_mixin.py:190} INFO - [2026-05-18T06:30:09.008+0000] {dagbag.py:588} INFO - Filling up the DagBag from /home/noelsdavid/airflow_venv/lib/python3.12/site-packages/airflow/example_dags/example_trigger_controller_dag.py
[2026-05-18T06:30:09.020+0000] {processor.py:925} INFO - DAG(s) 'example_trigger_controller_dag' retrieved from /home/noelsdavid/airflow_venv/lib/python3.12/site-packages/airflow/example_dags/example_trigger_controller_dag.py
[2026-05-18T06:30:09.040+0000] {logging_mixin.py:190} INFO - [2026-05-18T06:30:09.040+0000] {dag.py:3239} INFO - Sync 1 DAGs
[2026-05-18T06:30:09.072+0000] {logging_mixin.py:190} INFO - [2026-05-18T06:30:09.072+0000] {dag.py:4180} INFO - Setting next_dagrun for example_trigger_controller_dag to 2021-01-01 00:00:00+00:00, run_after=2021-01-01 00:00:00+00:00
[2026-05-18T06:30:09.110+0000] {processor.py:208} INFO - Processing /home/noelsdavid/airflow_venv/lib/python3.12/site-packages/airflow/example_dags/example_trigger_controller_dag.py took 0.131 seconds
[2026-05-18T06:31:14.950+0000] {processor.py:186} INFO - Started process (PID=9902) to work on /home/noelsdavid/airflow_venv/lib/python3.12/site-packages/airflow/example_dags/example_trigger_controller_dag.py
[2026-05-18T06:31:14.952+0000] {processor.py:914} INFO - Processing file /home/noelsdavid/airflow_venv/lib/python3.12/site-packages/airflow/example_dags/example_trigger_controller_dag.py for tasks to queue
[2026-05-18T06:31:14.954+0000] {logging_mixin.py:190} INFO - [2026-05-18T06:31:14.953+0000] {dagbag.py:588} INFO - Filling up the DagBag from /home/noelsdavid/airflow_venv/lib/python3.12/site-packages/airflow/example_dags/example_trigger_controller_dag.py
[2026-05-18T06:31:14.965+0000] {processor.py:925} INFO - DAG(s) 'example_trigger_controller_dag' retrieved from /home/noelsdavid/airflow_venv/lib/python3.12/site-packages/airflow/example_dags/example_trigger_controller_dag.py
[2026-05-18T06:31:14.984+0000] {logging_mixin.py:190} INFO - [2026-05-18T06:31:14.984+0000] {dag.py:3239} INFO - Sync 1 DAGs
[2026-05-18T06:31:15.011+0000] {logging_mixin.py:190} INFO - [2026-05-18T06:31:15.011+0000] {dag.py:4180} INFO - Setting next_dagrun for example_trigger_controller_dag to 2021-01-01 00:00:00+00:00, run_after=2021-01-01 00:00:00+00:00
[2026-05-18T06:31:15.043+0000] {processor.py:208} INFO - Processing /home/noelsdavid/airflow_venv/lib/python3.12/site-packages/airflow/example_dags/example_trigger_controller_dag.py took 0.101 seconds
[2026-05-18T06:32:16.342+0000] {processor.py:186} INFO - Started process (PID=9961) to work on /home/noelsdavid/airflow_venv/lib/python3.12/site-packages/airflow/example_dags/example_trigger_controller_dag.py
[2026-05-18T06:32:16.345+0000] {processor.py:914} INFO - Processing file /home/noelsdavid/airflow_venv/lib/python3.12/site-packages/airflow/example_dags/example_trigger_controller_dag.py for tasks to queue
[2026-05-18T06:32:16.347+0000] {logging_mixin.py:190} INFO - [2026-05-18T06:32:16.346+0000] {dagbag.py:588} INFO - Filling up the DagBag from /home/noelsdavid/airflow_venv/lib/python3.12/site-packages/airflow/example_dags/example_trigger_controller_dag.py
[2026-05-18T06:32:16.358+0000] {processor.py:925} INFO - DAG(s) 'example_trigger_controller_dag' retrieved from /home/noelsdavid/airflow_venv/lib/python3.12/site-packages/airflow/example_dags/example_trigger_controller_dag.py
[2026-05-18T06:32:16.380+0000] {logging_mixin.py:190} INFO - [2026-05-18T06:32:16.380+0000] {dag.py:3239} INFO - Sync 1 DAGs
[2026-05-18T06:32:16.405+0000] {logging_mixin.py:190} INFO - [2026-05-18T06:32:16.405+0000] {dag.py:4180} INFO - Setting next_dagrun for example_trigger_controller_dag to 2021-01-01 00:00:00+00:00, run_after=2021-01-01 00:00:00+00:00
[2026-05-18T06:32:16.436+0000] {processor.py:208} INFO - Processing /home/noelsdavid/airflow_venv/lib/python3.12/site-packages/airflow/example_dags/example_trigger_controller_dag.py took 0.101 seconds
[2026-05-18T06:33:13.777+0000] {processor.py:186} INFO - Started process (PID=10020) to work on /home/noelsdavid/airflow_venv/lib/python3.12/site-packages/airflow/example_dags/example_trigger_controller_dag.py
[2026-05-18T06:33:13.781+0000] {processor.py:914} INFO - Processing file /home/noelsdavid/airflow_venv/lib/python3.12/site-packages/airflow/example_dags/example_trigger_controller_dag.py for tasks to queue
[2026-05-18T06:33:13.783+0000] {logging_mixin.py:190} INFO - [2026-05-18T06:33:13.782+0000] {dagbag.py:588} INFO - Filling up the DagBag from /home/noelsdavid/airflow_venv/lib/python3.12/site-packages/airflow/example_dags/example_trigger_controller_dag.py
[2026-05-18T06:33:13.810+0000] {processor.py:925} INFO - DAG(s) 'example_trigger_controller_dag' retrieved from /home/noelsdavid/airflow_venv/lib/python3.12/site-packages/airflow/example_dags/example_trigger_controller_dag.py
[2026-05-18T06:33:13.866+0000] {logging_mixin.py:190} INFO - [2026-05-18T06:33:13.862+0000] {dag.py:3239} INFO - Sync 1 DAGs
[2026-05-18T06:33:13.936+0000] {logging_mixin.py:190} INFO - [2026-05-18T06:33:13.935+0000] {dag.py:4180} INFO - Setting next_dagrun for example_trigger_controller_dag to 2021-01-01 00:00:00+00:00, run_after=2021-01-01 00:00:00+00:00
[2026-05-18T06:33:14.017+0000] {processor.py:208} INFO - Processing /home/noelsdavid/airflow_venv/lib/python3.12/site-packages/airflow/example_dags/example_trigger_controller_dag.py took 0.250 seconds
[2026-05-18T06:34:21.806+0000] {processor.py:186} INFO - Started process (PID=10155) to work on /home/noelsdavid/airflow_venv/lib/python3.12/site-packages/airflow/example_dags/example_trigger_controller_dag.py
[2026-05-18T06:34:21.834+0000] {processor.py:914} INFO - Processing file /home/noelsdavid/airflow_venv/lib/python3.12/site-packages/airflow/example_dags/example_trigger_controller_dag.py for tasks to queue
[2026-05-18T06:34:21.836+0000] {logging_mixin.py:190} INFO - [2026-05-18T06:34:21.835+0000] {dagbag.py:588} INFO - Filling up the DagBag from /home/noelsdavid/airflow_venv/lib/python3.12/site-packages/airflow/example_dags/example_trigger_controller_dag.py
[2026-05-18T06:34:21.846+0000] {processor.py:925} INFO - DAG(s) 'example_trigger_controller_dag' retrieved from /home/noelsdavid/airflow_venv/lib/python3.12/site-packages/airflow/example_dags/example_trigger_controller_dag.py
[2026-05-18T06:34:21.867+0000] {logging_mixin.py:190} INFO - [2026-05-18T06:34:21.867+0000] {dag.py:3239} INFO - Sync 1 DAGs
[2026-05-18T06:34:21.893+0000] {logging_mixin.py:190} INFO - [2026-05-18T06:34:21.893+0000] {dag.py:4180} INFO - Setting next_dagrun for example_trigger_controller_dag to 2021-01-01 00:00:00+00:00, run_after=2021-01-01 00:00:00+00:00
[2026-05-18T06:34:21.925+0000] {processor.py:208} INFO - Processing /home/noelsdavid/airflow_venv/lib/python3.12/site-packages/airflow/example_dags/example_trigger_controller_dag.py took 0.127 seconds
[2026-05-18T06:35:26.323+0000] {processor.py:186} INFO - Started process (PID=10363) to work on /home/noelsdavid/airflow_venv/lib/python3.12/site-packages/airflow/example_dags/example_trigger_controller_dag.py
[2026-05-18T06:35:26.326+0000] {processor.py:914} INFO - Processing file /home/noelsdavid/airflow_venv/lib/python3.12/site-packages/airflow/example_dags/example_trigger_controller_dag.py for tasks to queue
[2026-05-18T06:35:26.328+0000] {logging_mixin.py:190} INFO - [2026-05-18T06:35:26.327+0000] {dagbag.py:588} INFO - Filling up the DagBag from /home/noelsdavid/airflow_venv/lib/python3.12/site-packages/airflow/example_dags/example_trigger_controller_dag.py
[2026-05-18T06:35:26.338+0000] {processor.py:925} INFO - DAG(s) 'example_trigger_controller_dag' retrieved from /home/noelsdavid/airflow_venv/lib/python3.12/site-packages/airflow/example_dags/example_trigger_controller_dag.py
[2026-05-18T06:35:26.359+0000] {logging_mixin.py:190} INFO - [2026-05-18T06:35:26.359+0000] {dag.py:3239} INFO - Sync 1 DAGs
[2026-05-18T06:35:26.385+0000] {logging_mixin.py:190} INFO - [2026-05-18T06:35:26.385+0000] {dag.py:4180} INFO - Setting next_dagrun for example_trigger_controller_dag to 2021-01-01 00:00:00+00:00, run_after=2021-01-01 00:00:00+00:00
[2026-05-18T06:35:26.415+0000] {processor.py:208} INFO - Processing /home/noelsdavid/airflow_venv/lib/python3.12/site-packages/airflow/example_dags/example_trigger_controller_dag.py took 0.099 seconds
[2026-05-18T06:36:28.669+0000] {processor.py:186} INFO - Started process (PID=10523) to work on /home/noelsdavid/airflow_venv/lib/python3.12/site-packages/airflow/example_dags/example_trigger_controller_dag.py
[2026-05-18T06:36:28.671+0000] {processor.py:914} INFO - Processing file /home/noelsdavid/airflow_venv/lib/python3.12/site-packages/airflow/example_dags/example_trigger_controller_dag.py for tasks to queue
[2026-05-18T06:36:28.672+0000] {logging_mixin.py:190} INFO - [2026-05-18T06:36:28.672+0000] {dagbag.py:588} INFO - Filling up the DagBag from /home/noelsdavid/airflow_venv/lib/python3.12/site-packages/airflow/example_dags/example_trigger_controller_dag.py
[2026-05-18T06:36:28.683+0000] {processor.py:925} INFO - DAG(s) 'example_trigger_controller_dag' retrieved from /home/noelsdavid/airflow_venv/lib/python3.12/site-packages/airflow/example_dags/example_trigger_controller_dag.py
[2026-05-18T06:36:28.703+0000] {logging_mixin.py:190} INFO - [2026-05-18T06:36:28.702+0000] {dag.py:3239} INFO - Sync 1 DAGs
[2026-05-18T06:36:28.729+0000] {logging_mixin.py:190} INFO - [2026-05-18T06:36:28.729+0000] {dag.py:4180} INFO - Setting next_dagrun for example_trigger_controller_dag to 2021-01-01 00:00:00+00:00, run_after=2021-01-01 00:00:00+00:00
[2026-05-18T06:36:28.760+0000] {processor.py:208} INFO - Processing /home/noelsdavid/airflow_venv/lib/python3.12/site-packages/airflow/example_dags/example_trigger_controller_dag.py took 0.099 seconds
[2026-05-18T06:37:32.535+0000] {processor.py:186} INFO - Started process (PID=10884) to work on /home/noelsdavid/airflow_venv/lib/python3.12/site-packages/airflow/example_dags/example_trigger_controller_dag.py
[2026-05-18T06:37:32.546+0000] {processor.py:914} INFO - Processing file /home/noelsdavid/airflow_venv/lib/python3.12/site-packages/airflow/example_dags/example_trigger_controller_dag.py for tasks to queue
[2026-05-18T06:37:32.549+0000] {logging_mixin.py:190} INFO - [2026-05-18T06:37:32.548+0000] {dagbag.py:588} INFO - Filling up the DagBag from /home/noelsdavid/airflow_venv/lib/python3.12/site-packages/airflow/example_dags/example_trigger_controller_dag.py
[2026-05-18T06:37:32.564+0000] {processor.py:925} INFO - DAG(s) 'example_trigger_controller_dag' retrieved from /home/noelsdavid/airflow_venv/lib/python3.12/site-packages/airflow/example_dags/example_trigger_controller_dag.py
[2026-05-18T06:37:32.586+0000] {logging_mixin.py:190} INFO - [2026-05-18T06:37:32.586+0000] {dag.py:3239} INFO - Sync 1 DAGs
[2026-05-18T06:37:32.620+0000] {logging_mixin.py:190} INFO - [2026-05-18T06:37:32.619+0000] {dag.py:4180} INFO - Setting next_dagrun for example_trigger_controller_dag to 2021-01-01 00:00:00+00:00, run_after=2021-01-01 00:00:00+00:00
[2026-05-18T06:37:32.652+0000] {processor.py:208} INFO - Processing /home/noelsdavid/airflow_venv/lib/python3.12/site-packages/airflow/example_dags/example_trigger_controller_dag.py took 0.125 seconds
[2026-05-18T06:38:37.697+0000] {processor.py:186} INFO - Started process (PID=11072) to work on /home/noelsdavid/airflow_venv/lib/python3.12/site-packages/airflow/example_dags/example_trigger_controller_dag.py
[2026-05-18T06:38:37.699+0000] {processor.py:914} INFO - Processing file /home/noelsdavid/airflow_venv/lib/python3.12/site-packages/airflow/example_dags/example_trigger_controller_dag.py for tasks to queue
[2026-05-18T06:38:37.701+0000] {logging_mixin.py:190} INFO - [2026-05-18T06:38:37.700+0000] {dagbag.py:588} INFO - Filling up the DagBag from /home/noelsdavid/airflow_venv/lib/python3.12/site-packages/airflow/example_dags/example_trigger_controller_dag.py
[2026-05-18T06:38:37.712+0000] {processor.py:925} INFO - DAG(s) 'example_trigger_controller_dag' retrieved from /home/noelsdavid/airflow_venv/lib/python3.12/site-packages/airflow/example_dags/example_trigger_controller_dag.py
[2026-05-18T06:38:37.733+0000] {logging_mixin.py:190} INFO - [2026-05-18T06:38:37.732+0000] {dag.py:3239} INFO - Sync 1 DAGs
[2026-05-18T06:38:37.760+0000] {logging_mixin.py:190} INFO - [2026-05-18T06:38:37.760+0000] {dag.py:4180} INFO - Setting next_dagrun for example_trigger_controller_dag to 2021-01-01 00:00:00+00:00, run_after=2021-01-01 00:00:00+00:00
[2026-05-18T06:38:37.791+0000] {processor.py:208} INFO - Processing /home/noelsdavid/airflow_venv/lib/python3.12/site-packages/airflow/example_dags/example_trigger_controller_dag.py took 0.102 seconds
[2026-05-18T06:39:42.240+0000] {processor.py:186} INFO - Started process (PID=11298) to work on /home/noelsdavid/airflow_venv/lib/python3.12/site-packages/airflow/example_dags/example_trigger_controller_dag.py
[2026-05-18T06:39:42.242+0000] {processor.py:914} INFO - Processing file /home/noelsdavid/airflow_venv/lib/python3.12/site-packages/airflow/example_dags/example_trigger_controller_dag.py for tasks to queue
[2026-05-18T06:39:42.245+0000] {logging_mixin.py:190} INFO - [2026-05-18T06:39:42.244+0000] {dagbag.py:588} INFO - Filling up the DagBag from /home/noelsdavid/airflow_venv/lib/python3.12/site-packages/airflow/example_dags/example_trigger_controller_dag.py
[2026-05-18T06:39:42.256+0000] {processor.py:925} INFO - DAG(s) 'example_trigger_controller_dag' retrieved from /home/noelsdavid/airflow_venv/lib/python3.12/site-packages/airflow/example_dags/example_trigger_controller_dag.py
[2026-05-18T06:39:42.277+0000] {logging_mixin.py:190} INFO - [2026-05-18T06:39:42.277+0000] {dag.py:3239} INFO - Sync 1 DAGs
[2026-05-18T06:39:42.305+0000] {logging_mixin.py:190} INFO - [2026-05-18T06:39:42.304+0000] {dag.py:4180} INFO - Setting next_dagrun for example_trigger_controller_dag to 2021-01-01 00:00:00+00:00, run_after=2021-01-01 00:00:00+00:00
[2026-05-18T06:39:42.339+0000] {processor.py:208} INFO - Processing /home/noelsdavid/airflow_venv/lib/python3.12/site-packages/airflow/example_dags/example_trigger_controller_dag.py took 0.107 seconds
[2026-05-18T06:40:57.823+0000] {processor.py:186} INFO - Started process (PID=11613) to work on /home/noelsdavid/airflow_venv/lib/python3.12/site-packages/airflow/example_dags/example_trigger_controller_dag.py
[2026-05-18T06:40:57.846+0000] {processor.py:914} INFO - Processing file /home/noelsdavid/airflow_venv/lib/python3.12/site-packages/airflow/example_dags/example_trigger_controller_dag.py for tasks to queue
[2026-05-18T06:40:57.849+0000] {logging_mixin.py:190} INFO - [2026-05-18T06:40:57.848+0000] {dagbag.py:588} INFO - Filling up the DagBag from /home/noelsdavid/airflow_venv/lib/python3.12/site-packages/airflow/example_dags/example_trigger_controller_dag.py
[2026-05-18T06:40:57.864+0000] {processor.py:925} INFO - DAG(s) 'example_trigger_controller_dag' retrieved from /home/noelsdavid/airflow_venv/lib/python3.12/site-packages/airflow/example_dags/example_trigger_controller_dag.py
[2026-05-18T06:40:57.895+0000] {logging_mixin.py:190} INFO - [2026-05-18T06:40:57.894+0000] {dag.py:3239} INFO - Sync 1 DAGs
[2026-05-18T06:40:57.933+0000] {logging_mixin.py:190} INFO - [2026-05-18T06:40:57.933+0000] {dag.py:4180} INFO - Setting next_dagrun for example_trigger_controller_dag to 2021-01-01 00:00:00+00:00, run_after=2021-01-01 00:00:00+00:00
[2026-05-18T06:40:57.984+0000] {processor.py:208} INFO - Processing /home/noelsdavid/airflow_venv/lib/python3.12/site-packages/airflow/example_dags/example_trigger_controller_dag.py took 0.170 seconds
[2026-05-18T06:42:10.612+0000] {processor.py:186} INFO - Started process (PID=12353) to work on /home/noelsdavid/airflow_venv/lib/python3.12/site-packages/airflow/example_dags/example_trigger_controller_dag.py
[2026-05-18T06:42:10.628+0000] {processor.py:914} INFO - Processing file /home/noelsdavid/airflow_venv/lib/python3.12/site-packages/airflow/example_dags/example_trigger_controller_dag.py for tasks to queue
[2026-05-18T06:42:10.631+0000] {logging_mixin.py:190} INFO - [2026-05-18T06:42:10.630+0000] {dagbag.py:588} INFO - Filling up the DagBag from /home/noelsdavid/airflow_venv/lib/python3.12/site-packages/airflow/example_dags/example_trigger_controller_dag.py
[2026-05-18T06:42:10.643+0000] {processor.py:925} INFO - DAG(s) 'example_trigger_controller_dag' retrieved from /home/noelsdavid/airflow_venv/lib/python3.12/site-packages/airflow/example_dags/example_trigger_controller_dag.py
[2026-05-18T06:42:10.667+0000] {logging_mixin.py:190} INFO - [2026-05-18T06:42:10.666+0000] {dag.py:3239} INFO - Sync 1 DAGs
[2026-05-18T06:42:10.702+0000] {logging_mixin.py:190} INFO - [2026-05-18T06:42:10.702+0000] {dag.py:4180} INFO - Setting next_dagrun for example_trigger_controller_dag to 2021-01-01 00:00:00+00:00, run_after=2021-01-01 00:00:00+00:00
[2026-05-18T06:42:10.748+0000] {processor.py:208} INFO - Processing /home/noelsdavid/airflow_venv/lib/python3.12/site-packages/airflow/example_dags/example_trigger_controller_dag.py took 0.147 seconds
[2026-05-18T06:43:22.737+0000] {processor.py:186} INFO - Started process (PID=12724) to work on /home/noelsdavid/airflow_venv/lib/python3.12/site-packages/airflow/example_dags/example_trigger_controller_dag.py
[2026-05-18T06:43:22.740+0000] {processor.py:914} INFO - Processing file /home/noelsdavid/airflow_venv/lib/python3.12/site-packages/airflow/example_dags/example_trigger_controller_dag.py for tasks to queue
[2026-05-18T06:43:22.742+0000] {logging_mixin.py:190} INFO - [2026-05-18T06:43:22.742+0000] {dagbag.py:588} INFO - Filling up the DagBag from /home/noelsdavid/airflow_venv/lib/python3.12/site-packages/airflow/example_dags/example_trigger_controller_dag.py
[2026-05-18T06:43:22.753+0000] {processor.py:925} INFO - DAG(s) 'example_trigger_controller_dag' retrieved from /home/noelsdavid/airflow_venv/lib/python3.12/site-packages/airflow/example_dags/example_trigger_controller_dag.py
[2026-05-18T06:43:22.773+0000] {logging_mixin.py:190} INFO - [2026-05-18T06:43:22.773+0000] {dag.py:3239} INFO - Sync 1 DAGs
[2026-05-18T06:43:22.802+0000] {logging_mixin.py:190} INFO - [2026-05-18T06:43:22.801+0000] {dag.py:4180} INFO - Setting next_dagrun for example_trigger_controller_dag to 2021-01-01 00:00:00+00:00, run_after=2021-01-01 00:00:00+00:00
[2026-05-18T06:43:22.836+0000] {processor.py:208} INFO - Processing /home/noelsdavid/airflow_venv/lib/python3.12/site-packages/airflow/example_dags/example_trigger_controller_dag.py took 0.109 seconds
[2026-05-18T06:44:28.007+0000] {processor.py:186} INFO - Started process (PID=13044) to work on /home/noelsdavid/airflow_venv/lib/python3.12/site-packages/airflow/example_dags/example_trigger_controller_dag.py
[2026-05-18T06:44:28.009+0000] {processor.py:914} INFO - Processing file /home/noelsdavid/airflow_venv/lib/python3.12/site-packages/airflow/example_dags/example_trigger_controller_dag.py for tasks to queue
[2026-05-18T06:44:28.011+0000] {logging_mixin.py:190} INFO - [2026-05-18T06:44:28.010+0000] {dagbag.py:588} INFO - Filling up the DagBag from /home/noelsdavid/airflow_venv/lib/python3.12/site-packages/airflow/example_dags/example_trigger_controller_dag.py
[2026-05-18T06:44:28.022+0000] {processor.py:925} INFO - DAG(s) 'example_trigger_controller_dag' retrieved from /home/noelsdavid/airflow_venv/lib/python3.12/site-packages/airflow/example_dags/example_trigger_controller_dag.py
[2026-05-18T06:44:28.042+0000] {logging_mixin.py:190} INFO - [2026-05-18T06:44:28.042+0000] {dag.py:3239} INFO - Sync 1 DAGs
[2026-05-18T06:44:28.072+0000] {logging_mixin.py:190} INFO - [2026-05-18T06:44:28.071+0000] {dag.py:4180} INFO - Setting next_dagrun for example_trigger_controller_dag to 2021-01-01 00:00:00+00:00, run_after=2021-01-01 00:00:00+00:00
[2026-05-18T06:44:28.103+0000] {processor.py:208} INFO - Processing /home/noelsdavid/airflow_venv/lib/python3.12/site-packages/airflow/example_dags/example_trigger_controller_dag.py took 0.107 seconds
[2026-05-18T06:45:40.384+0000] {processor.py:186} INFO - Started process (PID=13146) to work on /home/noelsdavid/airflow_venv/lib/python3.12/site-packages/airflow/example_dags/example_trigger_controller_dag.py
[2026-05-18T06:45:40.386+0000] {processor.py:914} INFO - Processing file /home/noelsdavid/airflow_venv/lib/python3.12/site-packages/airflow/example_dags/example_trigger_controller_dag.py for tasks to queue
[2026-05-18T06:45:40.389+0000] {logging_mixin.py:190} INFO - [2026-05-18T06:45:40.388+0000] {dagbag.py:588} INFO - Filling up the DagBag from /home/noelsdavid/airflow_venv/lib/python3.12/site-packages/airflow/example_dags/example_trigger_controller_dag.py
[2026-05-18T06:45:40.399+0000] {processor.py:925} INFO - DAG(s) 'example_trigger_controller_dag' retrieved from /home/noelsdavid/airflow_venv/lib/python3.12/site-packages/airflow/example_dags/example_trigger_controller_dag.py
[2026-05-18T06:45:40.420+0000] {logging_mixin.py:190} INFO - [2026-05-18T06:45:40.420+0000] {dag.py:3239} INFO - Sync 1 DAGs
[2026-05-18T06:45:40.448+0000] {logging_mixin.py:190} INFO - [2026-05-18T06:45:40.448+0000] {dag.py:4180} INFO - Setting next_dagrun for example_trigger_controller_dag to 2021-01-01 00:00:00+00:00, run_after=2021-01-01 00:00:00+00:00
[2026-05-18T06:45:40.478+0000] {processor.py:208} INFO - Processing /home/noelsdavid/airflow_venv/lib/python3.12/site-packages/airflow/example_dags/example_trigger_controller_dag.py took 0.103 seconds
[2026-05-18T06:46:50.500+0000] {processor.py:186} INFO - Started process (PID=13221) to work on /home/noelsdavid/airflow_venv/lib/python3.12/site-packages/airflow/example_dags/example_trigger_controller_dag.py
[2026-05-18T06:46:50.503+0000] {processor.py:914} INFO - Processing file /home/noelsdavid/airflow_venv/lib/python3.12/site-packages/airflow/example_dags/example_trigger_controller_dag.py for tasks to queue
[2026-05-18T06:46:50.505+0000] {logging_mixin.py:190} INFO - [2026-05-18T06:46:50.504+0000] {dagbag.py:588} INFO - Filling up the DagBag from /home/noelsdavid/airflow_venv/lib/python3.12/site-packages/airflow/example_dags/example_trigger_controller_dag.py
[2026-05-18T06:46:50.515+0000] {processor.py:925} INFO - DAG(s) 'example_trigger_controller_dag' retrieved from /home/noelsdavid/airflow_venv/lib/python3.12/site-packages/airflow/example_dags/example_trigger_controller_dag.py
[2026-05-18T06:46:50.536+0000] {logging_mixin.py:190} INFO - [2026-05-18T06:46:50.535+0000] {dag.py:3239} INFO - Sync 1 DAGs
[2026-05-18T06:46:50.563+0000] {logging_mixin.py:190} INFO - [2026-05-18T06:46:50.563+0000] {dag.py:4180} INFO - Setting next_dagrun for example_trigger_controller_dag to 2021-01-01 00:00:00+00:00, run_after=2021-01-01 00:00:00+00:00
[2026-05-18T06:46:50.594+0000] {processor.py:208} INFO - Processing /home/noelsdavid/airflow_venv/lib/python3.12/site-packages/airflow/example_dags/example_trigger_controller_dag.py took 0.106 seconds
[2026-05-18T06:47:55.517+0000] {processor.py:186} INFO - Started process (PID=13293) to work on /home/noelsdavid/airflow_venv/lib/python3.12/site-packages/airflow/example_dags/example_trigger_controller_dag.py
[2026-05-18T06:47:55.520+0000] {processor.py:914} INFO - Processing file /home/noelsdavid/airflow_venv/lib/python3.12/site-packages/airflow/example_dags/example_trigger_controller_dag.py for tasks to queue
[2026-05-18T06:47:55.522+0000] {logging_mixin.py:190} INFO - [2026-05-18T06:47:55.521+0000] {dagbag.py:588} INFO - Filling up the DagBag from /home/noelsdavid/airflow_venv/lib/python3.12/site-packages/airflow/example_dags/example_trigger_controller_dag.py
[2026-05-18T06:47:55.533+0000] {processor.py:925} INFO - DAG(s) 'example_trigger_controller_dag' retrieved from /home/noelsdavid/airflow_venv/lib/python3.12/site-packages/airflow/example_dags/example_trigger_controller_dag.py
[2026-05-18T06:47:55.556+0000] {logging_mixin.py:190} INFO - [2026-05-18T06:47:55.555+0000] {dag.py:3239} INFO - Sync 1 DAGs
[2026-05-18T06:47:55.582+0000] {logging_mixin.py:190} INFO - [2026-05-18T06:47:55.581+0000] {dag.py:4180} INFO - Setting next_dagrun for example_trigger_controller_dag to 2021-01-01 00:00:00+00:00, run_after=2021-01-01 00:00:00+00:00
[2026-05-18T06:47:55.614+0000] {processor.py:208} INFO - Processing /home/noelsdavid/airflow_venv/lib/python3.12/site-packages/airflow/example_dags/example_trigger_controller_dag.py took 0.108 seconds
[2026-05-18T06:49:01.940+0000] {processor.py:186} INFO - Started process (PID=13369) to work on /home/noelsdavid/airflow_venv/lib/python3.12/site-packages/airflow/example_dags/example_trigger_controller_dag.py
[2026-05-18T06:49:01.943+0000] {processor.py:914} INFO - Processing file /home/noelsdavid/airflow_venv/lib/python3.12/site-packages/airflow/example_dags/example_trigger_controller_dag.py for tasks to queue
[2026-05-18T06:49:01.945+0000] {logging_mixin.py:190} INFO - [2026-05-18T06:49:01.945+0000] {dagbag.py:588} INFO - Filling up the DagBag from /home/noelsdavid/airflow_venv/lib/python3.12/site-packages/airflow/example_dags/example_trigger_controller_dag.py
[2026-05-18T06:49:01.957+0000] {processor.py:925} INFO - DAG(s) 'example_trigger_controller_dag' retrieved from /home/noelsdavid/airflow_venv/lib/python3.12/site-packages/airflow/example_dags/example_trigger_controller_dag.py
[2026-05-18T06:49:01.979+0000] {logging_mixin.py:190} INFO - [2026-05-18T06:49:01.978+0000] {dag.py:3239} INFO - Sync 1 DAGs
[2026-05-18T06:49:02.006+0000] {logging_mixin.py:190} INFO - [2026-05-18T06:49:02.006+0000] {dag.py:4180} INFO - Setting next_dagrun for example_trigger_controller_dag to 2021-01-01 00:00:00+00:00, run_after=2021-01-01 00:00:00+00:00
[2026-05-18T06:49:02.037+0000] {processor.py:208} INFO - Processing /home/noelsdavid/airflow_venv/lib/python3.12/site-packages/airflow/example_dags/example_trigger_controller_dag.py took 0.107 seconds
[2026-05-18T06:50:09.873+0000] {processor.py:186} INFO - Started process (PID=13469) to work on /home/noelsdavid/airflow_venv/lib/python3.12/site-packages/airflow/example_dags/example_trigger_controller_dag.py
[2026-05-18T06:50:09.875+0000] {processor.py:914} INFO - Processing file /home/noelsdavid/airflow_venv/lib/python3.12/site-packages/airflow/example_dags/example_trigger_controller_dag.py for tasks to queue
[2026-05-18T06:50:09.878+0000] {logging_mixin.py:190} INFO - [2026-05-18T06:50:09.878+0000] {dagbag.py:588} INFO - Filling up the DagBag from /home/noelsdavid/airflow_venv/lib/python3.12/site-packages/airflow/example_dags/example_trigger_controller_dag.py
[2026-05-18T06:50:09.889+0000] {processor.py:925} INFO - DAG(s) 'example_trigger_controller_dag' retrieved from /home/noelsdavid/airflow_venv/lib/python3.12/site-packages/airflow/example_dags/example_trigger_controller_dag.py
[2026-05-18T06:50:09.910+0000] {logging_mixin.py:190} INFO - [2026-05-18T06:50:09.910+0000] {dag.py:3239} INFO - Sync 1 DAGs
[2026-05-18T06:50:09.937+0000] {logging_mixin.py:190} INFO - [2026-05-18T06:50:09.937+0000] {dag.py:4180} INFO - Setting next_dagrun for example_trigger_controller_dag to 2021-01-01 00:00:00+00:00, run_after=2021-01-01 00:00:00+00:00
[2026-05-18T06:50:09.967+0000] {processor.py:208} INFO - Processing /home/noelsdavid/airflow_venv/lib/python3.12/site-packages/airflow/example_dags/example_trigger_controller_dag.py took 0.104 seconds
