[2026-05-18T06:00:34.066+0000] {processor.py:186} INFO - Started process (PID=6913) to work on /home/noelsdavid/airflow_venv/lib/python3.12/site-packages/airflow/example_dags/example_sla_dag.py
[2026-05-18T06:00:34.067+0000] {processor.py:914} INFO - Processing file /home/noelsdavid/airflow_venv/lib/python3.12/site-packages/airflow/example_dags/example_sla_dag.py for tasks to queue
[2026-05-18T06:00:34.069+0000] {logging_mixin.py:190} INFO - [2026-05-18T06:00:34.069+0000] {dagbag.py:588} INFO - Filling up the DagBag from /home/noelsdavid/airflow_venv/lib/python3.12/site-packages/airflow/example_dags/example_sla_dag.py
[2026-05-18T06:00:34.083+0000] {processor.py:925} INFO - DAG(s) 'example_sla_dag' retrieved from /home/noelsdavid/airflow_venv/lib/python3.12/site-packages/airflow/example_dags/example_sla_dag.py
[2026-05-18T06:00:34.217+0000] {logging_mixin.py:190} INFO - [2026-05-18T06:00:34.216+0000] {override.py:1911} INFO - Created Permission View: can edit on DAG:example_sla_dag
[2026-05-18T06:00:34.235+0000] {logging_mixin.py:190} INFO - [2026-05-18T06:00:34.234+0000] {override.py:1911} INFO - Created Permission View: can delete on DAG:example_sla_dag
[2026-05-18T06:00:34.249+0000] {logging_mixin.py:190} INFO - [2026-05-18T06:00:34.249+0000] {override.py:1911} INFO - Created Permission View: can read on DAG:example_sla_dag
[2026-05-18T06:00:34.272+0000] {logging_mixin.py:190} INFO - [2026-05-18T06:00:34.272+0000] {override.py:1911} INFO - Created Permission View: can delete on DAG Run:example_sla_dag
[2026-05-18T06:00:34.288+0000] {logging_mixin.py:190} INFO - [2026-05-18T06:00:34.287+0000] {override.py:1911} INFO - Created Permission View: menu access on DAG Run:example_sla_dag
[2026-05-18T06:00:34.301+0000] {logging_mixin.py:190} INFO - [2026-05-18T06:00:34.300+0000] {override.py:1911} INFO - Created Permission View: can create on DAG Run:example_sla_dag
[2026-05-18T06:00:34.315+0000] {logging_mixin.py:190} INFO - [2026-05-18T06:00:34.315+0000] {override.py:1911} INFO - Created Permission View: can read on DAG Run:example_sla_dag
[2026-05-18T06:00:34.316+0000] {logging_mixin.py:190} INFO - [2026-05-18T06:00:34.316+0000] {dag.py:3239} INFO - Sync 1 DAGs
[2026-05-18T06:00:34.331+0000] {logging_mixin.py:190} INFO - [2026-05-18T06:00:34.331+0000] {dag.py:3262} INFO - Creating ORM DAG for example_sla_dag
[2026-05-18T06:00:34.344+0000] {logging_mixin.py:190} INFO - [2026-05-18T06:00:34.343+0000] {dag.py:4180} INFO - Setting next_dagrun for example_sla_dag to 2026-05-18 05:58:00+00:00, run_after=2026-05-18 06:00:00+00:00
[2026-05-18T06:00:34.371+0000] {processor.py:208} INFO - Processing /home/noelsdavid/airflow_venv/lib/python3.12/site-packages/airflow/example_dags/example_sla_dag.py took 0.313 seconds
[2026-05-18T06:01:42.762+0000] {processor.py:186} INFO - Started process (PID=6972) to work on /home/noelsdavid/airflow_venv/lib/python3.12/site-packages/airflow/example_dags/example_sla_dag.py
[2026-05-18T06:01:42.765+0000] {processor.py:914} INFO - Processing file /home/noelsdavid/airflow_venv/lib/python3.12/site-packages/airflow/example_dags/example_sla_dag.py for tasks to queue
[2026-05-18T06:01:42.768+0000] {logging_mixin.py:190} INFO - [2026-05-18T06:01:42.767+0000] {dagbag.py:588} INFO - Filling up the DagBag from /home/noelsdavid/airflow_venv/lib/python3.12/site-packages/airflow/example_dags/example_sla_dag.py
[2026-05-18T06:01:42.781+0000] {processor.py:925} INFO - DAG(s) 'example_sla_dag' retrieved from /home/noelsdavid/airflow_venv/lib/python3.12/site-packages/airflow/example_dags/example_sla_dag.py
[2026-05-18T06:01:42.801+0000] {logging_mixin.py:190} INFO - [2026-05-18T06:01:42.801+0000] {dag.py:3239} INFO - Sync 1 DAGs
[2026-05-18T06:01:42.829+0000] {logging_mixin.py:190} INFO - [2026-05-18T06:01:42.829+0000] {dag.py:4180} INFO - Setting next_dagrun for example_sla_dag to 2026-05-18 05:58:00+00:00, run_after=2026-05-18 06:00:00+00:00
[2026-05-18T06:01:42.857+0000] {processor.py:208} INFO - Processing /home/noelsdavid/airflow_venv/lib/python3.12/site-packages/airflow/example_dags/example_sla_dag.py took 0.102 seconds
[2026-05-18T06:02:42.127+0000] {processor.py:186} INFO - Started process (PID=7032) to work on /home/noelsdavid/airflow_venv/lib/python3.12/site-packages/airflow/example_dags/example_sla_dag.py
[2026-05-18T06:02:42.147+0000] {processor.py:914} INFO - Processing file /home/noelsdavid/airflow_venv/lib/python3.12/site-packages/airflow/example_dags/example_sla_dag.py for tasks to queue
[2026-05-18T06:02:42.150+0000] {logging_mixin.py:190} INFO - [2026-05-18T06:02:42.150+0000] {dagbag.py:588} INFO - Filling up the DagBag from /home/noelsdavid/airflow_venv/lib/python3.12/site-packages/airflow/example_dags/example_sla_dag.py
[2026-05-18T06:02:42.167+0000] {processor.py:925} INFO - DAG(s) 'example_sla_dag' retrieved from /home/noelsdavid/airflow_venv/lib/python3.12/site-packages/airflow/example_dags/example_sla_dag.py
[2026-05-18T06:02:42.186+0000] {logging_mixin.py:190} INFO - [2026-05-18T06:02:42.186+0000] {dag.py:3239} INFO - Sync 1 DAGs
[2026-05-18T06:02:42.215+0000] {logging_mixin.py:190} INFO - [2026-05-18T06:02:42.215+0000] {dag.py:4180} INFO - Setting next_dagrun for example_sla_dag to 2026-05-18 06:00:00+00:00, run_after=2026-05-18 06:02:00+00:00
[2026-05-18T06:02:42.245+0000] {processor.py:208} INFO - Processing /home/noelsdavid/airflow_venv/lib/python3.12/site-packages/airflow/example_dags/example_sla_dag.py took 0.125 seconds
[2026-05-18T06:03:41.763+0000] {processor.py:186} INFO - Started process (PID=7091) to work on /home/noelsdavid/airflow_venv/lib/python3.12/site-packages/airflow/example_dags/example_sla_dag.py
[2026-05-18T06:03:41.766+0000] {processor.py:914} INFO - Processing file /home/noelsdavid/airflow_venv/lib/python3.12/site-packages/airflow/example_dags/example_sla_dag.py for tasks to queue
[2026-05-18T06:03:41.769+0000] {logging_mixin.py:190} INFO - [2026-05-18T06:03:41.769+0000] {dagbag.py:588} INFO - Filling up the DagBag from /home/noelsdavid/airflow_venv/lib/python3.12/site-packages/airflow/example_dags/example_sla_dag.py
[2026-05-18T06:03:41.785+0000] {processor.py:925} INFO - DAG(s) 'example_sla_dag' retrieved from /home/noelsdavid/airflow_venv/lib/python3.12/site-packages/airflow/example_dags/example_sla_dag.py
[2026-05-18T06:03:41.806+0000] {logging_mixin.py:190} INFO - [2026-05-18T06:03:41.805+0000] {dag.py:3239} INFO - Sync 1 DAGs
[2026-05-18T06:03:41.833+0000] {logging_mixin.py:190} INFO - [2026-05-18T06:03:41.833+0000] {dag.py:4180} INFO - Setting next_dagrun for example_sla_dag to 2026-05-18 06:00:00+00:00, run_after=2026-05-18 06:02:00+00:00
[2026-05-18T06:03:41.863+0000] {processor.py:208} INFO - Processing /home/noelsdavid/airflow_venv/lib/python3.12/site-packages/airflow/example_dags/example_sla_dag.py took 0.111 seconds
[2026-05-18T06:04:42.558+0000] {processor.py:186} INFO - Started process (PID=7149) to work on /home/noelsdavid/airflow_venv/lib/python3.12/site-packages/airflow/example_dags/example_sla_dag.py
[2026-05-18T06:04:42.561+0000] {processor.py:914} INFO - Processing file /home/noelsdavid/airflow_venv/lib/python3.12/site-packages/airflow/example_dags/example_sla_dag.py for tasks to queue
[2026-05-18T06:04:42.564+0000] {logging_mixin.py:190} INFO - [2026-05-18T06:04:42.563+0000] {dagbag.py:588} INFO - Filling up the DagBag from /home/noelsdavid/airflow_venv/lib/python3.12/site-packages/airflow/example_dags/example_sla_dag.py
[2026-05-18T06:04:42.579+0000] {processor.py:925} INFO - DAG(s) 'example_sla_dag' retrieved from /home/noelsdavid/airflow_venv/lib/python3.12/site-packages/airflow/example_dags/example_sla_dag.py
[2026-05-18T06:04:42.600+0000] {logging_mixin.py:190} INFO - [2026-05-18T06:04:42.599+0000] {dag.py:3239} INFO - Sync 1 DAGs
[2026-05-18T06:04:42.628+0000] {logging_mixin.py:190} INFO - [2026-05-18T06:04:42.628+0000] {dag.py:4180} INFO - Setting next_dagrun for example_sla_dag to 2026-05-18 06:02:00+00:00, run_after=2026-05-18 06:04:00+00:00
[2026-05-18T06:04:42.661+0000] {processor.py:208} INFO - Processing /home/noelsdavid/airflow_venv/lib/python3.12/site-packages/airflow/example_dags/example_sla_dag.py took 0.110 seconds
[2026-05-18T06:05:55.734+0000] {processor.py:186} INFO - Started process (PID=7240) to work on /home/noelsdavid/airflow_venv/lib/python3.12/site-packages/airflow/example_dags/example_sla_dag.py
[2026-05-18T06:05:55.736+0000] {processor.py:914} INFO - Processing file /home/noelsdavid/airflow_venv/lib/python3.12/site-packages/airflow/example_dags/example_sla_dag.py for tasks to queue
[2026-05-18T06:05:55.738+0000] {logging_mixin.py:190} INFO - [2026-05-18T06:05:55.737+0000] {dagbag.py:588} INFO - Filling up the DagBag from /home/noelsdavid/airflow_venv/lib/python3.12/site-packages/airflow/example_dags/example_sla_dag.py
[2026-05-18T06:05:55.748+0000] {processor.py:925} INFO - DAG(s) 'example_sla_dag' retrieved from /home/noelsdavid/airflow_venv/lib/python3.12/site-packages/airflow/example_dags/example_sla_dag.py
[2026-05-18T06:05:55.764+0000] {logging_mixin.py:190} INFO - [2026-05-18T06:05:55.764+0000] {dag.py:3239} INFO - Sync 1 DAGs
[2026-05-18T06:05:55.788+0000] {logging_mixin.py:190} INFO - [2026-05-18T06:05:55.787+0000] {dag.py:4180} INFO - Setting next_dagrun for example_sla_dag to 2026-05-18 06:02:00+00:00, run_after=2026-05-18 06:04:00+00:00
[2026-05-18T06:05:55.815+0000] {processor.py:208} INFO - Processing /home/noelsdavid/airflow_venv/lib/python3.12/site-packages/airflow/example_dags/example_sla_dag.py took 0.269 seconds
[2026-05-18T06:06:55.944+0000] {processor.py:186} INFO - Started process (PID=7301) to work on /home/noelsdavid/airflow_venv/lib/python3.12/site-packages/airflow/example_dags/example_sla_dag.py
[2026-05-18T06:06:55.954+0000] {processor.py:914} INFO - Processing file /home/noelsdavid/airflow_venv/lib/python3.12/site-packages/airflow/example_dags/example_sla_dag.py for tasks to queue
[2026-05-18T06:06:55.957+0000] {logging_mixin.py:190} INFO - [2026-05-18T06:06:55.957+0000] {dagbag.py:588} INFO - Filling up the DagBag from /home/noelsdavid/airflow_venv/lib/python3.12/site-packages/airflow/example_dags/example_sla_dag.py
[2026-05-18T06:06:55.972+0000] {processor.py:925} INFO - DAG(s) 'example_sla_dag' retrieved from /home/noelsdavid/airflow_venv/lib/python3.12/site-packages/airflow/example_dags/example_sla_dag.py
[2026-05-18T06:06:55.993+0000] {logging_mixin.py:190} INFO - [2026-05-18T06:06:55.992+0000] {dag.py:3239} INFO - Sync 1 DAGs
[2026-05-18T06:06:56.025+0000] {logging_mixin.py:190} INFO - [2026-05-18T06:06:56.025+0000] {dag.py:4180} INFO - Setting next_dagrun for example_sla_dag to 2026-05-18 06:04:00+00:00, run_after=2026-05-18 06:06:00+00:00
[2026-05-18T06:06:56.057+0000] {processor.py:208} INFO - Processing /home/noelsdavid/airflow_venv/lib/python3.12/site-packages/airflow/example_dags/example_sla_dag.py took 0.122 seconds
[2026-05-18T06:07:53.079+0000] {processor.py:186} INFO - Started process (PID=7359) to work on /home/noelsdavid/airflow_venv/lib/python3.12/site-packages/airflow/example_dags/example_sla_dag.py
[2026-05-18T06:07:53.082+0000] {processor.py:914} INFO - Processing file /home/noelsdavid/airflow_venv/lib/python3.12/site-packages/airflow/example_dags/example_sla_dag.py for tasks to queue
[2026-05-18T06:07:53.086+0000] {logging_mixin.py:190} INFO - [2026-05-18T06:07:53.085+0000] {dagbag.py:588} INFO - Filling up the DagBag from /home/noelsdavid/airflow_venv/lib/python3.12/site-packages/airflow/example_dags/example_sla_dag.py
[2026-05-18T06:07:53.101+0000] {processor.py:925} INFO - DAG(s) 'example_sla_dag' retrieved from /home/noelsdavid/airflow_venv/lib/python3.12/site-packages/airflow/example_dags/example_sla_dag.py
[2026-05-18T06:07:53.123+0000] {logging_mixin.py:190} INFO - [2026-05-18T06:07:53.123+0000] {dag.py:3239} INFO - Sync 1 DAGs
[2026-05-18T06:07:53.155+0000] {logging_mixin.py:190} INFO - [2026-05-18T06:07:53.155+0000] {dag.py:4180} INFO - Setting next_dagrun for example_sla_dag to 2026-05-18 06:04:00+00:00, run_after=2026-05-18 06:06:00+00:00
[2026-05-18T06:07:53.186+0000] {processor.py:208} INFO - Processing /home/noelsdavid/airflow_venv/lib/python3.12/site-packages/airflow/example_dags/example_sla_dag.py took 0.115 seconds
[2026-05-18T06:08:59.841+0000] {processor.py:186} INFO - Started process (PID=7422) to work on /home/noelsdavid/airflow_venv/lib/python3.12/site-packages/airflow/example_dags/example_sla_dag.py
[2026-05-18T06:08:59.844+0000] {processor.py:914} INFO - Processing file /home/noelsdavid/airflow_venv/lib/python3.12/site-packages/airflow/example_dags/example_sla_dag.py for tasks to queue
[2026-05-18T06:08:59.848+0000] {logging_mixin.py:190} INFO - [2026-05-18T06:08:59.847+0000] {dagbag.py:588} INFO - Filling up the DagBag from /home/noelsdavid/airflow_venv/lib/python3.12/site-packages/airflow/example_dags/example_sla_dag.py
[2026-05-18T06:08:59.863+0000] {processor.py:925} INFO - DAG(s) 'example_sla_dag' retrieved from /home/noelsdavid/airflow_venv/lib/python3.12/site-packages/airflow/example_dags/example_sla_dag.py
[2026-05-18T06:08:59.884+0000] {logging_mixin.py:190} INFO - [2026-05-18T06:08:59.884+0000] {dag.py:3239} INFO - Sync 1 DAGs
[2026-05-18T06:08:59.913+0000] {logging_mixin.py:190} INFO - [2026-05-18T06:08:59.913+0000] {dag.py:4180} INFO - Setting next_dagrun for example_sla_dag to 2026-05-18 06:06:00+00:00, run_after=2026-05-18 06:08:00+00:00
[2026-05-18T06:08:59.945+0000] {processor.py:208} INFO - Processing /home/noelsdavid/airflow_venv/lib/python3.12/site-packages/airflow/example_dags/example_sla_dag.py took 0.112 seconds
[2026-05-18T06:10:02.402+0000] {processor.py:186} INFO - Started process (PID=7481) to work on /home/noelsdavid/airflow_venv/lib/python3.12/site-packages/airflow/example_dags/example_sla_dag.py
[2026-05-18T06:10:02.405+0000] {processor.py:914} INFO - Processing file /home/noelsdavid/airflow_venv/lib/python3.12/site-packages/airflow/example_dags/example_sla_dag.py for tasks to queue
[2026-05-18T06:10:02.408+0000] {logging_mixin.py:190} INFO - [2026-05-18T06:10:02.408+0000] {dagbag.py:588} INFO - Filling up the DagBag from /home/noelsdavid/airflow_venv/lib/python3.12/site-packages/airflow/example_dags/example_sla_dag.py
[2026-05-18T06:10:02.424+0000] {processor.py:925} INFO - DAG(s) 'example_sla_dag' retrieved from /home/noelsdavid/airflow_venv/lib/python3.12/site-packages/airflow/example_dags/example_sla_dag.py
[2026-05-18T06:10:02.445+0000] {logging_mixin.py:190} INFO - [2026-05-18T06:10:02.445+0000] {dag.py:3239} INFO - Sync 1 DAGs
[2026-05-18T06:10:02.481+0000] {logging_mixin.py:190} INFO - [2026-05-18T06:10:02.481+0000] {dag.py:4180} INFO - Setting next_dagrun for example_sla_dag to 2026-05-18 06:08:00+00:00, run_after=2026-05-18 06:10:00+00:00
[2026-05-18T06:10:02.516+0000] {processor.py:208} INFO - Processing /home/noelsdavid/airflow_venv/lib/python3.12/site-packages/airflow/example_dags/example_sla_dag.py took 0.122 seconds
[2026-05-18T06:11:02.461+0000] {processor.py:186} INFO - Started process (PID=7564) to work on /home/noelsdavid/airflow_venv/lib/python3.12/site-packages/airflow/example_dags/example_sla_dag.py
[2026-05-18T06:11:02.464+0000] {processor.py:914} INFO - Processing file /home/noelsdavid/airflow_venv/lib/python3.12/site-packages/airflow/example_dags/example_sla_dag.py for tasks to queue
[2026-05-18T06:11:02.468+0000] {logging_mixin.py:190} INFO - [2026-05-18T06:11:02.467+0000] {dagbag.py:588} INFO - Filling up the DagBag from /home/noelsdavid/airflow_venv/lib/python3.12/site-packages/airflow/example_dags/example_sla_dag.py
[2026-05-18T06:11:02.483+0000] {processor.py:925} INFO - DAG(s) 'example_sla_dag' retrieved from /home/noelsdavid/airflow_venv/lib/python3.12/site-packages/airflow/example_dags/example_sla_dag.py
[2026-05-18T06:11:02.504+0000] {logging_mixin.py:190} INFO - [2026-05-18T06:11:02.503+0000] {dag.py:3239} INFO - Sync 1 DAGs
[2026-05-18T06:11:02.533+0000] {logging_mixin.py:190} INFO - [2026-05-18T06:11:02.532+0000] {dag.py:4180} INFO - Setting next_dagrun for example_sla_dag to 2026-05-18 06:08:00+00:00, run_after=2026-05-18 06:10:00+00:00
[2026-05-18T06:11:02.563+0000] {processor.py:208} INFO - Processing /home/noelsdavid/airflow_venv/lib/python3.12/site-packages/airflow/example_dags/example_sla_dag.py took 0.109 seconds
[2026-05-18T06:12:02.544+0000] {processor.py:186} INFO - Started process (PID=7624) to work on /home/noelsdavid/airflow_venv/lib/python3.12/site-packages/airflow/example_dags/example_sla_dag.py
[2026-05-18T06:12:02.547+0000] {processor.py:914} INFO - Processing file /home/noelsdavid/airflow_venv/lib/python3.12/site-packages/airflow/example_dags/example_sla_dag.py for tasks to queue
[2026-05-18T06:12:02.551+0000] {logging_mixin.py:190} INFO - [2026-05-18T06:12:02.551+0000] {dagbag.py:588} INFO - Filling up the DagBag from /home/noelsdavid/airflow_venv/lib/python3.12/site-packages/airflow/example_dags/example_sla_dag.py
[2026-05-18T06:12:02.568+0000] {processor.py:925} INFO - DAG(s) 'example_sla_dag' retrieved from /home/noelsdavid/airflow_venv/lib/python3.12/site-packages/airflow/example_dags/example_sla_dag.py
[2026-05-18T06:12:02.590+0000] {logging_mixin.py:190} INFO - [2026-05-18T06:12:02.589+0000] {dag.py:3239} INFO - Sync 1 DAGs
[2026-05-18T06:12:02.619+0000] {logging_mixin.py:190} INFO - [2026-05-18T06:12:02.618+0000] {dag.py:4180} INFO - Setting next_dagrun for example_sla_dag to 2026-05-18 06:10:00+00:00, run_after=2026-05-18 06:12:00+00:00
[2026-05-18T06:12:02.652+0000] {processor.py:208} INFO - Processing /home/noelsdavid/airflow_venv/lib/python3.12/site-packages/airflow/example_dags/example_sla_dag.py took 0.116 seconds
[2026-05-18T06:13:00.224+0000] {processor.py:186} INFO - Started process (PID=7682) to work on /home/noelsdavid/airflow_venv/lib/python3.12/site-packages/airflow/example_dags/example_sla_dag.py
[2026-05-18T06:13:00.227+0000] {processor.py:914} INFO - Processing file /home/noelsdavid/airflow_venv/lib/python3.12/site-packages/airflow/example_dags/example_sla_dag.py for tasks to queue
[2026-05-18T06:13:00.231+0000] {logging_mixin.py:190} INFO - [2026-05-18T06:13:00.231+0000] {dagbag.py:588} INFO - Filling up the DagBag from /home/noelsdavid/airflow_venv/lib/python3.12/site-packages/airflow/example_dags/example_sla_dag.py
[2026-05-18T06:13:00.246+0000] {processor.py:925} INFO - DAG(s) 'example_sla_dag' retrieved from /home/noelsdavid/airflow_venv/lib/python3.12/site-packages/airflow/example_dags/example_sla_dag.py
[2026-05-18T06:13:00.269+0000] {logging_mixin.py:190} INFO - [2026-05-18T06:13:00.268+0000] {dag.py:3239} INFO - Sync 1 DAGs
[2026-05-18T06:13:00.298+0000] {logging_mixin.py:190} INFO - [2026-05-18T06:13:00.298+0000] {dag.py:4180} INFO - Setting next_dagrun for example_sla_dag to 2026-05-18 06:10:00+00:00, run_after=2026-05-18 06:12:00+00:00
[2026-05-18T06:13:00.330+0000] {processor.py:208} INFO - Processing /home/noelsdavid/airflow_venv/lib/python3.12/site-packages/airflow/example_dags/example_sla_dag.py took 0.114 seconds
[2026-05-18T06:14:05.882+0000] {processor.py:186} INFO - Started process (PID=7744) to work on /home/noelsdavid/airflow_venv/lib/python3.12/site-packages/airflow/example_dags/example_sla_dag.py
[2026-05-18T06:14:05.907+0000] {processor.py:914} INFO - Processing file /home/noelsdavid/airflow_venv/lib/python3.12/site-packages/airflow/example_dags/example_sla_dag.py for tasks to queue
[2026-05-18T06:14:05.911+0000] {logging_mixin.py:190} INFO - [2026-05-18T06:14:05.910+0000] {dagbag.py:588} INFO - Filling up the DagBag from /home/noelsdavid/airflow_venv/lib/python3.12/site-packages/airflow/example_dags/example_sla_dag.py
[2026-05-18T06:14:05.926+0000] {processor.py:925} INFO - DAG(s) 'example_sla_dag' retrieved from /home/noelsdavid/airflow_venv/lib/python3.12/site-packages/airflow/example_dags/example_sla_dag.py
[2026-05-18T06:14:05.947+0000] {logging_mixin.py:190} INFO - [2026-05-18T06:14:05.946+0000] {dag.py:3239} INFO - Sync 1 DAGs
[2026-05-18T06:14:05.976+0000] {logging_mixin.py:190} INFO - [2026-05-18T06:14:05.975+0000] {dag.py:4180} INFO - Setting next_dagrun for example_sla_dag to 2026-05-18 06:12:00+00:00, run_after=2026-05-18 06:14:00+00:00
[2026-05-18T06:14:06.007+0000] {processor.py:208} INFO - Processing /home/noelsdavid/airflow_venv/lib/python3.12/site-packages/airflow/example_dags/example_sla_dag.py took 0.133 seconds
[2026-05-18T06:15:05.809+0000] {processor.py:186} INFO - Started process (PID=7807) to work on /home/noelsdavid/airflow_venv/lib/python3.12/site-packages/airflow/example_dags/example_sla_dag.py
[2026-05-18T06:15:05.811+0000] {processor.py:914} INFO - Processing file /home/noelsdavid/airflow_venv/lib/python3.12/site-packages/airflow/example_dags/example_sla_dag.py for tasks to queue
[2026-05-18T06:15:05.816+0000] {logging_mixin.py:190} INFO - [2026-05-18T06:15:05.815+0000] {dagbag.py:588} INFO - Filling up the DagBag from /home/noelsdavid/airflow_venv/lib/python3.12/site-packages/airflow/example_dags/example_sla_dag.py
[2026-05-18T06:15:05.832+0000] {processor.py:925} INFO - DAG(s) 'example_sla_dag' retrieved from /home/noelsdavid/airflow_venv/lib/python3.12/site-packages/airflow/example_dags/example_sla_dag.py
[2026-05-18T06:15:05.854+0000] {logging_mixin.py:190} INFO - [2026-05-18T06:15:05.854+0000] {dag.py:3239} INFO - Sync 1 DAGs
[2026-05-18T06:15:05.885+0000] {logging_mixin.py:190} INFO - [2026-05-18T06:15:05.884+0000] {dag.py:4180} INFO - Setting next_dagrun for example_sla_dag to 2026-05-18 06:12:00+00:00, run_after=2026-05-18 06:14:00+00:00
[2026-05-18T06:15:05.918+0000] {processor.py:208} INFO - Processing /home/noelsdavid/airflow_venv/lib/python3.12/site-packages/airflow/example_dags/example_sla_dag.py took 0.117 seconds
[2026-05-18T06:16:09.823+0000] {processor.py:186} INFO - Started process (PID=8030) to work on /home/noelsdavid/airflow_venv/lib/python3.12/site-packages/airflow/example_dags/example_sla_dag.py
[2026-05-18T06:16:09.848+0000] {processor.py:914} INFO - Processing file /home/noelsdavid/airflow_venv/lib/python3.12/site-packages/airflow/example_dags/example_sla_dag.py for tasks to queue
[2026-05-18T06:16:09.852+0000] {logging_mixin.py:190} INFO - [2026-05-18T06:16:09.852+0000] {dagbag.py:588} INFO - Filling up the DagBag from /home/noelsdavid/airflow_venv/lib/python3.12/site-packages/airflow/example_dags/example_sla_dag.py
[2026-05-18T06:16:09.868+0000] {processor.py:925} INFO - DAG(s) 'example_sla_dag' retrieved from /home/noelsdavid/airflow_venv/lib/python3.12/site-packages/airflow/example_dags/example_sla_dag.py
[2026-05-18T06:16:09.891+0000] {logging_mixin.py:190} INFO - [2026-05-18T06:16:09.891+0000] {dag.py:3239} INFO - Sync 1 DAGs
[2026-05-18T06:16:09.920+0000] {logging_mixin.py:190} INFO - [2026-05-18T06:16:09.919+0000] {dag.py:4180} INFO - Setting next_dagrun for example_sla_dag to 2026-05-18 06:14:00+00:00, run_after=2026-05-18 06:16:00+00:00
[2026-05-18T06:16:09.952+0000] {processor.py:208} INFO - Processing /home/noelsdavid/airflow_venv/lib/python3.12/site-packages/airflow/example_dags/example_sla_dag.py took 0.138 seconds
[2026-05-18T06:17:11.951+0000] {processor.py:186} INFO - Started process (PID=8217) to work on /home/noelsdavid/airflow_venv/lib/python3.12/site-packages/airflow/example_dags/example_sla_dag.py
[2026-05-18T06:17:11.954+0000] {processor.py:914} INFO - Processing file /home/noelsdavid/airflow_venv/lib/python3.12/site-packages/airflow/example_dags/example_sla_dag.py for tasks to queue
[2026-05-18T06:17:11.958+0000] {logging_mixin.py:190} INFO - [2026-05-18T06:17:11.957+0000] {dagbag.py:588} INFO - Filling up the DagBag from /home/noelsdavid/airflow_venv/lib/python3.12/site-packages/airflow/example_dags/example_sla_dag.py
[2026-05-18T06:17:11.972+0000] {processor.py:925} INFO - DAG(s) 'example_sla_dag' retrieved from /home/noelsdavid/airflow_venv/lib/python3.12/site-packages/airflow/example_dags/example_sla_dag.py
[2026-05-18T06:17:11.993+0000] {logging_mixin.py:190} INFO - [2026-05-18T06:17:11.993+0000] {dag.py:3239} INFO - Sync 1 DAGs
[2026-05-18T06:17:12.022+0000] {logging_mixin.py:190} INFO - [2026-05-18T06:17:12.022+0000] {dag.py:4180} INFO - Setting next_dagrun for example_sla_dag to 2026-05-18 06:14:00+00:00, run_after=2026-05-18 06:16:00+00:00
[2026-05-18T06:17:12.052+0000] {processor.py:208} INFO - Processing /home/noelsdavid/airflow_venv/lib/python3.12/site-packages/airflow/example_dags/example_sla_dag.py took 0.109 seconds
[2026-05-18T06:18:13.853+0000] {processor.py:186} INFO - Started process (PID=8458) to work on /home/noelsdavid/airflow_venv/lib/python3.12/site-packages/airflow/example_dags/example_sla_dag.py
[2026-05-18T06:18:13.855+0000] {processor.py:914} INFO - Processing file /home/noelsdavid/airflow_venv/lib/python3.12/site-packages/airflow/example_dags/example_sla_dag.py for tasks to queue
[2026-05-18T06:18:13.859+0000] {logging_mixin.py:190} INFO - [2026-05-18T06:18:13.859+0000] {dagbag.py:588} INFO - Filling up the DagBag from /home/noelsdavid/airflow_venv/lib/python3.12/site-packages/airflow/example_dags/example_sla_dag.py
[2026-05-18T06:18:13.874+0000] {processor.py:925} INFO - DAG(s) 'example_sla_dag' retrieved from /home/noelsdavid/airflow_venv/lib/python3.12/site-packages/airflow/example_dags/example_sla_dag.py
[2026-05-18T06:18:13.897+0000] {logging_mixin.py:190} INFO - [2026-05-18T06:18:13.896+0000] {dag.py:3239} INFO - Sync 1 DAGs
[2026-05-18T06:18:13.940+0000] {logging_mixin.py:190} INFO - [2026-05-18T06:18:13.940+0000] {dag.py:4180} INFO - Setting next_dagrun for example_sla_dag to 2026-05-18 06:16:00+00:00, run_after=2026-05-18 06:18:00+00:00
[2026-05-18T06:18:13.980+0000] {processor.py:208} INFO - Processing /home/noelsdavid/airflow_venv/lib/python3.12/site-packages/airflow/example_dags/example_sla_dag.py took 0.135 seconds
[2026-05-18T06:19:12.447+0000] {processor.py:186} INFO - Started process (PID=8515) to work on /home/noelsdavid/airflow_venv/lib/python3.12/site-packages/airflow/example_dags/example_sla_dag.py
[2026-05-18T06:19:12.450+0000] {processor.py:914} INFO - Processing file /home/noelsdavid/airflow_venv/lib/python3.12/site-packages/airflow/example_dags/example_sla_dag.py for tasks to queue
[2026-05-18T06:19:12.454+0000] {logging_mixin.py:190} INFO - [2026-05-18T06:19:12.453+0000] {dagbag.py:588} INFO - Filling up the DagBag from /home/noelsdavid/airflow_venv/lib/python3.12/site-packages/airflow/example_dags/example_sla_dag.py
[2026-05-18T06:19:12.469+0000] {processor.py:925} INFO - DAG(s) 'example_sla_dag' retrieved from /home/noelsdavid/airflow_venv/lib/python3.12/site-packages/airflow/example_dags/example_sla_dag.py
[2026-05-18T06:19:12.491+0000] {logging_mixin.py:190} INFO - [2026-05-18T06:19:12.490+0000] {dag.py:3239} INFO - Sync 1 DAGs
[2026-05-18T06:19:12.521+0000] {logging_mixin.py:190} INFO - [2026-05-18T06:19:12.521+0000] {dag.py:4180} INFO - Setting next_dagrun for example_sla_dag to 2026-05-18 06:16:00+00:00, run_after=2026-05-18 06:18:00+00:00
[2026-05-18T06:19:12.552+0000] {processor.py:208} INFO - Processing /home/noelsdavid/airflow_venv/lib/python3.12/site-packages/airflow/example_dags/example_sla_dag.py took 0.113 seconds
[2026-05-18T06:20:16.628+0000] {processor.py:186} INFO - Started process (PID=8603) to work on /home/noelsdavid/airflow_venv/lib/python3.12/site-packages/airflow/example_dags/example_sla_dag.py
[2026-05-18T06:20:16.631+0000] {processor.py:914} INFO - Processing file /home/noelsdavid/airflow_venv/lib/python3.12/site-packages/airflow/example_dags/example_sla_dag.py for tasks to queue
[2026-05-18T06:20:16.633+0000] {logging_mixin.py:190} INFO - [2026-05-18T06:20:16.632+0000] {dagbag.py:588} INFO - Filling up the DagBag from /home/noelsdavid/airflow_venv/lib/python3.12/site-packages/airflow/example_dags/example_sla_dag.py
[2026-05-18T06:20:16.648+0000] {processor.py:925} INFO - DAG(s) 'example_sla_dag' retrieved from /home/noelsdavid/airflow_venv/lib/python3.12/site-packages/airflow/example_dags/example_sla_dag.py
[2026-05-18T06:20:16.669+0000] {logging_mixin.py:190} INFO - [2026-05-18T06:20:16.668+0000] {dag.py:3239} INFO - Sync 1 DAGs
[2026-05-18T06:20:16.699+0000] {logging_mixin.py:190} INFO - [2026-05-18T06:20:16.698+0000] {dag.py:4180} INFO - Setting next_dagrun for example_sla_dag to 2026-05-18 06:18:00+00:00, run_after=2026-05-18 06:20:00+00:00
[2026-05-18T06:20:16.727+0000] {processor.py:208} INFO - Processing /home/noelsdavid/airflow_venv/lib/python3.12/site-packages/airflow/example_dags/example_sla_dag.py took 0.106 seconds
[2026-05-18T06:21:17.138+0000] {processor.py:186} INFO - Started process (PID=8663) to work on /home/noelsdavid/airflow_venv/lib/python3.12/site-packages/airflow/example_dags/example_sla_dag.py
[2026-05-18T06:21:17.140+0000] {processor.py:914} INFO - Processing file /home/noelsdavid/airflow_venv/lib/python3.12/site-packages/airflow/example_dags/example_sla_dag.py for tasks to queue
[2026-05-18T06:21:17.143+0000] {logging_mixin.py:190} INFO - [2026-05-18T06:21:17.142+0000] {dagbag.py:588} INFO - Filling up the DagBag from /home/noelsdavid/airflow_venv/lib/python3.12/site-packages/airflow/example_dags/example_sla_dag.py
[2026-05-18T06:21:17.158+0000] {processor.py:925} INFO - DAG(s) 'example_sla_dag' retrieved from /home/noelsdavid/airflow_venv/lib/python3.12/site-packages/airflow/example_dags/example_sla_dag.py
[2026-05-18T06:21:17.179+0000] {logging_mixin.py:190} INFO - [2026-05-18T06:21:17.178+0000] {dag.py:3239} INFO - Sync 1 DAGs
[2026-05-18T06:21:17.209+0000] {logging_mixin.py:190} INFO - [2026-05-18T06:21:17.209+0000] {dag.py:4180} INFO - Setting next_dagrun for example_sla_dag to 2026-05-18 06:18:00+00:00, run_after=2026-05-18 06:20:00+00:00
[2026-05-18T06:21:17.245+0000] {processor.py:208} INFO - Processing /home/noelsdavid/airflow_venv/lib/python3.12/site-packages/airflow/example_dags/example_sla_dag.py took 0.115 seconds
[2026-05-18T06:22:23.157+0000] {processor.py:186} INFO - Started process (PID=8727) to work on /home/noelsdavid/airflow_venv/lib/python3.12/site-packages/airflow/example_dags/example_sla_dag.py
[2026-05-18T06:22:23.159+0000] {processor.py:914} INFO - Processing file /home/noelsdavid/airflow_venv/lib/python3.12/site-packages/airflow/example_dags/example_sla_dag.py for tasks to queue
[2026-05-18T06:22:23.163+0000] {logging_mixin.py:190} INFO - [2026-05-18T06:22:23.162+0000] {dagbag.py:588} INFO - Filling up the DagBag from /home/noelsdavid/airflow_venv/lib/python3.12/site-packages/airflow/example_dags/example_sla_dag.py
[2026-05-18T06:22:23.178+0000] {processor.py:925} INFO - DAG(s) 'example_sla_dag' retrieved from /home/noelsdavid/airflow_venv/lib/python3.12/site-packages/airflow/example_dags/example_sla_dag.py
[2026-05-18T06:22:23.202+0000] {logging_mixin.py:190} INFO - [2026-05-18T06:22:23.201+0000] {dag.py:3239} INFO - Sync 1 DAGs
[2026-05-18T06:22:23.234+0000] {logging_mixin.py:190} INFO - [2026-05-18T06:22:23.234+0000] {dag.py:4180} INFO - Setting next_dagrun for example_sla_dag to 2026-05-18 06:20:00+00:00, run_after=2026-05-18 06:22:00+00:00
[2026-05-18T06:22:23.266+0000] {processor.py:208} INFO - Processing /home/noelsdavid/airflow_venv/lib/python3.12/site-packages/airflow/example_dags/example_sla_dag.py took 0.118 seconds
[2026-05-18T06:23:25.287+0000] {processor.py:186} INFO - Started process (PID=8788) to work on /home/noelsdavid/airflow_venv/lib/python3.12/site-packages/airflow/example_dags/example_sla_dag.py
[2026-05-18T06:23:25.307+0000] {processor.py:914} INFO - Processing file /home/noelsdavid/airflow_venv/lib/python3.12/site-packages/airflow/example_dags/example_sla_dag.py for tasks to queue
[2026-05-18T06:23:25.311+0000] {logging_mixin.py:190} INFO - [2026-05-18T06:23:25.310+0000] {dagbag.py:588} INFO - Filling up the DagBag from /home/noelsdavid/airflow_venv/lib/python3.12/site-packages/airflow/example_dags/example_sla_dag.py
[2026-05-18T06:23:25.328+0000] {processor.py:925} INFO - DAG(s) 'example_sla_dag' retrieved from /home/noelsdavid/airflow_venv/lib/python3.12/site-packages/airflow/example_dags/example_sla_dag.py
[2026-05-18T06:23:25.350+0000] {logging_mixin.py:190} INFO - [2026-05-18T06:23:25.350+0000] {dag.py:3239} INFO - Sync 1 DAGs
[2026-05-18T06:23:25.381+0000] {logging_mixin.py:190} INFO - [2026-05-18T06:23:25.380+0000] {dag.py:4180} INFO - Setting next_dagrun for example_sla_dag to 2026-05-18 06:20:00+00:00, run_after=2026-05-18 06:22:00+00:00
[2026-05-18T06:23:25.411+0000] {processor.py:208} INFO - Processing /home/noelsdavid/airflow_venv/lib/python3.12/site-packages/airflow/example_dags/example_sla_dag.py took 0.133 seconds
[2026-05-18T06:24:32.491+0000] {processor.py:186} INFO - Started process (PID=8849) to work on /home/noelsdavid/airflow_venv/lib/python3.12/site-packages/airflow/example_dags/example_sla_dag.py
[2026-05-18T06:24:32.493+0000] {processor.py:914} INFO - Processing file /home/noelsdavid/airflow_venv/lib/python3.12/site-packages/airflow/example_dags/example_sla_dag.py for tasks to queue
[2026-05-18T06:24:32.496+0000] {logging_mixin.py:190} INFO - [2026-05-18T06:24:32.495+0000] {dagbag.py:588} INFO - Filling up the DagBag from /home/noelsdavid/airflow_venv/lib/python3.12/site-packages/airflow/example_dags/example_sla_dag.py
[2026-05-18T06:24:32.511+0000] {processor.py:925} INFO - DAG(s) 'example_sla_dag' retrieved from /home/noelsdavid/airflow_venv/lib/python3.12/site-packages/airflow/example_dags/example_sla_dag.py
[2026-05-18T06:24:32.533+0000] {logging_mixin.py:190} INFO - [2026-05-18T06:24:32.532+0000] {dag.py:3239} INFO - Sync 1 DAGs
[2026-05-18T06:24:32.564+0000] {logging_mixin.py:190} INFO - [2026-05-18T06:24:32.564+0000] {dag.py:4180} INFO - Setting next_dagrun for example_sla_dag to 2026-05-18 06:22:00+00:00, run_after=2026-05-18 06:24:00+00:00
[2026-05-18T06:24:32.595+0000] {processor.py:208} INFO - Processing /home/noelsdavid/airflow_venv/lib/python3.12/site-packages/airflow/example_dags/example_sla_dag.py took 0.113 seconds
[2026-05-18T06:25:36.389+0000] {processor.py:186} INFO - Started process (PID=8936) to work on /home/noelsdavid/airflow_venv/lib/python3.12/site-packages/airflow/example_dags/example_sla_dag.py
[2026-05-18T06:25:36.391+0000] {processor.py:914} INFO - Processing file /home/noelsdavid/airflow_venv/lib/python3.12/site-packages/airflow/example_dags/example_sla_dag.py for tasks to queue
[2026-05-18T06:25:36.395+0000] {logging_mixin.py:190} INFO - [2026-05-18T06:25:36.394+0000] {dagbag.py:588} INFO - Filling up the DagBag from /home/noelsdavid/airflow_venv/lib/python3.12/site-packages/airflow/example_dags/example_sla_dag.py
[2026-05-18T06:25:36.410+0000] {processor.py:925} INFO - DAG(s) 'example_sla_dag' retrieved from /home/noelsdavid/airflow_venv/lib/python3.12/site-packages/airflow/example_dags/example_sla_dag.py
[2026-05-18T06:25:36.434+0000] {logging_mixin.py:190} INFO - [2026-05-18T06:25:36.434+0000] {dag.py:3239} INFO - Sync 1 DAGs
[2026-05-18T06:25:36.466+0000] {logging_mixin.py:190} INFO - [2026-05-18T06:25:36.465+0000] {dag.py:4180} INFO - Setting next_dagrun for example_sla_dag to 2026-05-18 06:22:00+00:00, run_after=2026-05-18 06:24:00+00:00
[2026-05-18T06:25:36.497+0000] {processor.py:208} INFO - Processing /home/noelsdavid/airflow_venv/lib/python3.12/site-packages/airflow/example_dags/example_sla_dag.py took 0.116 seconds
[2026-05-18T06:26:41.008+0000] {processor.py:186} INFO - Started process (PID=9052) to work on /home/noelsdavid/airflow_venv/lib/python3.12/site-packages/airflow/example_dags/example_sla_dag.py
[2026-05-18T06:26:41.011+0000] {processor.py:914} INFO - Processing file /home/noelsdavid/airflow_venv/lib/python3.12/site-packages/airflow/example_dags/example_sla_dag.py for tasks to queue
[2026-05-18T06:26:41.014+0000] {logging_mixin.py:190} INFO - [2026-05-18T06:26:41.014+0000] {dagbag.py:588} INFO - Filling up the DagBag from /home/noelsdavid/airflow_venv/lib/python3.12/site-packages/airflow/example_dags/example_sla_dag.py
[2026-05-18T06:26:41.029+0000] {processor.py:925} INFO - DAG(s) 'example_sla_dag' retrieved from /home/noelsdavid/airflow_venv/lib/python3.12/site-packages/airflow/example_dags/example_sla_dag.py
[2026-05-18T06:26:41.054+0000] {logging_mixin.py:190} INFO - [2026-05-18T06:26:41.054+0000] {dag.py:3239} INFO - Sync 1 DAGs
[2026-05-18T06:26:41.094+0000] {logging_mixin.py:190} INFO - [2026-05-18T06:26:41.094+0000] {dag.py:4180} INFO - Setting next_dagrun for example_sla_dag to 2026-05-18 06:24:00+00:00, run_after=2026-05-18 06:26:00+00:00
[2026-05-18T06:26:41.138+0000] {processor.py:208} INFO - Processing /home/noelsdavid/airflow_venv/lib/python3.12/site-packages/airflow/example_dags/example_sla_dag.py took 0.139 seconds
[2026-05-18T06:28:03.028+0000] {processor.py:186} INFO - Started process (PID=9667) to work on /home/noelsdavid/airflow_venv/lib/python3.12/site-packages/airflow/example_dags/example_sla_dag.py
[2026-05-18T06:28:03.032+0000] {processor.py:914} INFO - Processing file /home/noelsdavid/airflow_venv/lib/python3.12/site-packages/airflow/example_dags/example_sla_dag.py for tasks to queue
[2026-05-18T06:28:03.034+0000] {logging_mixin.py:190} INFO - [2026-05-18T06:28:03.033+0000] {dagbag.py:588} INFO - Filling up the DagBag from /home/noelsdavid/airflow_venv/lib/python3.12/site-packages/airflow/example_dags/example_sla_dag.py
[2026-05-18T06:28:03.051+0000] {processor.py:925} INFO - DAG(s) 'example_sla_dag' retrieved from /home/noelsdavid/airflow_venv/lib/python3.12/site-packages/airflow/example_dags/example_sla_dag.py
[2026-05-18T06:28:03.075+0000] {logging_mixin.py:190} INFO - [2026-05-18T06:28:03.074+0000] {dag.py:3239} INFO - Sync 1 DAGs
[2026-05-18T06:28:03.105+0000] {logging_mixin.py:190} INFO - [2026-05-18T06:28:03.104+0000] {dag.py:4180} INFO - Setting next_dagrun for example_sla_dag to 2026-05-18 06:26:00+00:00, run_after=2026-05-18 06:28:00+00:00
[2026-05-18T06:28:03.136+0000] {processor.py:208} INFO - Processing /home/noelsdavid/airflow_venv/lib/python3.12/site-packages/airflow/example_dags/example_sla_dag.py took 0.116 seconds
[2026-05-18T06:29:09.065+0000] {processor.py:186} INFO - Started process (PID=9757) to work on /home/noelsdavid/airflow_venv/lib/python3.12/site-packages/airflow/example_dags/example_sla_dag.py
[2026-05-18T06:29:09.068+0000] {processor.py:914} INFO - Processing file /home/noelsdavid/airflow_venv/lib/python3.12/site-packages/airflow/example_dags/example_sla_dag.py for tasks to queue
[2026-05-18T06:29:09.070+0000] {logging_mixin.py:190} INFO - [2026-05-18T06:29:09.069+0000] {dagbag.py:588} INFO - Filling up the DagBag from /home/noelsdavid/airflow_venv/lib/python3.12/site-packages/airflow/example_dags/example_sla_dag.py
[2026-05-18T06:29:09.087+0000] {processor.py:925} INFO - DAG(s) 'example_sla_dag' retrieved from /home/noelsdavid/airflow_venv/lib/python3.12/site-packages/airflow/example_dags/example_sla_dag.py
[2026-05-18T06:29:09.107+0000] {logging_mixin.py:190} INFO - [2026-05-18T06:29:09.107+0000] {dag.py:3239} INFO - Sync 1 DAGs
[2026-05-18T06:29:09.138+0000] {logging_mixin.py:190} INFO - [2026-05-18T06:29:09.137+0000] {dag.py:4180} INFO - Setting next_dagrun for example_sla_dag to 2026-05-18 06:26:00+00:00, run_after=2026-05-18 06:28:00+00:00
[2026-05-18T06:29:09.183+0000] {processor.py:208} INFO - Processing /home/noelsdavid/airflow_venv/lib/python3.12/site-packages/airflow/example_dags/example_sla_dag.py took 0.127 seconds
[2026-05-18T06:30:16.460+0000] {processor.py:186} INFO - Started process (PID=9846) to work on /home/noelsdavid/airflow_venv/lib/python3.12/site-packages/airflow/example_dags/example_sla_dag.py
[2026-05-18T06:30:16.462+0000] {processor.py:914} INFO - Processing file /home/noelsdavid/airflow_venv/lib/python3.12/site-packages/airflow/example_dags/example_sla_dag.py for tasks to queue
[2026-05-18T06:30:16.464+0000] {logging_mixin.py:190} INFO - [2026-05-18T06:30:16.463+0000] {dagbag.py:588} INFO - Filling up the DagBag from /home/noelsdavid/airflow_venv/lib/python3.12/site-packages/airflow/example_dags/example_sla_dag.py
[2026-05-18T06:30:16.480+0000] {processor.py:925} INFO - DAG(s) 'example_sla_dag' retrieved from /home/noelsdavid/airflow_venv/lib/python3.12/site-packages/airflow/example_dags/example_sla_dag.py
[2026-05-18T06:30:16.500+0000] {logging_mixin.py:190} INFO - [2026-05-18T06:30:16.500+0000] {dag.py:3239} INFO - Sync 1 DAGs
[2026-05-18T06:30:16.529+0000] {logging_mixin.py:190} INFO - [2026-05-18T06:30:16.529+0000] {dag.py:4180} INFO - Setting next_dagrun for example_sla_dag to 2026-05-18 06:28:00+00:00, run_after=2026-05-18 06:30:00+00:00
[2026-05-18T06:30:16.562+0000] {processor.py:208} INFO - Processing /home/noelsdavid/airflow_venv/lib/python3.12/site-packages/airflow/example_dags/example_sla_dag.py took 0.109 seconds
[2026-05-18T06:31:21.885+0000] {processor.py:186} INFO - Started process (PID=9909) to work on /home/noelsdavid/airflow_venv/lib/python3.12/site-packages/airflow/example_dags/example_sla_dag.py
[2026-05-18T06:31:21.887+0000] {processor.py:914} INFO - Processing file /home/noelsdavid/airflow_venv/lib/python3.12/site-packages/airflow/example_dags/example_sla_dag.py for tasks to queue
[2026-05-18T06:31:21.889+0000] {logging_mixin.py:190} INFO - [2026-05-18T06:31:21.888+0000] {dagbag.py:588} INFO - Filling up the DagBag from /home/noelsdavid/airflow_venv/lib/python3.12/site-packages/airflow/example_dags/example_sla_dag.py
[2026-05-18T06:31:21.904+0000] {processor.py:925} INFO - DAG(s) 'example_sla_dag' retrieved from /home/noelsdavid/airflow_venv/lib/python3.12/site-packages/airflow/example_dags/example_sla_dag.py
[2026-05-18T06:31:21.924+0000] {logging_mixin.py:190} INFO - [2026-05-18T06:31:21.924+0000] {dag.py:3239} INFO - Sync 1 DAGs
[2026-05-18T06:31:21.952+0000] {logging_mixin.py:190} INFO - [2026-05-18T06:31:21.952+0000] {dag.py:4180} INFO - Setting next_dagrun for example_sla_dag to 2026-05-18 06:28:00+00:00, run_after=2026-05-18 06:30:00+00:00
[2026-05-18T06:31:21.983+0000] {processor.py:208} INFO - Processing /home/noelsdavid/airflow_venv/lib/python3.12/site-packages/airflow/example_dags/example_sla_dag.py took 0.106 seconds
[2026-05-18T06:32:23.148+0000] {processor.py:186} INFO - Started process (PID=9968) to work on /home/noelsdavid/airflow_venv/lib/python3.12/site-packages/airflow/example_dags/example_sla_dag.py
[2026-05-18T06:32:23.151+0000] {processor.py:914} INFO - Processing file /home/noelsdavid/airflow_venv/lib/python3.12/site-packages/airflow/example_dags/example_sla_dag.py for tasks to queue
[2026-05-18T06:32:23.152+0000] {logging_mixin.py:190} INFO - [2026-05-18T06:32:23.152+0000] {dagbag.py:588} INFO - Filling up the DagBag from /home/noelsdavid/airflow_venv/lib/python3.12/site-packages/airflow/example_dags/example_sla_dag.py
[2026-05-18T06:32:23.169+0000] {processor.py:925} INFO - DAG(s) 'example_sla_dag' retrieved from /home/noelsdavid/airflow_venv/lib/python3.12/site-packages/airflow/example_dags/example_sla_dag.py
[2026-05-18T06:32:23.189+0000] {logging_mixin.py:190} INFO - [2026-05-18T06:32:23.189+0000] {dag.py:3239} INFO - Sync 1 DAGs
[2026-05-18T06:32:23.217+0000] {logging_mixin.py:190} INFO - [2026-05-18T06:32:23.217+0000] {dag.py:4180} INFO - Setting next_dagrun for example_sla_dag to 2026-05-18 06:30:00+00:00, run_after=2026-05-18 06:32:00+00:00
[2026-05-18T06:32:23.247+0000] {processor.py:208} INFO - Processing /home/noelsdavid/airflow_venv/lib/python3.12/site-packages/airflow/example_dags/example_sla_dag.py took 0.106 seconds
[2026-05-18T06:33:21.834+0000] {processor.py:186} INFO - Started process (PID=10027) to work on /home/noelsdavid/airflow_venv/lib/python3.12/site-packages/airflow/example_dags/example_sla_dag.py
[2026-05-18T06:33:21.837+0000] {processor.py:914} INFO - Processing file /home/noelsdavid/airflow_venv/lib/python3.12/site-packages/airflow/example_dags/example_sla_dag.py for tasks to queue
[2026-05-18T06:33:21.842+0000] {logging_mixin.py:190} INFO - [2026-05-18T06:33:21.838+0000] {dagbag.py:588} INFO - Filling up the DagBag from /home/noelsdavid/airflow_venv/lib/python3.12/site-packages/airflow/example_dags/example_sla_dag.py
[2026-05-18T06:33:21.870+0000] {processor.py:925} INFO - DAG(s) 'example_sla_dag' retrieved from /home/noelsdavid/airflow_venv/lib/python3.12/site-packages/airflow/example_dags/example_sla_dag.py
[2026-05-18T06:33:21.899+0000] {logging_mixin.py:190} INFO - [2026-05-18T06:33:21.898+0000] {dag.py:3239} INFO - Sync 1 DAGs
[2026-05-18T06:33:21.941+0000] {logging_mixin.py:190} INFO - [2026-05-18T06:33:21.941+0000] {dag.py:4180} INFO - Setting next_dagrun for example_sla_dag to 2026-05-18 06:30:00+00:00, run_after=2026-05-18 06:32:00+00:00
[2026-05-18T06:33:21.989+0000] {processor.py:208} INFO - Processing /home/noelsdavid/airflow_venv/lib/python3.12/site-packages/airflow/example_dags/example_sla_dag.py took 0.167 seconds
[2026-05-18T06:34:29.577+0000] {processor.py:186} INFO - Started process (PID=10162) to work on /home/noelsdavid/airflow_venv/lib/python3.12/site-packages/airflow/example_dags/example_sla_dag.py
[2026-05-18T06:34:29.579+0000] {processor.py:914} INFO - Processing file /home/noelsdavid/airflow_venv/lib/python3.12/site-packages/airflow/example_dags/example_sla_dag.py for tasks to queue
[2026-05-18T06:34:29.581+0000] {logging_mixin.py:190} INFO - [2026-05-18T06:34:29.581+0000] {dagbag.py:588} INFO - Filling up the DagBag from /home/noelsdavid/airflow_venv/lib/python3.12/site-packages/airflow/example_dags/example_sla_dag.py
[2026-05-18T06:34:29.597+0000] {processor.py:925} INFO - DAG(s) 'example_sla_dag' retrieved from /home/noelsdavid/airflow_venv/lib/python3.12/site-packages/airflow/example_dags/example_sla_dag.py
[2026-05-18T06:34:29.618+0000] {logging_mixin.py:190} INFO - [2026-05-18T06:34:29.618+0000] {dag.py:3239} INFO - Sync 1 DAGs
[2026-05-18T06:34:29.647+0000] {logging_mixin.py:190} INFO - [2026-05-18T06:34:29.647+0000] {dag.py:4180} INFO - Setting next_dagrun for example_sla_dag to 2026-05-18 06:32:00+00:00, run_after=2026-05-18 06:34:00+00:00
[2026-05-18T06:34:29.678+0000] {processor.py:208} INFO - Processing /home/noelsdavid/airflow_venv/lib/python3.12/site-packages/airflow/example_dags/example_sla_dag.py took 0.109 seconds
[2026-05-18T06:35:34.719+0000] {processor.py:186} INFO - Started process (PID=10371) to work on /home/noelsdavid/airflow_venv/lib/python3.12/site-packages/airflow/example_dags/example_sla_dag.py
[2026-05-18T06:35:34.722+0000] {processor.py:914} INFO - Processing file /home/noelsdavid/airflow_venv/lib/python3.12/site-packages/airflow/example_dags/example_sla_dag.py for tasks to queue
[2026-05-18T06:35:34.724+0000] {logging_mixin.py:190} INFO - [2026-05-18T06:35:34.723+0000] {dagbag.py:588} INFO - Filling up the DagBag from /home/noelsdavid/airflow_venv/lib/python3.12/site-packages/airflow/example_dags/example_sla_dag.py
[2026-05-18T06:35:34.739+0000] {processor.py:925} INFO - DAG(s) 'example_sla_dag' retrieved from /home/noelsdavid/airflow_venv/lib/python3.12/site-packages/airflow/example_dags/example_sla_dag.py
[2026-05-18T06:35:34.760+0000] {logging_mixin.py:190} INFO - [2026-05-18T06:35:34.759+0000] {dag.py:3239} INFO - Sync 1 DAGs
[2026-05-18T06:35:34.788+0000] {logging_mixin.py:190} INFO - [2026-05-18T06:35:34.788+0000] {dag.py:4180} INFO - Setting next_dagrun for example_sla_dag to 2026-05-18 06:32:00+00:00, run_after=2026-05-18 06:34:00+00:00
[2026-05-18T06:35:34.816+0000] {processor.py:208} INFO - Processing /home/noelsdavid/airflow_venv/lib/python3.12/site-packages/airflow/example_dags/example_sla_dag.py took 0.105 seconds
[2026-05-18T06:36:36.422+0000] {processor.py:186} INFO - Started process (PID=10533) to work on /home/noelsdavid/airflow_venv/lib/python3.12/site-packages/airflow/example_dags/example_sla_dag.py
[2026-05-18T06:36:36.424+0000] {processor.py:914} INFO - Processing file /home/noelsdavid/airflow_venv/lib/python3.12/site-packages/airflow/example_dags/example_sla_dag.py for tasks to queue
[2026-05-18T06:36:36.426+0000] {logging_mixin.py:190} INFO - [2026-05-18T06:36:36.425+0000] {dagbag.py:588} INFO - Filling up the DagBag from /home/noelsdavid/airflow_venv/lib/python3.12/site-packages/airflow/example_dags/example_sla_dag.py
[2026-05-18T06:36:36.460+0000] {processor.py:925} INFO - DAG(s) 'example_sla_dag' retrieved from /home/noelsdavid/airflow_venv/lib/python3.12/site-packages/airflow/example_dags/example_sla_dag.py
[2026-05-18T06:36:36.518+0000] {logging_mixin.py:190} INFO - [2026-05-18T06:36:36.517+0000] {dag.py:3239} INFO - Sync 1 DAGs
[2026-05-18T06:36:36.566+0000] {logging_mixin.py:190} INFO - [2026-05-18T06:36:36.566+0000] {dag.py:4180} INFO - Setting next_dagrun for example_sla_dag to 2026-05-18 06:34:00+00:00, run_after=2026-05-18 06:36:00+00:00
[2026-05-18T06:36:36.605+0000] {processor.py:208} INFO - Processing /home/noelsdavid/airflow_venv/lib/python3.12/site-packages/airflow/example_dags/example_sla_dag.py took 0.192 seconds
[2026-05-18T06:37:39.498+0000] {processor.py:186} INFO - Started process (PID=10933) to work on /home/noelsdavid/airflow_venv/lib/python3.12/site-packages/airflow/example_dags/example_sla_dag.py
[2026-05-18T06:37:39.501+0000] {processor.py:914} INFO - Processing file /home/noelsdavid/airflow_venv/lib/python3.12/site-packages/airflow/example_dags/example_sla_dag.py for tasks to queue
[2026-05-18T06:37:39.503+0000] {logging_mixin.py:190} INFO - [2026-05-18T06:37:39.502+0000] {dagbag.py:588} INFO - Filling up the DagBag from /home/noelsdavid/airflow_venv/lib/python3.12/site-packages/airflow/example_dags/example_sla_dag.py
[2026-05-18T06:37:39.519+0000] {processor.py:925} INFO - DAG(s) 'example_sla_dag' retrieved from /home/noelsdavid/airflow_venv/lib/python3.12/site-packages/airflow/example_dags/example_sla_dag.py
[2026-05-18T06:37:39.541+0000] {logging_mixin.py:190} INFO - [2026-05-18T06:37:39.541+0000] {dag.py:3239} INFO - Sync 1 DAGs
[2026-05-18T06:37:39.573+0000] {logging_mixin.py:190} INFO - [2026-05-18T06:37:39.573+0000] {dag.py:4180} INFO - Setting next_dagrun for example_sla_dag to 2026-05-18 06:34:00+00:00, run_after=2026-05-18 06:36:00+00:00
[2026-05-18T06:37:39.604+0000] {processor.py:208} INFO - Processing /home/noelsdavid/airflow_venv/lib/python3.12/site-packages/airflow/example_dags/example_sla_dag.py took 0.114 seconds
[2026-05-18T06:38:45.318+0000] {processor.py:186} INFO - Started process (PID=11106) to work on /home/noelsdavid/airflow_venv/lib/python3.12/site-packages/airflow/example_dags/example_sla_dag.py
[2026-05-18T06:38:45.320+0000] {processor.py:914} INFO - Processing file /home/noelsdavid/airflow_venv/lib/python3.12/site-packages/airflow/example_dags/example_sla_dag.py for tasks to queue
[2026-05-18T06:38:45.323+0000] {logging_mixin.py:190} INFO - [2026-05-18T06:38:45.322+0000] {dagbag.py:588} INFO - Filling up the DagBag from /home/noelsdavid/airflow_venv/lib/python3.12/site-packages/airflow/example_dags/example_sla_dag.py
[2026-05-18T06:38:45.339+0000] {processor.py:925} INFO - DAG(s) 'example_sla_dag' retrieved from /home/noelsdavid/airflow_venv/lib/python3.12/site-packages/airflow/example_dags/example_sla_dag.py
[2026-05-18T06:38:45.365+0000] {logging_mixin.py:190} INFO - [2026-05-18T06:38:45.365+0000] {dag.py:3239} INFO - Sync 1 DAGs
[2026-05-18T06:38:45.399+0000] {logging_mixin.py:190} INFO - [2026-05-18T06:38:45.399+0000] {dag.py:4180} INFO - Setting next_dagrun for example_sla_dag to 2026-05-18 06:36:00+00:00, run_after=2026-05-18 06:38:00+00:00
[2026-05-18T06:38:45.431+0000] {processor.py:208} INFO - Processing /home/noelsdavid/airflow_venv/lib/python3.12/site-packages/airflow/example_dags/example_sla_dag.py took 0.123 seconds
[2026-05-18T06:39:50.915+0000] {processor.py:186} INFO - Started process (PID=11332) to work on /home/noelsdavid/airflow_venv/lib/python3.12/site-packages/airflow/example_dags/example_sla_dag.py
[2026-05-18T06:39:50.918+0000] {processor.py:914} INFO - Processing file /home/noelsdavid/airflow_venv/lib/python3.12/site-packages/airflow/example_dags/example_sla_dag.py for tasks to queue
[2026-05-18T06:39:50.920+0000] {logging_mixin.py:190} INFO - [2026-05-18T06:39:50.919+0000] {dagbag.py:588} INFO - Filling up the DagBag from /home/noelsdavid/airflow_venv/lib/python3.12/site-packages/airflow/example_dags/example_sla_dag.py
[2026-05-18T06:39:50.936+0000] {processor.py:925} INFO - DAG(s) 'example_sla_dag' retrieved from /home/noelsdavid/airflow_venv/lib/python3.12/site-packages/airflow/example_dags/example_sla_dag.py
[2026-05-18T06:39:50.960+0000] {logging_mixin.py:190} INFO - [2026-05-18T06:39:50.959+0000] {dag.py:3239} INFO - Sync 1 DAGs
[2026-05-18T06:39:50.988+0000] {logging_mixin.py:190} INFO - [2026-05-18T06:39:50.988+0000] {dag.py:4180} INFO - Setting next_dagrun for example_sla_dag to 2026-05-18 06:36:00+00:00, run_after=2026-05-18 06:38:00+00:00
[2026-05-18T06:39:51.020+0000] {processor.py:208} INFO - Processing /home/noelsdavid/airflow_venv/lib/python3.12/site-packages/airflow/example_dags/example_sla_dag.py took 0.114 seconds
[2026-05-18T06:41:04.814+0000] {processor.py:186} INFO - Started process (PID=11710) to work on /home/noelsdavid/airflow_venv/lib/python3.12/site-packages/airflow/example_dags/example_sla_dag.py
[2026-05-18T06:41:04.817+0000] {processor.py:914} INFO - Processing file /home/noelsdavid/airflow_venv/lib/python3.12/site-packages/airflow/example_dags/example_sla_dag.py for tasks to queue
[2026-05-18T06:41:04.819+0000] {logging_mixin.py:190} INFO - [2026-05-18T06:41:04.818+0000] {dagbag.py:588} INFO - Filling up the DagBag from /home/noelsdavid/airflow_venv/lib/python3.12/site-packages/airflow/example_dags/example_sla_dag.py
[2026-05-18T06:41:04.835+0000] {processor.py:925} INFO - DAG(s) 'example_sla_dag' retrieved from /home/noelsdavid/airflow_venv/lib/python3.12/site-packages/airflow/example_dags/example_sla_dag.py
[2026-05-18T06:41:04.857+0000] {logging_mixin.py:190} INFO - [2026-05-18T06:41:04.857+0000] {dag.py:3239} INFO - Sync 1 DAGs
[2026-05-18T06:41:04.887+0000] {logging_mixin.py:190} INFO - [2026-05-18T06:41:04.887+0000] {dag.py:4180} INFO - Setting next_dagrun for example_sla_dag to 2026-05-18 06:38:00+00:00, run_after=2026-05-18 06:40:00+00:00
[2026-05-18T06:41:04.927+0000] {processor.py:208} INFO - Processing /home/noelsdavid/airflow_venv/lib/python3.12/site-packages/airflow/example_dags/example_sla_dag.py took 0.121 seconds
[2026-05-18T06:42:16.793+0000] {processor.py:186} INFO - Started process (PID=12372) to work on /home/noelsdavid/airflow_venv/lib/python3.12/site-packages/airflow/example_dags/example_sla_dag.py
[2026-05-18T06:42:16.815+0000] {processor.py:914} INFO - Processing file /home/noelsdavid/airflow_venv/lib/python3.12/site-packages/airflow/example_dags/example_sla_dag.py for tasks to queue
[2026-05-18T06:42:16.820+0000] {logging_mixin.py:190} INFO - [2026-05-18T06:42:16.818+0000] {dagbag.py:588} INFO - Filling up the DagBag from /home/noelsdavid/airflow_venv/lib/python3.12/site-packages/airflow/example_dags/example_sla_dag.py
[2026-05-18T06:42:16.860+0000] {processor.py:925} INFO - DAG(s) 'example_sla_dag' retrieved from /home/noelsdavid/airflow_venv/lib/python3.12/site-packages/airflow/example_dags/example_sla_dag.py
[2026-05-18T06:42:16.918+0000] {logging_mixin.py:190} INFO - [2026-05-18T06:42:16.918+0000] {dag.py:3239} INFO - Sync 1 DAGs
[2026-05-18T06:42:16.974+0000] {logging_mixin.py:190} INFO - [2026-05-18T06:42:16.974+0000] {dag.py:4180} INFO - Setting next_dagrun for example_sla_dag to 2026-05-18 06:40:00+00:00, run_after=2026-05-18 06:42:00+00:00
[2026-05-18T06:42:17.012+0000] {processor.py:208} INFO - Processing /home/noelsdavid/airflow_venv/lib/python3.12/site-packages/airflow/example_dags/example_sla_dag.py took 0.248 seconds
[2026-05-18T06:43:49.146+0000] {processor.py:186} INFO - Started process (PID=12977) to work on /home/noelsdavid/airflow_venv/lib/python3.12/site-packages/airflow/example_dags/example_sla_dag.py
[2026-05-18T06:43:49.185+0000] {processor.py:914} INFO - Processing file /home/noelsdavid/airflow_venv/lib/python3.12/site-packages/airflow/example_dags/example_sla_dag.py for tasks to queue
[2026-05-18T06:43:49.187+0000] {logging_mixin.py:190} INFO - [2026-05-18T06:43:49.187+0000] {dagbag.py:588} INFO - Filling up the DagBag from /home/noelsdavid/airflow_venv/lib/python3.12/site-packages/airflow/example_dags/example_sla_dag.py
[2026-05-18T06:43:49.204+0000] {processor.py:925} INFO - DAG(s) 'example_sla_dag' retrieved from /home/noelsdavid/airflow_venv/lib/python3.12/site-packages/airflow/example_dags/example_sla_dag.py
[2026-05-18T06:43:49.229+0000] {logging_mixin.py:190} INFO - [2026-05-18T06:43:49.229+0000] {dag.py:3239} INFO - Sync 1 DAGs
[2026-05-18T06:43:49.268+0000] {logging_mixin.py:190} INFO - [2026-05-18T06:43:49.268+0000] {dag.py:4180} INFO - Setting next_dagrun for example_sla_dag to 2026-05-18 06:40:00+00:00, run_after=2026-05-18 06:42:00+00:00
[2026-05-18T06:43:49.304+0000] {processor.py:208} INFO - Processing /home/noelsdavid/airflow_venv/lib/python3.12/site-packages/airflow/example_dags/example_sla_dag.py took 0.168 seconds
[2026-05-18T06:45:07.947+0000] {processor.py:186} INFO - Started process (PID=13085) to work on /home/noelsdavid/airflow_venv/lib/python3.12/site-packages/airflow/example_dags/example_sla_dag.py
[2026-05-18T06:45:07.950+0000] {processor.py:914} INFO - Processing file /home/noelsdavid/airflow_venv/lib/python3.12/site-packages/airflow/example_dags/example_sla_dag.py for tasks to queue
[2026-05-18T06:45:07.952+0000] {logging_mixin.py:190} INFO - [2026-05-18T06:45:07.951+0000] {dagbag.py:588} INFO - Filling up the DagBag from /home/noelsdavid/airflow_venv/lib/python3.12/site-packages/airflow/example_dags/example_sla_dag.py
[2026-05-18T06:45:07.967+0000] {processor.py:925} INFO - DAG(s) 'example_sla_dag' retrieved from /home/noelsdavid/airflow_venv/lib/python3.12/site-packages/airflow/example_dags/example_sla_dag.py
[2026-05-18T06:45:07.994+0000] {logging_mixin.py:190} INFO - [2026-05-18T06:45:07.994+0000] {dag.py:3239} INFO - Sync 1 DAGs
[2026-05-18T06:45:08.033+0000] {logging_mixin.py:190} INFO - [2026-05-18T06:45:08.033+0000] {dag.py:4180} INFO - Setting next_dagrun for example_sla_dag to 2026-05-18 06:42:00+00:00, run_after=2026-05-18 06:44:00+00:00
[2026-05-18T06:45:08.073+0000] {processor.py:208} INFO - Processing /home/noelsdavid/airflow_venv/lib/python3.12/site-packages/airflow/example_dags/example_sla_dag.py took 0.137 seconds
[2026-05-18T06:46:19.514+0000] {processor.py:186} INFO - Started process (PID=13187) to work on /home/noelsdavid/airflow_venv/lib/python3.12/site-packages/airflow/example_dags/example_sla_dag.py
[2026-05-18T06:46:19.517+0000] {processor.py:914} INFO - Processing file /home/noelsdavid/airflow_venv/lib/python3.12/site-packages/airflow/example_dags/example_sla_dag.py for tasks to queue
[2026-05-18T06:46:19.520+0000] {logging_mixin.py:190} INFO - [2026-05-18T06:46:19.519+0000] {dagbag.py:588} INFO - Filling up the DagBag from /home/noelsdavid/airflow_venv/lib/python3.12/site-packages/airflow/example_dags/example_sla_dag.py
[2026-05-18T06:46:19.540+0000] {processor.py:925} INFO - DAG(s) 'example_sla_dag' retrieved from /home/noelsdavid/airflow_venv/lib/python3.12/site-packages/airflow/example_dags/example_sla_dag.py
[2026-05-18T06:46:19.566+0000] {logging_mixin.py:190} INFO - [2026-05-18T06:46:19.566+0000] {dag.py:3239} INFO - Sync 1 DAGs
[2026-05-18T06:46:19.601+0000] {logging_mixin.py:190} INFO - [2026-05-18T06:46:19.601+0000] {dag.py:4180} INFO - Setting next_dagrun for example_sla_dag to 2026-05-18 06:44:00+00:00, run_after=2026-05-18 06:46:00+00:00
[2026-05-18T06:46:19.650+0000] {processor.py:208} INFO - Processing /home/noelsdavid/airflow_venv/lib/python3.12/site-packages/airflow/example_dags/example_sla_dag.py took 0.149 seconds
[2026-05-18T06:47:27.246+0000] {processor.py:186} INFO - Started process (PID=13263) to work on /home/noelsdavid/airflow_venv/lib/python3.12/site-packages/airflow/example_dags/example_sla_dag.py
[2026-05-18T06:47:27.265+0000] {processor.py:914} INFO - Processing file /home/noelsdavid/airflow_venv/lib/python3.12/site-packages/airflow/example_dags/example_sla_dag.py for tasks to queue
[2026-05-18T06:47:27.267+0000] {logging_mixin.py:190} INFO - [2026-05-18T06:47:27.266+0000] {dagbag.py:588} INFO - Filling up the DagBag from /home/noelsdavid/airflow_venv/lib/python3.12/site-packages/airflow/example_dags/example_sla_dag.py
[2026-05-18T06:47:27.283+0000] {processor.py:925} INFO - DAG(s) 'example_sla_dag' retrieved from /home/noelsdavid/airflow_venv/lib/python3.12/site-packages/airflow/example_dags/example_sla_dag.py
[2026-05-18T06:47:27.304+0000] {logging_mixin.py:190} INFO - [2026-05-18T06:47:27.304+0000] {dag.py:3239} INFO - Sync 1 DAGs
[2026-05-18T06:47:27.335+0000] {logging_mixin.py:190} INFO - [2026-05-18T06:47:27.335+0000] {dag.py:4180} INFO - Setting next_dagrun for example_sla_dag to 2026-05-18 06:44:00+00:00, run_after=2026-05-18 06:46:00+00:00
[2026-05-18T06:47:27.367+0000] {processor.py:208} INFO - Processing /home/noelsdavid/airflow_venv/lib/python3.12/site-packages/airflow/example_dags/example_sla_dag.py took 0.133 seconds
[2026-05-18T06:48:31.726+0000] {processor.py:186} INFO - Started process (PID=13335) to work on /home/noelsdavid/airflow_venv/lib/python3.12/site-packages/airflow/example_dags/example_sla_dag.py
[2026-05-18T06:48:31.729+0000] {processor.py:914} INFO - Processing file /home/noelsdavid/airflow_venv/lib/python3.12/site-packages/airflow/example_dags/example_sla_dag.py for tasks to queue
[2026-05-18T06:48:31.732+0000] {logging_mixin.py:190} INFO - [2026-05-18T06:48:31.731+0000] {dagbag.py:588} INFO - Filling up the DagBag from /home/noelsdavid/airflow_venv/lib/python3.12/site-packages/airflow/example_dags/example_sla_dag.py
[2026-05-18T06:48:31.753+0000] {processor.py:925} INFO - DAG(s) 'example_sla_dag' retrieved from /home/noelsdavid/airflow_venv/lib/python3.12/site-packages/airflow/example_dags/example_sla_dag.py
[2026-05-18T06:48:31.773+0000] {logging_mixin.py:190} INFO - [2026-05-18T06:48:31.773+0000] {dag.py:3239} INFO - Sync 1 DAGs
[2026-05-18T06:48:31.802+0000] {logging_mixin.py:190} INFO - [2026-05-18T06:48:31.802+0000] {dag.py:4180} INFO - Setting next_dagrun for example_sla_dag to 2026-05-18 06:46:00+00:00, run_after=2026-05-18 06:48:00+00:00
[2026-05-18T06:48:31.834+0000] {processor.py:208} INFO - Processing /home/noelsdavid/airflow_venv/lib/python3.12/site-packages/airflow/example_dags/example_sla_dag.py took 0.122 seconds
[2026-05-18T06:49:35.594+0000] {processor.py:186} INFO - Started process (PID=13407) to work on /home/noelsdavid/airflow_venv/lib/python3.12/site-packages/airflow/example_dags/example_sla_dag.py
[2026-05-18T06:49:35.596+0000] {processor.py:914} INFO - Processing file /home/noelsdavid/airflow_venv/lib/python3.12/site-packages/airflow/example_dags/example_sla_dag.py for tasks to queue
[2026-05-18T06:49:35.598+0000] {logging_mixin.py:190} INFO - [2026-05-18T06:49:35.597+0000] {dagbag.py:588} INFO - Filling up the DagBag from /home/noelsdavid/airflow_venv/lib/python3.12/site-packages/airflow/example_dags/example_sla_dag.py
[2026-05-18T06:49:35.613+0000] {processor.py:925} INFO - DAG(s) 'example_sla_dag' retrieved from /home/noelsdavid/airflow_venv/lib/python3.12/site-packages/airflow/example_dags/example_sla_dag.py
[2026-05-18T06:49:35.633+0000] {logging_mixin.py:190} INFO - [2026-05-18T06:49:35.632+0000] {dag.py:3239} INFO - Sync 1 DAGs
[2026-05-18T06:49:35.662+0000] {logging_mixin.py:190} INFO - [2026-05-18T06:49:35.661+0000] {dag.py:4180} INFO - Setting next_dagrun for example_sla_dag to 2026-05-18 06:46:00+00:00, run_after=2026-05-18 06:48:00+00:00
[2026-05-18T06:49:35.691+0000] {processor.py:208} INFO - Processing /home/noelsdavid/airflow_venv/lib/python3.12/site-packages/airflow/example_dags/example_sla_dag.py took 0.109 seconds
[2026-05-18T06:50:44.144+0000] {processor.py:186} INFO - Started process (PID=13989) to work on /home/noelsdavid/airflow_venv/lib/python3.12/site-packages/airflow/example_dags/example_sla_dag.py
[2026-05-18T06:50:44.146+0000] {processor.py:914} INFO - Processing file /home/noelsdavid/airflow_venv/lib/python3.12/site-packages/airflow/example_dags/example_sla_dag.py for tasks to queue
[2026-05-18T06:50:44.148+0000] {logging_mixin.py:190} INFO - [2026-05-18T06:50:44.148+0000] {dagbag.py:588} INFO - Filling up the DagBag from /home/noelsdavid/airflow_venv/lib/python3.12/site-packages/airflow/example_dags/example_sla_dag.py
[2026-05-18T06:50:44.163+0000] {processor.py:925} INFO - DAG(s) 'example_sla_dag' retrieved from /home/noelsdavid/airflow_venv/lib/python3.12/site-packages/airflow/example_dags/example_sla_dag.py
[2026-05-18T06:50:44.184+0000] {logging_mixin.py:190} INFO - [2026-05-18T06:50:44.183+0000] {dag.py:3239} INFO - Sync 1 DAGs
[2026-05-18T06:50:44.213+0000] {logging_mixin.py:190} INFO - [2026-05-18T06:50:44.212+0000] {dag.py:4180} INFO - Setting next_dagrun for example_sla_dag to 2026-05-18 06:48:00+00:00, run_after=2026-05-18 06:50:00+00:00
[2026-05-18T06:50:44.243+0000] {processor.py:208} INFO - Processing /home/noelsdavid/airflow_venv/lib/python3.12/site-packages/airflow/example_dags/example_sla_dag.py took 0.109 seconds
