[2026-05-18T06:00:51.290+0000] {processor.py:186} INFO - Started process (PID=6927) to work on /home/noelsdavid/airflow_venv/lib/python3.12/site-packages/airflow/example_dags/example_params_trigger_ui.py
[2026-05-18T06:00:51.291+0000] {processor.py:914} INFO - Processing file /home/noelsdavid/airflow_venv/lib/python3.12/site-packages/airflow/example_dags/example_params_trigger_ui.py for tasks to queue
[2026-05-18T06:00:51.294+0000] {logging_mixin.py:190} INFO - [2026-05-18T06:00:51.293+0000] {dagbag.py:588} INFO - Filling up the DagBag from /home/noelsdavid/airflow_venv/lib/python3.12/site-packages/airflow/example_dags/example_params_trigger_ui.py
[2026-05-18T06:00:51.309+0000] {processor.py:925} INFO - DAG(s) 'example_params_trigger_ui' retrieved from /home/noelsdavid/airflow_venv/lib/python3.12/site-packages/airflow/example_dags/example_params_trigger_ui.py
[2026-05-18T06:00:51.470+0000] {logging_mixin.py:190} INFO - [2026-05-18T06:00:51.469+0000] {override.py:1911} INFO - Created Permission View: can edit on DAG:example_params_trigger_ui
[2026-05-18T06:00:51.486+0000] {logging_mixin.py:190} INFO - [2026-05-18T06:00:51.486+0000] {override.py:1911} INFO - Created Permission View: can delete on DAG:example_params_trigger_ui
[2026-05-18T06:00:51.500+0000] {logging_mixin.py:190} INFO - [2026-05-18T06:00:51.500+0000] {override.py:1911} INFO - Created Permission View: can read on DAG:example_params_trigger_ui
[2026-05-18T06:00:51.524+0000] {logging_mixin.py:190} INFO - [2026-05-18T06:00:51.523+0000] {override.py:1911} INFO - Created Permission View: can delete on DAG Run:example_params_trigger_ui
[2026-05-18T06:00:51.538+0000] {logging_mixin.py:190} INFO - [2026-05-18T06:00:51.538+0000] {override.py:1911} INFO - Created Permission View: menu access on DAG Run:example_params_trigger_ui
[2026-05-18T06:00:51.551+0000] {logging_mixin.py:190} INFO - [2026-05-18T06:00:51.551+0000] {override.py:1911} INFO - Created Permission View: can create on DAG Run:example_params_trigger_ui
[2026-05-18T06:00:51.565+0000] {logging_mixin.py:190} INFO - [2026-05-18T06:00:51.565+0000] {override.py:1911} INFO - Created Permission View: can read on DAG Run:example_params_trigger_ui
[2026-05-18T06:00:51.566+0000] {logging_mixin.py:190} INFO - [2026-05-18T06:00:51.565+0000] {dag.py:3239} INFO - Sync 1 DAGs
[2026-05-18T06:00:51.579+0000] {logging_mixin.py:190} INFO - [2026-05-18T06:00:51.578+0000] {dag.py:3262} INFO - Creating ORM DAG for example_params_trigger_ui
[2026-05-18T06:00:51.579+0000] {logging_mixin.py:190} INFO - [2026-05-18T06:00:51.579+0000] {dag.py:4180} INFO - Setting next_dagrun for example_params_trigger_ui to None, run_after=None
[2026-05-18T06:00:51.608+0000] {processor.py:208} INFO - Processing /home/noelsdavid/airflow_venv/lib/python3.12/site-packages/airflow/example_dags/example_params_trigger_ui.py took 0.325 seconds
[2026-05-18T06:02:04.513+0000] {processor.py:186} INFO - Started process (PID=6993) to work on /home/noelsdavid/airflow_venv/lib/python3.12/site-packages/airflow/example_dags/example_params_trigger_ui.py
[2026-05-18T06:02:04.537+0000] {processor.py:914} INFO - Processing file /home/noelsdavid/airflow_venv/lib/python3.12/site-packages/airflow/example_dags/example_params_trigger_ui.py for tasks to queue
[2026-05-18T06:02:04.540+0000] {logging_mixin.py:190} INFO - [2026-05-18T06:02:04.539+0000] {dagbag.py:588} INFO - Filling up the DagBag from /home/noelsdavid/airflow_venv/lib/python3.12/site-packages/airflow/example_dags/example_params_trigger_ui.py
[2026-05-18T06:02:04.554+0000] {processor.py:925} INFO - DAG(s) 'example_params_trigger_ui' retrieved from /home/noelsdavid/airflow_venv/lib/python3.12/site-packages/airflow/example_dags/example_params_trigger_ui.py
[2026-05-18T06:02:04.601+0000] {logging_mixin.py:190} INFO - [2026-05-18T06:02:04.600+0000] {dag.py:3239} INFO - Sync 1 DAGs
[2026-05-18T06:02:04.616+0000] {logging_mixin.py:190} INFO - [2026-05-18T06:02:04.616+0000] {dag.py:4180} INFO - Setting next_dagrun for example_params_trigger_ui to None, run_after=None
[2026-05-18T06:02:04.646+0000] {processor.py:208} INFO - Processing /home/noelsdavid/airflow_venv/lib/python3.12/site-packages/airflow/example_dags/example_params_trigger_ui.py took 0.140 seconds
[2026-05-18T06:03:02.822+0000] {processor.py:186} INFO - Started process (PID=7052) to work on /home/noelsdavid/airflow_venv/lib/python3.12/site-packages/airflow/example_dags/example_params_trigger_ui.py
[2026-05-18T06:03:02.824+0000] {processor.py:914} INFO - Processing file /home/noelsdavid/airflow_venv/lib/python3.12/site-packages/airflow/example_dags/example_params_trigger_ui.py for tasks to queue
[2026-05-18T06:03:02.827+0000] {logging_mixin.py:190} INFO - [2026-05-18T06:03:02.826+0000] {dagbag.py:588} INFO - Filling up the DagBag from /home/noelsdavid/airflow_venv/lib/python3.12/site-packages/airflow/example_dags/example_params_trigger_ui.py
[2026-05-18T06:03:02.841+0000] {processor.py:925} INFO - DAG(s) 'example_params_trigger_ui' retrieved from /home/noelsdavid/airflow_venv/lib/python3.12/site-packages/airflow/example_dags/example_params_trigger_ui.py
[2026-05-18T06:03:02.888+0000] {logging_mixin.py:190} INFO - [2026-05-18T06:03:02.888+0000] {dag.py:3239} INFO - Sync 1 DAGs
[2026-05-18T06:03:02.904+0000] {logging_mixin.py:190} INFO - [2026-05-18T06:03:02.904+0000] {dag.py:4180} INFO - Setting next_dagrun for example_params_trigger_ui to None, run_after=None
[2026-05-18T06:03:02.940+0000] {processor.py:208} INFO - Processing /home/noelsdavid/airflow_venv/lib/python3.12/site-packages/airflow/example_dags/example_params_trigger_ui.py took 0.127 seconds
[2026-05-18T06:04:03.999+0000] {processor.py:186} INFO - Started process (PID=7112) to work on /home/noelsdavid/airflow_venv/lib/python3.12/site-packages/airflow/example_dags/example_params_trigger_ui.py
[2026-05-18T06:04:04.002+0000] {processor.py:914} INFO - Processing file /home/noelsdavid/airflow_venv/lib/python3.12/site-packages/airflow/example_dags/example_params_trigger_ui.py for tasks to queue
[2026-05-18T06:04:04.005+0000] {logging_mixin.py:190} INFO - [2026-05-18T06:04:04.004+0000] {dagbag.py:588} INFO - Filling up the DagBag from /home/noelsdavid/airflow_venv/lib/python3.12/site-packages/airflow/example_dags/example_params_trigger_ui.py
[2026-05-18T06:04:04.021+0000] {processor.py:925} INFO - DAG(s) 'example_params_trigger_ui' retrieved from /home/noelsdavid/airflow_venv/lib/python3.12/site-packages/airflow/example_dags/example_params_trigger_ui.py
[2026-05-18T06:04:04.068+0000] {logging_mixin.py:190} INFO - [2026-05-18T06:04:04.067+0000] {dag.py:3239} INFO - Sync 1 DAGs
[2026-05-18T06:04:04.085+0000] {logging_mixin.py:190} INFO - [2026-05-18T06:04:04.084+0000] {dag.py:4180} INFO - Setting next_dagrun for example_params_trigger_ui to None, run_after=None
[2026-05-18T06:04:04.116+0000] {processor.py:208} INFO - Processing /home/noelsdavid/airflow_venv/lib/python3.12/site-packages/airflow/example_dags/example_params_trigger_ui.py took 0.124 seconds
[2026-05-18T06:05:06.308+0000] {processor.py:186} INFO - Started process (PID=7173) to work on /home/noelsdavid/airflow_venv/lib/python3.12/site-packages/airflow/example_dags/example_params_trigger_ui.py
[2026-05-18T06:05:06.310+0000] {processor.py:914} INFO - Processing file /home/noelsdavid/airflow_venv/lib/python3.12/site-packages/airflow/example_dags/example_params_trigger_ui.py for tasks to queue
[2026-05-18T06:05:06.313+0000] {logging_mixin.py:190} INFO - [2026-05-18T06:05:06.313+0000] {dagbag.py:588} INFO - Filling up the DagBag from /home/noelsdavid/airflow_venv/lib/python3.12/site-packages/airflow/example_dags/example_params_trigger_ui.py
[2026-05-18T06:05:06.329+0000] {processor.py:925} INFO - DAG(s) 'example_params_trigger_ui' retrieved from /home/noelsdavid/airflow_venv/lib/python3.12/site-packages/airflow/example_dags/example_params_trigger_ui.py
[2026-05-18T06:05:06.382+0000] {logging_mixin.py:190} INFO - [2026-05-18T06:05:06.381+0000] {dag.py:3239} INFO - Sync 1 DAGs
[2026-05-18T06:05:06.400+0000] {logging_mixin.py:190} INFO - [2026-05-18T06:05:06.400+0000] {dag.py:4180} INFO - Setting next_dagrun for example_params_trigger_ui to None, run_after=None
[2026-05-18T06:05:06.603+0000] {processor.py:208} INFO - Processing /home/noelsdavid/airflow_venv/lib/python3.12/site-packages/airflow/example_dags/example_params_trigger_ui.py took 0.303 seconds
[2026-05-18T06:06:18.392+0000] {processor.py:186} INFO - Started process (PID=7265) to work on /home/noelsdavid/airflow_venv/lib/python3.12/site-packages/airflow/example_dags/example_params_trigger_ui.py
[2026-05-18T06:06:18.395+0000] {processor.py:914} INFO - Processing file /home/noelsdavid/airflow_venv/lib/python3.12/site-packages/airflow/example_dags/example_params_trigger_ui.py for tasks to queue
[2026-05-18T06:06:18.398+0000] {logging_mixin.py:190} INFO - [2026-05-18T06:06:18.397+0000] {dagbag.py:588} INFO - Filling up the DagBag from /home/noelsdavid/airflow_venv/lib/python3.12/site-packages/airflow/example_dags/example_params_trigger_ui.py
[2026-05-18T06:06:18.415+0000] {processor.py:925} INFO - DAG(s) 'example_params_trigger_ui' retrieved from /home/noelsdavid/airflow_venv/lib/python3.12/site-packages/airflow/example_dags/example_params_trigger_ui.py
[2026-05-18T06:06:18.465+0000] {logging_mixin.py:190} INFO - [2026-05-18T06:06:18.465+0000] {dag.py:3239} INFO - Sync 1 DAGs
[2026-05-18T06:06:18.483+0000] {logging_mixin.py:190} INFO - [2026-05-18T06:06:18.483+0000] {dag.py:4180} INFO - Setting next_dagrun for example_params_trigger_ui to None, run_after=None
[2026-05-18T06:06:18.516+0000] {processor.py:208} INFO - Processing /home/noelsdavid/airflow_venv/lib/python3.12/site-packages/airflow/example_dags/example_params_trigger_ui.py took 0.132 seconds
[2026-05-18T06:07:15.105+0000] {processor.py:186} INFO - Started process (PID=7322) to work on /home/noelsdavid/airflow_venv/lib/python3.12/site-packages/airflow/example_dags/example_params_trigger_ui.py
[2026-05-18T06:07:15.108+0000] {processor.py:914} INFO - Processing file /home/noelsdavid/airflow_venv/lib/python3.12/site-packages/airflow/example_dags/example_params_trigger_ui.py for tasks to queue
[2026-05-18T06:07:15.111+0000] {logging_mixin.py:190} INFO - [2026-05-18T06:07:15.110+0000] {dagbag.py:588} INFO - Filling up the DagBag from /home/noelsdavid/airflow_venv/lib/python3.12/site-packages/airflow/example_dags/example_params_trigger_ui.py
[2026-05-18T06:07:15.130+0000] {processor.py:925} INFO - DAG(s) 'example_params_trigger_ui' retrieved from /home/noelsdavid/airflow_venv/lib/python3.12/site-packages/airflow/example_dags/example_params_trigger_ui.py
[2026-05-18T06:07:15.181+0000] {logging_mixin.py:190} INFO - [2026-05-18T06:07:15.181+0000] {dag.py:3239} INFO - Sync 1 DAGs
[2026-05-18T06:07:15.200+0000] {logging_mixin.py:190} INFO - [2026-05-18T06:07:15.199+0000] {dag.py:4180} INFO - Setting next_dagrun for example_params_trigger_ui to None, run_after=None
[2026-05-18T06:07:15.234+0000] {processor.py:208} INFO - Processing /home/noelsdavid/airflow_venv/lib/python3.12/site-packages/airflow/example_dags/example_params_trigger_ui.py took 0.138 seconds
[2026-05-18T06:08:17.268+0000] {processor.py:186} INFO - Started process (PID=7381) to work on /home/noelsdavid/airflow_venv/lib/python3.12/site-packages/airflow/example_dags/example_params_trigger_ui.py
[2026-05-18T06:08:17.271+0000] {processor.py:914} INFO - Processing file /home/noelsdavid/airflow_venv/lib/python3.12/site-packages/airflow/example_dags/example_params_trigger_ui.py for tasks to queue
[2026-05-18T06:08:17.274+0000] {logging_mixin.py:190} INFO - [2026-05-18T06:08:17.273+0000] {dagbag.py:588} INFO - Filling up the DagBag from /home/noelsdavid/airflow_venv/lib/python3.12/site-packages/airflow/example_dags/example_params_trigger_ui.py
[2026-05-18T06:08:17.291+0000] {processor.py:925} INFO - DAG(s) 'example_params_trigger_ui' retrieved from /home/noelsdavid/airflow_venv/lib/python3.12/site-packages/airflow/example_dags/example_params_trigger_ui.py
[2026-05-18T06:08:17.340+0000] {logging_mixin.py:190} INFO - [2026-05-18T06:08:17.340+0000] {dag.py:3239} INFO - Sync 1 DAGs
[2026-05-18T06:08:17.357+0000] {logging_mixin.py:190} INFO - [2026-05-18T06:08:17.357+0000] {dag.py:4180} INFO - Setting next_dagrun for example_params_trigger_ui to None, run_after=None
[2026-05-18T06:08:17.389+0000] {processor.py:208} INFO - Processing /home/noelsdavid/airflow_venv/lib/python3.12/site-packages/airflow/example_dags/example_params_trigger_ui.py took 0.130 seconds
[2026-05-18T06:09:21.911+0000] {processor.py:186} INFO - Started process (PID=7443) to work on /home/noelsdavid/airflow_venv/lib/python3.12/site-packages/airflow/example_dags/example_params_trigger_ui.py
[2026-05-18T06:09:21.913+0000] {processor.py:914} INFO - Processing file /home/noelsdavid/airflow_venv/lib/python3.12/site-packages/airflow/example_dags/example_params_trigger_ui.py for tasks to queue
[2026-05-18T06:09:21.917+0000] {logging_mixin.py:190} INFO - [2026-05-18T06:09:21.916+0000] {dagbag.py:588} INFO - Filling up the DagBag from /home/noelsdavid/airflow_venv/lib/python3.12/site-packages/airflow/example_dags/example_params_trigger_ui.py
[2026-05-18T06:09:21.933+0000] {processor.py:925} INFO - DAG(s) 'example_params_trigger_ui' retrieved from /home/noelsdavid/airflow_venv/lib/python3.12/site-packages/airflow/example_dags/example_params_trigger_ui.py
[2026-05-18T06:09:21.984+0000] {logging_mixin.py:190} INFO - [2026-05-18T06:09:21.984+0000] {dag.py:3239} INFO - Sync 1 DAGs
[2026-05-18T06:09:22.002+0000] {logging_mixin.py:190} INFO - [2026-05-18T06:09:22.001+0000] {dag.py:4180} INFO - Setting next_dagrun for example_params_trigger_ui to None, run_after=None
[2026-05-18T06:09:22.034+0000] {processor.py:208} INFO - Processing /home/noelsdavid/airflow_venv/lib/python3.12/site-packages/airflow/example_dags/example_params_trigger_ui.py took 0.131 seconds
[2026-05-18T06:10:24.384+0000] {processor.py:186} INFO - Started process (PID=7528) to work on /home/noelsdavid/airflow_venv/lib/python3.12/site-packages/airflow/example_dags/example_params_trigger_ui.py
[2026-05-18T06:10:24.386+0000] {processor.py:914} INFO - Processing file /home/noelsdavid/airflow_venv/lib/python3.12/site-packages/airflow/example_dags/example_params_trigger_ui.py for tasks to queue
[2026-05-18T06:10:24.390+0000] {logging_mixin.py:190} INFO - [2026-05-18T06:10:24.389+0000] {dagbag.py:588} INFO - Filling up the DagBag from /home/noelsdavid/airflow_venv/lib/python3.12/site-packages/airflow/example_dags/example_params_trigger_ui.py
[2026-05-18T06:10:24.405+0000] {processor.py:925} INFO - DAG(s) 'example_params_trigger_ui' retrieved from /home/noelsdavid/airflow_venv/lib/python3.12/site-packages/airflow/example_dags/example_params_trigger_ui.py
[2026-05-18T06:10:24.452+0000] {logging_mixin.py:190} INFO - [2026-05-18T06:10:24.452+0000] {dag.py:3239} INFO - Sync 1 DAGs
[2026-05-18T06:10:24.469+0000] {logging_mixin.py:190} INFO - [2026-05-18T06:10:24.468+0000] {dag.py:4180} INFO - Setting next_dagrun for example_params_trigger_ui to None, run_after=None
[2026-05-18T06:10:24.499+0000] {processor.py:208} INFO - Processing /home/noelsdavid/airflow_venv/lib/python3.12/site-packages/airflow/example_dags/example_params_trigger_ui.py took 0.123 seconds
[2026-05-18T06:11:23.655+0000] {processor.py:186} INFO - Started process (PID=7587) to work on /home/noelsdavid/airflow_venv/lib/python3.12/site-packages/airflow/example_dags/example_params_trigger_ui.py
[2026-05-18T06:11:23.658+0000] {processor.py:914} INFO - Processing file /home/noelsdavid/airflow_venv/lib/python3.12/site-packages/airflow/example_dags/example_params_trigger_ui.py for tasks to queue
[2026-05-18T06:11:23.661+0000] {logging_mixin.py:190} INFO - [2026-05-18T06:11:23.661+0000] {dagbag.py:588} INFO - Filling up the DagBag from /home/noelsdavid/airflow_venv/lib/python3.12/site-packages/airflow/example_dags/example_params_trigger_ui.py
[2026-05-18T06:11:23.677+0000] {processor.py:925} INFO - DAG(s) 'example_params_trigger_ui' retrieved from /home/noelsdavid/airflow_venv/lib/python3.12/site-packages/airflow/example_dags/example_params_trigger_ui.py
[2026-05-18T06:11:23.723+0000] {logging_mixin.py:190} INFO - [2026-05-18T06:11:23.723+0000] {dag.py:3239} INFO - Sync 1 DAGs
[2026-05-18T06:11:23.740+0000] {logging_mixin.py:190} INFO - [2026-05-18T06:11:23.740+0000] {dag.py:4180} INFO - Setting next_dagrun for example_params_trigger_ui to None, run_after=None
[2026-05-18T06:11:23.771+0000] {processor.py:208} INFO - Processing /home/noelsdavid/airflow_venv/lib/python3.12/site-packages/airflow/example_dags/example_params_trigger_ui.py took 0.123 seconds
[2026-05-18T06:12:22.343+0000] {processor.py:186} INFO - Started process (PID=7644) to work on /home/noelsdavid/airflow_venv/lib/python3.12/site-packages/airflow/example_dags/example_params_trigger_ui.py
[2026-05-18T06:12:22.361+0000] {processor.py:914} INFO - Processing file /home/noelsdavid/airflow_venv/lib/python3.12/site-packages/airflow/example_dags/example_params_trigger_ui.py for tasks to queue
[2026-05-18T06:12:22.364+0000] {logging_mixin.py:190} INFO - [2026-05-18T06:12:22.364+0000] {dagbag.py:588} INFO - Filling up the DagBag from /home/noelsdavid/airflow_venv/lib/python3.12/site-packages/airflow/example_dags/example_params_trigger_ui.py
[2026-05-18T06:12:22.381+0000] {processor.py:925} INFO - DAG(s) 'example_params_trigger_ui' retrieved from /home/noelsdavid/airflow_venv/lib/python3.12/site-packages/airflow/example_dags/example_params_trigger_ui.py
[2026-05-18T06:12:22.431+0000] {logging_mixin.py:190} INFO - [2026-05-18T06:12:22.430+0000] {dag.py:3239} INFO - Sync 1 DAGs
[2026-05-18T06:12:22.447+0000] {logging_mixin.py:190} INFO - [2026-05-18T06:12:22.447+0000] {dag.py:4180} INFO - Setting next_dagrun for example_params_trigger_ui to None, run_after=None
[2026-05-18T06:12:22.480+0000] {processor.py:208} INFO - Processing /home/noelsdavid/airflow_venv/lib/python3.12/site-packages/airflow/example_dags/example_params_trigger_ui.py took 0.145 seconds
[2026-05-18T06:13:22.989+0000] {processor.py:186} INFO - Started process (PID=7703) to work on /home/noelsdavid/airflow_venv/lib/python3.12/site-packages/airflow/example_dags/example_params_trigger_ui.py
[2026-05-18T06:13:22.992+0000] {processor.py:914} INFO - Processing file /home/noelsdavid/airflow_venv/lib/python3.12/site-packages/airflow/example_dags/example_params_trigger_ui.py for tasks to queue
[2026-05-18T06:13:22.996+0000] {logging_mixin.py:190} INFO - [2026-05-18T06:13:22.995+0000] {dagbag.py:588} INFO - Filling up the DagBag from /home/noelsdavid/airflow_venv/lib/python3.12/site-packages/airflow/example_dags/example_params_trigger_ui.py
[2026-05-18T06:13:23.013+0000] {processor.py:925} INFO - DAG(s) 'example_params_trigger_ui' retrieved from /home/noelsdavid/airflow_venv/lib/python3.12/site-packages/airflow/example_dags/example_params_trigger_ui.py
[2026-05-18T06:13:23.064+0000] {logging_mixin.py:190} INFO - [2026-05-18T06:13:23.063+0000] {dag.py:3239} INFO - Sync 1 DAGs
[2026-05-18T06:13:23.081+0000] {logging_mixin.py:190} INFO - [2026-05-18T06:13:23.080+0000] {dag.py:4180} INFO - Setting next_dagrun for example_params_trigger_ui to None, run_after=None
[2026-05-18T06:13:23.112+0000] {processor.py:208} INFO - Processing /home/noelsdavid/airflow_venv/lib/python3.12/site-packages/airflow/example_dags/example_params_trigger_ui.py took 0.131 seconds
[2026-05-18T06:14:25.263+0000] {processor.py:186} INFO - Started process (PID=7763) to work on /home/noelsdavid/airflow_venv/lib/python3.12/site-packages/airflow/example_dags/example_params_trigger_ui.py
[2026-05-18T06:14:25.283+0000] {processor.py:914} INFO - Processing file /home/noelsdavid/airflow_venv/lib/python3.12/site-packages/airflow/example_dags/example_params_trigger_ui.py for tasks to queue
[2026-05-18T06:14:25.286+0000] {logging_mixin.py:190} INFO - [2026-05-18T06:14:25.285+0000] {dagbag.py:588} INFO - Filling up the DagBag from /home/noelsdavid/airflow_venv/lib/python3.12/site-packages/airflow/example_dags/example_params_trigger_ui.py
[2026-05-18T06:14:25.303+0000] {processor.py:925} INFO - DAG(s) 'example_params_trigger_ui' retrieved from /home/noelsdavid/airflow_venv/lib/python3.12/site-packages/airflow/example_dags/example_params_trigger_ui.py
[2026-05-18T06:14:25.353+0000] {logging_mixin.py:190} INFO - [2026-05-18T06:14:25.352+0000] {dag.py:3239} INFO - Sync 1 DAGs
[2026-05-18T06:14:25.370+0000] {logging_mixin.py:190} INFO - [2026-05-18T06:14:25.370+0000] {dag.py:4180} INFO - Setting next_dagrun for example_params_trigger_ui to None, run_after=None
[2026-05-18T06:14:25.402+0000] {processor.py:208} INFO - Processing /home/noelsdavid/airflow_venv/lib/python3.12/site-packages/airflow/example_dags/example_params_trigger_ui.py took 0.146 seconds
[2026-05-18T06:15:28.008+0000] {processor.py:186} INFO - Started process (PID=7855) to work on /home/noelsdavid/airflow_venv/lib/python3.12/site-packages/airflow/example_dags/example_params_trigger_ui.py
[2026-05-18T06:15:28.011+0000] {processor.py:914} INFO - Processing file /home/noelsdavid/airflow_venv/lib/python3.12/site-packages/airflow/example_dags/example_params_trigger_ui.py for tasks to queue
[2026-05-18T06:15:28.015+0000] {logging_mixin.py:190} INFO - [2026-05-18T06:15:28.014+0000] {dagbag.py:588} INFO - Filling up the DagBag from /home/noelsdavid/airflow_venv/lib/python3.12/site-packages/airflow/example_dags/example_params_trigger_ui.py
[2026-05-18T06:15:28.031+0000] {processor.py:925} INFO - DAG(s) 'example_params_trigger_ui' retrieved from /home/noelsdavid/airflow_venv/lib/python3.12/site-packages/airflow/example_dags/example_params_trigger_ui.py
[2026-05-18T06:15:28.081+0000] {logging_mixin.py:190} INFO - [2026-05-18T06:15:28.081+0000] {dag.py:3239} INFO - Sync 1 DAGs
[2026-05-18T06:15:28.097+0000] {logging_mixin.py:190} INFO - [2026-05-18T06:15:28.097+0000] {dag.py:4180} INFO - Setting next_dagrun for example_params_trigger_ui to None, run_after=None
[2026-05-18T06:15:28.130+0000] {processor.py:208} INFO - Processing /home/noelsdavid/airflow_venv/lib/python3.12/site-packages/airflow/example_dags/example_params_trigger_ui.py took 0.130 seconds
[2026-05-18T06:16:30.815+0000] {processor.py:186} INFO - Started process (PID=8050) to work on /home/noelsdavid/airflow_venv/lib/python3.12/site-packages/airflow/example_dags/example_params_trigger_ui.py
[2026-05-18T06:16:30.817+0000] {processor.py:914} INFO - Processing file /home/noelsdavid/airflow_venv/lib/python3.12/site-packages/airflow/example_dags/example_params_trigger_ui.py for tasks to queue
[2026-05-18T06:16:30.821+0000] {logging_mixin.py:190} INFO - [2026-05-18T06:16:30.820+0000] {dagbag.py:588} INFO - Filling up the DagBag from /home/noelsdavid/airflow_venv/lib/python3.12/site-packages/airflow/example_dags/example_params_trigger_ui.py
[2026-05-18T06:16:30.837+0000] {processor.py:925} INFO - DAG(s) 'example_params_trigger_ui' retrieved from /home/noelsdavid/airflow_venv/lib/python3.12/site-packages/airflow/example_dags/example_params_trigger_ui.py
[2026-05-18T06:16:30.884+0000] {logging_mixin.py:190} INFO - [2026-05-18T06:16:30.883+0000] {dag.py:3239} INFO - Sync 1 DAGs
[2026-05-18T06:16:30.900+0000] {logging_mixin.py:190} INFO - [2026-05-18T06:16:30.900+0000] {dag.py:4180} INFO - Setting next_dagrun for example_params_trigger_ui to None, run_after=None
[2026-05-18T06:16:30.933+0000] {processor.py:208} INFO - Processing /home/noelsdavid/airflow_venv/lib/python3.12/site-packages/airflow/example_dags/example_params_trigger_ui.py took 0.126 seconds
[2026-05-18T06:17:34.634+0000] {processor.py:186} INFO - Started process (PID=8337) to work on /home/noelsdavid/airflow_venv/lib/python3.12/site-packages/airflow/example_dags/example_params_trigger_ui.py
[2026-05-18T06:17:34.637+0000] {processor.py:914} INFO - Processing file /home/noelsdavid/airflow_venv/lib/python3.12/site-packages/airflow/example_dags/example_params_trigger_ui.py for tasks to queue
[2026-05-18T06:17:34.640+0000] {logging_mixin.py:190} INFO - [2026-05-18T06:17:34.639+0000] {dagbag.py:588} INFO - Filling up the DagBag from /home/noelsdavid/airflow_venv/lib/python3.12/site-packages/airflow/example_dags/example_params_trigger_ui.py
[2026-05-18T06:17:34.655+0000] {processor.py:925} INFO - DAG(s) 'example_params_trigger_ui' retrieved from /home/noelsdavid/airflow_venv/lib/python3.12/site-packages/airflow/example_dags/example_params_trigger_ui.py
[2026-05-18T06:17:34.703+0000] {logging_mixin.py:190} INFO - [2026-05-18T06:17:34.703+0000] {dag.py:3239} INFO - Sync 1 DAGs
[2026-05-18T06:17:34.719+0000] {logging_mixin.py:190} INFO - [2026-05-18T06:17:34.719+0000] {dag.py:4180} INFO - Setting next_dagrun for example_params_trigger_ui to None, run_after=None
[2026-05-18T06:17:34.752+0000] {processor.py:208} INFO - Processing /home/noelsdavid/airflow_venv/lib/python3.12/site-packages/airflow/example_dags/example_params_trigger_ui.py took 0.126 seconds
[2026-05-18T06:18:33.004+0000] {processor.py:186} INFO - Started process (PID=8477) to work on /home/noelsdavid/airflow_venv/lib/python3.12/site-packages/airflow/example_dags/example_params_trigger_ui.py
[2026-05-18T06:18:33.006+0000] {processor.py:914} INFO - Processing file /home/noelsdavid/airflow_venv/lib/python3.12/site-packages/airflow/example_dags/example_params_trigger_ui.py for tasks to queue
[2026-05-18T06:18:33.009+0000] {logging_mixin.py:190} INFO - [2026-05-18T06:18:33.009+0000] {dagbag.py:588} INFO - Filling up the DagBag from /home/noelsdavid/airflow_venv/lib/python3.12/site-packages/airflow/example_dags/example_params_trigger_ui.py
[2026-05-18T06:18:33.027+0000] {processor.py:925} INFO - DAG(s) 'example_params_trigger_ui' retrieved from /home/noelsdavid/airflow_venv/lib/python3.12/site-packages/airflow/example_dags/example_params_trigger_ui.py
[2026-05-18T06:18:33.074+0000] {logging_mixin.py:190} INFO - [2026-05-18T06:18:33.074+0000] {dag.py:3239} INFO - Sync 1 DAGs
[2026-05-18T06:18:33.091+0000] {logging_mixin.py:190} INFO - [2026-05-18T06:18:33.090+0000] {dag.py:4180} INFO - Setting next_dagrun for example_params_trigger_ui to None, run_after=None
[2026-05-18T06:18:33.121+0000] {processor.py:208} INFO - Processing /home/noelsdavid/airflow_venv/lib/python3.12/site-packages/airflow/example_dags/example_params_trigger_ui.py took 0.126 seconds
[2026-05-18T06:19:33.010+0000] {processor.py:186} INFO - Started process (PID=8536) to work on /home/noelsdavid/airflow_venv/lib/python3.12/site-packages/airflow/example_dags/example_params_trigger_ui.py
[2026-05-18T06:19:33.012+0000] {processor.py:914} INFO - Processing file /home/noelsdavid/airflow_venv/lib/python3.12/site-packages/airflow/example_dags/example_params_trigger_ui.py for tasks to queue
[2026-05-18T06:19:33.016+0000] {logging_mixin.py:190} INFO - [2026-05-18T06:19:33.015+0000] {dagbag.py:588} INFO - Filling up the DagBag from /home/noelsdavid/airflow_venv/lib/python3.12/site-packages/airflow/example_dags/example_params_trigger_ui.py
[2026-05-18T06:19:33.036+0000] {processor.py:925} INFO - DAG(s) 'example_params_trigger_ui' retrieved from /home/noelsdavid/airflow_venv/lib/python3.12/site-packages/airflow/example_dags/example_params_trigger_ui.py
[2026-05-18T06:19:33.089+0000] {logging_mixin.py:190} INFO - [2026-05-18T06:19:33.089+0000] {dag.py:3239} INFO - Sync 1 DAGs
[2026-05-18T06:19:33.107+0000] {logging_mixin.py:190} INFO - [2026-05-18T06:19:33.107+0000] {dag.py:4180} INFO - Setting next_dagrun for example_params_trigger_ui to None, run_after=None
[2026-05-18T06:19:33.137+0000] {processor.py:208} INFO - Processing /home/noelsdavid/airflow_venv/lib/python3.12/site-packages/airflow/example_dags/example_params_trigger_ui.py took 0.136 seconds
[2026-05-18T06:20:37.033+0000] {processor.py:186} INFO - Started process (PID=8625) to work on /home/noelsdavid/airflow_venv/lib/python3.12/site-packages/airflow/example_dags/example_params_trigger_ui.py
[2026-05-18T06:20:37.035+0000] {processor.py:914} INFO - Processing file /home/noelsdavid/airflow_venv/lib/python3.12/site-packages/airflow/example_dags/example_params_trigger_ui.py for tasks to queue
[2026-05-18T06:20:37.038+0000] {logging_mixin.py:190} INFO - [2026-05-18T06:20:37.037+0000] {dagbag.py:588} INFO - Filling up the DagBag from /home/noelsdavid/airflow_venv/lib/python3.12/site-packages/airflow/example_dags/example_params_trigger_ui.py
[2026-05-18T06:20:37.053+0000] {processor.py:925} INFO - DAG(s) 'example_params_trigger_ui' retrieved from /home/noelsdavid/airflow_venv/lib/python3.12/site-packages/airflow/example_dags/example_params_trigger_ui.py
[2026-05-18T06:20:37.100+0000] {logging_mixin.py:190} INFO - [2026-05-18T06:20:37.100+0000] {dag.py:3239} INFO - Sync 1 DAGs
[2026-05-18T06:20:37.116+0000] {logging_mixin.py:190} INFO - [2026-05-18T06:20:37.116+0000] {dag.py:4180} INFO - Setting next_dagrun for example_params_trigger_ui to None, run_after=None
[2026-05-18T06:20:37.144+0000] {processor.py:208} INFO - Processing /home/noelsdavid/airflow_venv/lib/python3.12/site-packages/airflow/example_dags/example_params_trigger_ui.py took 0.119 seconds
[2026-05-18T06:21:40.347+0000] {processor.py:186} INFO - Started process (PID=8685) to work on /home/noelsdavid/airflow_venv/lib/python3.12/site-packages/airflow/example_dags/example_params_trigger_ui.py
[2026-05-18T06:21:40.349+0000] {processor.py:914} INFO - Processing file /home/noelsdavid/airflow_venv/lib/python3.12/site-packages/airflow/example_dags/example_params_trigger_ui.py for tasks to queue
[2026-05-18T06:21:40.351+0000] {logging_mixin.py:190} INFO - [2026-05-18T06:21:40.351+0000] {dagbag.py:588} INFO - Filling up the DagBag from /home/noelsdavid/airflow_venv/lib/python3.12/site-packages/airflow/example_dags/example_params_trigger_ui.py
[2026-05-18T06:21:40.367+0000] {processor.py:925} INFO - DAG(s) 'example_params_trigger_ui' retrieved from /home/noelsdavid/airflow_venv/lib/python3.12/site-packages/airflow/example_dags/example_params_trigger_ui.py
[2026-05-18T06:21:40.413+0000] {logging_mixin.py:190} INFO - [2026-05-18T06:21:40.412+0000] {dag.py:3239} INFO - Sync 1 DAGs
[2026-05-18T06:21:40.429+0000] {logging_mixin.py:190} INFO - [2026-05-18T06:21:40.429+0000] {dag.py:4180} INFO - Setting next_dagrun for example_params_trigger_ui to None, run_after=None
[2026-05-18T06:21:40.459+0000] {processor.py:208} INFO - Processing /home/noelsdavid/airflow_venv/lib/python3.12/site-packages/airflow/example_dags/example_params_trigger_ui.py took 0.120 seconds
[2026-05-18T06:22:45.259+0000] {processor.py:186} INFO - Started process (PID=8748) to work on /home/noelsdavid/airflow_venv/lib/python3.12/site-packages/airflow/example_dags/example_params_trigger_ui.py
[2026-05-18T06:22:45.262+0000] {processor.py:914} INFO - Processing file /home/noelsdavid/airflow_venv/lib/python3.12/site-packages/airflow/example_dags/example_params_trigger_ui.py for tasks to queue
[2026-05-18T06:22:45.264+0000] {logging_mixin.py:190} INFO - [2026-05-18T06:22:45.263+0000] {dagbag.py:588} INFO - Filling up the DagBag from /home/noelsdavid/airflow_venv/lib/python3.12/site-packages/airflow/example_dags/example_params_trigger_ui.py
[2026-05-18T06:22:45.280+0000] {processor.py:925} INFO - DAG(s) 'example_params_trigger_ui' retrieved from /home/noelsdavid/airflow_venv/lib/python3.12/site-packages/airflow/example_dags/example_params_trigger_ui.py
[2026-05-18T06:22:45.327+0000] {logging_mixin.py:190} INFO - [2026-05-18T06:22:45.327+0000] {dag.py:3239} INFO - Sync 1 DAGs
[2026-05-18T06:22:45.347+0000] {logging_mixin.py:190} INFO - [2026-05-18T06:22:45.347+0000] {dag.py:4180} INFO - Setting next_dagrun for example_params_trigger_ui to None, run_after=None
[2026-05-18T06:22:45.382+0000] {processor.py:208} INFO - Processing /home/noelsdavid/airflow_venv/lib/python3.12/site-packages/airflow/example_dags/example_params_trigger_ui.py took 0.131 seconds
[2026-05-18T06:23:48.874+0000] {processor.py:186} INFO - Started process (PID=8810) to work on /home/noelsdavid/airflow_venv/lib/python3.12/site-packages/airflow/example_dags/example_params_trigger_ui.py
[2026-05-18T06:23:48.891+0000] {processor.py:914} INFO - Processing file /home/noelsdavid/airflow_venv/lib/python3.12/site-packages/airflow/example_dags/example_params_trigger_ui.py for tasks to queue
[2026-05-18T06:23:48.893+0000] {logging_mixin.py:190} INFO - [2026-05-18T06:23:48.893+0000] {dagbag.py:588} INFO - Filling up the DagBag from /home/noelsdavid/airflow_venv/lib/python3.12/site-packages/airflow/example_dags/example_params_trigger_ui.py
[2026-05-18T06:23:48.911+0000] {processor.py:925} INFO - DAG(s) 'example_params_trigger_ui' retrieved from /home/noelsdavid/airflow_venv/lib/python3.12/site-packages/airflow/example_dags/example_params_trigger_ui.py
[2026-05-18T06:23:48.963+0000] {logging_mixin.py:190} INFO - [2026-05-18T06:23:48.962+0000] {dag.py:3239} INFO - Sync 1 DAGs
[2026-05-18T06:23:48.979+0000] {logging_mixin.py:190} INFO - [2026-05-18T06:23:48.979+0000] {dag.py:4180} INFO - Setting next_dagrun for example_params_trigger_ui to None, run_after=None
[2026-05-18T06:23:49.012+0000] {processor.py:208} INFO - Processing /home/noelsdavid/airflow_venv/lib/python3.12/site-packages/airflow/example_dags/example_params_trigger_ui.py took 0.146 seconds
[2026-05-18T06:24:56.141+0000] {processor.py:186} INFO - Started process (PID=8874) to work on /home/noelsdavid/airflow_venv/lib/python3.12/site-packages/airflow/example_dags/example_params_trigger_ui.py
[2026-05-18T06:24:56.144+0000] {processor.py:914} INFO - Processing file /home/noelsdavid/airflow_venv/lib/python3.12/site-packages/airflow/example_dags/example_params_trigger_ui.py for tasks to queue
[2026-05-18T06:24:56.146+0000] {logging_mixin.py:190} INFO - [2026-05-18T06:24:56.146+0000] {dagbag.py:588} INFO - Filling up the DagBag from /home/noelsdavid/airflow_venv/lib/python3.12/site-packages/airflow/example_dags/example_params_trigger_ui.py
[2026-05-18T06:24:56.166+0000] {processor.py:925} INFO - DAG(s) 'example_params_trigger_ui' retrieved from /home/noelsdavid/airflow_venv/lib/python3.12/site-packages/airflow/example_dags/example_params_trigger_ui.py
[2026-05-18T06:24:56.218+0000] {logging_mixin.py:190} INFO - [2026-05-18T06:24:56.218+0000] {dag.py:3239} INFO - Sync 1 DAGs
[2026-05-18T06:24:56.236+0000] {logging_mixin.py:190} INFO - [2026-05-18T06:24:56.236+0000] {dag.py:4180} INFO - Setting next_dagrun for example_params_trigger_ui to None, run_after=None
[2026-05-18T06:24:56.269+0000] {processor.py:208} INFO - Processing /home/noelsdavid/airflow_venv/lib/python3.12/site-packages/airflow/example_dags/example_params_trigger_ui.py took 0.136 seconds
[2026-05-18T06:26:01.342+0000] {processor.py:186} INFO - Started process (PID=8961) to work on /home/noelsdavid/airflow_venv/lib/python3.12/site-packages/airflow/example_dags/example_params_trigger_ui.py
[2026-05-18T06:26:01.364+0000] {processor.py:914} INFO - Processing file /home/noelsdavid/airflow_venv/lib/python3.12/site-packages/airflow/example_dags/example_params_trigger_ui.py for tasks to queue
[2026-05-18T06:26:01.366+0000] {logging_mixin.py:190} INFO - [2026-05-18T06:26:01.365+0000] {dagbag.py:588} INFO - Filling up the DagBag from /home/noelsdavid/airflow_venv/lib/python3.12/site-packages/airflow/example_dags/example_params_trigger_ui.py
[2026-05-18T06:26:01.391+0000] {processor.py:925} INFO - DAG(s) 'example_params_trigger_ui' retrieved from /home/noelsdavid/airflow_venv/lib/python3.12/site-packages/airflow/example_dags/example_params_trigger_ui.py
[2026-05-18T06:26:01.467+0000] {logging_mixin.py:190} INFO - [2026-05-18T06:26:01.467+0000] {dag.py:3239} INFO - Sync 1 DAGs
[2026-05-18T06:26:01.496+0000] {logging_mixin.py:190} INFO - [2026-05-18T06:26:01.495+0000] {dag.py:4180} INFO - Setting next_dagrun for example_params_trigger_ui to None, run_after=None
[2026-05-18T06:26:01.548+0000] {processor.py:208} INFO - Processing /home/noelsdavid/airflow_venv/lib/python3.12/site-packages/airflow/example_dags/example_params_trigger_ui.py took 0.218 seconds
[2026-05-18T06:27:04.419+0000] {processor.py:186} INFO - Started process (PID=9210) to work on /home/noelsdavid/airflow_venv/lib/python3.12/site-packages/airflow/example_dags/example_params_trigger_ui.py
[2026-05-18T06:27:04.421+0000] {processor.py:914} INFO - Processing file /home/noelsdavid/airflow_venv/lib/python3.12/site-packages/airflow/example_dags/example_params_trigger_ui.py for tasks to queue
[2026-05-18T06:27:04.424+0000] {logging_mixin.py:190} INFO - [2026-05-18T06:27:04.423+0000] {dagbag.py:588} INFO - Filling up the DagBag from /home/noelsdavid/airflow_venv/lib/python3.12/site-packages/airflow/example_dags/example_params_trigger_ui.py
[2026-05-18T06:27:04.443+0000] {processor.py:925} INFO - DAG(s) 'example_params_trigger_ui' retrieved from /home/noelsdavid/airflow_venv/lib/python3.12/site-packages/airflow/example_dags/example_params_trigger_ui.py
[2026-05-18T06:27:04.496+0000] {logging_mixin.py:190} INFO - [2026-05-18T06:27:04.495+0000] {dag.py:3239} INFO - Sync 1 DAGs
[2026-05-18T06:27:04.522+0000] {logging_mixin.py:190} INFO - [2026-05-18T06:27:04.522+0000] {dag.py:4180} INFO - Setting next_dagrun for example_params_trigger_ui to None, run_after=None
[2026-05-18T06:27:04.558+0000] {processor.py:208} INFO - Processing /home/noelsdavid/airflow_venv/lib/python3.12/site-packages/airflow/example_dags/example_params_trigger_ui.py took 0.150 seconds
[2026-05-18T06:28:16.728+0000] {processor.py:186} INFO - Started process (PID=9708) to work on /home/noelsdavid/airflow_venv/lib/python3.12/site-packages/airflow/example_dags/example_params_trigger_ui.py
[2026-05-18T06:28:16.730+0000] {processor.py:914} INFO - Processing file /home/noelsdavid/airflow_venv/lib/python3.12/site-packages/airflow/example_dags/example_params_trigger_ui.py for tasks to queue
[2026-05-18T06:28:16.732+0000] {logging_mixin.py:190} INFO - [2026-05-18T06:28:16.731+0000] {dagbag.py:588} INFO - Filling up the DagBag from /home/noelsdavid/airflow_venv/lib/python3.12/site-packages/airflow/example_dags/example_params_trigger_ui.py
[2026-05-18T06:28:16.748+0000] {processor.py:925} INFO - DAG(s) 'example_params_trigger_ui' retrieved from /home/noelsdavid/airflow_venv/lib/python3.12/site-packages/airflow/example_dags/example_params_trigger_ui.py
[2026-05-18T06:28:16.797+0000] {logging_mixin.py:190} INFO - [2026-05-18T06:28:16.796+0000] {dag.py:3239} INFO - Sync 1 DAGs
[2026-05-18T06:28:16.814+0000] {logging_mixin.py:190} INFO - [2026-05-18T06:28:16.813+0000] {dag.py:4180} INFO - Setting next_dagrun for example_params_trigger_ui to None, run_after=None
[2026-05-18T06:28:16.845+0000] {processor.py:208} INFO - Processing /home/noelsdavid/airflow_venv/lib/python3.12/site-packages/airflow/example_dags/example_params_trigger_ui.py took 0.125 seconds
[2026-05-18T06:29:24.485+0000] {processor.py:186} INFO - Started process (PID=9771) to work on /home/noelsdavid/airflow_venv/lib/python3.12/site-packages/airflow/example_dags/example_params_trigger_ui.py
[2026-05-18T06:29:24.504+0000] {processor.py:914} INFO - Processing file /home/noelsdavid/airflow_venv/lib/python3.12/site-packages/airflow/example_dags/example_params_trigger_ui.py for tasks to queue
[2026-05-18T06:29:24.506+0000] {logging_mixin.py:190} INFO - [2026-05-18T06:29:24.506+0000] {dagbag.py:588} INFO - Filling up the DagBag from /home/noelsdavid/airflow_venv/lib/python3.12/site-packages/airflow/example_dags/example_params_trigger_ui.py
[2026-05-18T06:29:24.522+0000] {processor.py:925} INFO - DAG(s) 'example_params_trigger_ui' retrieved from /home/noelsdavid/airflow_venv/lib/python3.12/site-packages/airflow/example_dags/example_params_trigger_ui.py
[2026-05-18T06:29:24.571+0000] {logging_mixin.py:190} INFO - [2026-05-18T06:29:24.571+0000] {dag.py:3239} INFO - Sync 1 DAGs
[2026-05-18T06:29:24.589+0000] {logging_mixin.py:190} INFO - [2026-05-18T06:29:24.588+0000] {dag.py:4180} INFO - Setting next_dagrun for example_params_trigger_ui to None, run_after=None
[2026-05-18T06:29:24.619+0000] {processor.py:208} INFO - Processing /home/noelsdavid/airflow_venv/lib/python3.12/site-packages/airflow/example_dags/example_params_trigger_ui.py took 0.142 seconds
[2026-05-18T06:30:31.987+0000] {processor.py:186} INFO - Started process (PID=9860) to work on /home/noelsdavid/airflow_venv/lib/python3.12/site-packages/airflow/example_dags/example_params_trigger_ui.py
[2026-05-18T06:30:31.990+0000] {processor.py:914} INFO - Processing file /home/noelsdavid/airflow_venv/lib/python3.12/site-packages/airflow/example_dags/example_params_trigger_ui.py for tasks to queue
[2026-05-18T06:30:31.992+0000] {logging_mixin.py:190} INFO - [2026-05-18T06:30:31.991+0000] {dagbag.py:588} INFO - Filling up the DagBag from /home/noelsdavid/airflow_venv/lib/python3.12/site-packages/airflow/example_dags/example_params_trigger_ui.py
[2026-05-18T06:30:32.009+0000] {processor.py:925} INFO - DAG(s) 'example_params_trigger_ui' retrieved from /home/noelsdavid/airflow_venv/lib/python3.12/site-packages/airflow/example_dags/example_params_trigger_ui.py
[2026-05-18T06:30:32.060+0000] {logging_mixin.py:190} INFO - [2026-05-18T06:30:32.060+0000] {dag.py:3239} INFO - Sync 1 DAGs
[2026-05-18T06:30:32.081+0000] {logging_mixin.py:190} INFO - [2026-05-18T06:30:32.081+0000] {dag.py:4180} INFO - Setting next_dagrun for example_params_trigger_ui to None, run_after=None
[2026-05-18T06:30:32.112+0000] {processor.py:208} INFO - Processing /home/noelsdavid/airflow_venv/lib/python3.12/site-packages/airflow/example_dags/example_params_trigger_ui.py took 0.134 seconds
[2026-05-18T06:31:36.997+0000] {processor.py:186} INFO - Started process (PID=9923) to work on /home/noelsdavid/airflow_venv/lib/python3.12/site-packages/airflow/example_dags/example_params_trigger_ui.py
[2026-05-18T06:31:36.999+0000] {processor.py:914} INFO - Processing file /home/noelsdavid/airflow_venv/lib/python3.12/site-packages/airflow/example_dags/example_params_trigger_ui.py for tasks to queue
[2026-05-18T06:31:37.001+0000] {logging_mixin.py:190} INFO - [2026-05-18T06:31:37.000+0000] {dagbag.py:588} INFO - Filling up the DagBag from /home/noelsdavid/airflow_venv/lib/python3.12/site-packages/airflow/example_dags/example_params_trigger_ui.py
[2026-05-18T06:31:37.017+0000] {processor.py:925} INFO - DAG(s) 'example_params_trigger_ui' retrieved from /home/noelsdavid/airflow_venv/lib/python3.12/site-packages/airflow/example_dags/example_params_trigger_ui.py
[2026-05-18T06:31:37.063+0000] {logging_mixin.py:190} INFO - [2026-05-18T06:31:37.063+0000] {dag.py:3239} INFO - Sync 1 DAGs
[2026-05-18T06:31:37.080+0000] {logging_mixin.py:190} INFO - [2026-05-18T06:31:37.080+0000] {dag.py:4180} INFO - Setting next_dagrun for example_params_trigger_ui to None, run_after=None
[2026-05-18T06:31:37.108+0000] {processor.py:208} INFO - Processing /home/noelsdavid/airflow_venv/lib/python3.12/site-packages/airflow/example_dags/example_params_trigger_ui.py took 0.119 seconds
[2026-05-18T06:32:37.289+0000] {processor.py:186} INFO - Started process (PID=9982) to work on /home/noelsdavid/airflow_venv/lib/python3.12/site-packages/airflow/example_dags/example_params_trigger_ui.py
[2026-05-18T06:32:37.291+0000] {processor.py:914} INFO - Processing file /home/noelsdavid/airflow_venv/lib/python3.12/site-packages/airflow/example_dags/example_params_trigger_ui.py for tasks to queue
[2026-05-18T06:32:37.293+0000] {logging_mixin.py:190} INFO - [2026-05-18T06:32:37.292+0000] {dagbag.py:588} INFO - Filling up the DagBag from /home/noelsdavid/airflow_venv/lib/python3.12/site-packages/airflow/example_dags/example_params_trigger_ui.py
[2026-05-18T06:32:37.309+0000] {processor.py:925} INFO - DAG(s) 'example_params_trigger_ui' retrieved from /home/noelsdavid/airflow_venv/lib/python3.12/site-packages/airflow/example_dags/example_params_trigger_ui.py
[2026-05-18T06:32:37.354+0000] {logging_mixin.py:190} INFO - [2026-05-18T06:32:37.354+0000] {dag.py:3239} INFO - Sync 1 DAGs
[2026-05-18T06:32:37.371+0000] {logging_mixin.py:190} INFO - [2026-05-18T06:32:37.371+0000] {dag.py:4180} INFO - Setting next_dagrun for example_params_trigger_ui to None, run_after=None
[2026-05-18T06:32:37.399+0000] {processor.py:208} INFO - Processing /home/noelsdavid/airflow_venv/lib/python3.12/site-packages/airflow/example_dags/example_params_trigger_ui.py took 0.118 seconds
[2026-05-18T06:33:38.687+0000] {processor.py:186} INFO - Started process (PID=10049) to work on /home/noelsdavid/airflow_venv/lib/python3.12/site-packages/airflow/example_dags/example_params_trigger_ui.py
[2026-05-18T06:33:38.691+0000] {processor.py:914} INFO - Processing file /home/noelsdavid/airflow_venv/lib/python3.12/site-packages/airflow/example_dags/example_params_trigger_ui.py for tasks to queue
[2026-05-18T06:33:38.695+0000] {logging_mixin.py:190} INFO - [2026-05-18T06:33:38.694+0000] {dagbag.py:588} INFO - Filling up the DagBag from /home/noelsdavid/airflow_venv/lib/python3.12/site-packages/airflow/example_dags/example_params_trigger_ui.py
[2026-05-18T06:33:38.730+0000] {processor.py:925} INFO - DAG(s) 'example_params_trigger_ui' retrieved from /home/noelsdavid/airflow_venv/lib/python3.12/site-packages/airflow/example_dags/example_params_trigger_ui.py
[2026-05-18T06:33:38.802+0000] {logging_mixin.py:190} INFO - [2026-05-18T06:33:38.802+0000] {dag.py:3239} INFO - Sync 1 DAGs
[2026-05-18T06:33:38.832+0000] {logging_mixin.py:190} INFO - [2026-05-18T06:33:38.832+0000] {dag.py:4180} INFO - Setting next_dagrun for example_params_trigger_ui to None, run_after=None
[2026-05-18T06:33:38.872+0000] {processor.py:208} INFO - Processing /home/noelsdavid/airflow_venv/lib/python3.12/site-packages/airflow/example_dags/example_params_trigger_ui.py took 0.204 seconds
[2026-05-18T06:34:44.123+0000] {processor.py:186} INFO - Started process (PID=10239) to work on /home/noelsdavid/airflow_venv/lib/python3.12/site-packages/airflow/example_dags/example_params_trigger_ui.py
[2026-05-18T06:34:44.125+0000] {processor.py:914} INFO - Processing file /home/noelsdavid/airflow_venv/lib/python3.12/site-packages/airflow/example_dags/example_params_trigger_ui.py for tasks to queue
[2026-05-18T06:34:44.127+0000] {logging_mixin.py:190} INFO - [2026-05-18T06:34:44.126+0000] {dagbag.py:588} INFO - Filling up the DagBag from /home/noelsdavid/airflow_venv/lib/python3.12/site-packages/airflow/example_dags/example_params_trigger_ui.py
[2026-05-18T06:34:44.144+0000] {processor.py:925} INFO - DAG(s) 'example_params_trigger_ui' retrieved from /home/noelsdavid/airflow_venv/lib/python3.12/site-packages/airflow/example_dags/example_params_trigger_ui.py
[2026-05-18T06:34:44.193+0000] {logging_mixin.py:190} INFO - [2026-05-18T06:34:44.192+0000] {dag.py:3239} INFO - Sync 1 DAGs
[2026-05-18T06:34:44.212+0000] {logging_mixin.py:190} INFO - [2026-05-18T06:34:44.212+0000] {dag.py:4180} INFO - Setting next_dagrun for example_params_trigger_ui to None, run_after=None
[2026-05-18T06:34:44.244+0000] {processor.py:208} INFO - Processing /home/noelsdavid/airflow_venv/lib/python3.12/site-packages/airflow/example_dags/example_params_trigger_ui.py took 0.130 seconds
[2026-05-18T06:35:48.436+0000] {processor.py:186} INFO - Started process (PID=10418) to work on /home/noelsdavid/airflow_venv/lib/python3.12/site-packages/airflow/example_dags/example_params_trigger_ui.py
[2026-05-18T06:35:48.438+0000] {processor.py:914} INFO - Processing file /home/noelsdavid/airflow_venv/lib/python3.12/site-packages/airflow/example_dags/example_params_trigger_ui.py for tasks to queue
[2026-05-18T06:35:48.440+0000] {logging_mixin.py:190} INFO - [2026-05-18T06:35:48.440+0000] {dagbag.py:588} INFO - Filling up the DagBag from /home/noelsdavid/airflow_venv/lib/python3.12/site-packages/airflow/example_dags/example_params_trigger_ui.py
[2026-05-18T06:35:48.457+0000] {processor.py:925} INFO - DAG(s) 'example_params_trigger_ui' retrieved from /home/noelsdavid/airflow_venv/lib/python3.12/site-packages/airflow/example_dags/example_params_trigger_ui.py
[2026-05-18T06:35:48.503+0000] {logging_mixin.py:190} INFO - [2026-05-18T06:35:48.502+0000] {dag.py:3239} INFO - Sync 1 DAGs
[2026-05-18T06:35:48.520+0000] {logging_mixin.py:190} INFO - [2026-05-18T06:35:48.520+0000] {dag.py:4180} INFO - Setting next_dagrun for example_params_trigger_ui to None, run_after=None
[2026-05-18T06:35:48.551+0000] {processor.py:208} INFO - Processing /home/noelsdavid/airflow_venv/lib/python3.12/site-packages/airflow/example_dags/example_params_trigger_ui.py took 0.123 seconds
[2026-05-18T06:36:50.866+0000] {processor.py:186} INFO - Started process (PID=10628) to work on /home/noelsdavid/airflow_venv/lib/python3.12/site-packages/airflow/example_dags/example_params_trigger_ui.py
[2026-05-18T06:36:50.868+0000] {processor.py:914} INFO - Processing file /home/noelsdavid/airflow_venv/lib/python3.12/site-packages/airflow/example_dags/example_params_trigger_ui.py for tasks to queue
[2026-05-18T06:36:50.870+0000] {logging_mixin.py:190} INFO - [2026-05-18T06:36:50.870+0000] {dagbag.py:588} INFO - Filling up the DagBag from /home/noelsdavid/airflow_venv/lib/python3.12/site-packages/airflow/example_dags/example_params_trigger_ui.py
[2026-05-18T06:36:50.887+0000] {processor.py:925} INFO - DAG(s) 'example_params_trigger_ui' retrieved from /home/noelsdavid/airflow_venv/lib/python3.12/site-packages/airflow/example_dags/example_params_trigger_ui.py
[2026-05-18T06:36:50.937+0000] {logging_mixin.py:190} INFO - [2026-05-18T06:36:50.937+0000] {dag.py:3239} INFO - Sync 1 DAGs
[2026-05-18T06:36:50.954+0000] {logging_mixin.py:190} INFO - [2026-05-18T06:36:50.953+0000] {dag.py:4180} INFO - Setting next_dagrun for example_params_trigger_ui to None, run_after=None
[2026-05-18T06:36:50.985+0000] {processor.py:208} INFO - Processing /home/noelsdavid/airflow_venv/lib/python3.12/site-packages/airflow/example_dags/example_params_trigger_ui.py took 0.127 seconds
[2026-05-18T06:37:55.897+0000] {processor.py:186} INFO - Started process (PID=10948) to work on /home/noelsdavid/airflow_venv/lib/python3.12/site-packages/airflow/example_dags/example_params_trigger_ui.py
[2026-05-18T06:37:55.900+0000] {processor.py:914} INFO - Processing file /home/noelsdavid/airflow_venv/lib/python3.12/site-packages/airflow/example_dags/example_params_trigger_ui.py for tasks to queue
[2026-05-18T06:37:55.902+0000] {logging_mixin.py:190} INFO - [2026-05-18T06:37:55.901+0000] {dagbag.py:588} INFO - Filling up the DagBag from /home/noelsdavid/airflow_venv/lib/python3.12/site-packages/airflow/example_dags/example_params_trigger_ui.py
[2026-05-18T06:37:55.918+0000] {processor.py:925} INFO - DAG(s) 'example_params_trigger_ui' retrieved from /home/noelsdavid/airflow_venv/lib/python3.12/site-packages/airflow/example_dags/example_params_trigger_ui.py
[2026-05-18T06:37:55.964+0000] {logging_mixin.py:190} INFO - [2026-05-18T06:37:55.964+0000] {dag.py:3239} INFO - Sync 1 DAGs
[2026-05-18T06:37:55.980+0000] {logging_mixin.py:190} INFO - [2026-05-18T06:37:55.980+0000] {dag.py:4180} INFO - Setting next_dagrun for example_params_trigger_ui to None, run_after=None
[2026-05-18T06:37:56.011+0000] {processor.py:208} INFO - Processing /home/noelsdavid/airflow_venv/lib/python3.12/site-packages/airflow/example_dags/example_params_trigger_ui.py took 0.122 seconds
[2026-05-18T06:38:59.315+0000] {processor.py:186} INFO - Started process (PID=11201) to work on /home/noelsdavid/airflow_venv/lib/python3.12/site-packages/airflow/example_dags/example_params_trigger_ui.py
[2026-05-18T06:38:59.334+0000] {processor.py:914} INFO - Processing file /home/noelsdavid/airflow_venv/lib/python3.12/site-packages/airflow/example_dags/example_params_trigger_ui.py for tasks to queue
[2026-05-18T06:38:59.336+0000] {logging_mixin.py:190} INFO - [2026-05-18T06:38:59.335+0000] {dagbag.py:588} INFO - Filling up the DagBag from /home/noelsdavid/airflow_venv/lib/python3.12/site-packages/airflow/example_dags/example_params_trigger_ui.py
[2026-05-18T06:38:59.352+0000] {processor.py:925} INFO - DAG(s) 'example_params_trigger_ui' retrieved from /home/noelsdavid/airflow_venv/lib/python3.12/site-packages/airflow/example_dags/example_params_trigger_ui.py
[2026-05-18T06:38:59.399+0000] {logging_mixin.py:190} INFO - [2026-05-18T06:38:59.399+0000] {dag.py:3239} INFO - Sync 1 DAGs
[2026-05-18T06:38:59.416+0000] {logging_mixin.py:190} INFO - [2026-05-18T06:38:59.415+0000] {dag.py:4180} INFO - Setting next_dagrun for example_params_trigger_ui to None, run_after=None
[2026-05-18T06:38:59.448+0000] {processor.py:208} INFO - Processing /home/noelsdavid/airflow_venv/lib/python3.12/site-packages/airflow/example_dags/example_params_trigger_ui.py took 0.140 seconds
[2026-05-18T06:40:06.470+0000] {processor.py:186} INFO - Started process (PID=11427) to work on /home/noelsdavid/airflow_venv/lib/python3.12/site-packages/airflow/example_dags/example_params_trigger_ui.py
[2026-05-18T06:40:06.472+0000] {processor.py:914} INFO - Processing file /home/noelsdavid/airflow_venv/lib/python3.12/site-packages/airflow/example_dags/example_params_trigger_ui.py for tasks to queue
[2026-05-18T06:40:06.474+0000] {logging_mixin.py:190} INFO - [2026-05-18T06:40:06.473+0000] {dagbag.py:588} INFO - Filling up the DagBag from /home/noelsdavid/airflow_venv/lib/python3.12/site-packages/airflow/example_dags/example_params_trigger_ui.py
[2026-05-18T06:40:06.490+0000] {processor.py:925} INFO - DAG(s) 'example_params_trigger_ui' retrieved from /home/noelsdavid/airflow_venv/lib/python3.12/site-packages/airflow/example_dags/example_params_trigger_ui.py
[2026-05-18T06:40:06.536+0000] {logging_mixin.py:190} INFO - [2026-05-18T06:40:06.536+0000] {dag.py:3239} INFO - Sync 1 DAGs
[2026-05-18T06:40:06.554+0000] {logging_mixin.py:190} INFO - [2026-05-18T06:40:06.554+0000] {dag.py:4180} INFO - Setting next_dagrun for example_params_trigger_ui to None, run_after=None
[2026-05-18T06:40:06.584+0000] {processor.py:208} INFO - Processing /home/noelsdavid/airflow_venv/lib/python3.12/site-packages/airflow/example_dags/example_params_trigger_ui.py took 0.122 seconds
[2026-05-18T06:41:20.383+0000] {processor.py:186} INFO - Started process (PID=11855) to work on /home/noelsdavid/airflow_venv/lib/python3.12/site-packages/airflow/example_dags/example_params_trigger_ui.py
[2026-05-18T06:41:20.387+0000] {processor.py:914} INFO - Processing file /home/noelsdavid/airflow_venv/lib/python3.12/site-packages/airflow/example_dags/example_params_trigger_ui.py for tasks to queue
[2026-05-18T06:41:20.390+0000] {logging_mixin.py:190} INFO - [2026-05-18T06:41:20.389+0000] {dagbag.py:588} INFO - Filling up the DagBag from /home/noelsdavid/airflow_venv/lib/python3.12/site-packages/airflow/example_dags/example_params_trigger_ui.py
[2026-05-18T06:41:20.415+0000] {processor.py:925} INFO - DAG(s) 'example_params_trigger_ui' retrieved from /home/noelsdavid/airflow_venv/lib/python3.12/site-packages/airflow/example_dags/example_params_trigger_ui.py
[2026-05-18T06:41:20.482+0000] {logging_mixin.py:190} INFO - [2026-05-18T06:41:20.481+0000] {dag.py:3239} INFO - Sync 1 DAGs
[2026-05-18T06:41:20.505+0000] {logging_mixin.py:190} INFO - [2026-05-18T06:41:20.504+0000] {dag.py:4180} INFO - Setting next_dagrun for example_params_trigger_ui to None, run_after=None
[2026-05-18T06:41:20.553+0000] {processor.py:208} INFO - Processing /home/noelsdavid/airflow_venv/lib/python3.12/site-packages/airflow/example_dags/example_params_trigger_ui.py took 0.182 seconds
[2026-05-18T06:42:32.135+0000] {processor.py:186} INFO - Started process (PID=12465) to work on /home/noelsdavid/airflow_venv/lib/python3.12/site-packages/airflow/example_dags/example_params_trigger_ui.py
[2026-05-18T06:42:32.160+0000] {processor.py:914} INFO - Processing file /home/noelsdavid/airflow_venv/lib/python3.12/site-packages/airflow/example_dags/example_params_trigger_ui.py for tasks to queue
[2026-05-18T06:42:32.163+0000] {logging_mixin.py:190} INFO - [2026-05-18T06:42:32.162+0000] {dagbag.py:588} INFO - Filling up the DagBag from /home/noelsdavid/airflow_venv/lib/python3.12/site-packages/airflow/example_dags/example_params_trigger_ui.py
[2026-05-18T06:42:32.179+0000] {processor.py:925} INFO - DAG(s) 'example_params_trigger_ui' retrieved from /home/noelsdavid/airflow_venv/lib/python3.12/site-packages/airflow/example_dags/example_params_trigger_ui.py
[2026-05-18T06:42:32.233+0000] {logging_mixin.py:190} INFO - [2026-05-18T06:42:32.233+0000] {dag.py:3239} INFO - Sync 1 DAGs
[2026-05-18T06:42:32.250+0000] {logging_mixin.py:190} INFO - [2026-05-18T06:42:32.250+0000] {dag.py:4180} INFO - Setting next_dagrun for example_params_trigger_ui to None, run_after=None
[2026-05-18T06:42:32.284+0000] {processor.py:208} INFO - Processing /home/noelsdavid/airflow_venv/lib/python3.12/site-packages/airflow/example_dags/example_params_trigger_ui.py took 0.159 seconds
[2026-05-18T06:44:05.530+0000] {processor.py:186} INFO - Started process (PID=13015) to work on /home/noelsdavid/airflow_venv/lib/python3.12/site-packages/airflow/example_dags/example_params_trigger_ui.py
[2026-05-18T06:44:05.533+0000] {processor.py:914} INFO - Processing file /home/noelsdavid/airflow_venv/lib/python3.12/site-packages/airflow/example_dags/example_params_trigger_ui.py for tasks to queue
[2026-05-18T06:44:05.535+0000] {logging_mixin.py:190} INFO - [2026-05-18T06:44:05.534+0000] {dagbag.py:588} INFO - Filling up the DagBag from /home/noelsdavid/airflow_venv/lib/python3.12/site-packages/airflow/example_dags/example_params_trigger_ui.py
[2026-05-18T06:44:05.552+0000] {processor.py:925} INFO - DAG(s) 'example_params_trigger_ui' retrieved from /home/noelsdavid/airflow_venv/lib/python3.12/site-packages/airflow/example_dags/example_params_trigger_ui.py
[2026-05-18T06:44:05.603+0000] {logging_mixin.py:190} INFO - [2026-05-18T06:44:05.603+0000] {dag.py:3239} INFO - Sync 1 DAGs
[2026-05-18T06:44:05.621+0000] {logging_mixin.py:190} INFO - [2026-05-18T06:44:05.621+0000] {dag.py:4180} INFO - Setting next_dagrun for example_params_trigger_ui to None, run_after=None
[2026-05-18T06:44:05.653+0000] {processor.py:208} INFO - Processing /home/noelsdavid/airflow_venv/lib/python3.12/site-packages/airflow/example_dags/example_params_trigger_ui.py took 0.132 seconds
[2026-05-18T06:45:22.206+0000] {processor.py:186} INFO - Started process (PID=13123) to work on /home/noelsdavid/airflow_venv/lib/python3.12/site-packages/airflow/example_dags/example_params_trigger_ui.py
[2026-05-18T06:45:22.208+0000] {processor.py:914} INFO - Processing file /home/noelsdavid/airflow_venv/lib/python3.12/site-packages/airflow/example_dags/example_params_trigger_ui.py for tasks to queue
[2026-05-18T06:45:22.210+0000] {logging_mixin.py:190} INFO - [2026-05-18T06:45:22.209+0000] {dagbag.py:588} INFO - Filling up the DagBag from /home/noelsdavid/airflow_venv/lib/python3.12/site-packages/airflow/example_dags/example_params_trigger_ui.py
[2026-05-18T06:45:22.226+0000] {processor.py:925} INFO - DAG(s) 'example_params_trigger_ui' retrieved from /home/noelsdavid/airflow_venv/lib/python3.12/site-packages/airflow/example_dags/example_params_trigger_ui.py
[2026-05-18T06:45:22.272+0000] {logging_mixin.py:190} INFO - [2026-05-18T06:45:22.272+0000] {dag.py:3239} INFO - Sync 1 DAGs
[2026-05-18T06:45:22.288+0000] {logging_mixin.py:190} INFO - [2026-05-18T06:45:22.288+0000] {dag.py:4180} INFO - Setting next_dagrun for example_params_trigger_ui to None, run_after=None
[2026-05-18T06:45:22.318+0000] {processor.py:208} INFO - Processing /home/noelsdavid/airflow_venv/lib/python3.12/site-packages/airflow/example_dags/example_params_trigger_ui.py took 0.121 seconds
[2026-05-18T06:46:33.931+0000] {processor.py:186} INFO - Started process (PID=13201) to work on /home/noelsdavid/airflow_venv/lib/python3.12/site-packages/airflow/example_dags/example_params_trigger_ui.py
[2026-05-18T06:46:33.933+0000] {processor.py:914} INFO - Processing file /home/noelsdavid/airflow_venv/lib/python3.12/site-packages/airflow/example_dags/example_params_trigger_ui.py for tasks to queue
[2026-05-18T06:46:33.935+0000] {logging_mixin.py:190} INFO - [2026-05-18T06:46:33.935+0000] {dagbag.py:588} INFO - Filling up the DagBag from /home/noelsdavid/airflow_venv/lib/python3.12/site-packages/airflow/example_dags/example_params_trigger_ui.py
[2026-05-18T06:46:33.952+0000] {processor.py:925} INFO - DAG(s) 'example_params_trigger_ui' retrieved from /home/noelsdavid/airflow_venv/lib/python3.12/site-packages/airflow/example_dags/example_params_trigger_ui.py
[2026-05-18T06:46:34.000+0000] {logging_mixin.py:190} INFO - [2026-05-18T06:46:34.000+0000] {dag.py:3239} INFO - Sync 1 DAGs
[2026-05-18T06:46:34.018+0000] {logging_mixin.py:190} INFO - [2026-05-18T06:46:34.017+0000] {dag.py:4180} INFO - Setting next_dagrun for example_params_trigger_ui to None, run_after=None
[2026-05-18T06:46:34.052+0000] {processor.py:208} INFO - Processing /home/noelsdavid/airflow_venv/lib/python3.12/site-packages/airflow/example_dags/example_params_trigger_ui.py took 0.130 seconds
[2026-05-18T06:47:41.245+0000] {processor.py:186} INFO - Started process (PID=13277) to work on /home/noelsdavid/airflow_venv/lib/python3.12/site-packages/airflow/example_dags/example_params_trigger_ui.py
[2026-05-18T06:47:41.248+0000] {processor.py:914} INFO - Processing file /home/noelsdavid/airflow_venv/lib/python3.12/site-packages/airflow/example_dags/example_params_trigger_ui.py for tasks to queue
[2026-05-18T06:47:41.250+0000] {logging_mixin.py:190} INFO - [2026-05-18T06:47:41.250+0000] {dagbag.py:588} INFO - Filling up the DagBag from /home/noelsdavid/airflow_venv/lib/python3.12/site-packages/airflow/example_dags/example_params_trigger_ui.py
[2026-05-18T06:47:41.267+0000] {processor.py:925} INFO - DAG(s) 'example_params_trigger_ui' retrieved from /home/noelsdavid/airflow_venv/lib/python3.12/site-packages/airflow/example_dags/example_params_trigger_ui.py
[2026-05-18T06:47:41.319+0000] {logging_mixin.py:190} INFO - [2026-05-18T06:47:41.318+0000] {dag.py:3239} INFO - Sync 1 DAGs
[2026-05-18T06:47:41.336+0000] {logging_mixin.py:190} INFO - [2026-05-18T06:47:41.335+0000] {dag.py:4180} INFO - Setting next_dagrun for example_params_trigger_ui to None, run_after=None
[2026-05-18T06:47:41.368+0000] {processor.py:208} INFO - Processing /home/noelsdavid/airflow_venv/lib/python3.12/site-packages/airflow/example_dags/example_params_trigger_ui.py took 0.133 seconds
[2026-05-18T06:48:46.000+0000] {processor.py:186} INFO - Started process (PID=13349) to work on /home/noelsdavid/airflow_venv/lib/python3.12/site-packages/airflow/example_dags/example_params_trigger_ui.py
[2026-05-18T06:48:46.032+0000] {processor.py:914} INFO - Processing file /home/noelsdavid/airflow_venv/lib/python3.12/site-packages/airflow/example_dags/example_params_trigger_ui.py for tasks to queue
[2026-05-18T06:48:46.034+0000] {logging_mixin.py:190} INFO - [2026-05-18T06:48:46.033+0000] {dagbag.py:588} INFO - Filling up the DagBag from /home/noelsdavid/airflow_venv/lib/python3.12/site-packages/airflow/example_dags/example_params_trigger_ui.py
[2026-05-18T06:48:46.053+0000] {processor.py:925} INFO - DAG(s) 'example_params_trigger_ui' retrieved from /home/noelsdavid/airflow_venv/lib/python3.12/site-packages/airflow/example_dags/example_params_trigger_ui.py
[2026-05-18T06:48:46.106+0000] {logging_mixin.py:190} INFO - [2026-05-18T06:48:46.105+0000] {dag.py:3239} INFO - Sync 1 DAGs
[2026-05-18T06:48:46.123+0000] {logging_mixin.py:190} INFO - [2026-05-18T06:48:46.123+0000] {dag.py:4180} INFO - Setting next_dagrun for example_params_trigger_ui to None, run_after=None
[2026-05-18T06:48:46.158+0000] {processor.py:208} INFO - Processing /home/noelsdavid/airflow_venv/lib/python3.12/site-packages/airflow/example_dags/example_params_trigger_ui.py took 0.168 seconds
[2026-05-18T06:49:51.447+0000] {processor.py:186} INFO - Started process (PID=13448) to work on /home/noelsdavid/airflow_venv/lib/python3.12/site-packages/airflow/example_dags/example_params_trigger_ui.py
[2026-05-18T06:49:51.450+0000] {processor.py:914} INFO - Processing file /home/noelsdavid/airflow_venv/lib/python3.12/site-packages/airflow/example_dags/example_params_trigger_ui.py for tasks to queue
[2026-05-18T06:49:51.452+0000] {logging_mixin.py:190} INFO - [2026-05-18T06:49:51.451+0000] {dagbag.py:588} INFO - Filling up the DagBag from /home/noelsdavid/airflow_venv/lib/python3.12/site-packages/airflow/example_dags/example_params_trigger_ui.py
[2026-05-18T06:49:51.468+0000] {processor.py:925} INFO - DAG(s) 'example_params_trigger_ui' retrieved from /home/noelsdavid/airflow_venv/lib/python3.12/site-packages/airflow/example_dags/example_params_trigger_ui.py
[2026-05-18T06:49:51.518+0000] {logging_mixin.py:190} INFO - [2026-05-18T06:49:51.517+0000] {dag.py:3239} INFO - Sync 1 DAGs
[2026-05-18T06:49:51.536+0000] {logging_mixin.py:190} INFO - [2026-05-18T06:49:51.536+0000] {dag.py:4180} INFO - Setting next_dagrun for example_params_trigger_ui to None, run_after=None
[2026-05-18T06:49:51.568+0000] {processor.py:208} INFO - Processing /home/noelsdavid/airflow_venv/lib/python3.12/site-packages/airflow/example_dags/example_params_trigger_ui.py took 0.131 seconds
