[2026-05-18T06:01:11.319+0000] {processor.py:186} INFO - Started process (PID=6943) to work on /home/noelsdavid/airflow_venv/lib/python3.12/site-packages/airflow/example_dags/example_branch_day_of_week_operator.py
[2026-05-18T06:01:11.320+0000] {processor.py:914} INFO - Processing file /home/noelsdavid/airflow_venv/lib/python3.12/site-packages/airflow/example_dags/example_branch_day_of_week_operator.py for tasks to queue
[2026-05-18T06:01:11.323+0000] {logging_mixin.py:190} INFO - [2026-05-18T06:01:11.322+0000] {dagbag.py:588} INFO - Filling up the DagBag from /home/noelsdavid/airflow_venv/lib/python3.12/site-packages/airflow/example_dags/example_branch_day_of_week_operator.py
[2026-05-18T06:01:11.336+0000] {processor.py:925} INFO - DAG(s) 'example_weekday_branch_operator' retrieved from /home/noelsdavid/airflow_venv/lib/python3.12/site-packages/airflow/example_dags/example_branch_day_of_week_operator.py
[2026-05-18T06:01:11.471+0000] {logging_mixin.py:190} INFO - [2026-05-18T06:01:11.470+0000] {override.py:1911} INFO - Created Permission View: can edit on DAG:example_weekday_branch_operator
[2026-05-18T06:01:11.487+0000] {logging_mixin.py:190} INFO - [2026-05-18T06:01:11.486+0000] {override.py:1911} INFO - Created Permission View: can delete on DAG:example_weekday_branch_operator
[2026-05-18T06:01:11.500+0000] {logging_mixin.py:190} INFO - [2026-05-18T06:01:11.499+0000] {override.py:1911} INFO - Created Permission View: can read on DAG:example_weekday_branch_operator
[2026-05-18T06:01:11.521+0000] {logging_mixin.py:190} INFO - [2026-05-18T06:01:11.521+0000] {override.py:1911} INFO - Created Permission View: can delete on DAG Run:example_weekday_branch_operator
[2026-05-18T06:01:11.534+0000] {logging_mixin.py:190} INFO - [2026-05-18T06:01:11.533+0000] {override.py:1911} INFO - Created Permission View: menu access on DAG Run:example_weekday_branch_operator
[2026-05-18T06:01:11.546+0000] {logging_mixin.py:190} INFO - [2026-05-18T06:01:11.546+0000] {override.py:1911} INFO - Created Permission View: can create on DAG Run:example_weekday_branch_operator
[2026-05-18T06:01:11.559+0000] {logging_mixin.py:190} INFO - [2026-05-18T06:01:11.559+0000] {override.py:1911} INFO - Created Permission View: can read on DAG Run:example_weekday_branch_operator
[2026-05-18T06:01:11.560+0000] {logging_mixin.py:190} INFO - [2026-05-18T06:01:11.559+0000] {dag.py:3239} INFO - Sync 1 DAGs
[2026-05-18T06:01:11.573+0000] {logging_mixin.py:190} INFO - [2026-05-18T06:01:11.573+0000] {dag.py:3262} INFO - Creating ORM DAG for example_weekday_branch_operator
[2026-05-18T06:01:11.585+0000] {logging_mixin.py:190} INFO - [2026-05-18T06:01:11.585+0000] {dag.py:4180} INFO - Setting next_dagrun for example_weekday_branch_operator to 2026-05-17 00:00:00+00:00, run_after=2026-05-18 00:00:00+00:00
[2026-05-18T06:01:11.615+0000] {processor.py:208} INFO - Processing /home/noelsdavid/airflow_venv/lib/python3.12/site-packages/airflow/example_dags/example_branch_day_of_week_operator.py took 0.304 seconds
[2026-05-18T06:02:18.334+0000] {processor.py:186} INFO - Started process (PID=7009) to work on /home/noelsdavid/airflow_venv/lib/python3.12/site-packages/airflow/example_dags/example_branch_day_of_week_operator.py
[2026-05-18T06:02:18.336+0000] {processor.py:914} INFO - Processing file /home/noelsdavid/airflow_venv/lib/python3.12/site-packages/airflow/example_dags/example_branch_day_of_week_operator.py for tasks to queue
[2026-05-18T06:02:18.339+0000] {logging_mixin.py:190} INFO - [2026-05-18T06:02:18.338+0000] {dagbag.py:588} INFO - Filling up the DagBag from /home/noelsdavid/airflow_venv/lib/python3.12/site-packages/airflow/example_dags/example_branch_day_of_week_operator.py
[2026-05-18T06:02:18.353+0000] {processor.py:925} INFO - DAG(s) 'example_weekday_branch_operator' retrieved from /home/noelsdavid/airflow_venv/lib/python3.12/site-packages/airflow/example_dags/example_branch_day_of_week_operator.py
[2026-05-18T06:02:18.374+0000] {logging_mixin.py:190} INFO - [2026-05-18T06:02:18.373+0000] {dag.py:3239} INFO - Sync 1 DAGs
[2026-05-18T06:02:18.399+0000] {logging_mixin.py:190} INFO - [2026-05-18T06:02:18.399+0000] {dag.py:4180} INFO - Setting next_dagrun for example_weekday_branch_operator to 2026-05-17 00:00:00+00:00, run_after=2026-05-18 00:00:00+00:00
[2026-05-18T06:02:18.429+0000] {processor.py:208} INFO - Processing /home/noelsdavid/airflow_venv/lib/python3.12/site-packages/airflow/example_dags/example_branch_day_of_week_operator.py took 0.102 seconds
[2026-05-18T06:03:17.272+0000] {processor.py:186} INFO - Started process (PID=7066) to work on /home/noelsdavid/airflow_venv/lib/python3.12/site-packages/airflow/example_dags/example_branch_day_of_week_operator.py
[2026-05-18T06:03:17.314+0000] {processor.py:914} INFO - Processing file /home/noelsdavid/airflow_venv/lib/python3.12/site-packages/airflow/example_dags/example_branch_day_of_week_operator.py for tasks to queue
[2026-05-18T06:03:17.317+0000] {logging_mixin.py:190} INFO - [2026-05-18T06:03:17.316+0000] {dagbag.py:588} INFO - Filling up the DagBag from /home/noelsdavid/airflow_venv/lib/python3.12/site-packages/airflow/example_dags/example_branch_day_of_week_operator.py
[2026-05-18T06:03:17.330+0000] {processor.py:925} INFO - DAG(s) 'example_weekday_branch_operator' retrieved from /home/noelsdavid/airflow_venv/lib/python3.12/site-packages/airflow/example_dags/example_branch_day_of_week_operator.py
[2026-05-18T06:03:17.350+0000] {logging_mixin.py:190} INFO - [2026-05-18T06:03:17.350+0000] {dag.py:3239} INFO - Sync 1 DAGs
[2026-05-18T06:03:17.376+0000] {logging_mixin.py:190} INFO - [2026-05-18T06:03:17.376+0000] {dag.py:4180} INFO - Setting next_dagrun for example_weekday_branch_operator to 2026-05-17 00:00:00+00:00, run_after=2026-05-18 00:00:00+00:00
[2026-05-18T06:03:17.404+0000] {processor.py:208} INFO - Processing /home/noelsdavid/airflow_venv/lib/python3.12/site-packages/airflow/example_dags/example_branch_day_of_week_operator.py took 0.139 seconds
[2026-05-18T06:04:18.260+0000] {processor.py:186} INFO - Started process (PID=7126) to work on /home/noelsdavid/airflow_venv/lib/python3.12/site-packages/airflow/example_dags/example_branch_day_of_week_operator.py
[2026-05-18T06:04:18.264+0000] {processor.py:914} INFO - Processing file /home/noelsdavid/airflow_venv/lib/python3.12/site-packages/airflow/example_dags/example_branch_day_of_week_operator.py for tasks to queue
[2026-05-18T06:04:18.267+0000] {logging_mixin.py:190} INFO - [2026-05-18T06:04:18.267+0000] {dagbag.py:588} INFO - Filling up the DagBag from /home/noelsdavid/airflow_venv/lib/python3.12/site-packages/airflow/example_dags/example_branch_day_of_week_operator.py
[2026-05-18T06:04:18.281+0000] {processor.py:925} INFO - DAG(s) 'example_weekday_branch_operator' retrieved from /home/noelsdavid/airflow_venv/lib/python3.12/site-packages/airflow/example_dags/example_branch_day_of_week_operator.py
[2026-05-18T06:04:18.304+0000] {logging_mixin.py:190} INFO - [2026-05-18T06:04:18.303+0000] {dag.py:3239} INFO - Sync 1 DAGs
[2026-05-18T06:04:18.330+0000] {logging_mixin.py:190} INFO - [2026-05-18T06:04:18.329+0000] {dag.py:4180} INFO - Setting next_dagrun for example_weekday_branch_operator to 2026-05-17 00:00:00+00:00, run_after=2026-05-18 00:00:00+00:00
[2026-05-18T06:04:18.358+0000] {processor.py:208} INFO - Processing /home/noelsdavid/airflow_venv/lib/python3.12/site-packages/airflow/example_dags/example_branch_day_of_week_operator.py took 0.105 seconds
[2026-05-18T06:05:23.567+0000] {processor.py:186} INFO - Started process (PID=7213) to work on /home/noelsdavid/airflow_venv/lib/python3.12/site-packages/airflow/example_dags/example_branch_day_of_week_operator.py
[2026-05-18T06:05:23.577+0000] {processor.py:914} INFO - Processing file /home/noelsdavid/airflow_venv/lib/python3.12/site-packages/airflow/example_dags/example_branch_day_of_week_operator.py for tasks to queue
[2026-05-18T06:05:23.580+0000] {logging_mixin.py:190} INFO - [2026-05-18T06:05:23.580+0000] {dagbag.py:588} INFO - Filling up the DagBag from /home/noelsdavid/airflow_venv/lib/python3.12/site-packages/airflow/example_dags/example_branch_day_of_week_operator.py
[2026-05-18T06:05:23.594+0000] {processor.py:925} INFO - DAG(s) 'example_weekday_branch_operator' retrieved from /home/noelsdavid/airflow_venv/lib/python3.12/site-packages/airflow/example_dags/example_branch_day_of_week_operator.py
[2026-05-18T06:05:23.617+0000] {logging_mixin.py:190} INFO - [2026-05-18T06:05:23.616+0000] {dag.py:3239} INFO - Sync 1 DAGs
[2026-05-18T06:05:23.811+0000] {logging_mixin.py:190} INFO - [2026-05-18T06:05:23.811+0000] {dag.py:4180} INFO - Setting next_dagrun for example_weekday_branch_operator to 2026-05-17 00:00:00+00:00, run_after=2026-05-18 00:00:00+00:00
[2026-05-18T06:05:23.838+0000] {processor.py:208} INFO - Processing /home/noelsdavid/airflow_venv/lib/python3.12/site-packages/airflow/example_dags/example_branch_day_of_week_operator.py took 0.279 seconds
[2026-05-18T06:06:32.389+0000] {processor.py:186} INFO - Started process (PID=7279) to work on /home/noelsdavid/airflow_venv/lib/python3.12/site-packages/airflow/example_dags/example_branch_day_of_week_operator.py
[2026-05-18T06:06:32.395+0000] {processor.py:914} INFO - Processing file /home/noelsdavid/airflow_venv/lib/python3.12/site-packages/airflow/example_dags/example_branch_day_of_week_operator.py for tasks to queue
[2026-05-18T06:06:32.398+0000] {logging_mixin.py:190} INFO - [2026-05-18T06:06:32.398+0000] {dagbag.py:588} INFO - Filling up the DagBag from /home/noelsdavid/airflow_venv/lib/python3.12/site-packages/airflow/example_dags/example_branch_day_of_week_operator.py
[2026-05-18T06:06:32.413+0000] {processor.py:925} INFO - DAG(s) 'example_weekday_branch_operator' retrieved from /home/noelsdavid/airflow_venv/lib/python3.12/site-packages/airflow/example_dags/example_branch_day_of_week_operator.py
[2026-05-18T06:06:32.436+0000] {logging_mixin.py:190} INFO - [2026-05-18T06:06:32.435+0000] {dag.py:3239} INFO - Sync 1 DAGs
[2026-05-18T06:06:32.463+0000] {logging_mixin.py:190} INFO - [2026-05-18T06:06:32.462+0000] {dag.py:4180} INFO - Setting next_dagrun for example_weekday_branch_operator to 2026-05-17 00:00:00+00:00, run_after=2026-05-18 00:00:00+00:00
[2026-05-18T06:06:32.499+0000] {processor.py:208} INFO - Processing /home/noelsdavid/airflow_venv/lib/python3.12/site-packages/airflow/example_dags/example_branch_day_of_week_operator.py took 0.118 seconds
[2026-05-18T06:07:30.090+0000] {processor.py:186} INFO - Started process (PID=7338) to work on /home/noelsdavid/airflow_venv/lib/python3.12/site-packages/airflow/example_dags/example_branch_day_of_week_operator.py
[2026-05-18T06:07:30.092+0000] {processor.py:914} INFO - Processing file /home/noelsdavid/airflow_venv/lib/python3.12/site-packages/airflow/example_dags/example_branch_day_of_week_operator.py for tasks to queue
[2026-05-18T06:07:30.097+0000] {logging_mixin.py:190} INFO - [2026-05-18T06:07:30.096+0000] {dagbag.py:588} INFO - Filling up the DagBag from /home/noelsdavid/airflow_venv/lib/python3.12/site-packages/airflow/example_dags/example_branch_day_of_week_operator.py
[2026-05-18T06:07:30.115+0000] {processor.py:925} INFO - DAG(s) 'example_weekday_branch_operator' retrieved from /home/noelsdavid/airflow_venv/lib/python3.12/site-packages/airflow/example_dags/example_branch_day_of_week_operator.py
[2026-05-18T06:07:30.145+0000] {logging_mixin.py:190} INFO - [2026-05-18T06:07:30.144+0000] {dag.py:3239} INFO - Sync 1 DAGs
[2026-05-18T06:07:30.182+0000] {logging_mixin.py:190} INFO - [2026-05-18T06:07:30.182+0000] {dag.py:4180} INFO - Setting next_dagrun for example_weekday_branch_operator to 2026-05-17 00:00:00+00:00, run_after=2026-05-18 00:00:00+00:00
[2026-05-18T06:07:30.223+0000] {processor.py:208} INFO - Processing /home/noelsdavid/airflow_venv/lib/python3.12/site-packages/airflow/example_dags/example_branch_day_of_week_operator.py took 0.141 seconds
[2026-05-18T06:08:33.687+0000] {processor.py:186} INFO - Started process (PID=7395) to work on /home/noelsdavid/airflow_venv/lib/python3.12/site-packages/airflow/example_dags/example_branch_day_of_week_operator.py
[2026-05-18T06:08:33.689+0000] {processor.py:914} INFO - Processing file /home/noelsdavid/airflow_venv/lib/python3.12/site-packages/airflow/example_dags/example_branch_day_of_week_operator.py for tasks to queue
[2026-05-18T06:08:33.693+0000] {logging_mixin.py:190} INFO - [2026-05-18T06:08:33.692+0000] {dagbag.py:588} INFO - Filling up the DagBag from /home/noelsdavid/airflow_venv/lib/python3.12/site-packages/airflow/example_dags/example_branch_day_of_week_operator.py
[2026-05-18T06:08:33.707+0000] {processor.py:925} INFO - DAG(s) 'example_weekday_branch_operator' retrieved from /home/noelsdavid/airflow_venv/lib/python3.12/site-packages/airflow/example_dags/example_branch_day_of_week_operator.py
[2026-05-18T06:08:33.729+0000] {logging_mixin.py:190} INFO - [2026-05-18T06:08:33.729+0000] {dag.py:3239} INFO - Sync 1 DAGs
[2026-05-18T06:08:33.757+0000] {logging_mixin.py:190} INFO - [2026-05-18T06:08:33.757+0000] {dag.py:4180} INFO - Setting next_dagrun for example_weekday_branch_operator to 2026-05-17 00:00:00+00:00, run_after=2026-05-18 00:00:00+00:00
[2026-05-18T06:08:33.788+0000] {processor.py:208} INFO - Processing /home/noelsdavid/airflow_venv/lib/python3.12/site-packages/airflow/example_dags/example_branch_day_of_week_operator.py took 0.109 seconds
[2026-05-18T06:09:37.438+0000] {processor.py:186} INFO - Started process (PID=7457) to work on /home/noelsdavid/airflow_venv/lib/python3.12/site-packages/airflow/example_dags/example_branch_day_of_week_operator.py
[2026-05-18T06:09:37.440+0000] {processor.py:914} INFO - Processing file /home/noelsdavid/airflow_venv/lib/python3.12/site-packages/airflow/example_dags/example_branch_day_of_week_operator.py for tasks to queue
[2026-05-18T06:09:37.443+0000] {logging_mixin.py:190} INFO - [2026-05-18T06:09:37.442+0000] {dagbag.py:588} INFO - Filling up the DagBag from /home/noelsdavid/airflow_venv/lib/python3.12/site-packages/airflow/example_dags/example_branch_day_of_week_operator.py
[2026-05-18T06:09:37.457+0000] {processor.py:925} INFO - DAG(s) 'example_weekday_branch_operator' retrieved from /home/noelsdavid/airflow_venv/lib/python3.12/site-packages/airflow/example_dags/example_branch_day_of_week_operator.py
[2026-05-18T06:09:37.479+0000] {logging_mixin.py:190} INFO - [2026-05-18T06:09:37.479+0000] {dag.py:3239} INFO - Sync 1 DAGs
[2026-05-18T06:09:37.506+0000] {logging_mixin.py:190} INFO - [2026-05-18T06:09:37.506+0000] {dag.py:4180} INFO - Setting next_dagrun for example_weekday_branch_operator to 2026-05-17 00:00:00+00:00, run_after=2026-05-18 00:00:00+00:00
[2026-05-18T06:09:37.538+0000] {processor.py:208} INFO - Processing /home/noelsdavid/airflow_venv/lib/python3.12/site-packages/airflow/example_dags/example_branch_day_of_week_operator.py took 0.108 seconds
[2026-05-18T06:10:37.933+0000] {processor.py:186} INFO - Started process (PID=7542) to work on /home/noelsdavid/airflow_venv/lib/python3.12/site-packages/airflow/example_dags/example_branch_day_of_week_operator.py
[2026-05-18T06:10:37.936+0000] {processor.py:914} INFO - Processing file /home/noelsdavid/airflow_venv/lib/python3.12/site-packages/airflow/example_dags/example_branch_day_of_week_operator.py for tasks to queue
[2026-05-18T06:10:37.939+0000] {logging_mixin.py:190} INFO - [2026-05-18T06:10:37.939+0000] {dagbag.py:588} INFO - Filling up the DagBag from /home/noelsdavid/airflow_venv/lib/python3.12/site-packages/airflow/example_dags/example_branch_day_of_week_operator.py
[2026-05-18T06:10:37.953+0000] {processor.py:925} INFO - DAG(s) 'example_weekday_branch_operator' retrieved from /home/noelsdavid/airflow_venv/lib/python3.12/site-packages/airflow/example_dags/example_branch_day_of_week_operator.py
[2026-05-18T06:10:37.976+0000] {logging_mixin.py:190} INFO - [2026-05-18T06:10:37.976+0000] {dag.py:3239} INFO - Sync 1 DAGs
[2026-05-18T06:10:38.003+0000] {logging_mixin.py:190} INFO - [2026-05-18T06:10:38.003+0000] {dag.py:4180} INFO - Setting next_dagrun for example_weekday_branch_operator to 2026-05-17 00:00:00+00:00, run_after=2026-05-18 00:00:00+00:00
[2026-05-18T06:10:38.035+0000] {processor.py:208} INFO - Processing /home/noelsdavid/airflow_venv/lib/python3.12/site-packages/airflow/example_dags/example_branch_day_of_week_operator.py took 0.109 seconds
[2026-05-18T06:11:38.439+0000] {processor.py:186} INFO - Started process (PID=7601) to work on /home/noelsdavid/airflow_venv/lib/python3.12/site-packages/airflow/example_dags/example_branch_day_of_week_operator.py
[2026-05-18T06:11:38.441+0000] {processor.py:914} INFO - Processing file /home/noelsdavid/airflow_venv/lib/python3.12/site-packages/airflow/example_dags/example_branch_day_of_week_operator.py for tasks to queue
[2026-05-18T06:11:38.445+0000] {logging_mixin.py:190} INFO - [2026-05-18T06:11:38.444+0000] {dagbag.py:588} INFO - Filling up the DagBag from /home/noelsdavid/airflow_venv/lib/python3.12/site-packages/airflow/example_dags/example_branch_day_of_week_operator.py
[2026-05-18T06:11:38.461+0000] {processor.py:925} INFO - DAG(s) 'example_weekday_branch_operator' retrieved from /home/noelsdavid/airflow_venv/lib/python3.12/site-packages/airflow/example_dags/example_branch_day_of_week_operator.py
[2026-05-18T06:11:38.484+0000] {logging_mixin.py:190} INFO - [2026-05-18T06:11:38.484+0000] {dag.py:3239} INFO - Sync 1 DAGs
[2026-05-18T06:11:38.513+0000] {logging_mixin.py:190} INFO - [2026-05-18T06:11:38.512+0000] {dag.py:4180} INFO - Setting next_dagrun for example_weekday_branch_operator to 2026-05-17 00:00:00+00:00, run_after=2026-05-18 00:00:00+00:00
[2026-05-18T06:11:38.546+0000] {processor.py:208} INFO - Processing /home/noelsdavid/airflow_venv/lib/python3.12/site-packages/airflow/example_dags/example_branch_day_of_week_operator.py took 0.115 seconds
[2026-05-18T06:12:36.780+0000] {processor.py:186} INFO - Started process (PID=7658) to work on /home/noelsdavid/airflow_venv/lib/python3.12/site-packages/airflow/example_dags/example_branch_day_of_week_operator.py
[2026-05-18T06:12:36.782+0000] {processor.py:914} INFO - Processing file /home/noelsdavid/airflow_venv/lib/python3.12/site-packages/airflow/example_dags/example_branch_day_of_week_operator.py for tasks to queue
[2026-05-18T06:12:36.785+0000] {logging_mixin.py:190} INFO - [2026-05-18T06:12:36.785+0000] {dagbag.py:588} INFO - Filling up the DagBag from /home/noelsdavid/airflow_venv/lib/python3.12/site-packages/airflow/example_dags/example_branch_day_of_week_operator.py
[2026-05-18T06:12:36.799+0000] {processor.py:925} INFO - DAG(s) 'example_weekday_branch_operator' retrieved from /home/noelsdavid/airflow_venv/lib/python3.12/site-packages/airflow/example_dags/example_branch_day_of_week_operator.py
[2026-05-18T06:12:36.822+0000] {logging_mixin.py:190} INFO - [2026-05-18T06:12:36.822+0000] {dag.py:3239} INFO - Sync 1 DAGs
[2026-05-18T06:12:36.853+0000] {logging_mixin.py:190} INFO - [2026-05-18T06:12:36.853+0000] {dag.py:4180} INFO - Setting next_dagrun for example_weekday_branch_operator to 2026-05-17 00:00:00+00:00, run_after=2026-05-18 00:00:00+00:00
[2026-05-18T06:12:36.886+0000] {processor.py:208} INFO - Processing /home/noelsdavid/airflow_venv/lib/python3.12/site-packages/airflow/example_dags/example_branch_day_of_week_operator.py took 0.115 seconds
[2026-05-18T06:13:38.236+0000] {processor.py:186} INFO - Started process (PID=7717) to work on /home/noelsdavid/airflow_venv/lib/python3.12/site-packages/airflow/example_dags/example_branch_day_of_week_operator.py
[2026-05-18T06:13:38.238+0000] {processor.py:914} INFO - Processing file /home/noelsdavid/airflow_venv/lib/python3.12/site-packages/airflow/example_dags/example_branch_day_of_week_operator.py for tasks to queue
[2026-05-18T06:13:38.241+0000] {logging_mixin.py:190} INFO - [2026-05-18T06:13:38.240+0000] {dagbag.py:588} INFO - Filling up the DagBag from /home/noelsdavid/airflow_venv/lib/python3.12/site-packages/airflow/example_dags/example_branch_day_of_week_operator.py
[2026-05-18T06:13:38.255+0000] {processor.py:925} INFO - DAG(s) 'example_weekday_branch_operator' retrieved from /home/noelsdavid/airflow_venv/lib/python3.12/site-packages/airflow/example_dags/example_branch_day_of_week_operator.py
[2026-05-18T06:13:38.278+0000] {logging_mixin.py:190} INFO - [2026-05-18T06:13:38.277+0000] {dag.py:3239} INFO - Sync 1 DAGs
[2026-05-18T06:13:38.304+0000] {logging_mixin.py:190} INFO - [2026-05-18T06:13:38.304+0000] {dag.py:4180} INFO - Setting next_dagrun for example_weekday_branch_operator to 2026-05-17 00:00:00+00:00, run_after=2026-05-18 00:00:00+00:00
[2026-05-18T06:13:38.335+0000] {processor.py:208} INFO - Processing /home/noelsdavid/airflow_venv/lib/python3.12/site-packages/airflow/example_dags/example_branch_day_of_week_operator.py took 0.108 seconds
[2026-05-18T06:14:39.269+0000] {processor.py:186} INFO - Started process (PID=7777) to work on /home/noelsdavid/airflow_venv/lib/python3.12/site-packages/airflow/example_dags/example_branch_day_of_week_operator.py
[2026-05-18T06:14:39.272+0000] {processor.py:914} INFO - Processing file /home/noelsdavid/airflow_venv/lib/python3.12/site-packages/airflow/example_dags/example_branch_day_of_week_operator.py for tasks to queue
[2026-05-18T06:14:39.275+0000] {logging_mixin.py:190} INFO - [2026-05-18T06:14:39.274+0000] {dagbag.py:588} INFO - Filling up the DagBag from /home/noelsdavid/airflow_venv/lib/python3.12/site-packages/airflow/example_dags/example_branch_day_of_week_operator.py
[2026-05-18T06:14:39.290+0000] {processor.py:925} INFO - DAG(s) 'example_weekday_branch_operator' retrieved from /home/noelsdavid/airflow_venv/lib/python3.12/site-packages/airflow/example_dags/example_branch_day_of_week_operator.py
[2026-05-18T06:14:39.312+0000] {logging_mixin.py:190} INFO - [2026-05-18T06:14:39.312+0000] {dag.py:3239} INFO - Sync 1 DAGs
[2026-05-18T06:14:39.339+0000] {logging_mixin.py:190} INFO - [2026-05-18T06:14:39.338+0000] {dag.py:4180} INFO - Setting next_dagrun for example_weekday_branch_operator to 2026-05-17 00:00:00+00:00, run_after=2026-05-18 00:00:00+00:00
[2026-05-18T06:14:39.370+0000] {processor.py:208} INFO - Processing /home/noelsdavid/airflow_venv/lib/python3.12/site-packages/airflow/example_dags/example_branch_day_of_week_operator.py took 0.109 seconds
[2026-05-18T06:15:42.968+0000] {processor.py:186} INFO - Started process (PID=7950) to work on /home/noelsdavid/airflow_venv/lib/python3.12/site-packages/airflow/example_dags/example_branch_day_of_week_operator.py
[2026-05-18T06:15:42.971+0000] {processor.py:914} INFO - Processing file /home/noelsdavid/airflow_venv/lib/python3.12/site-packages/airflow/example_dags/example_branch_day_of_week_operator.py for tasks to queue
[2026-05-18T06:15:42.975+0000] {logging_mixin.py:190} INFO - [2026-05-18T06:15:42.974+0000] {dagbag.py:588} INFO - Filling up the DagBag from /home/noelsdavid/airflow_venv/lib/python3.12/site-packages/airflow/example_dags/example_branch_day_of_week_operator.py
[2026-05-18T06:15:42.990+0000] {processor.py:925} INFO - DAG(s) 'example_weekday_branch_operator' retrieved from /home/noelsdavid/airflow_venv/lib/python3.12/site-packages/airflow/example_dags/example_branch_day_of_week_operator.py
[2026-05-18T06:15:43.017+0000] {logging_mixin.py:190} INFO - [2026-05-18T06:15:43.017+0000] {dag.py:3239} INFO - Sync 1 DAGs
[2026-05-18T06:15:43.050+0000] {logging_mixin.py:190} INFO - [2026-05-18T06:15:43.049+0000] {dag.py:4180} INFO - Setting next_dagrun for example_weekday_branch_operator to 2026-05-17 00:00:00+00:00, run_after=2026-05-18 00:00:00+00:00
[2026-05-18T06:15:43.085+0000] {processor.py:208} INFO - Processing /home/noelsdavid/airflow_venv/lib/python3.12/site-packages/airflow/example_dags/example_branch_day_of_week_operator.py took 0.126 seconds
[2026-05-18T06:16:46.354+0000] {processor.py:186} INFO - Started process (PID=8066) to work on /home/noelsdavid/airflow_venv/lib/python3.12/site-packages/airflow/example_dags/example_branch_day_of_week_operator.py
[2026-05-18T06:16:46.357+0000] {processor.py:914} INFO - Processing file /home/noelsdavid/airflow_venv/lib/python3.12/site-packages/airflow/example_dags/example_branch_day_of_week_operator.py for tasks to queue
[2026-05-18T06:16:46.360+0000] {logging_mixin.py:190} INFO - [2026-05-18T06:16:46.359+0000] {dagbag.py:588} INFO - Filling up the DagBag from /home/noelsdavid/airflow_venv/lib/python3.12/site-packages/airflow/example_dags/example_branch_day_of_week_operator.py
[2026-05-18T06:16:46.376+0000] {processor.py:925} INFO - DAG(s) 'example_weekday_branch_operator' retrieved from /home/noelsdavid/airflow_venv/lib/python3.12/site-packages/airflow/example_dags/example_branch_day_of_week_operator.py
[2026-05-18T06:16:46.402+0000] {logging_mixin.py:190} INFO - [2026-05-18T06:16:46.401+0000] {dag.py:3239} INFO - Sync 1 DAGs
[2026-05-18T06:16:46.430+0000] {logging_mixin.py:190} INFO - [2026-05-18T06:16:46.429+0000] {dag.py:4180} INFO - Setting next_dagrun for example_weekday_branch_operator to 2026-05-17 00:00:00+00:00, run_after=2026-05-18 00:00:00+00:00
[2026-05-18T06:16:46.461+0000] {processor.py:208} INFO - Processing /home/noelsdavid/airflow_venv/lib/python3.12/site-packages/airflow/example_dags/example_branch_day_of_week_operator.py took 0.117 seconds
[2026-05-18T06:17:50.055+0000] {processor.py:186} INFO - Started process (PID=8378) to work on /home/noelsdavid/airflow_venv/lib/python3.12/site-packages/airflow/example_dags/example_branch_day_of_week_operator.py
[2026-05-18T06:17:50.058+0000] {processor.py:914} INFO - Processing file /home/noelsdavid/airflow_venv/lib/python3.12/site-packages/airflow/example_dags/example_branch_day_of_week_operator.py for tasks to queue
[2026-05-18T06:17:50.061+0000] {logging_mixin.py:190} INFO - [2026-05-18T06:17:50.061+0000] {dagbag.py:588} INFO - Filling up the DagBag from /home/noelsdavid/airflow_venv/lib/python3.12/site-packages/airflow/example_dags/example_branch_day_of_week_operator.py
[2026-05-18T06:17:50.076+0000] {processor.py:925} INFO - DAG(s) 'example_weekday_branch_operator' retrieved from /home/noelsdavid/airflow_venv/lib/python3.12/site-packages/airflow/example_dags/example_branch_day_of_week_operator.py
[2026-05-18T06:17:50.098+0000] {logging_mixin.py:190} INFO - [2026-05-18T06:17:50.097+0000] {dag.py:3239} INFO - Sync 1 DAGs
[2026-05-18T06:17:50.126+0000] {logging_mixin.py:190} INFO - [2026-05-18T06:17:50.125+0000] {dag.py:4180} INFO - Setting next_dagrun for example_weekday_branch_operator to 2026-05-17 00:00:00+00:00, run_after=2026-05-18 00:00:00+00:00
[2026-05-18T06:17:50.157+0000] {processor.py:208} INFO - Processing /home/noelsdavid/airflow_venv/lib/python3.12/site-packages/airflow/example_dags/example_branch_day_of_week_operator.py took 0.109 seconds
[2026-05-18T06:18:47.612+0000] {processor.py:186} INFO - Started process (PID=8491) to work on /home/noelsdavid/airflow_venv/lib/python3.12/site-packages/airflow/example_dags/example_branch_day_of_week_operator.py
[2026-05-18T06:18:47.615+0000] {processor.py:914} INFO - Processing file /home/noelsdavid/airflow_venv/lib/python3.12/site-packages/airflow/example_dags/example_branch_day_of_week_operator.py for tasks to queue
[2026-05-18T06:18:47.618+0000] {logging_mixin.py:190} INFO - [2026-05-18T06:18:47.617+0000] {dagbag.py:588} INFO - Filling up the DagBag from /home/noelsdavid/airflow_venv/lib/python3.12/site-packages/airflow/example_dags/example_branch_day_of_week_operator.py
[2026-05-18T06:18:47.632+0000] {processor.py:925} INFO - DAG(s) 'example_weekday_branch_operator' retrieved from /home/noelsdavid/airflow_venv/lib/python3.12/site-packages/airflow/example_dags/example_branch_day_of_week_operator.py
[2026-05-18T06:18:47.656+0000] {logging_mixin.py:190} INFO - [2026-05-18T06:18:47.656+0000] {dag.py:3239} INFO - Sync 1 DAGs
[2026-05-18T06:18:47.684+0000] {logging_mixin.py:190} INFO - [2026-05-18T06:18:47.684+0000] {dag.py:4180} INFO - Setting next_dagrun for example_weekday_branch_operator to 2026-05-17 00:00:00+00:00, run_after=2026-05-18 00:00:00+00:00
[2026-05-18T06:18:47.719+0000] {processor.py:208} INFO - Processing /home/noelsdavid/airflow_venv/lib/python3.12/site-packages/airflow/example_dags/example_branch_day_of_week_operator.py took 0.116 seconds
[2026-05-18T06:19:48.438+0000] {processor.py:186} INFO - Started process (PID=8550) to work on /home/noelsdavid/airflow_venv/lib/python3.12/site-packages/airflow/example_dags/example_branch_day_of_week_operator.py
[2026-05-18T06:19:48.441+0000] {processor.py:914} INFO - Processing file /home/noelsdavid/airflow_venv/lib/python3.12/site-packages/airflow/example_dags/example_branch_day_of_week_operator.py for tasks to queue
[2026-05-18T06:19:48.444+0000] {logging_mixin.py:190} INFO - [2026-05-18T06:19:48.443+0000] {dagbag.py:588} INFO - Filling up the DagBag from /home/noelsdavid/airflow_venv/lib/python3.12/site-packages/airflow/example_dags/example_branch_day_of_week_operator.py
[2026-05-18T06:19:48.461+0000] {processor.py:925} INFO - DAG(s) 'example_weekday_branch_operator' retrieved from /home/noelsdavid/airflow_venv/lib/python3.12/site-packages/airflow/example_dags/example_branch_day_of_week_operator.py
[2026-05-18T06:19:48.487+0000] {logging_mixin.py:190} INFO - [2026-05-18T06:19:48.486+0000] {dag.py:3239} INFO - Sync 1 DAGs
[2026-05-18T06:19:48.514+0000] {logging_mixin.py:190} INFO - [2026-05-18T06:19:48.514+0000] {dag.py:4180} INFO - Setting next_dagrun for example_weekday_branch_operator to 2026-05-17 00:00:00+00:00, run_after=2026-05-18 00:00:00+00:00
[2026-05-18T06:19:48.545+0000] {processor.py:208} INFO - Processing /home/noelsdavid/airflow_venv/lib/python3.12/site-packages/airflow/example_dags/example_branch_day_of_week_operator.py took 0.118 seconds
[2026-05-18T06:20:52.234+0000] {processor.py:186} INFO - Started process (PID=8639) to work on /home/noelsdavid/airflow_venv/lib/python3.12/site-packages/airflow/example_dags/example_branch_day_of_week_operator.py
[2026-05-18T06:20:52.236+0000] {processor.py:914} INFO - Processing file /home/noelsdavid/airflow_venv/lib/python3.12/site-packages/airflow/example_dags/example_branch_day_of_week_operator.py for tasks to queue
[2026-05-18T06:20:52.238+0000] {logging_mixin.py:190} INFO - [2026-05-18T06:20:52.238+0000] {dagbag.py:588} INFO - Filling up the DagBag from /home/noelsdavid/airflow_venv/lib/python3.12/site-packages/airflow/example_dags/example_branch_day_of_week_operator.py
[2026-05-18T06:20:52.253+0000] {processor.py:925} INFO - DAG(s) 'example_weekday_branch_operator' retrieved from /home/noelsdavid/airflow_venv/lib/python3.12/site-packages/airflow/example_dags/example_branch_day_of_week_operator.py
[2026-05-18T06:20:52.276+0000] {logging_mixin.py:190} INFO - [2026-05-18T06:20:52.276+0000] {dag.py:3239} INFO - Sync 1 DAGs
[2026-05-18T06:20:52.303+0000] {logging_mixin.py:190} INFO - [2026-05-18T06:20:52.303+0000] {dag.py:4180} INFO - Setting next_dagrun for example_weekday_branch_operator to 2026-05-17 00:00:00+00:00, run_after=2026-05-18 00:00:00+00:00
[2026-05-18T06:20:52.333+0000] {processor.py:208} INFO - Processing /home/noelsdavid/airflow_venv/lib/python3.12/site-packages/airflow/example_dags/example_branch_day_of_week_operator.py took 0.106 seconds
[2026-05-18T06:21:56.210+0000] {processor.py:186} INFO - Started process (PID=8701) to work on /home/noelsdavid/airflow_venv/lib/python3.12/site-packages/airflow/example_dags/example_branch_day_of_week_operator.py
[2026-05-18T06:21:56.213+0000] {processor.py:914} INFO - Processing file /home/noelsdavid/airflow_venv/lib/python3.12/site-packages/airflow/example_dags/example_branch_day_of_week_operator.py for tasks to queue
[2026-05-18T06:21:56.215+0000] {logging_mixin.py:190} INFO - [2026-05-18T06:21:56.214+0000] {dagbag.py:588} INFO - Filling up the DagBag from /home/noelsdavid/airflow_venv/lib/python3.12/site-packages/airflow/example_dags/example_branch_day_of_week_operator.py
[2026-05-18T06:21:56.229+0000] {processor.py:925} INFO - DAG(s) 'example_weekday_branch_operator' retrieved from /home/noelsdavid/airflow_venv/lib/python3.12/site-packages/airflow/example_dags/example_branch_day_of_week_operator.py
[2026-05-18T06:21:56.251+0000] {logging_mixin.py:190} INFO - [2026-05-18T06:21:56.251+0000] {dag.py:3239} INFO - Sync 1 DAGs
[2026-05-18T06:21:56.278+0000] {logging_mixin.py:190} INFO - [2026-05-18T06:21:56.278+0000] {dag.py:4180} INFO - Setting next_dagrun for example_weekday_branch_operator to 2026-05-17 00:00:00+00:00, run_after=2026-05-18 00:00:00+00:00
[2026-05-18T06:21:56.307+0000] {processor.py:208} INFO - Processing /home/noelsdavid/airflow_venv/lib/python3.12/site-packages/airflow/example_dags/example_branch_day_of_week_operator.py took 0.104 seconds
[2026-05-18T06:22:59.717+0000] {processor.py:186} INFO - Started process (PID=8762) to work on /home/noelsdavid/airflow_venv/lib/python3.12/site-packages/airflow/example_dags/example_branch_day_of_week_operator.py
[2026-05-18T06:22:59.720+0000] {processor.py:914} INFO - Processing file /home/noelsdavid/airflow_venv/lib/python3.12/site-packages/airflow/example_dags/example_branch_day_of_week_operator.py for tasks to queue
[2026-05-18T06:22:59.722+0000] {logging_mixin.py:190} INFO - [2026-05-18T06:22:59.721+0000] {dagbag.py:588} INFO - Filling up the DagBag from /home/noelsdavid/airflow_venv/lib/python3.12/site-packages/airflow/example_dags/example_branch_day_of_week_operator.py
[2026-05-18T06:22:59.736+0000] {processor.py:925} INFO - DAG(s) 'example_weekday_branch_operator' retrieved from /home/noelsdavid/airflow_venv/lib/python3.12/site-packages/airflow/example_dags/example_branch_day_of_week_operator.py
[2026-05-18T06:22:59.759+0000] {logging_mixin.py:190} INFO - [2026-05-18T06:22:59.758+0000] {dag.py:3239} INFO - Sync 1 DAGs
[2026-05-18T06:22:59.786+0000] {logging_mixin.py:190} INFO - [2026-05-18T06:22:59.785+0000] {dag.py:4180} INFO - Setting next_dagrun for example_weekday_branch_operator to 2026-05-17 00:00:00+00:00, run_after=2026-05-18 00:00:00+00:00
[2026-05-18T06:22:59.816+0000] {processor.py:208} INFO - Processing /home/noelsdavid/airflow_venv/lib/python3.12/site-packages/airflow/example_dags/example_branch_day_of_week_operator.py took 0.107 seconds
[2026-05-18T06:24:04.409+0000] {processor.py:186} INFO - Started process (PID=8824) to work on /home/noelsdavid/airflow_venv/lib/python3.12/site-packages/airflow/example_dags/example_branch_day_of_week_operator.py
[2026-05-18T06:24:04.412+0000] {processor.py:914} INFO - Processing file /home/noelsdavid/airflow_venv/lib/python3.12/site-packages/airflow/example_dags/example_branch_day_of_week_operator.py for tasks to queue
[2026-05-18T06:24:04.414+0000] {logging_mixin.py:190} INFO - [2026-05-18T06:24:04.413+0000] {dagbag.py:588} INFO - Filling up the DagBag from /home/noelsdavid/airflow_venv/lib/python3.12/site-packages/airflow/example_dags/example_branch_day_of_week_operator.py
[2026-05-18T06:24:04.428+0000] {processor.py:925} INFO - DAG(s) 'example_weekday_branch_operator' retrieved from /home/noelsdavid/airflow_venv/lib/python3.12/site-packages/airflow/example_dags/example_branch_day_of_week_operator.py
[2026-05-18T06:24:04.451+0000] {logging_mixin.py:190} INFO - [2026-05-18T06:24:04.451+0000] {dag.py:3239} INFO - Sync 1 DAGs
[2026-05-18T06:24:04.480+0000] {logging_mixin.py:190} INFO - [2026-05-18T06:24:04.480+0000] {dag.py:4180} INFO - Setting next_dagrun for example_weekday_branch_operator to 2026-05-17 00:00:00+00:00, run_after=2026-05-18 00:00:00+00:00
[2026-05-18T06:24:04.512+0000] {processor.py:208} INFO - Processing /home/noelsdavid/airflow_venv/lib/python3.12/site-packages/airflow/example_dags/example_branch_day_of_week_operator.py took 0.111 seconds
[2026-05-18T06:25:10.409+0000] {processor.py:186} INFO - Started process (PID=8888) to work on /home/noelsdavid/airflow_venv/lib/python3.12/site-packages/airflow/example_dags/example_branch_day_of_week_operator.py
[2026-05-18T06:25:10.412+0000] {processor.py:914} INFO - Processing file /home/noelsdavid/airflow_venv/lib/python3.12/site-packages/airflow/example_dags/example_branch_day_of_week_operator.py for tasks to queue
[2026-05-18T06:25:10.415+0000] {logging_mixin.py:190} INFO - [2026-05-18T06:25:10.414+0000] {dagbag.py:588} INFO - Filling up the DagBag from /home/noelsdavid/airflow_venv/lib/python3.12/site-packages/airflow/example_dags/example_branch_day_of_week_operator.py
[2026-05-18T06:25:10.431+0000] {processor.py:925} INFO - DAG(s) 'example_weekday_branch_operator' retrieved from /home/noelsdavid/airflow_venv/lib/python3.12/site-packages/airflow/example_dags/example_branch_day_of_week_operator.py
[2026-05-18T06:25:10.457+0000] {logging_mixin.py:190} INFO - [2026-05-18T06:25:10.457+0000] {dag.py:3239} INFO - Sync 1 DAGs
[2026-05-18T06:25:10.498+0000] {logging_mixin.py:190} INFO - [2026-05-18T06:25:10.498+0000] {dag.py:4180} INFO - Setting next_dagrun for example_weekday_branch_operator to 2026-05-17 00:00:00+00:00, run_after=2026-05-18 00:00:00+00:00
[2026-05-18T06:25:10.536+0000] {processor.py:208} INFO - Processing /home/noelsdavid/airflow_venv/lib/python3.12/site-packages/airflow/example_dags/example_branch_day_of_week_operator.py took 0.135 seconds
[2026-05-18T06:26:15.059+0000] {processor.py:186} INFO - Started process (PID=9029) to work on /home/noelsdavid/airflow_venv/lib/python3.12/site-packages/airflow/example_dags/example_branch_day_of_week_operator.py
[2026-05-18T06:26:15.062+0000] {processor.py:914} INFO - Processing file /home/noelsdavid/airflow_venv/lib/python3.12/site-packages/airflow/example_dags/example_branch_day_of_week_operator.py for tasks to queue
[2026-05-18T06:26:15.064+0000] {logging_mixin.py:190} INFO - [2026-05-18T06:26:15.063+0000] {dagbag.py:588} INFO - Filling up the DagBag from /home/noelsdavid/airflow_venv/lib/python3.12/site-packages/airflow/example_dags/example_branch_day_of_week_operator.py
[2026-05-18T06:26:15.079+0000] {processor.py:925} INFO - DAG(s) 'example_weekday_branch_operator' retrieved from /home/noelsdavid/airflow_venv/lib/python3.12/site-packages/airflow/example_dags/example_branch_day_of_week_operator.py
[2026-05-18T06:26:15.105+0000] {logging_mixin.py:190} INFO - [2026-05-18T06:26:15.104+0000] {dag.py:3239} INFO - Sync 1 DAGs
[2026-05-18T06:26:15.135+0000] {logging_mixin.py:190} INFO - [2026-05-18T06:26:15.134+0000] {dag.py:4180} INFO - Setting next_dagrun for example_weekday_branch_operator to 2026-05-17 00:00:00+00:00, run_after=2026-05-18 00:00:00+00:00
[2026-05-18T06:26:15.169+0000] {processor.py:208} INFO - Processing /home/noelsdavid/airflow_venv/lib/python3.12/site-packages/airflow/example_dags/example_branch_day_of_week_operator.py took 0.118 seconds
[2026-05-18T06:27:33.284+0000] {processor.py:186} INFO - Started process (PID=9531) to work on /home/noelsdavid/airflow_venv/lib/python3.12/site-packages/airflow/example_dags/example_branch_day_of_week_operator.py
[2026-05-18T06:27:33.287+0000] {processor.py:914} INFO - Processing file /home/noelsdavid/airflow_venv/lib/python3.12/site-packages/airflow/example_dags/example_branch_day_of_week_operator.py for tasks to queue
[2026-05-18T06:27:33.289+0000] {logging_mixin.py:190} INFO - [2026-05-18T06:27:33.288+0000] {dagbag.py:588} INFO - Filling up the DagBag from /home/noelsdavid/airflow_venv/lib/python3.12/site-packages/airflow/example_dags/example_branch_day_of_week_operator.py
[2026-05-18T06:27:33.309+0000] {processor.py:925} INFO - DAG(s) 'example_weekday_branch_operator' retrieved from /home/noelsdavid/airflow_venv/lib/python3.12/site-packages/airflow/example_dags/example_branch_day_of_week_operator.py
[2026-05-18T06:27:33.339+0000] {logging_mixin.py:190} INFO - [2026-05-18T06:27:33.339+0000] {dag.py:3239} INFO - Sync 1 DAGs
[2026-05-18T06:27:33.368+0000] {logging_mixin.py:190} INFO - [2026-05-18T06:27:33.368+0000] {dag.py:4180} INFO - Setting next_dagrun for example_weekday_branch_operator to 2026-05-17 00:00:00+00:00, run_after=2026-05-18 00:00:00+00:00
[2026-05-18T06:27:33.401+0000] {processor.py:208} INFO - Processing /home/noelsdavid/airflow_venv/lib/python3.12/site-packages/airflow/example_dags/example_branch_day_of_week_operator.py took 0.124 seconds
[2026-05-18T06:28:47.289+0000] {processor.py:186} INFO - Started process (PID=9737) to work on /home/noelsdavid/airflow_venv/lib/python3.12/site-packages/airflow/example_dags/example_branch_day_of_week_operator.py
[2026-05-18T06:28:47.292+0000] {processor.py:914} INFO - Processing file /home/noelsdavid/airflow_venv/lib/python3.12/site-packages/airflow/example_dags/example_branch_day_of_week_operator.py for tasks to queue
[2026-05-18T06:28:47.294+0000] {logging_mixin.py:190} INFO - [2026-05-18T06:28:47.293+0000] {dagbag.py:588} INFO - Filling up the DagBag from /home/noelsdavid/airflow_venv/lib/python3.12/site-packages/airflow/example_dags/example_branch_day_of_week_operator.py
[2026-05-18T06:28:47.314+0000] {processor.py:925} INFO - DAG(s) 'example_weekday_branch_operator' retrieved from /home/noelsdavid/airflow_venv/lib/python3.12/site-packages/airflow/example_dags/example_branch_day_of_week_operator.py
[2026-05-18T06:28:47.338+0000] {logging_mixin.py:190} INFO - [2026-05-18T06:28:47.338+0000] {dag.py:3239} INFO - Sync 1 DAGs
[2026-05-18T06:28:47.372+0000] {logging_mixin.py:190} INFO - [2026-05-18T06:28:47.371+0000] {dag.py:4180} INFO - Setting next_dagrun for example_weekday_branch_operator to 2026-05-17 00:00:00+00:00, run_after=2026-05-18 00:00:00+00:00
[2026-05-18T06:28:47.406+0000] {processor.py:208} INFO - Processing /home/noelsdavid/airflow_venv/lib/python3.12/site-packages/airflow/example_dags/example_branch_day_of_week_operator.py took 0.126 seconds
[2026-05-18T06:29:56.997+0000] {processor.py:186} INFO - Started process (PID=9803) to work on /home/noelsdavid/airflow_venv/lib/python3.12/site-packages/airflow/example_dags/example_branch_day_of_week_operator.py
[2026-05-18T06:29:57.000+0000] {processor.py:914} INFO - Processing file /home/noelsdavid/airflow_venv/lib/python3.12/site-packages/airflow/example_dags/example_branch_day_of_week_operator.py for tasks to queue
[2026-05-18T06:29:57.002+0000] {logging_mixin.py:190} INFO - [2026-05-18T06:29:57.001+0000] {dagbag.py:588} INFO - Filling up the DagBag from /home/noelsdavid/airflow_venv/lib/python3.12/site-packages/airflow/example_dags/example_branch_day_of_week_operator.py
[2026-05-18T06:29:57.016+0000] {processor.py:925} INFO - DAG(s) 'example_weekday_branch_operator' retrieved from /home/noelsdavid/airflow_venv/lib/python3.12/site-packages/airflow/example_dags/example_branch_day_of_week_operator.py
[2026-05-18T06:29:57.039+0000] {logging_mixin.py:190} INFO - [2026-05-18T06:29:57.039+0000] {dag.py:3239} INFO - Sync 1 DAGs
[2026-05-18T06:29:57.067+0000] {logging_mixin.py:190} INFO - [2026-05-18T06:29:57.067+0000] {dag.py:4180} INFO - Setting next_dagrun for example_weekday_branch_operator to 2026-05-17 00:00:00+00:00, run_after=2026-05-18 00:00:00+00:00
[2026-05-18T06:29:57.096+0000] {processor.py:208} INFO - Processing /home/noelsdavid/airflow_venv/lib/python3.12/site-packages/airflow/example_dags/example_branch_day_of_week_operator.py took 0.106 seconds
[2026-05-18T06:31:02.753+0000] {processor.py:186} INFO - Started process (PID=9888) to work on /home/noelsdavid/airflow_venv/lib/python3.12/site-packages/airflow/example_dags/example_branch_day_of_week_operator.py
[2026-05-18T06:31:02.774+0000] {processor.py:914} INFO - Processing file /home/noelsdavid/airflow_venv/lib/python3.12/site-packages/airflow/example_dags/example_branch_day_of_week_operator.py for tasks to queue
[2026-05-18T06:31:02.776+0000] {logging_mixin.py:190} INFO - [2026-05-18T06:31:02.775+0000] {dagbag.py:588} INFO - Filling up the DagBag from /home/noelsdavid/airflow_venv/lib/python3.12/site-packages/airflow/example_dags/example_branch_day_of_week_operator.py
[2026-05-18T06:31:02.789+0000] {processor.py:925} INFO - DAG(s) 'example_weekday_branch_operator' retrieved from /home/noelsdavid/airflow_venv/lib/python3.12/site-packages/airflow/example_dags/example_branch_day_of_week_operator.py
[2026-05-18T06:31:02.814+0000] {logging_mixin.py:190} INFO - [2026-05-18T06:31:02.813+0000] {dag.py:3239} INFO - Sync 1 DAGs
[2026-05-18T06:31:02.844+0000] {logging_mixin.py:190} INFO - [2026-05-18T06:31:02.844+0000] {dag.py:4180} INFO - Setting next_dagrun for example_weekday_branch_operator to 2026-05-17 00:00:00+00:00, run_after=2026-05-18 00:00:00+00:00
[2026-05-18T06:31:02.877+0000] {processor.py:208} INFO - Processing /home/noelsdavid/airflow_venv/lib/python3.12/site-packages/airflow/example_dags/example_branch_day_of_week_operator.py took 0.132 seconds
[2026-05-18T06:32:05.857+0000] {processor.py:186} INFO - Started process (PID=9951) to work on /home/noelsdavid/airflow_venv/lib/python3.12/site-packages/airflow/example_dags/example_branch_day_of_week_operator.py
[2026-05-18T06:32:05.859+0000] {processor.py:914} INFO - Processing file /home/noelsdavid/airflow_venv/lib/python3.12/site-packages/airflow/example_dags/example_branch_day_of_week_operator.py for tasks to queue
[2026-05-18T06:32:05.861+0000] {logging_mixin.py:190} INFO - [2026-05-18T06:32:05.861+0000] {dagbag.py:588} INFO - Filling up the DagBag from /home/noelsdavid/airflow_venv/lib/python3.12/site-packages/airflow/example_dags/example_branch_day_of_week_operator.py
[2026-05-18T06:32:05.876+0000] {processor.py:925} INFO - DAG(s) 'example_weekday_branch_operator' retrieved from /home/noelsdavid/airflow_venv/lib/python3.12/site-packages/airflow/example_dags/example_branch_day_of_week_operator.py
[2026-05-18T06:32:05.899+0000] {logging_mixin.py:190} INFO - [2026-05-18T06:32:05.899+0000] {dag.py:3239} INFO - Sync 1 DAGs
[2026-05-18T06:32:05.926+0000] {logging_mixin.py:190} INFO - [2026-05-18T06:32:05.925+0000] {dag.py:4180} INFO - Setting next_dagrun for example_weekday_branch_operator to 2026-05-17 00:00:00+00:00, run_after=2026-05-18 00:00:00+00:00
[2026-05-18T06:32:05.954+0000] {processor.py:208} INFO - Processing /home/noelsdavid/airflow_venv/lib/python3.12/site-packages/airflow/example_dags/example_branch_day_of_week_operator.py took 0.104 seconds
[2026-05-18T06:33:04.757+0000] {processor.py:186} INFO - Started process (PID=10011) to work on /home/noelsdavid/airflow_venv/lib/python3.12/site-packages/airflow/example_dags/example_branch_day_of_week_operator.py
[2026-05-18T06:33:04.759+0000] {processor.py:914} INFO - Processing file /home/noelsdavid/airflow_venv/lib/python3.12/site-packages/airflow/example_dags/example_branch_day_of_week_operator.py for tasks to queue
[2026-05-18T06:33:04.761+0000] {logging_mixin.py:190} INFO - [2026-05-18T06:33:04.761+0000] {dagbag.py:588} INFO - Filling up the DagBag from /home/noelsdavid/airflow_venv/lib/python3.12/site-packages/airflow/example_dags/example_branch_day_of_week_operator.py
[2026-05-18T06:33:04.776+0000] {processor.py:925} INFO - DAG(s) 'example_weekday_branch_operator' retrieved from /home/noelsdavid/airflow_venv/lib/python3.12/site-packages/airflow/example_dags/example_branch_day_of_week_operator.py
[2026-05-18T06:33:04.798+0000] {logging_mixin.py:190} INFO - [2026-05-18T06:33:04.798+0000] {dag.py:3239} INFO - Sync 1 DAGs
[2026-05-18T06:33:04.825+0000] {logging_mixin.py:190} INFO - [2026-05-18T06:33:04.825+0000] {dag.py:4180} INFO - Setting next_dagrun for example_weekday_branch_operator to 2026-05-17 00:00:00+00:00, run_after=2026-05-18 00:00:00+00:00
[2026-05-18T06:33:04.854+0000] {processor.py:208} INFO - Processing /home/noelsdavid/airflow_venv/lib/python3.12/site-packages/airflow/example_dags/example_branch_day_of_week_operator.py took 0.106 seconds
[2026-05-18T06:34:11.897+0000] {processor.py:186} INFO - Started process (PID=10146) to work on /home/noelsdavid/airflow_venv/lib/python3.12/site-packages/airflow/example_dags/example_branch_day_of_week_operator.py
[2026-05-18T06:34:11.900+0000] {processor.py:914} INFO - Processing file /home/noelsdavid/airflow_venv/lib/python3.12/site-packages/airflow/example_dags/example_branch_day_of_week_operator.py for tasks to queue
[2026-05-18T06:34:11.902+0000] {logging_mixin.py:190} INFO - [2026-05-18T06:34:11.901+0000] {dagbag.py:588} INFO - Filling up the DagBag from /home/noelsdavid/airflow_venv/lib/python3.12/site-packages/airflow/example_dags/example_branch_day_of_week_operator.py
[2026-05-18T06:34:11.918+0000] {processor.py:925} INFO - DAG(s) 'example_weekday_branch_operator' retrieved from /home/noelsdavid/airflow_venv/lib/python3.12/site-packages/airflow/example_dags/example_branch_day_of_week_operator.py
[2026-05-18T06:34:11.942+0000] {logging_mixin.py:190} INFO - [2026-05-18T06:34:11.941+0000] {dag.py:3239} INFO - Sync 1 DAGs
[2026-05-18T06:34:11.974+0000] {logging_mixin.py:190} INFO - [2026-05-18T06:34:11.974+0000] {dag.py:4180} INFO - Setting next_dagrun for example_weekday_branch_operator to 2026-05-17 00:00:00+00:00, run_after=2026-05-18 00:00:00+00:00
[2026-05-18T06:34:12.008+0000] {processor.py:208} INFO - Processing /home/noelsdavid/airflow_venv/lib/python3.12/site-packages/airflow/example_dags/example_branch_day_of_week_operator.py took 0.120 seconds
[2026-05-18T06:35:16.544+0000] {processor.py:186} INFO - Started process (PID=10353) to work on /home/noelsdavid/airflow_venv/lib/python3.12/site-packages/airflow/example_dags/example_branch_day_of_week_operator.py
[2026-05-18T06:35:16.546+0000] {processor.py:914} INFO - Processing file /home/noelsdavid/airflow_venv/lib/python3.12/site-packages/airflow/example_dags/example_branch_day_of_week_operator.py for tasks to queue
[2026-05-18T06:35:16.548+0000] {logging_mixin.py:190} INFO - [2026-05-18T06:35:16.548+0000] {dagbag.py:588} INFO - Filling up the DagBag from /home/noelsdavid/airflow_venv/lib/python3.12/site-packages/airflow/example_dags/example_branch_day_of_week_operator.py
[2026-05-18T06:35:16.563+0000] {processor.py:925} INFO - DAG(s) 'example_weekday_branch_operator' retrieved from /home/noelsdavid/airflow_venv/lib/python3.12/site-packages/airflow/example_dags/example_branch_day_of_week_operator.py
[2026-05-18T06:35:16.586+0000] {logging_mixin.py:190} INFO - [2026-05-18T06:35:16.586+0000] {dag.py:3239} INFO - Sync 1 DAGs
[2026-05-18T06:35:16.615+0000] {logging_mixin.py:190} INFO - [2026-05-18T06:35:16.615+0000] {dag.py:4180} INFO - Setting next_dagrun for example_weekday_branch_operator to 2026-05-17 00:00:00+00:00, run_after=2026-05-18 00:00:00+00:00
[2026-05-18T06:35:16.647+0000] {processor.py:208} INFO - Processing /home/noelsdavid/airflow_venv/lib/python3.12/site-packages/airflow/example_dags/example_branch_day_of_week_operator.py took 0.112 seconds
[2026-05-18T06:36:20.179+0000] {processor.py:186} INFO - Started process (PID=10482) to work on /home/noelsdavid/airflow_venv/lib/python3.12/site-packages/airflow/example_dags/example_branch_day_of_week_operator.py
[2026-05-18T06:36:20.181+0000] {processor.py:914} INFO - Processing file /home/noelsdavid/airflow_venv/lib/python3.12/site-packages/airflow/example_dags/example_branch_day_of_week_operator.py for tasks to queue
[2026-05-18T06:36:20.183+0000] {logging_mixin.py:190} INFO - [2026-05-18T06:36:20.182+0000] {dagbag.py:588} INFO - Filling up the DagBag from /home/noelsdavid/airflow_venv/lib/python3.12/site-packages/airflow/example_dags/example_branch_day_of_week_operator.py
[2026-05-18T06:36:20.196+0000] {processor.py:925} INFO - DAG(s) 'example_weekday_branch_operator' retrieved from /home/noelsdavid/airflow_venv/lib/python3.12/site-packages/airflow/example_dags/example_branch_day_of_week_operator.py
[2026-05-18T06:36:20.218+0000] {logging_mixin.py:190} INFO - [2026-05-18T06:36:20.218+0000] {dag.py:3239} INFO - Sync 1 DAGs
[2026-05-18T06:36:20.247+0000] {logging_mixin.py:190} INFO - [2026-05-18T06:36:20.246+0000] {dag.py:4180} INFO - Setting next_dagrun for example_weekday_branch_operator to 2026-05-17 00:00:00+00:00, run_after=2026-05-18 00:00:00+00:00
[2026-05-18T06:36:20.277+0000] {processor.py:208} INFO - Processing /home/noelsdavid/airflow_venv/lib/python3.12/site-packages/airflow/example_dags/example_branch_day_of_week_operator.py took 0.106 seconds
[2026-05-18T06:37:21.193+0000] {processor.py:186} INFO - Started process (PID=10816) to work on /home/noelsdavid/airflow_venv/lib/python3.12/site-packages/airflow/example_dags/example_branch_day_of_week_operator.py
[2026-05-18T06:37:21.196+0000] {processor.py:914} INFO - Processing file /home/noelsdavid/airflow_venv/lib/python3.12/site-packages/airflow/example_dags/example_branch_day_of_week_operator.py for tasks to queue
[2026-05-18T06:37:21.198+0000] {logging_mixin.py:190} INFO - [2026-05-18T06:37:21.197+0000] {dagbag.py:588} INFO - Filling up the DagBag from /home/noelsdavid/airflow_venv/lib/python3.12/site-packages/airflow/example_dags/example_branch_day_of_week_operator.py
[2026-05-18T06:37:21.212+0000] {processor.py:925} INFO - DAG(s) 'example_weekday_branch_operator' retrieved from /home/noelsdavid/airflow_venv/lib/python3.12/site-packages/airflow/example_dags/example_branch_day_of_week_operator.py
[2026-05-18T06:37:21.237+0000] {logging_mixin.py:190} INFO - [2026-05-18T06:37:21.237+0000] {dag.py:3239} INFO - Sync 1 DAGs
[2026-05-18T06:37:21.265+0000] {logging_mixin.py:190} INFO - [2026-05-18T06:37:21.265+0000] {dag.py:4180} INFO - Setting next_dagrun for example_weekday_branch_operator to 2026-05-17 00:00:00+00:00, run_after=2026-05-18 00:00:00+00:00
[2026-05-18T06:37:21.296+0000] {processor.py:208} INFO - Processing /home/noelsdavid/airflow_venv/lib/python3.12/site-packages/airflow/example_dags/example_branch_day_of_week_operator.py took 0.111 seconds
[2026-05-18T06:38:28.810+0000] {processor.py:186} INFO - Started process (PID=11063) to work on /home/noelsdavid/airflow_venv/lib/python3.12/site-packages/airflow/example_dags/example_branch_day_of_week_operator.py
[2026-05-18T06:38:28.812+0000] {processor.py:914} INFO - Processing file /home/noelsdavid/airflow_venv/lib/python3.12/site-packages/airflow/example_dags/example_branch_day_of_week_operator.py for tasks to queue
[2026-05-18T06:38:28.814+0000] {logging_mixin.py:190} INFO - [2026-05-18T06:38:28.813+0000] {dagbag.py:588} INFO - Filling up the DagBag from /home/noelsdavid/airflow_venv/lib/python3.12/site-packages/airflow/example_dags/example_branch_day_of_week_operator.py
[2026-05-18T06:38:28.828+0000] {processor.py:925} INFO - DAG(s) 'example_weekday_branch_operator' retrieved from /home/noelsdavid/airflow_venv/lib/python3.12/site-packages/airflow/example_dags/example_branch_day_of_week_operator.py
[2026-05-18T06:38:28.850+0000] {logging_mixin.py:190} INFO - [2026-05-18T06:38:28.850+0000] {dag.py:3239} INFO - Sync 1 DAGs
[2026-05-18T06:38:28.878+0000] {logging_mixin.py:190} INFO - [2026-05-18T06:38:28.877+0000] {dag.py:4180} INFO - Setting next_dagrun for example_weekday_branch_operator to 2026-05-17 00:00:00+00:00, run_after=2026-05-18 00:00:00+00:00
[2026-05-18T06:38:28.906+0000] {processor.py:208} INFO - Processing /home/noelsdavid/airflow_venv/lib/python3.12/site-packages/airflow/example_dags/example_branch_day_of_week_operator.py took 0.104 seconds
[2026-05-18T06:39:32.088+0000] {processor.py:186} INFO - Started process (PID=11288) to work on /home/noelsdavid/airflow_venv/lib/python3.12/site-packages/airflow/example_dags/example_branch_day_of_week_operator.py
[2026-05-18T06:39:32.091+0000] {processor.py:914} INFO - Processing file /home/noelsdavid/airflow_venv/lib/python3.12/site-packages/airflow/example_dags/example_branch_day_of_week_operator.py for tasks to queue
[2026-05-18T06:39:32.093+0000] {logging_mixin.py:190} INFO - [2026-05-18T06:39:32.092+0000] {dagbag.py:588} INFO - Filling up the DagBag from /home/noelsdavid/airflow_venv/lib/python3.12/site-packages/airflow/example_dags/example_branch_day_of_week_operator.py
[2026-05-18T06:39:32.107+0000] {processor.py:925} INFO - DAG(s) 'example_weekday_branch_operator' retrieved from /home/noelsdavid/airflow_venv/lib/python3.12/site-packages/airflow/example_dags/example_branch_day_of_week_operator.py
[2026-05-18T06:39:32.129+0000] {logging_mixin.py:190} INFO - [2026-05-18T06:39:32.129+0000] {dag.py:3239} INFO - Sync 1 DAGs
[2026-05-18T06:39:32.157+0000] {logging_mixin.py:190} INFO - [2026-05-18T06:39:32.157+0000] {dag.py:4180} INFO - Setting next_dagrun for example_weekday_branch_operator to 2026-05-17 00:00:00+00:00, run_after=2026-05-18 00:00:00+00:00
[2026-05-18T06:39:32.192+0000] {processor.py:208} INFO - Processing /home/noelsdavid/airflow_venv/lib/python3.12/site-packages/airflow/example_dags/example_branch_day_of_week_operator.py took 0.112 seconds
[2026-05-18T06:40:43.685+0000] {processor.py:186} INFO - Started process (PID=11567) to work on /home/noelsdavid/airflow_venv/lib/python3.12/site-packages/airflow/example_dags/example_branch_day_of_week_operator.py
[2026-05-18T06:40:43.687+0000] {processor.py:914} INFO - Processing file /home/noelsdavid/airflow_venv/lib/python3.12/site-packages/airflow/example_dags/example_branch_day_of_week_operator.py for tasks to queue
[2026-05-18T06:40:43.689+0000] {logging_mixin.py:190} INFO - [2026-05-18T06:40:43.689+0000] {dagbag.py:588} INFO - Filling up the DagBag from /home/noelsdavid/airflow_venv/lib/python3.12/site-packages/airflow/example_dags/example_branch_day_of_week_operator.py
[2026-05-18T06:40:43.704+0000] {processor.py:925} INFO - DAG(s) 'example_weekday_branch_operator' retrieved from /home/noelsdavid/airflow_venv/lib/python3.12/site-packages/airflow/example_dags/example_branch_day_of_week_operator.py
[2026-05-18T06:40:43.726+0000] {logging_mixin.py:190} INFO - [2026-05-18T06:40:43.725+0000] {dag.py:3239} INFO - Sync 1 DAGs
[2026-05-18T06:40:43.763+0000] {logging_mixin.py:190} INFO - [2026-05-18T06:40:43.762+0000] {dag.py:4180} INFO - Setting next_dagrun for example_weekday_branch_operator to 2026-05-17 00:00:00+00:00, run_after=2026-05-18 00:00:00+00:00
[2026-05-18T06:40:43.803+0000] {processor.py:208} INFO - Processing /home/noelsdavid/airflow_venv/lib/python3.12/site-packages/airflow/example_dags/example_branch_day_of_week_operator.py took 0.127 seconds
[2026-05-18T06:41:55.465+0000] {processor.py:186} INFO - Started process (PID=12254) to work on /home/noelsdavid/airflow_venv/lib/python3.12/site-packages/airflow/example_dags/example_branch_day_of_week_operator.py
[2026-05-18T06:41:55.467+0000] {processor.py:914} INFO - Processing file /home/noelsdavid/airflow_venv/lib/python3.12/site-packages/airflow/example_dags/example_branch_day_of_week_operator.py for tasks to queue
[2026-05-18T06:41:55.469+0000] {logging_mixin.py:190} INFO - [2026-05-18T06:41:55.469+0000] {dagbag.py:588} INFO - Filling up the DagBag from /home/noelsdavid/airflow_venv/lib/python3.12/site-packages/airflow/example_dags/example_branch_day_of_week_operator.py
[2026-05-18T06:41:55.484+0000] {processor.py:925} INFO - DAG(s) 'example_weekday_branch_operator' retrieved from /home/noelsdavid/airflow_venv/lib/python3.12/site-packages/airflow/example_dags/example_branch_day_of_week_operator.py
[2026-05-18T06:41:55.506+0000] {logging_mixin.py:190} INFO - [2026-05-18T06:41:55.506+0000] {dag.py:3239} INFO - Sync 1 DAGs
[2026-05-18T06:41:55.536+0000] {logging_mixin.py:190} INFO - [2026-05-18T06:41:55.536+0000] {dag.py:4180} INFO - Setting next_dagrun for example_weekday_branch_operator to 2026-05-17 00:00:00+00:00, run_after=2026-05-18 00:00:00+00:00
[2026-05-18T06:41:55.571+0000] {processor.py:208} INFO - Processing /home/noelsdavid/airflow_venv/lib/python3.12/site-packages/airflow/example_dags/example_branch_day_of_week_operator.py took 0.114 seconds
[2026-05-18T06:43:08.405+0000] {processor.py:186} INFO - Started process (PID=12629) to work on /home/noelsdavid/airflow_venv/lib/python3.12/site-packages/airflow/example_dags/example_branch_day_of_week_operator.py
[2026-05-18T06:43:08.408+0000] {processor.py:914} INFO - Processing file /home/noelsdavid/airflow_venv/lib/python3.12/site-packages/airflow/example_dags/example_branch_day_of_week_operator.py for tasks to queue
[2026-05-18T06:43:08.410+0000] {logging_mixin.py:190} INFO - [2026-05-18T06:43:08.409+0000] {dagbag.py:588} INFO - Filling up the DagBag from /home/noelsdavid/airflow_venv/lib/python3.12/site-packages/airflow/example_dags/example_branch_day_of_week_operator.py
[2026-05-18T06:43:08.427+0000] {processor.py:925} INFO - DAG(s) 'example_weekday_branch_operator' retrieved from /home/noelsdavid/airflow_venv/lib/python3.12/site-packages/airflow/example_dags/example_branch_day_of_week_operator.py
[2026-05-18T06:43:08.455+0000] {logging_mixin.py:190} INFO - [2026-05-18T06:43:08.454+0000] {dag.py:3239} INFO - Sync 1 DAGs
[2026-05-18T06:43:08.487+0000] {logging_mixin.py:190} INFO - [2026-05-18T06:43:08.486+0000] {dag.py:4180} INFO - Setting next_dagrun for example_weekday_branch_operator to 2026-05-17 00:00:00+00:00, run_after=2026-05-18 00:00:00+00:00
[2026-05-18T06:43:08.520+0000] {processor.py:208} INFO - Processing /home/noelsdavid/airflow_venv/lib/python3.12/site-packages/airflow/example_dags/example_branch_day_of_week_operator.py took 0.127 seconds
[2026-05-18T06:44:47.166+0000] {processor.py:186} INFO - Started process (PID=13061) to work on /home/noelsdavid/airflow_venv/lib/python3.12/site-packages/airflow/example_dags/example_branch_day_of_week_operator.py
[2026-05-18T06:44:47.168+0000] {processor.py:914} INFO - Processing file /home/noelsdavid/airflow_venv/lib/python3.12/site-packages/airflow/example_dags/example_branch_day_of_week_operator.py for tasks to queue
[2026-05-18T06:44:47.171+0000] {logging_mixin.py:190} INFO - [2026-05-18T06:44:47.170+0000] {dagbag.py:588} INFO - Filling up the DagBag from /home/noelsdavid/airflow_venv/lib/python3.12/site-packages/airflow/example_dags/example_branch_day_of_week_operator.py
[2026-05-18T06:44:47.186+0000] {processor.py:925} INFO - DAG(s) 'example_weekday_branch_operator' retrieved from /home/noelsdavid/airflow_venv/lib/python3.12/site-packages/airflow/example_dags/example_branch_day_of_week_operator.py
[2026-05-18T06:44:47.208+0000] {logging_mixin.py:190} INFO - [2026-05-18T06:44:47.208+0000] {dag.py:3239} INFO - Sync 1 DAGs
[2026-05-18T06:44:47.236+0000] {logging_mixin.py:190} INFO - [2026-05-18T06:44:47.235+0000] {dag.py:4180} INFO - Setting next_dagrun for example_weekday_branch_operator to 2026-05-17 00:00:00+00:00, run_after=2026-05-18 00:00:00+00:00
[2026-05-18T06:44:47.266+0000] {processor.py:208} INFO - Processing /home/noelsdavid/airflow_venv/lib/python3.12/site-packages/airflow/example_dags/example_branch_day_of_week_operator.py took 0.110 seconds
[2026-05-18T06:45:59.541+0000] {processor.py:186} INFO - Started process (PID=13163) to work on /home/noelsdavid/airflow_venv/lib/python3.12/site-packages/airflow/example_dags/example_branch_day_of_week_operator.py
[2026-05-18T06:45:59.544+0000] {processor.py:914} INFO - Processing file /home/noelsdavid/airflow_venv/lib/python3.12/site-packages/airflow/example_dags/example_branch_day_of_week_operator.py for tasks to queue
[2026-05-18T06:45:59.546+0000] {logging_mixin.py:190} INFO - [2026-05-18T06:45:59.545+0000] {dagbag.py:588} INFO - Filling up the DagBag from /home/noelsdavid/airflow_venv/lib/python3.12/site-packages/airflow/example_dags/example_branch_day_of_week_operator.py
[2026-05-18T06:45:59.562+0000] {processor.py:925} INFO - DAG(s) 'example_weekday_branch_operator' retrieved from /home/noelsdavid/airflow_venv/lib/python3.12/site-packages/airflow/example_dags/example_branch_day_of_week_operator.py
[2026-05-18T06:45:59.589+0000] {logging_mixin.py:190} INFO - [2026-05-18T06:45:59.589+0000] {dag.py:3239} INFO - Sync 1 DAGs
[2026-05-18T06:45:59.616+0000] {logging_mixin.py:190} INFO - [2026-05-18T06:45:59.616+0000] {dag.py:4180} INFO - Setting next_dagrun for example_weekday_branch_operator to 2026-05-17 00:00:00+00:00, run_after=2026-05-18 00:00:00+00:00
[2026-05-18T06:45:59.647+0000] {processor.py:208} INFO - Processing /home/noelsdavid/airflow_venv/lib/python3.12/site-packages/airflow/example_dags/example_branch_day_of_week_operator.py took 0.116 seconds
[2026-05-18T06:47:09.228+0000] {processor.py:186} INFO - Started process (PID=13240) to work on /home/noelsdavid/airflow_venv/lib/python3.12/site-packages/airflow/example_dags/example_branch_day_of_week_operator.py
[2026-05-18T06:47:09.245+0000] {processor.py:914} INFO - Processing file /home/noelsdavid/airflow_venv/lib/python3.12/site-packages/airflow/example_dags/example_branch_day_of_week_operator.py for tasks to queue
[2026-05-18T06:47:09.247+0000] {logging_mixin.py:190} INFO - [2026-05-18T06:47:09.247+0000] {dagbag.py:588} INFO - Filling up the DagBag from /home/noelsdavid/airflow_venv/lib/python3.12/site-packages/airflow/example_dags/example_branch_day_of_week_operator.py
[2026-05-18T06:47:09.262+0000] {processor.py:925} INFO - DAG(s) 'example_weekday_branch_operator' retrieved from /home/noelsdavid/airflow_venv/lib/python3.12/site-packages/airflow/example_dags/example_branch_day_of_week_operator.py
[2026-05-18T06:47:09.284+0000] {logging_mixin.py:190} INFO - [2026-05-18T06:47:09.284+0000] {dag.py:3239} INFO - Sync 1 DAGs
[2026-05-18T06:47:09.312+0000] {logging_mixin.py:190} INFO - [2026-05-18T06:47:09.312+0000] {dag.py:4180} INFO - Setting next_dagrun for example_weekday_branch_operator to 2026-05-17 00:00:00+00:00, run_after=2026-05-18 00:00:00+00:00
[2026-05-18T06:47:09.343+0000] {processor.py:208} INFO - Processing /home/noelsdavid/airflow_venv/lib/python3.12/site-packages/airflow/example_dags/example_branch_day_of_week_operator.py took 0.125 seconds
[2026-05-18T06:48:13.532+0000] {processor.py:186} INFO - Started process (PID=13312) to work on /home/noelsdavid/airflow_venv/lib/python3.12/site-packages/airflow/example_dags/example_branch_day_of_week_operator.py
[2026-05-18T06:48:13.534+0000] {processor.py:914} INFO - Processing file /home/noelsdavid/airflow_venv/lib/python3.12/site-packages/airflow/example_dags/example_branch_day_of_week_operator.py for tasks to queue
[2026-05-18T06:48:13.536+0000] {logging_mixin.py:190} INFO - [2026-05-18T06:48:13.536+0000] {dagbag.py:588} INFO - Filling up the DagBag from /home/noelsdavid/airflow_venv/lib/python3.12/site-packages/airflow/example_dags/example_branch_day_of_week_operator.py
[2026-05-18T06:48:13.551+0000] {processor.py:925} INFO - DAG(s) 'example_weekday_branch_operator' retrieved from /home/noelsdavid/airflow_venv/lib/python3.12/site-packages/airflow/example_dags/example_branch_day_of_week_operator.py
[2026-05-18T06:48:13.574+0000] {logging_mixin.py:190} INFO - [2026-05-18T06:48:13.573+0000] {dag.py:3239} INFO - Sync 1 DAGs
[2026-05-18T06:48:13.601+0000] {logging_mixin.py:190} INFO - [2026-05-18T06:48:13.601+0000] {dag.py:4180} INFO - Setting next_dagrun for example_weekday_branch_operator to 2026-05-17 00:00:00+00:00, run_after=2026-05-18 00:00:00+00:00
[2026-05-18T06:48:13.631+0000] {processor.py:208} INFO - Processing /home/noelsdavid/airflow_venv/lib/python3.12/site-packages/airflow/example_dags/example_branch_day_of_week_operator.py took 0.108 seconds
[2026-05-18T06:49:18.969+0000] {processor.py:186} INFO - Started process (PID=13386) to work on /home/noelsdavid/airflow_venv/lib/python3.12/site-packages/airflow/example_dags/example_branch_day_of_week_operator.py
[2026-05-18T06:49:18.981+0000] {processor.py:914} INFO - Processing file /home/noelsdavid/airflow_venv/lib/python3.12/site-packages/airflow/example_dags/example_branch_day_of_week_operator.py for tasks to queue
[2026-05-18T06:49:18.983+0000] {logging_mixin.py:190} INFO - [2026-05-18T06:49:18.983+0000] {dagbag.py:588} INFO - Filling up the DagBag from /home/noelsdavid/airflow_venv/lib/python3.12/site-packages/airflow/example_dags/example_branch_day_of_week_operator.py
[2026-05-18T06:49:18.997+0000] {processor.py:925} INFO - DAG(s) 'example_weekday_branch_operator' retrieved from /home/noelsdavid/airflow_venv/lib/python3.12/site-packages/airflow/example_dags/example_branch_day_of_week_operator.py
[2026-05-18T06:49:19.020+0000] {logging_mixin.py:190} INFO - [2026-05-18T06:49:19.019+0000] {dag.py:3239} INFO - Sync 1 DAGs
[2026-05-18T06:49:19.046+0000] {logging_mixin.py:190} INFO - [2026-05-18T06:49:19.046+0000] {dag.py:4180} INFO - Setting next_dagrun for example_weekday_branch_operator to 2026-05-17 00:00:00+00:00, run_after=2026-05-18 00:00:00+00:00
[2026-05-18T06:49:19.076+0000] {processor.py:208} INFO - Processing /home/noelsdavid/airflow_venv/lib/python3.12/site-packages/airflow/example_dags/example_branch_day_of_week_operator.py took 0.116 seconds
[2026-05-18T06:50:26.612+0000] {processor.py:186} INFO - Started process (PID=13951) to work on /home/noelsdavid/airflow_venv/lib/python3.12/site-packages/airflow/example_dags/example_branch_day_of_week_operator.py
[2026-05-18T06:50:26.632+0000] {processor.py:914} INFO - Processing file /home/noelsdavid/airflow_venv/lib/python3.12/site-packages/airflow/example_dags/example_branch_day_of_week_operator.py for tasks to queue
[2026-05-18T06:50:26.634+0000] {logging_mixin.py:190} INFO - [2026-05-18T06:50:26.633+0000] {dagbag.py:588} INFO - Filling up the DagBag from /home/noelsdavid/airflow_venv/lib/python3.12/site-packages/airflow/example_dags/example_branch_day_of_week_operator.py
[2026-05-18T06:50:26.649+0000] {processor.py:925} INFO - DAG(s) 'example_weekday_branch_operator' retrieved from /home/noelsdavid/airflow_venv/lib/python3.12/site-packages/airflow/example_dags/example_branch_day_of_week_operator.py
[2026-05-18T06:50:26.671+0000] {logging_mixin.py:190} INFO - [2026-05-18T06:50:26.671+0000] {dag.py:3239} INFO - Sync 1 DAGs
[2026-05-18T06:50:26.698+0000] {logging_mixin.py:190} INFO - [2026-05-18T06:50:26.697+0000] {dag.py:4180} INFO - Setting next_dagrun for example_weekday_branch_operator to 2026-05-17 00:00:00+00:00, run_after=2026-05-18 00:00:00+00:00
[2026-05-18T06:50:26.729+0000] {processor.py:208} INFO - Processing /home/noelsdavid/airflow_venv/lib/python3.12/site-packages/airflow/example_dags/example_branch_day_of_week_operator.py took 0.127 seconds
