[2026-05-18T06:00:48.992+0000] {processor.py:186} INFO - Started process (PID=6925) to work on /home/noelsdavid/airflow_venv/lib/python3.12/site-packages/airflow/example_dags/example_outlet_event_extra.py
[2026-05-18T06:00:48.993+0000] {processor.py:914} INFO - Processing file /home/noelsdavid/airflow_venv/lib/python3.12/site-packages/airflow/example_dags/example_outlet_event_extra.py for tasks to queue
[2026-05-18T06:00:48.996+0000] {logging_mixin.py:190} INFO - [2026-05-18T06:00:48.995+0000] {dagbag.py:588} INFO - Filling up the DagBag from /home/noelsdavid/airflow_venv/lib/python3.12/site-packages/airflow/example_dags/example_outlet_event_extra.py
[2026-05-18T06:00:49.017+0000] {processor.py:925} INFO - DAG(s) 'dataset_with_extra_from_classic_operator', 'dataset_with_extra_by_yield', 'dataset_with_extra_by_context' retrieved from /home/noelsdavid/airflow_venv/lib/python3.12/site-packages/airflow/example_dags/example_outlet_event_extra.py
[2026-05-18T06:00:49.167+0000] {logging_mixin.py:190} INFO - [2026-05-18T06:00:49.166+0000] {override.py:1911} INFO - Created Permission View: can edit on DAG:dataset_with_extra_from_classic_operator
[2026-05-18T06:00:49.192+0000] {logging_mixin.py:190} INFO - [2026-05-18T06:00:49.191+0000] {override.py:1911} INFO - Created Permission View: can delete on DAG:dataset_with_extra_from_classic_operator
[2026-05-18T06:00:49.208+0000] {logging_mixin.py:190} INFO - [2026-05-18T06:00:49.207+0000] {override.py:1911} INFO - Created Permission View: can read on DAG:dataset_with_extra_from_classic_operator
[2026-05-18T06:00:49.241+0000] {logging_mixin.py:190} INFO - [2026-05-18T06:00:49.241+0000] {override.py:1911} INFO - Created Permission View: can delete on DAG Run:dataset_with_extra_from_classic_operator
[2026-05-18T06:00:49.260+0000] {logging_mixin.py:190} INFO - [2026-05-18T06:00:49.259+0000] {override.py:1911} INFO - Created Permission View: menu access on DAG Run:dataset_with_extra_from_classic_operator
[2026-05-18T06:00:49.279+0000] {logging_mixin.py:190} INFO - [2026-05-18T06:00:49.278+0000] {override.py:1911} INFO - Created Permission View: can create on DAG Run:dataset_with_extra_from_classic_operator
[2026-05-18T06:00:49.299+0000] {logging_mixin.py:190} INFO - [2026-05-18T06:00:49.298+0000] {override.py:1911} INFO - Created Permission View: can read on DAG Run:dataset_with_extra_from_classic_operator
[2026-05-18T06:00:49.337+0000] {logging_mixin.py:190} INFO - [2026-05-18T06:00:49.336+0000] {override.py:1911} INFO - Created Permission View: can edit on DAG:dataset_with_extra_by_yield
[2026-05-18T06:00:49.355+0000] {logging_mixin.py:190} INFO - [2026-05-18T06:00:49.354+0000] {override.py:1911} INFO - Created Permission View: can delete on DAG:dataset_with_extra_by_yield
[2026-05-18T06:00:49.370+0000] {logging_mixin.py:190} INFO - [2026-05-18T06:00:49.369+0000] {override.py:1911} INFO - Created Permission View: can read on DAG:dataset_with_extra_by_yield
[2026-05-18T06:00:49.395+0000] {logging_mixin.py:190} INFO - [2026-05-18T06:00:49.394+0000] {override.py:1911} INFO - Created Permission View: can delete on DAG Run:dataset_with_extra_by_yield
[2026-05-18T06:00:49.411+0000] {logging_mixin.py:190} INFO - [2026-05-18T06:00:49.410+0000] {override.py:1911} INFO - Created Permission View: menu access on DAG Run:dataset_with_extra_by_yield
[2026-05-18T06:00:49.426+0000] {logging_mixin.py:190} INFO - [2026-05-18T06:00:49.426+0000] {override.py:1911} INFO - Created Permission View: can create on DAG Run:dataset_with_extra_by_yield
[2026-05-18T06:00:49.441+0000] {logging_mixin.py:190} INFO - [2026-05-18T06:00:49.440+0000] {override.py:1911} INFO - Created Permission View: can read on DAG Run:dataset_with_extra_by_yield
[2026-05-18T06:00:49.469+0000] {logging_mixin.py:190} INFO - [2026-05-18T06:00:49.469+0000] {override.py:1911} INFO - Created Permission View: can edit on DAG:dataset_with_extra_by_context
[2026-05-18T06:00:49.483+0000] {logging_mixin.py:190} INFO - [2026-05-18T06:00:49.483+0000] {override.py:1911} INFO - Created Permission View: can delete on DAG:dataset_with_extra_by_context
[2026-05-18T06:00:49.499+0000] {logging_mixin.py:190} INFO - [2026-05-18T06:00:49.498+0000] {override.py:1911} INFO - Created Permission View: can read on DAG:dataset_with_extra_by_context
[2026-05-18T06:00:49.524+0000] {logging_mixin.py:190} INFO - [2026-05-18T06:00:49.523+0000] {override.py:1911} INFO - Created Permission View: can delete on DAG Run:dataset_with_extra_by_context
[2026-05-18T06:00:49.539+0000] {logging_mixin.py:190} INFO - [2026-05-18T06:00:49.538+0000] {override.py:1911} INFO - Created Permission View: menu access on DAG Run:dataset_with_extra_by_context
[2026-05-18T06:00:49.552+0000] {logging_mixin.py:190} INFO - [2026-05-18T06:00:49.552+0000] {override.py:1911} INFO - Created Permission View: can create on DAG Run:dataset_with_extra_by_context
[2026-05-18T06:00:49.569+0000] {logging_mixin.py:190} INFO - [2026-05-18T06:00:49.568+0000] {override.py:1911} INFO - Created Permission View: can read on DAG Run:dataset_with_extra_by_context
[2026-05-18T06:00:49.570+0000] {logging_mixin.py:190} INFO - [2026-05-18T06:00:49.570+0000] {dag.py:3239} INFO - Sync 3 DAGs
[2026-05-18T06:00:49.588+0000] {logging_mixin.py:190} INFO - [2026-05-18T06:00:49.588+0000] {dag.py:3262} INFO - Creating ORM DAG for dataset_with_extra_by_context
[2026-05-18T06:00:49.589+0000] {logging_mixin.py:190} INFO - [2026-05-18T06:00:49.589+0000] {dag.py:3262} INFO - Creating ORM DAG for dataset_with_extra_from_classic_operator
[2026-05-18T06:00:49.590+0000] {logging_mixin.py:190} INFO - [2026-05-18T06:00:49.589+0000] {dag.py:3262} INFO - Creating ORM DAG for dataset_with_extra_by_yield
[2026-05-18T06:00:49.602+0000] {logging_mixin.py:190} INFO - [2026-05-18T06:00:49.602+0000] {dag.py:4180} INFO - Setting next_dagrun for dataset_with_extra_by_context to 2026-05-17 00:00:00+00:00, run_after=2026-05-18 00:00:00+00:00
[2026-05-18T06:00:49.604+0000] {logging_mixin.py:190} INFO - [2026-05-18T06:00:49.604+0000] {dag.py:4180} INFO - Setting next_dagrun for dataset_with_extra_by_yield to 2026-05-17 00:00:00+00:00, run_after=2026-05-18 00:00:00+00:00
[2026-05-18T06:00:49.606+0000] {logging_mixin.py:190} INFO - [2026-05-18T06:00:49.606+0000] {dag.py:4180} INFO - Setting next_dagrun for dataset_with_extra_from_classic_operator to 2026-05-17 00:00:00+00:00, run_after=2026-05-18 00:00:00+00:00
[2026-05-18T06:00:49.649+0000] {processor.py:208} INFO - Processing /home/noelsdavid/airflow_venv/lib/python3.12/site-packages/airflow/example_dags/example_outlet_event_extra.py took 0.666 seconds
[2026-05-18T06:01:54.970+0000] {processor.py:186} INFO - Started process (PID=6984) to work on /home/noelsdavid/airflow_venv/lib/python3.12/site-packages/airflow/example_dags/example_outlet_event_extra.py
[2026-05-18T06:01:54.973+0000] {processor.py:914} INFO - Processing file /home/noelsdavid/airflow_venv/lib/python3.12/site-packages/airflow/example_dags/example_outlet_event_extra.py for tasks to queue
[2026-05-18T06:01:54.975+0000] {logging_mixin.py:190} INFO - [2026-05-18T06:01:54.975+0000] {dagbag.py:588} INFO - Filling up the DagBag from /home/noelsdavid/airflow_venv/lib/python3.12/site-packages/airflow/example_dags/example_outlet_event_extra.py
[2026-05-18T06:01:54.994+0000] {processor.py:925} INFO - DAG(s) 'dataset_with_extra_by_context', 'dataset_with_extra_by_yield', 'dataset_with_extra_from_classic_operator' retrieved from /home/noelsdavid/airflow_venv/lib/python3.12/site-packages/airflow/example_dags/example_outlet_event_extra.py
[2026-05-18T06:01:55.022+0000] {logging_mixin.py:190} INFO - [2026-05-18T06:01:55.021+0000] {dag.py:3239} INFO - Sync 3 DAGs
[2026-05-18T06:01:55.048+0000] {logging_mixin.py:190} INFO - [2026-05-18T06:01:55.048+0000] {dag.py:4180} INFO - Setting next_dagrun for dataset_with_extra_by_context to 2026-05-17 00:00:00+00:00, run_after=2026-05-18 00:00:00+00:00
[2026-05-18T06:01:55.054+0000] {logging_mixin.py:190} INFO - [2026-05-18T06:01:55.054+0000] {dag.py:4180} INFO - Setting next_dagrun for dataset_with_extra_by_yield to 2026-05-17 00:00:00+00:00, run_after=2026-05-18 00:00:00+00:00
[2026-05-18T06:01:55.057+0000] {logging_mixin.py:190} INFO - [2026-05-18T06:01:55.057+0000] {dag.py:4180} INFO - Setting next_dagrun for dataset_with_extra_from_classic_operator to 2026-05-17 00:00:00+00:00, run_after=2026-05-18 00:00:00+00:00
[2026-05-18T06:01:55.088+0000] {processor.py:208} INFO - Processing /home/noelsdavid/airflow_venv/lib/python3.12/site-packages/airflow/example_dags/example_outlet_event_extra.py took 0.125 seconds
[2026-05-18T06:02:54.237+0000] {processor.py:186} INFO - Started process (PID=7044) to work on /home/noelsdavid/airflow_venv/lib/python3.12/site-packages/airflow/example_dags/example_outlet_event_extra.py
[2026-05-18T06:02:54.239+0000] {processor.py:914} INFO - Processing file /home/noelsdavid/airflow_venv/lib/python3.12/site-packages/airflow/example_dags/example_outlet_event_extra.py for tasks to queue
[2026-05-18T06:02:54.242+0000] {logging_mixin.py:190} INFO - [2026-05-18T06:02:54.242+0000] {dagbag.py:588} INFO - Filling up the DagBag from /home/noelsdavid/airflow_venv/lib/python3.12/site-packages/airflow/example_dags/example_outlet_event_extra.py
[2026-05-18T06:02:54.261+0000] {processor.py:925} INFO - DAG(s) 'dataset_with_extra_by_yield', 'dataset_with_extra_by_context', 'dataset_with_extra_from_classic_operator' retrieved from /home/noelsdavid/airflow_venv/lib/python3.12/site-packages/airflow/example_dags/example_outlet_event_extra.py
[2026-05-18T06:02:54.286+0000] {logging_mixin.py:190} INFO - [2026-05-18T06:02:54.286+0000] {dag.py:3239} INFO - Sync 3 DAGs
[2026-05-18T06:02:54.316+0000] {logging_mixin.py:190} INFO - [2026-05-18T06:02:54.315+0000] {dag.py:4180} INFO - Setting next_dagrun for dataset_with_extra_by_context to 2026-05-17 00:00:00+00:00, run_after=2026-05-18 00:00:00+00:00
[2026-05-18T06:02:54.321+0000] {logging_mixin.py:190} INFO - [2026-05-18T06:02:54.321+0000] {dag.py:4180} INFO - Setting next_dagrun for dataset_with_extra_by_yield to 2026-05-17 00:00:00+00:00, run_after=2026-05-18 00:00:00+00:00
[2026-05-18T06:02:54.324+0000] {logging_mixin.py:190} INFO - [2026-05-18T06:02:54.323+0000] {dag.py:4180} INFO - Setting next_dagrun for dataset_with_extra_from_classic_operator to 2026-05-17 00:00:00+00:00, run_after=2026-05-18 00:00:00+00:00
[2026-05-18T06:02:54.354+0000] {processor.py:208} INFO - Processing /home/noelsdavid/airflow_venv/lib/python3.12/site-packages/airflow/example_dags/example_outlet_event_extra.py took 0.125 seconds
[2026-05-18T06:03:54.970+0000] {processor.py:186} INFO - Started process (PID=7103) to work on /home/noelsdavid/airflow_venv/lib/python3.12/site-packages/airflow/example_dags/example_outlet_event_extra.py
[2026-05-18T06:03:54.972+0000] {processor.py:914} INFO - Processing file /home/noelsdavid/airflow_venv/lib/python3.12/site-packages/airflow/example_dags/example_outlet_event_extra.py for tasks to queue
[2026-05-18T06:03:54.975+0000] {logging_mixin.py:190} INFO - [2026-05-18T06:03:54.975+0000] {dagbag.py:588} INFO - Filling up the DagBag from /home/noelsdavid/airflow_venv/lib/python3.12/site-packages/airflow/example_dags/example_outlet_event_extra.py
[2026-05-18T06:03:54.995+0000] {processor.py:925} INFO - DAG(s) 'dataset_with_extra_by_yield', 'dataset_with_extra_from_classic_operator', 'dataset_with_extra_by_context' retrieved from /home/noelsdavid/airflow_venv/lib/python3.12/site-packages/airflow/example_dags/example_outlet_event_extra.py
[2026-05-18T06:03:55.024+0000] {logging_mixin.py:190} INFO - [2026-05-18T06:03:55.023+0000] {dag.py:3239} INFO - Sync 3 DAGs
[2026-05-18T06:03:55.052+0000] {logging_mixin.py:190} INFO - [2026-05-18T06:03:55.052+0000] {dag.py:4180} INFO - Setting next_dagrun for dataset_with_extra_by_context to 2026-05-17 00:00:00+00:00, run_after=2026-05-18 00:00:00+00:00
[2026-05-18T06:03:55.058+0000] {logging_mixin.py:190} INFO - [2026-05-18T06:03:55.058+0000] {dag.py:4180} INFO - Setting next_dagrun for dataset_with_extra_by_yield to 2026-05-17 00:00:00+00:00, run_after=2026-05-18 00:00:00+00:00
[2026-05-18T06:03:55.061+0000] {logging_mixin.py:190} INFO - [2026-05-18T06:03:55.061+0000] {dag.py:4180} INFO - Setting next_dagrun for dataset_with_extra_from_classic_operator to 2026-05-17 00:00:00+00:00, run_after=2026-05-18 00:00:00+00:00
[2026-05-18T06:03:55.095+0000] {processor.py:208} INFO - Processing /home/noelsdavid/airflow_venv/lib/python3.12/site-packages/airflow/example_dags/example_outlet_event_extra.py took 0.132 seconds
[2026-05-18T06:04:55.878+0000] {processor.py:186} INFO - Started process (PID=7163) to work on /home/noelsdavid/airflow_venv/lib/python3.12/site-packages/airflow/example_dags/example_outlet_event_extra.py
[2026-05-18T06:04:55.881+0000] {processor.py:914} INFO - Processing file /home/noelsdavid/airflow_venv/lib/python3.12/site-packages/airflow/example_dags/example_outlet_event_extra.py for tasks to queue
[2026-05-18T06:04:55.884+0000] {logging_mixin.py:190} INFO - [2026-05-18T06:04:55.883+0000] {dagbag.py:588} INFO - Filling up the DagBag from /home/noelsdavid/airflow_venv/lib/python3.12/site-packages/airflow/example_dags/example_outlet_event_extra.py
[2026-05-18T06:04:55.903+0000] {processor.py:925} INFO - DAG(s) 'dataset_with_extra_by_yield', 'dataset_with_extra_from_classic_operator', 'dataset_with_extra_by_context' retrieved from /home/noelsdavid/airflow_venv/lib/python3.12/site-packages/airflow/example_dags/example_outlet_event_extra.py
[2026-05-18T06:04:55.931+0000] {logging_mixin.py:190} INFO - [2026-05-18T06:04:55.930+0000] {dag.py:3239} INFO - Sync 3 DAGs
[2026-05-18T06:04:55.957+0000] {logging_mixin.py:190} INFO - [2026-05-18T06:04:55.957+0000] {dag.py:4180} INFO - Setting next_dagrun for dataset_with_extra_by_context to 2026-05-17 00:00:00+00:00, run_after=2026-05-18 00:00:00+00:00
[2026-05-18T06:04:55.963+0000] {logging_mixin.py:190} INFO - [2026-05-18T06:04:55.962+0000] {dag.py:4180} INFO - Setting next_dagrun for dataset_with_extra_by_yield to 2026-05-17 00:00:00+00:00, run_after=2026-05-18 00:00:00+00:00
[2026-05-18T06:04:55.966+0000] {logging_mixin.py:190} INFO - [2026-05-18T06:04:55.965+0000] {dag.py:4180} INFO - Setting next_dagrun for dataset_with_extra_from_classic_operator to 2026-05-17 00:00:00+00:00, run_after=2026-05-18 00:00:00+00:00
[2026-05-18T06:04:55.998+0000] {processor.py:208} INFO - Processing /home/noelsdavid/airflow_venv/lib/python3.12/site-packages/airflow/example_dags/example_outlet_event_extra.py took 0.127 seconds
[2026-05-18T06:06:08.142+0000] {processor.py:186} INFO - Started process (PID=7252) to work on /home/noelsdavid/airflow_venv/lib/python3.12/site-packages/airflow/example_dags/example_outlet_event_extra.py
[2026-05-18T06:06:08.144+0000] {processor.py:914} INFO - Processing file /home/noelsdavid/airflow_venv/lib/python3.12/site-packages/airflow/example_dags/example_outlet_event_extra.py for tasks to queue
[2026-05-18T06:06:08.147+0000] {logging_mixin.py:190} INFO - [2026-05-18T06:06:08.147+0000] {dagbag.py:588} INFO - Filling up the DagBag from /home/noelsdavid/airflow_venv/lib/python3.12/site-packages/airflow/example_dags/example_outlet_event_extra.py
[2026-05-18T06:06:08.167+0000] {processor.py:925} INFO - DAG(s) 'dataset_with_extra_by_context', 'dataset_with_extra_by_yield', 'dataset_with_extra_from_classic_operator' retrieved from /home/noelsdavid/airflow_venv/lib/python3.12/site-packages/airflow/example_dags/example_outlet_event_extra.py
[2026-05-18T06:06:08.196+0000] {logging_mixin.py:190} INFO - [2026-05-18T06:06:08.196+0000] {dag.py:3239} INFO - Sync 3 DAGs
[2026-05-18T06:06:08.233+0000] {logging_mixin.py:190} INFO - [2026-05-18T06:06:08.233+0000] {dag.py:4180} INFO - Setting next_dagrun for dataset_with_extra_by_context to 2026-05-17 00:00:00+00:00, run_after=2026-05-18 00:00:00+00:00
[2026-05-18T06:06:08.239+0000] {logging_mixin.py:190} INFO - [2026-05-18T06:06:08.238+0000] {dag.py:4180} INFO - Setting next_dagrun for dataset_with_extra_by_yield to 2026-05-17 00:00:00+00:00, run_after=2026-05-18 00:00:00+00:00
[2026-05-18T06:06:08.242+0000] {logging_mixin.py:190} INFO - [2026-05-18T06:06:08.242+0000] {dag.py:4180} INFO - Setting next_dagrun for dataset_with_extra_from_classic_operator to 2026-05-17 00:00:00+00:00, run_after=2026-05-18 00:00:00+00:00
[2026-05-18T06:06:08.282+0000] {processor.py:208} INFO - Processing /home/noelsdavid/airflow_venv/lib/python3.12/site-packages/airflow/example_dags/example_outlet_event_extra.py took 0.149 seconds
[2026-05-18T06:07:07.616+0000] {processor.py:186} INFO - Started process (PID=7313) to work on /home/noelsdavid/airflow_venv/lib/python3.12/site-packages/airflow/example_dags/example_outlet_event_extra.py
[2026-05-18T06:07:07.618+0000] {processor.py:914} INFO - Processing file /home/noelsdavid/airflow_venv/lib/python3.12/site-packages/airflow/example_dags/example_outlet_event_extra.py for tasks to queue
[2026-05-18T06:07:07.622+0000] {logging_mixin.py:190} INFO - [2026-05-18T06:07:07.621+0000] {dagbag.py:588} INFO - Filling up the DagBag from /home/noelsdavid/airflow_venv/lib/python3.12/site-packages/airflow/example_dags/example_outlet_event_extra.py
[2026-05-18T06:07:07.643+0000] {processor.py:925} INFO - DAG(s) 'dataset_with_extra_by_yield', 'dataset_with_extra_from_classic_operator', 'dataset_with_extra_by_context' retrieved from /home/noelsdavid/airflow_venv/lib/python3.12/site-packages/airflow/example_dags/example_outlet_event_extra.py
[2026-05-18T06:07:07.671+0000] {logging_mixin.py:190} INFO - [2026-05-18T06:07:07.671+0000] {dag.py:3239} INFO - Sync 3 DAGs
[2026-05-18T06:07:07.701+0000] {logging_mixin.py:190} INFO - [2026-05-18T06:07:07.700+0000] {dag.py:4180} INFO - Setting next_dagrun for dataset_with_extra_by_context to 2026-05-17 00:00:00+00:00, run_after=2026-05-18 00:00:00+00:00
[2026-05-18T06:07:07.707+0000] {logging_mixin.py:190} INFO - [2026-05-18T06:07:07.707+0000] {dag.py:4180} INFO - Setting next_dagrun for dataset_with_extra_by_yield to 2026-05-17 00:00:00+00:00, run_after=2026-05-18 00:00:00+00:00
[2026-05-18T06:07:07.710+0000] {logging_mixin.py:190} INFO - [2026-05-18T06:07:07.709+0000] {dag.py:4180} INFO - Setting next_dagrun for dataset_with_extra_from_classic_operator to 2026-05-17 00:00:00+00:00, run_after=2026-05-18 00:00:00+00:00
[2026-05-18T06:07:07.743+0000] {processor.py:208} INFO - Processing /home/noelsdavid/airflow_venv/lib/python3.12/site-packages/airflow/example_dags/example_outlet_event_extra.py took 0.134 seconds
[2026-05-18T06:08:14.753+0000] {processor.py:186} INFO - Started process (PID=7379) to work on /home/noelsdavid/airflow_venv/lib/python3.12/site-packages/airflow/example_dags/example_outlet_event_extra.py
[2026-05-18T06:08:14.771+0000] {processor.py:914} INFO - Processing file /home/noelsdavid/airflow_venv/lib/python3.12/site-packages/airflow/example_dags/example_outlet_event_extra.py for tasks to queue
[2026-05-18T06:08:14.774+0000] {logging_mixin.py:190} INFO - [2026-05-18T06:08:14.774+0000] {dagbag.py:588} INFO - Filling up the DagBag from /home/noelsdavid/airflow_venv/lib/python3.12/site-packages/airflow/example_dags/example_outlet_event_extra.py
[2026-05-18T06:08:14.795+0000] {processor.py:925} INFO - DAG(s) 'dataset_with_extra_by_yield', 'dataset_with_extra_from_classic_operator', 'dataset_with_extra_by_context' retrieved from /home/noelsdavid/airflow_venv/lib/python3.12/site-packages/airflow/example_dags/example_outlet_event_extra.py
[2026-05-18T06:08:14.824+0000] {logging_mixin.py:190} INFO - [2026-05-18T06:08:14.823+0000] {dag.py:3239} INFO - Sync 3 DAGs
[2026-05-18T06:08:14.854+0000] {logging_mixin.py:190} INFO - [2026-05-18T06:08:14.854+0000] {dag.py:4180} INFO - Setting next_dagrun for dataset_with_extra_by_context to 2026-05-17 00:00:00+00:00, run_after=2026-05-18 00:00:00+00:00
[2026-05-18T06:08:14.860+0000] {logging_mixin.py:190} INFO - [2026-05-18T06:08:14.860+0000] {dag.py:4180} INFO - Setting next_dagrun for dataset_with_extra_by_yield to 2026-05-17 00:00:00+00:00, run_after=2026-05-18 00:00:00+00:00
[2026-05-18T06:08:14.863+0000] {logging_mixin.py:190} INFO - [2026-05-18T06:08:14.863+0000] {dag.py:4180} INFO - Setting next_dagrun for dataset_with_extra_from_classic_operator to 2026-05-17 00:00:00+00:00, run_after=2026-05-18 00:00:00+00:00
[2026-05-18T06:08:14.900+0000] {processor.py:208} INFO - Processing /home/noelsdavid/airflow_venv/lib/python3.12/site-packages/airflow/example_dags/example_outlet_event_extra.py took 0.155 seconds
[2026-05-18T06:09:19.416+0000] {processor.py:186} INFO - Started process (PID=7441) to work on /home/noelsdavid/airflow_venv/lib/python3.12/site-packages/airflow/example_dags/example_outlet_event_extra.py
[2026-05-18T06:09:19.418+0000] {processor.py:914} INFO - Processing file /home/noelsdavid/airflow_venv/lib/python3.12/site-packages/airflow/example_dags/example_outlet_event_extra.py for tasks to queue
[2026-05-18T06:09:19.421+0000] {logging_mixin.py:190} INFO - [2026-05-18T06:09:19.421+0000] {dagbag.py:588} INFO - Filling up the DagBag from /home/noelsdavid/airflow_venv/lib/python3.12/site-packages/airflow/example_dags/example_outlet_event_extra.py
[2026-05-18T06:09:19.441+0000] {processor.py:925} INFO - DAG(s) 'dataset_with_extra_by_context', 'dataset_with_extra_from_classic_operator', 'dataset_with_extra_by_yield' retrieved from /home/noelsdavid/airflow_venv/lib/python3.12/site-packages/airflow/example_dags/example_outlet_event_extra.py
[2026-05-18T06:09:19.469+0000] {logging_mixin.py:190} INFO - [2026-05-18T06:09:19.468+0000] {dag.py:3239} INFO - Sync 3 DAGs
[2026-05-18T06:09:19.497+0000] {logging_mixin.py:190} INFO - [2026-05-18T06:09:19.497+0000] {dag.py:4180} INFO - Setting next_dagrun for dataset_with_extra_by_context to 2026-05-17 00:00:00+00:00, run_after=2026-05-18 00:00:00+00:00
[2026-05-18T06:09:19.503+0000] {logging_mixin.py:190} INFO - [2026-05-18T06:09:19.503+0000] {dag.py:4180} INFO - Setting next_dagrun for dataset_with_extra_by_yield to 2026-05-17 00:00:00+00:00, run_after=2026-05-18 00:00:00+00:00
[2026-05-18T06:09:19.506+0000] {logging_mixin.py:190} INFO - [2026-05-18T06:09:19.506+0000] {dag.py:4180} INFO - Setting next_dagrun for dataset_with_extra_from_classic_operator to 2026-05-17 00:00:00+00:00, run_after=2026-05-18 00:00:00+00:00
[2026-05-18T06:09:19.538+0000] {processor.py:208} INFO - Processing /home/noelsdavid/airflow_venv/lib/python3.12/site-packages/airflow/example_dags/example_outlet_event_extra.py took 0.130 seconds
[2026-05-18T06:10:22.150+0000] {processor.py:186} INFO - Started process (PID=7526) to work on /home/noelsdavid/airflow_venv/lib/python3.12/site-packages/airflow/example_dags/example_outlet_event_extra.py
[2026-05-18T06:10:22.152+0000] {processor.py:914} INFO - Processing file /home/noelsdavid/airflow_venv/lib/python3.12/site-packages/airflow/example_dags/example_outlet_event_extra.py for tasks to queue
[2026-05-18T06:10:22.156+0000] {logging_mixin.py:190} INFO - [2026-05-18T06:10:22.155+0000] {dagbag.py:588} INFO - Filling up the DagBag from /home/noelsdavid/airflow_venv/lib/python3.12/site-packages/airflow/example_dags/example_outlet_event_extra.py
[2026-05-18T06:10:22.176+0000] {processor.py:925} INFO - DAG(s) 'dataset_with_extra_by_context', 'dataset_with_extra_from_classic_operator', 'dataset_with_extra_by_yield' retrieved from /home/noelsdavid/airflow_venv/lib/python3.12/site-packages/airflow/example_dags/example_outlet_event_extra.py
[2026-05-18T06:10:22.204+0000] {logging_mixin.py:190} INFO - [2026-05-18T06:10:22.204+0000] {dag.py:3239} INFO - Sync 3 DAGs
[2026-05-18T06:10:22.233+0000] {logging_mixin.py:190} INFO - [2026-05-18T06:10:22.233+0000] {dag.py:4180} INFO - Setting next_dagrun for dataset_with_extra_by_context to 2026-05-17 00:00:00+00:00, run_after=2026-05-18 00:00:00+00:00
[2026-05-18T06:10:22.239+0000] {logging_mixin.py:190} INFO - [2026-05-18T06:10:22.238+0000] {dag.py:4180} INFO - Setting next_dagrun for dataset_with_extra_by_yield to 2026-05-17 00:00:00+00:00, run_after=2026-05-18 00:00:00+00:00
[2026-05-18T06:10:22.241+0000] {logging_mixin.py:190} INFO - [2026-05-18T06:10:22.241+0000] {dag.py:4180} INFO - Setting next_dagrun for dataset_with_extra_from_classic_operator to 2026-05-17 00:00:00+00:00, run_after=2026-05-18 00:00:00+00:00
[2026-05-18T06:10:22.274+0000] {processor.py:208} INFO - Processing /home/noelsdavid/airflow_venv/lib/python3.12/site-packages/airflow/example_dags/example_outlet_event_extra.py took 0.132 seconds
[2026-05-18T06:11:21.207+0000] {processor.py:186} INFO - Started process (PID=7585) to work on /home/noelsdavid/airflow_venv/lib/python3.12/site-packages/airflow/example_dags/example_outlet_event_extra.py
[2026-05-18T06:11:21.210+0000] {processor.py:914} INFO - Processing file /home/noelsdavid/airflow_venv/lib/python3.12/site-packages/airflow/example_dags/example_outlet_event_extra.py for tasks to queue
[2026-05-18T06:11:21.213+0000] {logging_mixin.py:190} INFO - [2026-05-18T06:11:21.212+0000] {dagbag.py:588} INFO - Filling up the DagBag from /home/noelsdavid/airflow_venv/lib/python3.12/site-packages/airflow/example_dags/example_outlet_event_extra.py
[2026-05-18T06:11:21.237+0000] {processor.py:925} INFO - DAG(s) 'dataset_with_extra_by_yield', 'dataset_with_extra_from_classic_operator', 'dataset_with_extra_by_context' retrieved from /home/noelsdavid/airflow_venv/lib/python3.12/site-packages/airflow/example_dags/example_outlet_event_extra.py
[2026-05-18T06:11:21.268+0000] {logging_mixin.py:190} INFO - [2026-05-18T06:11:21.268+0000] {dag.py:3239} INFO - Sync 3 DAGs
[2026-05-18T06:11:21.298+0000] {logging_mixin.py:190} INFO - [2026-05-18T06:11:21.298+0000] {dag.py:4180} INFO - Setting next_dagrun for dataset_with_extra_by_context to 2026-05-17 00:00:00+00:00, run_after=2026-05-18 00:00:00+00:00
[2026-05-18T06:11:21.305+0000] {logging_mixin.py:190} INFO - [2026-05-18T06:11:21.304+0000] {dag.py:4180} INFO - Setting next_dagrun for dataset_with_extra_by_yield to 2026-05-17 00:00:00+00:00, run_after=2026-05-18 00:00:00+00:00
[2026-05-18T06:11:21.308+0000] {logging_mixin.py:190} INFO - [2026-05-18T06:11:21.308+0000] {dag.py:4180} INFO - Setting next_dagrun for dataset_with_extra_from_classic_operator to 2026-05-17 00:00:00+00:00, run_after=2026-05-18 00:00:00+00:00
[2026-05-18T06:11:21.341+0000] {processor.py:208} INFO - Processing /home/noelsdavid/airflow_venv/lib/python3.12/site-packages/airflow/example_dags/example_outlet_event_extra.py took 0.143 seconds
[2026-05-18T06:12:20.729+0000] {processor.py:186} INFO - Started process (PID=7642) to work on /home/noelsdavid/airflow_venv/lib/python3.12/site-packages/airflow/example_dags/example_outlet_event_extra.py
[2026-05-18T06:12:20.731+0000] {processor.py:914} INFO - Processing file /home/noelsdavid/airflow_venv/lib/python3.12/site-packages/airflow/example_dags/example_outlet_event_extra.py for tasks to queue
[2026-05-18T06:12:20.735+0000] {logging_mixin.py:190} INFO - [2026-05-18T06:12:20.734+0000] {dagbag.py:588} INFO - Filling up the DagBag from /home/noelsdavid/airflow_venv/lib/python3.12/site-packages/airflow/example_dags/example_outlet_event_extra.py
[2026-05-18T06:12:20.755+0000] {processor.py:925} INFO - DAG(s) 'dataset_with_extra_by_context', 'dataset_with_extra_from_classic_operator', 'dataset_with_extra_by_yield' retrieved from /home/noelsdavid/airflow_venv/lib/python3.12/site-packages/airflow/example_dags/example_outlet_event_extra.py
[2026-05-18T06:12:20.783+0000] {logging_mixin.py:190} INFO - [2026-05-18T06:12:20.782+0000] {dag.py:3239} INFO - Sync 3 DAGs
[2026-05-18T06:12:20.811+0000] {logging_mixin.py:190} INFO - [2026-05-18T06:12:20.811+0000] {dag.py:4180} INFO - Setting next_dagrun for dataset_with_extra_by_context to 2026-05-17 00:00:00+00:00, run_after=2026-05-18 00:00:00+00:00
[2026-05-18T06:12:20.817+0000] {logging_mixin.py:190} INFO - [2026-05-18T06:12:20.816+0000] {dag.py:4180} INFO - Setting next_dagrun for dataset_with_extra_by_yield to 2026-05-17 00:00:00+00:00, run_after=2026-05-18 00:00:00+00:00
[2026-05-18T06:12:20.819+0000] {logging_mixin.py:190} INFO - [2026-05-18T06:12:20.819+0000] {dag.py:4180} INFO - Setting next_dagrun for dataset_with_extra_from_classic_operator to 2026-05-17 00:00:00+00:00, run_after=2026-05-18 00:00:00+00:00
[2026-05-18T06:12:20.854+0000] {processor.py:208} INFO - Processing /home/noelsdavid/airflow_venv/lib/python3.12/site-packages/airflow/example_dags/example_outlet_event_extra.py took 0.133 seconds
[2026-05-18T06:13:20.483+0000] {processor.py:186} INFO - Started process (PID=7701) to work on /home/noelsdavid/airflow_venv/lib/python3.12/site-packages/airflow/example_dags/example_outlet_event_extra.py
[2026-05-18T06:13:20.495+0000] {processor.py:914} INFO - Processing file /home/noelsdavid/airflow_venv/lib/python3.12/site-packages/airflow/example_dags/example_outlet_event_extra.py for tasks to queue
[2026-05-18T06:13:20.498+0000] {logging_mixin.py:190} INFO - [2026-05-18T06:13:20.498+0000] {dagbag.py:588} INFO - Filling up the DagBag from /home/noelsdavid/airflow_venv/lib/python3.12/site-packages/airflow/example_dags/example_outlet_event_extra.py
[2026-05-18T06:13:20.518+0000] {processor.py:925} INFO - DAG(s) 'dataset_with_extra_by_yield', 'dataset_with_extra_by_context', 'dataset_with_extra_from_classic_operator' retrieved from /home/noelsdavid/airflow_venv/lib/python3.12/site-packages/airflow/example_dags/example_outlet_event_extra.py
[2026-05-18T06:13:20.550+0000] {logging_mixin.py:190} INFO - [2026-05-18T06:13:20.550+0000] {dag.py:3239} INFO - Sync 3 DAGs
[2026-05-18T06:13:20.579+0000] {logging_mixin.py:190} INFO - [2026-05-18T06:13:20.579+0000] {dag.py:4180} INFO - Setting next_dagrun for dataset_with_extra_by_context to 2026-05-17 00:00:00+00:00, run_after=2026-05-18 00:00:00+00:00
[2026-05-18T06:13:20.585+0000] {logging_mixin.py:190} INFO - [2026-05-18T06:13:20.585+0000] {dag.py:4180} INFO - Setting next_dagrun for dataset_with_extra_by_yield to 2026-05-17 00:00:00+00:00, run_after=2026-05-18 00:00:00+00:00
[2026-05-18T06:13:20.588+0000] {logging_mixin.py:190} INFO - [2026-05-18T06:13:20.588+0000] {dag.py:4180} INFO - Setting next_dagrun for dataset_with_extra_from_classic_operator to 2026-05-17 00:00:00+00:00, run_after=2026-05-18 00:00:00+00:00
[2026-05-18T06:13:20.620+0000] {processor.py:208} INFO - Processing /home/noelsdavid/airflow_venv/lib/python3.12/site-packages/airflow/example_dags/example_outlet_event_extra.py took 0.145 seconds
[2026-05-18T06:14:22.772+0000] {processor.py:186} INFO - Started process (PID=7761) to work on /home/noelsdavid/airflow_venv/lib/python3.12/site-packages/airflow/example_dags/example_outlet_event_extra.py
[2026-05-18T06:14:22.775+0000] {processor.py:914} INFO - Processing file /home/noelsdavid/airflow_venv/lib/python3.12/site-packages/airflow/example_dags/example_outlet_event_extra.py for tasks to queue
[2026-05-18T06:14:22.778+0000] {logging_mixin.py:190} INFO - [2026-05-18T06:14:22.777+0000] {dagbag.py:588} INFO - Filling up the DagBag from /home/noelsdavid/airflow_venv/lib/python3.12/site-packages/airflow/example_dags/example_outlet_event_extra.py
[2026-05-18T06:14:22.798+0000] {processor.py:925} INFO - DAG(s) 'dataset_with_extra_by_yield', 'dataset_with_extra_from_classic_operator', 'dataset_with_extra_by_context' retrieved from /home/noelsdavid/airflow_venv/lib/python3.12/site-packages/airflow/example_dags/example_outlet_event_extra.py
[2026-05-18T06:14:22.828+0000] {logging_mixin.py:190} INFO - [2026-05-18T06:14:22.827+0000] {dag.py:3239} INFO - Sync 3 DAGs
[2026-05-18T06:14:22.858+0000] {logging_mixin.py:190} INFO - [2026-05-18T06:14:22.858+0000] {dag.py:4180} INFO - Setting next_dagrun for dataset_with_extra_by_context to 2026-05-17 00:00:00+00:00, run_after=2026-05-18 00:00:00+00:00
[2026-05-18T06:14:22.864+0000] {logging_mixin.py:190} INFO - [2026-05-18T06:14:22.863+0000] {dag.py:4180} INFO - Setting next_dagrun for dataset_with_extra_by_yield to 2026-05-17 00:00:00+00:00, run_after=2026-05-18 00:00:00+00:00
[2026-05-18T06:14:22.866+0000] {logging_mixin.py:190} INFO - [2026-05-18T06:14:22.866+0000] {dag.py:4180} INFO - Setting next_dagrun for dataset_with_extra_from_classic_operator to 2026-05-17 00:00:00+00:00, run_after=2026-05-18 00:00:00+00:00
[2026-05-18T06:14:22.901+0000] {processor.py:208} INFO - Processing /home/noelsdavid/airflow_venv/lib/python3.12/site-packages/airflow/example_dags/example_outlet_event_extra.py took 0.138 seconds
[2026-05-18T06:15:25.517+0000] {processor.py:186} INFO - Started process (PID=7851) to work on /home/noelsdavid/airflow_venv/lib/python3.12/site-packages/airflow/example_dags/example_outlet_event_extra.py
[2026-05-18T06:15:25.520+0000] {processor.py:914} INFO - Processing file /home/noelsdavid/airflow_venv/lib/python3.12/site-packages/airflow/example_dags/example_outlet_event_extra.py for tasks to queue
[2026-05-18T06:15:25.524+0000] {logging_mixin.py:190} INFO - [2026-05-18T06:15:25.523+0000] {dagbag.py:588} INFO - Filling up the DagBag from /home/noelsdavid/airflow_venv/lib/python3.12/site-packages/airflow/example_dags/example_outlet_event_extra.py
[2026-05-18T06:15:25.547+0000] {processor.py:925} INFO - DAG(s) 'dataset_with_extra_by_context', 'dataset_with_extra_by_yield', 'dataset_with_extra_from_classic_operator' retrieved from /home/noelsdavid/airflow_venv/lib/python3.12/site-packages/airflow/example_dags/example_outlet_event_extra.py
[2026-05-18T06:15:25.579+0000] {logging_mixin.py:190} INFO - [2026-05-18T06:15:25.578+0000] {dag.py:3239} INFO - Sync 3 DAGs
[2026-05-18T06:15:25.609+0000] {logging_mixin.py:190} INFO - [2026-05-18T06:15:25.609+0000] {dag.py:4180} INFO - Setting next_dagrun for dataset_with_extra_by_context to 2026-05-17 00:00:00+00:00, run_after=2026-05-18 00:00:00+00:00
[2026-05-18T06:15:25.615+0000] {logging_mixin.py:190} INFO - [2026-05-18T06:15:25.615+0000] {dag.py:4180} INFO - Setting next_dagrun for dataset_with_extra_by_yield to 2026-05-17 00:00:00+00:00, run_after=2026-05-18 00:00:00+00:00
[2026-05-18T06:15:25.619+0000] {logging_mixin.py:190} INFO - [2026-05-18T06:15:25.618+0000] {dag.py:4180} INFO - Setting next_dagrun for dataset_with_extra_from_classic_operator to 2026-05-17 00:00:00+00:00, run_after=2026-05-18 00:00:00+00:00
[2026-05-18T06:15:25.655+0000] {processor.py:208} INFO - Processing /home/noelsdavid/airflow_venv/lib/python3.12/site-packages/airflow/example_dags/example_outlet_event_extra.py took 0.147 seconds
[2026-05-18T06:16:29.312+0000] {processor.py:186} INFO - Started process (PID=8048) to work on /home/noelsdavid/airflow_venv/lib/python3.12/site-packages/airflow/example_dags/example_outlet_event_extra.py
[2026-05-18T06:16:29.315+0000] {processor.py:914} INFO - Processing file /home/noelsdavid/airflow_venv/lib/python3.12/site-packages/airflow/example_dags/example_outlet_event_extra.py for tasks to queue
[2026-05-18T06:16:29.319+0000] {logging_mixin.py:190} INFO - [2026-05-18T06:16:29.318+0000] {dagbag.py:588} INFO - Filling up the DagBag from /home/noelsdavid/airflow_venv/lib/python3.12/site-packages/airflow/example_dags/example_outlet_event_extra.py
[2026-05-18T06:16:29.342+0000] {processor.py:925} INFO - DAG(s) 'dataset_with_extra_from_classic_operator', 'dataset_with_extra_by_context', 'dataset_with_extra_by_yield' retrieved from /home/noelsdavid/airflow_venv/lib/python3.12/site-packages/airflow/example_dags/example_outlet_event_extra.py
[2026-05-18T06:16:29.370+0000] {logging_mixin.py:190} INFO - [2026-05-18T06:16:29.369+0000] {dag.py:3239} INFO - Sync 3 DAGs
[2026-05-18T06:16:29.399+0000] {logging_mixin.py:190} INFO - [2026-05-18T06:16:29.399+0000] {dag.py:4180} INFO - Setting next_dagrun for dataset_with_extra_by_context to 2026-05-17 00:00:00+00:00, run_after=2026-05-18 00:00:00+00:00
[2026-05-18T06:16:29.405+0000] {logging_mixin.py:190} INFO - [2026-05-18T06:16:29.404+0000] {dag.py:4180} INFO - Setting next_dagrun for dataset_with_extra_by_yield to 2026-05-17 00:00:00+00:00, run_after=2026-05-18 00:00:00+00:00
[2026-05-18T06:16:29.408+0000] {logging_mixin.py:190} INFO - [2026-05-18T06:16:29.407+0000] {dag.py:4180} INFO - Setting next_dagrun for dataset_with_extra_from_classic_operator to 2026-05-17 00:00:00+00:00, run_after=2026-05-18 00:00:00+00:00
[2026-05-18T06:16:29.441+0000] {processor.py:208} INFO - Processing /home/noelsdavid/airflow_venv/lib/python3.12/site-packages/airflow/example_dags/example_outlet_event_extra.py took 0.136 seconds
[2026-05-18T06:17:32.928+0000] {processor.py:186} INFO - Started process (PID=8335) to work on /home/noelsdavid/airflow_venv/lib/python3.12/site-packages/airflow/example_dags/example_outlet_event_extra.py
[2026-05-18T06:17:32.932+0000] {processor.py:914} INFO - Processing file /home/noelsdavid/airflow_venv/lib/python3.12/site-packages/airflow/example_dags/example_outlet_event_extra.py for tasks to queue
[2026-05-18T06:17:32.939+0000] {logging_mixin.py:190} INFO - [2026-05-18T06:17:32.938+0000] {dagbag.py:588} INFO - Filling up the DagBag from /home/noelsdavid/airflow_venv/lib/python3.12/site-packages/airflow/example_dags/example_outlet_event_extra.py
[2026-05-18T06:17:32.979+0000] {processor.py:925} INFO - DAG(s) 'dataset_with_extra_by_context', 'dataset_with_extra_by_yield', 'dataset_with_extra_from_classic_operator' retrieved from /home/noelsdavid/airflow_venv/lib/python3.12/site-packages/airflow/example_dags/example_outlet_event_extra.py
[2026-05-18T06:17:33.031+0000] {logging_mixin.py:190} INFO - [2026-05-18T06:17:33.031+0000] {dag.py:3239} INFO - Sync 3 DAGs
[2026-05-18T06:17:33.075+0000] {logging_mixin.py:190} INFO - [2026-05-18T06:17:33.075+0000] {dag.py:4180} INFO - Setting next_dagrun for dataset_with_extra_by_context to 2026-05-17 00:00:00+00:00, run_after=2026-05-18 00:00:00+00:00
[2026-05-18T06:17:33.082+0000] {logging_mixin.py:190} INFO - [2026-05-18T06:17:33.082+0000] {dag.py:4180} INFO - Setting next_dagrun for dataset_with_extra_by_yield to 2026-05-17 00:00:00+00:00, run_after=2026-05-18 00:00:00+00:00
[2026-05-18T06:17:33.085+0000] {logging_mixin.py:190} INFO - [2026-05-18T06:17:33.085+0000] {dag.py:4180} INFO - Setting next_dagrun for dataset_with_extra_from_classic_operator to 2026-05-17 00:00:00+00:00, run_after=2026-05-18 00:00:00+00:00
[2026-05-18T06:17:33.122+0000] {processor.py:208} INFO - Processing /home/noelsdavid/airflow_venv/lib/python3.12/site-packages/airflow/example_dags/example_outlet_event_extra.py took 0.212 seconds
[2026-05-18T06:18:30.562+0000] {processor.py:186} INFO - Started process (PID=8475) to work on /home/noelsdavid/airflow_venv/lib/python3.12/site-packages/airflow/example_dags/example_outlet_event_extra.py
[2026-05-18T06:18:30.564+0000] {processor.py:914} INFO - Processing file /home/noelsdavid/airflow_venv/lib/python3.12/site-packages/airflow/example_dags/example_outlet_event_extra.py for tasks to queue
[2026-05-18T06:18:30.567+0000] {logging_mixin.py:190} INFO - [2026-05-18T06:18:30.567+0000] {dagbag.py:588} INFO - Filling up the DagBag from /home/noelsdavid/airflow_venv/lib/python3.12/site-packages/airflow/example_dags/example_outlet_event_extra.py
[2026-05-18T06:18:30.587+0000] {processor.py:925} INFO - DAG(s) 'dataset_with_extra_by_context', 'dataset_with_extra_by_yield', 'dataset_with_extra_from_classic_operator' retrieved from /home/noelsdavid/airflow_venv/lib/python3.12/site-packages/airflow/example_dags/example_outlet_event_extra.py
[2026-05-18T06:18:30.616+0000] {logging_mixin.py:190} INFO - [2026-05-18T06:18:30.615+0000] {dag.py:3239} INFO - Sync 3 DAGs
[2026-05-18T06:18:30.644+0000] {logging_mixin.py:190} INFO - [2026-05-18T06:18:30.643+0000] {dag.py:4180} INFO - Setting next_dagrun for dataset_with_extra_by_context to 2026-05-17 00:00:00+00:00, run_after=2026-05-18 00:00:00+00:00
[2026-05-18T06:18:30.649+0000] {logging_mixin.py:190} INFO - [2026-05-18T06:18:30.649+0000] {dag.py:4180} INFO - Setting next_dagrun for dataset_with_extra_by_yield to 2026-05-17 00:00:00+00:00, run_after=2026-05-18 00:00:00+00:00
[2026-05-18T06:18:30.652+0000] {logging_mixin.py:190} INFO - [2026-05-18T06:18:30.652+0000] {dag.py:4180} INFO - Setting next_dagrun for dataset_with_extra_from_classic_operator to 2026-05-17 00:00:00+00:00, run_after=2026-05-18 00:00:00+00:00
[2026-05-18T06:18:30.686+0000] {processor.py:208} INFO - Processing /home/noelsdavid/airflow_venv/lib/python3.12/site-packages/airflow/example_dags/example_outlet_event_extra.py took 0.132 seconds
[2026-05-18T06:19:30.404+0000] {processor.py:186} INFO - Started process (PID=8534) to work on /home/noelsdavid/airflow_venv/lib/python3.12/site-packages/airflow/example_dags/example_outlet_event_extra.py
[2026-05-18T06:19:30.407+0000] {processor.py:914} INFO - Processing file /home/noelsdavid/airflow_venv/lib/python3.12/site-packages/airflow/example_dags/example_outlet_event_extra.py for tasks to queue
[2026-05-18T06:19:30.412+0000] {logging_mixin.py:190} INFO - [2026-05-18T06:19:30.412+0000] {dagbag.py:588} INFO - Filling up the DagBag from /home/noelsdavid/airflow_venv/lib/python3.12/site-packages/airflow/example_dags/example_outlet_event_extra.py
[2026-05-18T06:19:30.441+0000] {processor.py:925} INFO - DAG(s) 'dataset_with_extra_by_yield', 'dataset_with_extra_by_context', 'dataset_with_extra_from_classic_operator' retrieved from /home/noelsdavid/airflow_venv/lib/python3.12/site-packages/airflow/example_dags/example_outlet_event_extra.py
[2026-05-18T06:19:30.486+0000] {logging_mixin.py:190} INFO - [2026-05-18T06:19:30.485+0000] {dag.py:3239} INFO - Sync 3 DAGs
[2026-05-18T06:19:30.524+0000] {logging_mixin.py:190} INFO - [2026-05-18T06:19:30.523+0000] {dag.py:4180} INFO - Setting next_dagrun for dataset_with_extra_by_context to 2026-05-17 00:00:00+00:00, run_after=2026-05-18 00:00:00+00:00
[2026-05-18T06:19:30.531+0000] {logging_mixin.py:190} INFO - [2026-05-18T06:19:30.530+0000] {dag.py:4180} INFO - Setting next_dagrun for dataset_with_extra_by_yield to 2026-05-17 00:00:00+00:00, run_after=2026-05-18 00:00:00+00:00
[2026-05-18T06:19:30.535+0000] {logging_mixin.py:190} INFO - [2026-05-18T06:19:30.534+0000] {dag.py:4180} INFO - Setting next_dagrun for dataset_with_extra_from_classic_operator to 2026-05-17 00:00:00+00:00, run_after=2026-05-18 00:00:00+00:00
[2026-05-18T06:19:30.585+0000] {processor.py:208} INFO - Processing /home/noelsdavid/airflow_venv/lib/python3.12/site-packages/airflow/example_dags/example_outlet_event_extra.py took 0.191 seconds
[2026-05-18T06:20:35.183+0000] {processor.py:186} INFO - Started process (PID=8623) to work on /home/noelsdavid/airflow_venv/lib/python3.12/site-packages/airflow/example_dags/example_outlet_event_extra.py
[2026-05-18T06:20:35.185+0000] {processor.py:914} INFO - Processing file /home/noelsdavid/airflow_venv/lib/python3.12/site-packages/airflow/example_dags/example_outlet_event_extra.py for tasks to queue
[2026-05-18T06:20:35.187+0000] {logging_mixin.py:190} INFO - [2026-05-18T06:20:35.187+0000] {dagbag.py:588} INFO - Filling up the DagBag from /home/noelsdavid/airflow_venv/lib/python3.12/site-packages/airflow/example_dags/example_outlet_event_extra.py
[2026-05-18T06:20:35.207+0000] {processor.py:925} INFO - DAG(s) 'dataset_with_extra_by_context', 'dataset_with_extra_from_classic_operator', 'dataset_with_extra_by_yield' retrieved from /home/noelsdavid/airflow_venv/lib/python3.12/site-packages/airflow/example_dags/example_outlet_event_extra.py
[2026-05-18T06:20:35.234+0000] {logging_mixin.py:190} INFO - [2026-05-18T06:20:35.233+0000] {dag.py:3239} INFO - Sync 3 DAGs
[2026-05-18T06:20:35.262+0000] {logging_mixin.py:190} INFO - [2026-05-18T06:20:35.262+0000] {dag.py:4180} INFO - Setting next_dagrun for dataset_with_extra_by_context to 2026-05-17 00:00:00+00:00, run_after=2026-05-18 00:00:00+00:00
[2026-05-18T06:20:35.267+0000] {logging_mixin.py:190} INFO - [2026-05-18T06:20:35.267+0000] {dag.py:4180} INFO - Setting next_dagrun for dataset_with_extra_by_yield to 2026-05-17 00:00:00+00:00, run_after=2026-05-18 00:00:00+00:00
[2026-05-18T06:20:35.270+0000] {logging_mixin.py:190} INFO - [2026-05-18T06:20:35.270+0000] {dag.py:4180} INFO - Setting next_dagrun for dataset_with_extra_from_classic_operator to 2026-05-17 00:00:00+00:00, run_after=2026-05-18 00:00:00+00:00
[2026-05-18T06:20:35.300+0000] {processor.py:208} INFO - Processing /home/noelsdavid/airflow_venv/lib/python3.12/site-packages/airflow/example_dags/example_outlet_event_extra.py took 0.124 seconds
[2026-05-18T06:21:37.835+0000] {processor.py:186} INFO - Started process (PID=8683) to work on /home/noelsdavid/airflow_venv/lib/python3.12/site-packages/airflow/example_dags/example_outlet_event_extra.py
[2026-05-18T06:21:37.837+0000] {processor.py:914} INFO - Processing file /home/noelsdavid/airflow_venv/lib/python3.12/site-packages/airflow/example_dags/example_outlet_event_extra.py for tasks to queue
[2026-05-18T06:21:37.840+0000] {logging_mixin.py:190} INFO - [2026-05-18T06:21:37.839+0000] {dagbag.py:588} INFO - Filling up the DagBag from /home/noelsdavid/airflow_venv/lib/python3.12/site-packages/airflow/example_dags/example_outlet_event_extra.py
[2026-05-18T06:21:37.860+0000] {processor.py:925} INFO - DAG(s) 'dataset_with_extra_by_yield', 'dataset_with_extra_from_classic_operator', 'dataset_with_extra_by_context' retrieved from /home/noelsdavid/airflow_venv/lib/python3.12/site-packages/airflow/example_dags/example_outlet_event_extra.py
[2026-05-18T06:21:37.888+0000] {logging_mixin.py:190} INFO - [2026-05-18T06:21:37.887+0000] {dag.py:3239} INFO - Sync 3 DAGs
[2026-05-18T06:21:37.917+0000] {logging_mixin.py:190} INFO - [2026-05-18T06:21:37.917+0000] {dag.py:4180} INFO - Setting next_dagrun for dataset_with_extra_by_context to 2026-05-17 00:00:00+00:00, run_after=2026-05-18 00:00:00+00:00
[2026-05-18T06:21:37.924+0000] {logging_mixin.py:190} INFO - [2026-05-18T06:21:37.924+0000] {dag.py:4180} INFO - Setting next_dagrun for dataset_with_extra_by_yield to 2026-05-17 00:00:00+00:00, run_after=2026-05-18 00:00:00+00:00
[2026-05-18T06:21:37.927+0000] {logging_mixin.py:190} INFO - [2026-05-18T06:21:37.927+0000] {dag.py:4180} INFO - Setting next_dagrun for dataset_with_extra_from_classic_operator to 2026-05-17 00:00:00+00:00, run_after=2026-05-18 00:00:00+00:00
[2026-05-18T06:21:37.961+0000] {processor.py:208} INFO - Processing /home/noelsdavid/airflow_venv/lib/python3.12/site-packages/airflow/example_dags/example_outlet_event_extra.py took 0.134 seconds
[2026-05-18T06:22:43.215+0000] {processor.py:186} INFO - Started process (PID=8746) to work on /home/noelsdavid/airflow_venv/lib/python3.12/site-packages/airflow/example_dags/example_outlet_event_extra.py
[2026-05-18T06:22:43.217+0000] {processor.py:914} INFO - Processing file /home/noelsdavid/airflow_venv/lib/python3.12/site-packages/airflow/example_dags/example_outlet_event_extra.py for tasks to queue
[2026-05-18T06:22:43.219+0000] {logging_mixin.py:190} INFO - [2026-05-18T06:22:43.219+0000] {dagbag.py:588} INFO - Filling up the DagBag from /home/noelsdavid/airflow_venv/lib/python3.12/site-packages/airflow/example_dags/example_outlet_event_extra.py
[2026-05-18T06:22:43.239+0000] {processor.py:925} INFO - DAG(s) 'dataset_with_extra_by_context', 'dataset_with_extra_by_yield', 'dataset_with_extra_from_classic_operator' retrieved from /home/noelsdavid/airflow_venv/lib/python3.12/site-packages/airflow/example_dags/example_outlet_event_extra.py
[2026-05-18T06:22:43.266+0000] {logging_mixin.py:190} INFO - [2026-05-18T06:22:43.266+0000] {dag.py:3239} INFO - Sync 3 DAGs
[2026-05-18T06:22:43.295+0000] {logging_mixin.py:190} INFO - [2026-05-18T06:22:43.294+0000] {dag.py:4180} INFO - Setting next_dagrun for dataset_with_extra_by_context to 2026-05-17 00:00:00+00:00, run_after=2026-05-18 00:00:00+00:00
[2026-05-18T06:22:43.300+0000] {logging_mixin.py:190} INFO - [2026-05-18T06:22:43.300+0000] {dag.py:4180} INFO - Setting next_dagrun for dataset_with_extra_by_yield to 2026-05-17 00:00:00+00:00, run_after=2026-05-18 00:00:00+00:00
[2026-05-18T06:22:43.302+0000] {logging_mixin.py:190} INFO - [2026-05-18T06:22:43.302+0000] {dag.py:4180} INFO - Setting next_dagrun for dataset_with_extra_from_classic_operator to 2026-05-17 00:00:00+00:00, run_after=2026-05-18 00:00:00+00:00
[2026-05-18T06:22:43.340+0000] {processor.py:208} INFO - Processing /home/noelsdavid/airflow_venv/lib/python3.12/site-packages/airflow/example_dags/example_outlet_event_extra.py took 0.133 seconds
[2026-05-18T06:23:46.734+0000] {processor.py:186} INFO - Started process (PID=8808) to work on /home/noelsdavid/airflow_venv/lib/python3.12/site-packages/airflow/example_dags/example_outlet_event_extra.py
[2026-05-18T06:23:46.737+0000] {processor.py:914} INFO - Processing file /home/noelsdavid/airflow_venv/lib/python3.12/site-packages/airflow/example_dags/example_outlet_event_extra.py for tasks to queue
[2026-05-18T06:23:46.739+0000] {logging_mixin.py:190} INFO - [2026-05-18T06:23:46.738+0000] {dagbag.py:588} INFO - Filling up the DagBag from /home/noelsdavid/airflow_venv/lib/python3.12/site-packages/airflow/example_dags/example_outlet_event_extra.py
[2026-05-18T06:23:46.762+0000] {processor.py:925} INFO - DAG(s) 'dataset_with_extra_by_context', 'dataset_with_extra_from_classic_operator', 'dataset_with_extra_by_yield' retrieved from /home/noelsdavid/airflow_venv/lib/python3.12/site-packages/airflow/example_dags/example_outlet_event_extra.py
[2026-05-18T06:23:46.790+0000] {logging_mixin.py:190} INFO - [2026-05-18T06:23:46.790+0000] {dag.py:3239} INFO - Sync 3 DAGs
[2026-05-18T06:23:46.819+0000] {logging_mixin.py:190} INFO - [2026-05-18T06:23:46.819+0000] {dag.py:4180} INFO - Setting next_dagrun for dataset_with_extra_by_context to 2026-05-17 00:00:00+00:00, run_after=2026-05-18 00:00:00+00:00
[2026-05-18T06:23:46.825+0000] {logging_mixin.py:190} INFO - [2026-05-18T06:23:46.825+0000] {dag.py:4180} INFO - Setting next_dagrun for dataset_with_extra_by_yield to 2026-05-17 00:00:00+00:00, run_after=2026-05-18 00:00:00+00:00
[2026-05-18T06:23:46.828+0000] {logging_mixin.py:190} INFO - [2026-05-18T06:23:46.828+0000] {dag.py:4180} INFO - Setting next_dagrun for dataset_with_extra_from_classic_operator to 2026-05-17 00:00:00+00:00, run_after=2026-05-18 00:00:00+00:00
[2026-05-18T06:23:46.863+0000] {processor.py:208} INFO - Processing /home/noelsdavid/airflow_venv/lib/python3.12/site-packages/airflow/example_dags/example_outlet_event_extra.py took 0.137 seconds
[2026-05-18T06:24:54.259+0000] {processor.py:186} INFO - Started process (PID=8872) to work on /home/noelsdavid/airflow_venv/lib/python3.12/site-packages/airflow/example_dags/example_outlet_event_extra.py
[2026-05-18T06:24:54.262+0000] {processor.py:914} INFO - Processing file /home/noelsdavid/airflow_venv/lib/python3.12/site-packages/airflow/example_dags/example_outlet_event_extra.py for tasks to queue
[2026-05-18T06:24:54.264+0000] {logging_mixin.py:190} INFO - [2026-05-18T06:24:54.263+0000] {dagbag.py:588} INFO - Filling up the DagBag from /home/noelsdavid/airflow_venv/lib/python3.12/site-packages/airflow/example_dags/example_outlet_event_extra.py
[2026-05-18T06:24:54.288+0000] {processor.py:925} INFO - DAG(s) 'dataset_with_extra_by_context', 'dataset_with_extra_by_yield', 'dataset_with_extra_from_classic_operator' retrieved from /home/noelsdavid/airflow_venv/lib/python3.12/site-packages/airflow/example_dags/example_outlet_event_extra.py
[2026-05-18T06:24:54.317+0000] {logging_mixin.py:190} INFO - [2026-05-18T06:24:54.316+0000] {dag.py:3239} INFO - Sync 3 DAGs
[2026-05-18T06:24:54.347+0000] {logging_mixin.py:190} INFO - [2026-05-18T06:24:54.347+0000] {dag.py:4180} INFO - Setting next_dagrun for dataset_with_extra_by_context to 2026-05-17 00:00:00+00:00, run_after=2026-05-18 00:00:00+00:00
[2026-05-18T06:24:54.353+0000] {logging_mixin.py:190} INFO - [2026-05-18T06:24:54.353+0000] {dag.py:4180} INFO - Setting next_dagrun for dataset_with_extra_by_yield to 2026-05-17 00:00:00+00:00, run_after=2026-05-18 00:00:00+00:00
[2026-05-18T06:24:54.356+0000] {logging_mixin.py:190} INFO - [2026-05-18T06:24:54.356+0000] {dag.py:4180} INFO - Setting next_dagrun for dataset_with_extra_from_classic_operator to 2026-05-17 00:00:00+00:00, run_after=2026-05-18 00:00:00+00:00
[2026-05-18T06:24:54.392+0000] {processor.py:208} INFO - Processing /home/noelsdavid/airflow_venv/lib/python3.12/site-packages/airflow/example_dags/example_outlet_event_extra.py took 0.141 seconds
[2026-05-18T06:25:59.377+0000] {processor.py:186} INFO - Started process (PID=8959) to work on /home/noelsdavid/airflow_venv/lib/python3.12/site-packages/airflow/example_dags/example_outlet_event_extra.py
[2026-05-18T06:25:59.380+0000] {processor.py:914} INFO - Processing file /home/noelsdavid/airflow_venv/lib/python3.12/site-packages/airflow/example_dags/example_outlet_event_extra.py for tasks to queue
[2026-05-18T06:25:59.382+0000] {logging_mixin.py:190} INFO - [2026-05-18T06:25:59.381+0000] {dagbag.py:588} INFO - Filling up the DagBag from /home/noelsdavid/airflow_venv/lib/python3.12/site-packages/airflow/example_dags/example_outlet_event_extra.py
[2026-05-18T06:25:59.407+0000] {processor.py:925} INFO - DAG(s) 'dataset_with_extra_by_context', 'dataset_with_extra_from_classic_operator', 'dataset_with_extra_by_yield' retrieved from /home/noelsdavid/airflow_venv/lib/python3.12/site-packages/airflow/example_dags/example_outlet_event_extra.py
[2026-05-18T06:25:59.436+0000] {logging_mixin.py:190} INFO - [2026-05-18T06:25:59.436+0000] {dag.py:3239} INFO - Sync 3 DAGs
[2026-05-18T06:25:59.465+0000] {logging_mixin.py:190} INFO - [2026-05-18T06:25:59.464+0000] {dag.py:4180} INFO - Setting next_dagrun for dataset_with_extra_by_context to 2026-05-17 00:00:00+00:00, run_after=2026-05-18 00:00:00+00:00
[2026-05-18T06:25:59.471+0000] {logging_mixin.py:190} INFO - [2026-05-18T06:25:59.470+0000] {dag.py:4180} INFO - Setting next_dagrun for dataset_with_extra_by_yield to 2026-05-17 00:00:00+00:00, run_after=2026-05-18 00:00:00+00:00
[2026-05-18T06:25:59.474+0000] {logging_mixin.py:190} INFO - [2026-05-18T06:25:59.473+0000] {dag.py:4180} INFO - Setting next_dagrun for dataset_with_extra_from_classic_operator to 2026-05-17 00:00:00+00:00, run_after=2026-05-18 00:00:00+00:00
[2026-05-18T06:25:59.509+0000] {processor.py:208} INFO - Processing /home/noelsdavid/airflow_venv/lib/python3.12/site-packages/airflow/example_dags/example_outlet_event_extra.py took 0.141 seconds
[2026-05-18T06:27:02.479+0000] {processor.py:186} INFO - Started process (PID=9193) to work on /home/noelsdavid/airflow_venv/lib/python3.12/site-packages/airflow/example_dags/example_outlet_event_extra.py
[2026-05-18T06:27:02.482+0000] {processor.py:914} INFO - Processing file /home/noelsdavid/airflow_venv/lib/python3.12/site-packages/airflow/example_dags/example_outlet_event_extra.py for tasks to queue
[2026-05-18T06:27:02.484+0000] {logging_mixin.py:190} INFO - [2026-05-18T06:27:02.484+0000] {dagbag.py:588} INFO - Filling up the DagBag from /home/noelsdavid/airflow_venv/lib/python3.12/site-packages/airflow/example_dags/example_outlet_event_extra.py
[2026-05-18T06:27:02.508+0000] {processor.py:925} INFO - DAG(s) 'dataset_with_extra_by_yield', 'dataset_with_extra_by_context', 'dataset_with_extra_from_classic_operator' retrieved from /home/noelsdavid/airflow_venv/lib/python3.12/site-packages/airflow/example_dags/example_outlet_event_extra.py
[2026-05-18T06:27:02.538+0000] {logging_mixin.py:190} INFO - [2026-05-18T06:27:02.538+0000] {dag.py:3239} INFO - Sync 3 DAGs
[2026-05-18T06:27:02.572+0000] {logging_mixin.py:190} INFO - [2026-05-18T06:27:02.572+0000] {dag.py:4180} INFO - Setting next_dagrun for dataset_with_extra_by_context to 2026-05-17 00:00:00+00:00, run_after=2026-05-18 00:00:00+00:00
[2026-05-18T06:27:02.579+0000] {logging_mixin.py:190} INFO - [2026-05-18T06:27:02.579+0000] {dag.py:4180} INFO - Setting next_dagrun for dataset_with_extra_by_yield to 2026-05-17 00:00:00+00:00, run_after=2026-05-18 00:00:00+00:00
[2026-05-18T06:27:02.583+0000] {logging_mixin.py:190} INFO - [2026-05-18T06:27:02.582+0000] {dag.py:4180} INFO - Setting next_dagrun for dataset_with_extra_from_classic_operator to 2026-05-17 00:00:00+00:00, run_after=2026-05-18 00:00:00+00:00
[2026-05-18T06:27:02.617+0000] {processor.py:208} INFO - Processing /home/noelsdavid/airflow_venv/lib/python3.12/site-packages/airflow/example_dags/example_outlet_event_extra.py took 0.147 seconds
[2026-05-18T06:28:14.804+0000] {processor.py:186} INFO - Started process (PID=9706) to work on /home/noelsdavid/airflow_venv/lib/python3.12/site-packages/airflow/example_dags/example_outlet_event_extra.py
[2026-05-18T06:28:14.807+0000] {processor.py:914} INFO - Processing file /home/noelsdavid/airflow_venv/lib/python3.12/site-packages/airflow/example_dags/example_outlet_event_extra.py for tasks to queue
[2026-05-18T06:28:14.810+0000] {logging_mixin.py:190} INFO - [2026-05-18T06:28:14.809+0000] {dagbag.py:588} INFO - Filling up the DagBag from /home/noelsdavid/airflow_venv/lib/python3.12/site-packages/airflow/example_dags/example_outlet_event_extra.py
[2026-05-18T06:28:14.831+0000] {processor.py:925} INFO - DAG(s) 'dataset_with_extra_by_context', 'dataset_with_extra_by_yield', 'dataset_with_extra_from_classic_operator' retrieved from /home/noelsdavid/airflow_venv/lib/python3.12/site-packages/airflow/example_dags/example_outlet_event_extra.py
[2026-05-18T06:28:14.862+0000] {logging_mixin.py:190} INFO - [2026-05-18T06:28:14.862+0000] {dag.py:3239} INFO - Sync 3 DAGs
[2026-05-18T06:28:14.892+0000] {logging_mixin.py:190} INFO - [2026-05-18T06:28:14.892+0000] {dag.py:4180} INFO - Setting next_dagrun for dataset_with_extra_by_context to 2026-05-17 00:00:00+00:00, run_after=2026-05-18 00:00:00+00:00
[2026-05-18T06:28:14.899+0000] {logging_mixin.py:190} INFO - [2026-05-18T06:28:14.899+0000] {dag.py:4180} INFO - Setting next_dagrun for dataset_with_extra_by_yield to 2026-05-17 00:00:00+00:00, run_after=2026-05-18 00:00:00+00:00
[2026-05-18T06:28:14.902+0000] {logging_mixin.py:190} INFO - [2026-05-18T06:28:14.901+0000] {dag.py:4180} INFO - Setting next_dagrun for dataset_with_extra_from_classic_operator to 2026-05-17 00:00:00+00:00, run_after=2026-05-18 00:00:00+00:00
[2026-05-18T06:28:14.937+0000] {processor.py:208} INFO - Processing /home/noelsdavid/airflow_venv/lib/python3.12/site-packages/airflow/example_dags/example_outlet_event_extra.py took 0.142 seconds
[2026-05-18T06:29:22.153+0000] {processor.py:186} INFO - Started process (PID=9769) to work on /home/noelsdavid/airflow_venv/lib/python3.12/site-packages/airflow/example_dags/example_outlet_event_extra.py
[2026-05-18T06:29:22.156+0000] {processor.py:914} INFO - Processing file /home/noelsdavid/airflow_venv/lib/python3.12/site-packages/airflow/example_dags/example_outlet_event_extra.py for tasks to queue
[2026-05-18T06:29:22.158+0000] {logging_mixin.py:190} INFO - [2026-05-18T06:29:22.157+0000] {dagbag.py:588} INFO - Filling up the DagBag from /home/noelsdavid/airflow_venv/lib/python3.12/site-packages/airflow/example_dags/example_outlet_event_extra.py
[2026-05-18T06:29:22.178+0000] {processor.py:925} INFO - DAG(s) 'dataset_with_extra_by_yield', 'dataset_with_extra_from_classic_operator', 'dataset_with_extra_by_context' retrieved from /home/noelsdavid/airflow_venv/lib/python3.12/site-packages/airflow/example_dags/example_outlet_event_extra.py
[2026-05-18T06:29:22.206+0000] {logging_mixin.py:190} INFO - [2026-05-18T06:29:22.206+0000] {dag.py:3239} INFO - Sync 3 DAGs
[2026-05-18T06:29:22.237+0000] {logging_mixin.py:190} INFO - [2026-05-18T06:29:22.237+0000] {dag.py:4180} INFO - Setting next_dagrun for dataset_with_extra_by_context to 2026-05-17 00:00:00+00:00, run_after=2026-05-18 00:00:00+00:00
[2026-05-18T06:29:22.243+0000] {logging_mixin.py:190} INFO - [2026-05-18T06:29:22.242+0000] {dag.py:4180} INFO - Setting next_dagrun for dataset_with_extra_by_yield to 2026-05-17 00:00:00+00:00, run_after=2026-05-18 00:00:00+00:00
[2026-05-18T06:29:22.245+0000] {logging_mixin.py:190} INFO - [2026-05-18T06:29:22.245+0000] {dag.py:4180} INFO - Setting next_dagrun for dataset_with_extra_from_classic_operator to 2026-05-17 00:00:00+00:00, run_after=2026-05-18 00:00:00+00:00
[2026-05-18T06:29:22.281+0000] {processor.py:208} INFO - Processing /home/noelsdavid/airflow_venv/lib/python3.12/site-packages/airflow/example_dags/example_outlet_event_extra.py took 0.135 seconds
[2026-05-18T06:30:29.486+0000] {processor.py:186} INFO - Started process (PID=9858) to work on /home/noelsdavid/airflow_venv/lib/python3.12/site-packages/airflow/example_dags/example_outlet_event_extra.py
[2026-05-18T06:30:29.488+0000] {processor.py:914} INFO - Processing file /home/noelsdavid/airflow_venv/lib/python3.12/site-packages/airflow/example_dags/example_outlet_event_extra.py for tasks to queue
[2026-05-18T06:30:29.490+0000] {logging_mixin.py:190} INFO - [2026-05-18T06:30:29.489+0000] {dagbag.py:588} INFO - Filling up the DagBag from /home/noelsdavid/airflow_venv/lib/python3.12/site-packages/airflow/example_dags/example_outlet_event_extra.py
[2026-05-18T06:30:29.510+0000] {processor.py:925} INFO - DAG(s) 'dataset_with_extra_by_yield', 'dataset_with_extra_by_context', 'dataset_with_extra_from_classic_operator' retrieved from /home/noelsdavid/airflow_venv/lib/python3.12/site-packages/airflow/example_dags/example_outlet_event_extra.py
[2026-05-18T06:30:29.539+0000] {logging_mixin.py:190} INFO - [2026-05-18T06:30:29.539+0000] {dag.py:3239} INFO - Sync 3 DAGs
[2026-05-18T06:30:29.568+0000] {logging_mixin.py:190} INFO - [2026-05-18T06:30:29.568+0000] {dag.py:4180} INFO - Setting next_dagrun for dataset_with_extra_by_context to 2026-05-17 00:00:00+00:00, run_after=2026-05-18 00:00:00+00:00
[2026-05-18T06:30:29.574+0000] {logging_mixin.py:190} INFO - [2026-05-18T06:30:29.573+0000] {dag.py:4180} INFO - Setting next_dagrun for dataset_with_extra_by_yield to 2026-05-17 00:00:00+00:00, run_after=2026-05-18 00:00:00+00:00
[2026-05-18T06:30:29.576+0000] {logging_mixin.py:190} INFO - [2026-05-18T06:30:29.576+0000] {dag.py:4180} INFO - Setting next_dagrun for dataset_with_extra_from_classic_operator to 2026-05-17 00:00:00+00:00, run_after=2026-05-18 00:00:00+00:00
[2026-05-18T06:30:29.608+0000] {processor.py:208} INFO - Processing /home/noelsdavid/airflow_venv/lib/python3.12/site-packages/airflow/example_dags/example_outlet_event_extra.py took 0.129 seconds
[2026-05-18T06:31:34.487+0000] {processor.py:186} INFO - Started process (PID=9921) to work on /home/noelsdavid/airflow_venv/lib/python3.12/site-packages/airflow/example_dags/example_outlet_event_extra.py
[2026-05-18T06:31:34.489+0000] {processor.py:914} INFO - Processing file /home/noelsdavid/airflow_venv/lib/python3.12/site-packages/airflow/example_dags/example_outlet_event_extra.py for tasks to queue
[2026-05-18T06:31:34.491+0000] {logging_mixin.py:190} INFO - [2026-05-18T06:31:34.491+0000] {dagbag.py:588} INFO - Filling up the DagBag from /home/noelsdavid/airflow_venv/lib/python3.12/site-packages/airflow/example_dags/example_outlet_event_extra.py
[2026-05-18T06:31:34.511+0000] {processor.py:925} INFO - DAG(s) 'dataset_with_extra_by_yield', 'dataset_with_extra_from_classic_operator', 'dataset_with_extra_by_context' retrieved from /home/noelsdavid/airflow_venv/lib/python3.12/site-packages/airflow/example_dags/example_outlet_event_extra.py
[2026-05-18T06:31:34.539+0000] {logging_mixin.py:190} INFO - [2026-05-18T06:31:34.539+0000] {dag.py:3239} INFO - Sync 3 DAGs
[2026-05-18T06:31:34.567+0000] {logging_mixin.py:190} INFO - [2026-05-18T06:31:34.567+0000] {dag.py:4180} INFO - Setting next_dagrun for dataset_with_extra_by_context to 2026-05-17 00:00:00+00:00, run_after=2026-05-18 00:00:00+00:00
[2026-05-18T06:31:34.572+0000] {logging_mixin.py:190} INFO - [2026-05-18T06:31:34.572+0000] {dag.py:4180} INFO - Setting next_dagrun for dataset_with_extra_by_yield to 2026-05-17 00:00:00+00:00, run_after=2026-05-18 00:00:00+00:00
[2026-05-18T06:31:34.575+0000] {logging_mixin.py:190} INFO - [2026-05-18T06:31:34.575+0000] {dag.py:4180} INFO - Setting next_dagrun for dataset_with_extra_from_classic_operator to 2026-05-17 00:00:00+00:00, run_after=2026-05-18 00:00:00+00:00
[2026-05-18T06:31:34.607+0000] {processor.py:208} INFO - Processing /home/noelsdavid/airflow_venv/lib/python3.12/site-packages/airflow/example_dags/example_outlet_event_extra.py took 0.129 seconds
[2026-05-18T06:32:35.785+0000] {processor.py:186} INFO - Started process (PID=9980) to work on /home/noelsdavid/airflow_venv/lib/python3.12/site-packages/airflow/example_dags/example_outlet_event_extra.py
[2026-05-18T06:32:35.787+0000] {processor.py:914} INFO - Processing file /home/noelsdavid/airflow_venv/lib/python3.12/site-packages/airflow/example_dags/example_outlet_event_extra.py for tasks to queue
[2026-05-18T06:32:35.789+0000] {logging_mixin.py:190} INFO - [2026-05-18T06:32:35.789+0000] {dagbag.py:588} INFO - Filling up the DagBag from /home/noelsdavid/airflow_venv/lib/python3.12/site-packages/airflow/example_dags/example_outlet_event_extra.py
[2026-05-18T06:32:35.809+0000] {processor.py:925} INFO - DAG(s) 'dataset_with_extra_by_context', 'dataset_with_extra_by_yield', 'dataset_with_extra_from_classic_operator' retrieved from /home/noelsdavid/airflow_venv/lib/python3.12/site-packages/airflow/example_dags/example_outlet_event_extra.py
[2026-05-18T06:32:35.836+0000] {logging_mixin.py:190} INFO - [2026-05-18T06:32:35.836+0000] {dag.py:3239} INFO - Sync 3 DAGs
[2026-05-18T06:32:35.864+0000] {logging_mixin.py:190} INFO - [2026-05-18T06:32:35.864+0000] {dag.py:4180} INFO - Setting next_dagrun for dataset_with_extra_by_context to 2026-05-17 00:00:00+00:00, run_after=2026-05-18 00:00:00+00:00
[2026-05-18T06:32:35.869+0000] {logging_mixin.py:190} INFO - [2026-05-18T06:32:35.869+0000] {dag.py:4180} INFO - Setting next_dagrun for dataset_with_extra_by_yield to 2026-05-17 00:00:00+00:00, run_after=2026-05-18 00:00:00+00:00
[2026-05-18T06:32:35.871+0000] {logging_mixin.py:190} INFO - [2026-05-18T06:32:35.871+0000] {dag.py:4180} INFO - Setting next_dagrun for dataset_with_extra_from_classic_operator to 2026-05-17 00:00:00+00:00, run_after=2026-05-18 00:00:00+00:00
[2026-05-18T06:32:35.902+0000] {processor.py:208} INFO - Processing /home/noelsdavid/airflow_venv/lib/python3.12/site-packages/airflow/example_dags/example_outlet_event_extra.py took 0.125 seconds
[2026-05-18T06:33:36.076+0000] {processor.py:186} INFO - Started process (PID=10047) to work on /home/noelsdavid/airflow_venv/lib/python3.12/site-packages/airflow/example_dags/example_outlet_event_extra.py
[2026-05-18T06:33:36.091+0000] {processor.py:914} INFO - Processing file /home/noelsdavid/airflow_venv/lib/python3.12/site-packages/airflow/example_dags/example_outlet_event_extra.py for tasks to queue
[2026-05-18T06:33:36.095+0000] {logging_mixin.py:190} INFO - [2026-05-18T06:33:36.094+0000] {dagbag.py:588} INFO - Filling up the DagBag from /home/noelsdavid/airflow_venv/lib/python3.12/site-packages/airflow/example_dags/example_outlet_event_extra.py
[2026-05-18T06:33:36.131+0000] {processor.py:925} INFO - DAG(s) 'dataset_with_extra_from_classic_operator', 'dataset_with_extra_by_yield', 'dataset_with_extra_by_context' retrieved from /home/noelsdavid/airflow_venv/lib/python3.12/site-packages/airflow/example_dags/example_outlet_event_extra.py
[2026-05-18T06:33:36.184+0000] {logging_mixin.py:190} INFO - [2026-05-18T06:33:36.183+0000] {dag.py:3239} INFO - Sync 3 DAGs
[2026-05-18T06:33:36.234+0000] {logging_mixin.py:190} INFO - [2026-05-18T06:33:36.234+0000] {dag.py:4180} INFO - Setting next_dagrun for dataset_with_extra_by_context to 2026-05-17 00:00:00+00:00, run_after=2026-05-18 00:00:00+00:00
[2026-05-18T06:33:36.243+0000] {logging_mixin.py:190} INFO - [2026-05-18T06:33:36.242+0000] {dag.py:4180} INFO - Setting next_dagrun for dataset_with_extra_by_yield to 2026-05-17 00:00:00+00:00, run_after=2026-05-18 00:00:00+00:00
[2026-05-18T06:33:36.246+0000] {logging_mixin.py:190} INFO - [2026-05-18T06:33:36.246+0000] {dag.py:4180} INFO - Setting next_dagrun for dataset_with_extra_from_classic_operator to 2026-05-17 00:00:00+00:00, run_after=2026-05-18 00:00:00+00:00
[2026-05-18T06:33:36.297+0000] {processor.py:208} INFO - Processing /home/noelsdavid/airflow_venv/lib/python3.12/site-packages/airflow/example_dags/example_outlet_event_extra.py took 0.237 seconds
[2026-05-18T06:34:41.887+0000] {processor.py:186} INFO - Started process (PID=10237) to work on /home/noelsdavid/airflow_venv/lib/python3.12/site-packages/airflow/example_dags/example_outlet_event_extra.py
[2026-05-18T06:34:41.890+0000] {processor.py:914} INFO - Processing file /home/noelsdavid/airflow_venv/lib/python3.12/site-packages/airflow/example_dags/example_outlet_event_extra.py for tasks to queue
[2026-05-18T06:34:41.892+0000] {logging_mixin.py:190} INFO - [2026-05-18T06:34:41.891+0000] {dagbag.py:588} INFO - Filling up the DagBag from /home/noelsdavid/airflow_venv/lib/python3.12/site-packages/airflow/example_dags/example_outlet_event_extra.py
[2026-05-18T06:34:41.913+0000] {processor.py:925} INFO - DAG(s) 'dataset_with_extra_by_yield', 'dataset_with_extra_by_context', 'dataset_with_extra_from_classic_operator' retrieved from /home/noelsdavid/airflow_venv/lib/python3.12/site-packages/airflow/example_dags/example_outlet_event_extra.py
[2026-05-18T06:34:41.943+0000] {logging_mixin.py:190} INFO - [2026-05-18T06:34:41.943+0000] {dag.py:3239} INFO - Sync 3 DAGs
[2026-05-18T06:34:41.974+0000] {logging_mixin.py:190} INFO - [2026-05-18T06:34:41.973+0000] {dag.py:4180} INFO - Setting next_dagrun for dataset_with_extra_by_context to 2026-05-17 00:00:00+00:00, run_after=2026-05-18 00:00:00+00:00
[2026-05-18T06:34:41.980+0000] {logging_mixin.py:190} INFO - [2026-05-18T06:34:41.980+0000] {dag.py:4180} INFO - Setting next_dagrun for dataset_with_extra_by_yield to 2026-05-17 00:00:00+00:00, run_after=2026-05-18 00:00:00+00:00
[2026-05-18T06:34:41.983+0000] {logging_mixin.py:190} INFO - [2026-05-18T06:34:41.983+0000] {dag.py:4180} INFO - Setting next_dagrun for dataset_with_extra_from_classic_operator to 2026-05-17 00:00:00+00:00, run_after=2026-05-18 00:00:00+00:00
[2026-05-18T06:34:42.017+0000] {processor.py:208} INFO - Processing /home/noelsdavid/airflow_venv/lib/python3.12/site-packages/airflow/example_dags/example_outlet_event_extra.py took 0.138 seconds
[2026-05-18T06:35:45.940+0000] {processor.py:186} INFO - Started process (PID=10416) to work on /home/noelsdavid/airflow_venv/lib/python3.12/site-packages/airflow/example_dags/example_outlet_event_extra.py
[2026-05-18T06:35:45.955+0000] {processor.py:914} INFO - Processing file /home/noelsdavid/airflow_venv/lib/python3.12/site-packages/airflow/example_dags/example_outlet_event_extra.py for tasks to queue
[2026-05-18T06:35:45.957+0000] {logging_mixin.py:190} INFO - [2026-05-18T06:35:45.957+0000] {dagbag.py:588} INFO - Filling up the DagBag from /home/noelsdavid/airflow_venv/lib/python3.12/site-packages/airflow/example_dags/example_outlet_event_extra.py
[2026-05-18T06:35:45.977+0000] {processor.py:925} INFO - DAG(s) 'dataset_with_extra_from_classic_operator', 'dataset_with_extra_by_yield', 'dataset_with_extra_by_context' retrieved from /home/noelsdavid/airflow_venv/lib/python3.12/site-packages/airflow/example_dags/example_outlet_event_extra.py
[2026-05-18T06:35:46.005+0000] {logging_mixin.py:190} INFO - [2026-05-18T06:35:46.005+0000] {dag.py:3239} INFO - Sync 3 DAGs
[2026-05-18T06:35:46.035+0000] {logging_mixin.py:190} INFO - [2026-05-18T06:35:46.035+0000] {dag.py:4180} INFO - Setting next_dagrun for dataset_with_extra_by_context to 2026-05-17 00:00:00+00:00, run_after=2026-05-18 00:00:00+00:00
[2026-05-18T06:35:46.041+0000] {logging_mixin.py:190} INFO - [2026-05-18T06:35:46.041+0000] {dag.py:4180} INFO - Setting next_dagrun for dataset_with_extra_by_yield to 2026-05-17 00:00:00+00:00, run_after=2026-05-18 00:00:00+00:00
[2026-05-18T06:35:46.044+0000] {logging_mixin.py:190} INFO - [2026-05-18T06:35:46.043+0000] {dag.py:4180} INFO - Setting next_dagrun for dataset_with_extra_from_classic_operator to 2026-05-17 00:00:00+00:00, run_after=2026-05-18 00:00:00+00:00
[2026-05-18T06:35:46.079+0000] {processor.py:208} INFO - Processing /home/noelsdavid/airflow_venv/lib/python3.12/site-packages/airflow/example_dags/example_outlet_event_extra.py took 0.147 seconds
[2026-05-18T06:36:48.356+0000] {processor.py:186} INFO - Started process (PID=10626) to work on /home/noelsdavid/airflow_venv/lib/python3.12/site-packages/airflow/example_dags/example_outlet_event_extra.py
[2026-05-18T06:36:48.358+0000] {processor.py:914} INFO - Processing file /home/noelsdavid/airflow_venv/lib/python3.12/site-packages/airflow/example_dags/example_outlet_event_extra.py for tasks to queue
[2026-05-18T06:36:48.360+0000] {logging_mixin.py:190} INFO - [2026-05-18T06:36:48.360+0000] {dagbag.py:588} INFO - Filling up the DagBag from /home/noelsdavid/airflow_venv/lib/python3.12/site-packages/airflow/example_dags/example_outlet_event_extra.py
[2026-05-18T06:36:48.382+0000] {processor.py:925} INFO - DAG(s) 'dataset_with_extra_by_context', 'dataset_with_extra_by_yield', 'dataset_with_extra_from_classic_operator' retrieved from /home/noelsdavid/airflow_venv/lib/python3.12/site-packages/airflow/example_dags/example_outlet_event_extra.py
[2026-05-18T06:36:48.410+0000] {logging_mixin.py:190} INFO - [2026-05-18T06:36:48.410+0000] {dag.py:3239} INFO - Sync 3 DAGs
[2026-05-18T06:36:48.442+0000] {logging_mixin.py:190} INFO - [2026-05-18T06:36:48.441+0000] {dag.py:4180} INFO - Setting next_dagrun for dataset_with_extra_by_context to 2026-05-17 00:00:00+00:00, run_after=2026-05-18 00:00:00+00:00
[2026-05-18T06:36:48.447+0000] {logging_mixin.py:190} INFO - [2026-05-18T06:36:48.447+0000] {dag.py:4180} INFO - Setting next_dagrun for dataset_with_extra_by_yield to 2026-05-17 00:00:00+00:00, run_after=2026-05-18 00:00:00+00:00
[2026-05-18T06:36:48.450+0000] {logging_mixin.py:190} INFO - [2026-05-18T06:36:48.450+0000] {dag.py:4180} INFO - Setting next_dagrun for dataset_with_extra_from_classic_operator to 2026-05-17 00:00:00+00:00, run_after=2026-05-18 00:00:00+00:00
[2026-05-18T06:36:48.485+0000] {processor.py:208} INFO - Processing /home/noelsdavid/airflow_venv/lib/python3.12/site-packages/airflow/example_dags/example_outlet_event_extra.py took 0.137 seconds
[2026-05-18T06:37:53.404+0000] {processor.py:186} INFO - Started process (PID=10946) to work on /home/noelsdavid/airflow_venv/lib/python3.12/site-packages/airflow/example_dags/example_outlet_event_extra.py
[2026-05-18T06:37:53.406+0000] {processor.py:914} INFO - Processing file /home/noelsdavid/airflow_venv/lib/python3.12/site-packages/airflow/example_dags/example_outlet_event_extra.py for tasks to queue
[2026-05-18T06:37:53.408+0000] {logging_mixin.py:190} INFO - [2026-05-18T06:37:53.408+0000] {dagbag.py:588} INFO - Filling up the DagBag from /home/noelsdavid/airflow_venv/lib/python3.12/site-packages/airflow/example_dags/example_outlet_event_extra.py
[2026-05-18T06:37:53.428+0000] {processor.py:925} INFO - DAG(s) 'dataset_with_extra_by_yield', 'dataset_with_extra_from_classic_operator', 'dataset_with_extra_by_context' retrieved from /home/noelsdavid/airflow_venv/lib/python3.12/site-packages/airflow/example_dags/example_outlet_event_extra.py
[2026-05-18T06:37:53.457+0000] {logging_mixin.py:190} INFO - [2026-05-18T06:37:53.456+0000] {dag.py:3239} INFO - Sync 3 DAGs
[2026-05-18T06:37:53.485+0000] {logging_mixin.py:190} INFO - [2026-05-18T06:37:53.485+0000] {dag.py:4180} INFO - Setting next_dagrun for dataset_with_extra_by_context to 2026-05-17 00:00:00+00:00, run_after=2026-05-18 00:00:00+00:00
[2026-05-18T06:37:53.491+0000] {logging_mixin.py:190} INFO - [2026-05-18T06:37:53.491+0000] {dag.py:4180} INFO - Setting next_dagrun for dataset_with_extra_by_yield to 2026-05-17 00:00:00+00:00, run_after=2026-05-18 00:00:00+00:00
[2026-05-18T06:37:53.494+0000] {logging_mixin.py:190} INFO - [2026-05-18T06:37:53.493+0000] {dag.py:4180} INFO - Setting next_dagrun for dataset_with_extra_from_classic_operator to 2026-05-17 00:00:00+00:00, run_after=2026-05-18 00:00:00+00:00
[2026-05-18T06:37:53.526+0000] {processor.py:208} INFO - Processing /home/noelsdavid/airflow_venv/lib/python3.12/site-packages/airflow/example_dags/example_outlet_event_extra.py took 0.130 seconds
[2026-05-18T06:38:58.402+0000] {processor.py:186} INFO - Started process (PID=11199) to work on /home/noelsdavid/airflow_venv/lib/python3.12/site-packages/airflow/example_dags/example_outlet_event_extra.py
[2026-05-18T06:38:58.404+0000] {processor.py:914} INFO - Processing file /home/noelsdavid/airflow_venv/lib/python3.12/site-packages/airflow/example_dags/example_outlet_event_extra.py for tasks to queue
[2026-05-18T06:38:58.406+0000] {logging_mixin.py:190} INFO - [2026-05-18T06:38:58.405+0000] {dagbag.py:588} INFO - Filling up the DagBag from /home/noelsdavid/airflow_venv/lib/python3.12/site-packages/airflow/example_dags/example_outlet_event_extra.py
[2026-05-18T06:38:58.426+0000] {processor.py:925} INFO - DAG(s) 'dataset_with_extra_from_classic_operator', 'dataset_with_extra_by_yield', 'dataset_with_extra_by_context' retrieved from /home/noelsdavid/airflow_venv/lib/python3.12/site-packages/airflow/example_dags/example_outlet_event_extra.py
[2026-05-18T06:38:58.457+0000] {logging_mixin.py:190} INFO - [2026-05-18T06:38:58.456+0000] {dag.py:3239} INFO - Sync 3 DAGs
[2026-05-18T06:38:58.487+0000] {logging_mixin.py:190} INFO - [2026-05-18T06:38:58.487+0000] {dag.py:4180} INFO - Setting next_dagrun for dataset_with_extra_by_context to 2026-05-17 00:00:00+00:00, run_after=2026-05-18 00:00:00+00:00
[2026-05-18T06:38:58.492+0000] {logging_mixin.py:190} INFO - [2026-05-18T06:38:58.492+0000] {dag.py:4180} INFO - Setting next_dagrun for dataset_with_extra_by_yield to 2026-05-17 00:00:00+00:00, run_after=2026-05-18 00:00:00+00:00
[2026-05-18T06:38:58.495+0000] {logging_mixin.py:190} INFO - [2026-05-18T06:38:58.495+0000] {dag.py:4180} INFO - Setting next_dagrun for dataset_with_extra_from_classic_operator to 2026-05-17 00:00:00+00:00, run_after=2026-05-18 00:00:00+00:00
[2026-05-18T06:38:58.530+0000] {processor.py:208} INFO - Processing /home/noelsdavid/airflow_venv/lib/python3.12/site-packages/airflow/example_dags/example_outlet_event_extra.py took 0.136 seconds
[2026-05-18T06:40:03.975+0000] {processor.py:186} INFO - Started process (PID=11410) to work on /home/noelsdavid/airflow_venv/lib/python3.12/site-packages/airflow/example_dags/example_outlet_event_extra.py
[2026-05-18T06:40:03.978+0000] {processor.py:914} INFO - Processing file /home/noelsdavid/airflow_venv/lib/python3.12/site-packages/airflow/example_dags/example_outlet_event_extra.py for tasks to queue
[2026-05-18T06:40:03.979+0000] {logging_mixin.py:190} INFO - [2026-05-18T06:40:03.979+0000] {dagbag.py:588} INFO - Filling up the DagBag from /home/noelsdavid/airflow_venv/lib/python3.12/site-packages/airflow/example_dags/example_outlet_event_extra.py
[2026-05-18T06:40:04.002+0000] {processor.py:925} INFO - DAG(s) 'dataset_with_extra_from_classic_operator', 'dataset_with_extra_by_yield', 'dataset_with_extra_by_context' retrieved from /home/noelsdavid/airflow_venv/lib/python3.12/site-packages/airflow/example_dags/example_outlet_event_extra.py
[2026-05-18T06:40:04.033+0000] {logging_mixin.py:190} INFO - [2026-05-18T06:40:04.033+0000] {dag.py:3239} INFO - Sync 3 DAGs
[2026-05-18T06:40:04.062+0000] {logging_mixin.py:190} INFO - [2026-05-18T06:40:04.062+0000] {dag.py:4180} INFO - Setting next_dagrun for dataset_with_extra_by_context to 2026-05-17 00:00:00+00:00, run_after=2026-05-18 00:00:00+00:00
[2026-05-18T06:40:04.068+0000] {logging_mixin.py:190} INFO - [2026-05-18T06:40:04.068+0000] {dag.py:4180} INFO - Setting next_dagrun for dataset_with_extra_by_yield to 2026-05-17 00:00:00+00:00, run_after=2026-05-18 00:00:00+00:00
[2026-05-18T06:40:04.072+0000] {logging_mixin.py:190} INFO - [2026-05-18T06:40:04.072+0000] {dag.py:4180} INFO - Setting next_dagrun for dataset_with_extra_from_classic_operator to 2026-05-17 00:00:00+00:00, run_after=2026-05-18 00:00:00+00:00
[2026-05-18T06:40:04.108+0000] {processor.py:208} INFO - Processing /home/noelsdavid/airflow_venv/lib/python3.12/site-packages/airflow/example_dags/example_outlet_event_extra.py took 0.140 seconds
[2026-05-18T06:41:18.439+0000] {processor.py:186} INFO - Started process (PID=11776) to work on /home/noelsdavid/airflow_venv/lib/python3.12/site-packages/airflow/example_dags/example_outlet_event_extra.py
[2026-05-18T06:41:18.466+0000] {processor.py:914} INFO - Processing file /home/noelsdavid/airflow_venv/lib/python3.12/site-packages/airflow/example_dags/example_outlet_event_extra.py for tasks to queue
[2026-05-18T06:41:18.468+0000] {logging_mixin.py:190} INFO - [2026-05-18T06:41:18.467+0000] {dagbag.py:588} INFO - Filling up the DagBag from /home/noelsdavid/airflow_venv/lib/python3.12/site-packages/airflow/example_dags/example_outlet_event_extra.py
[2026-05-18T06:41:18.500+0000] {processor.py:925} INFO - DAG(s) 'dataset_with_extra_from_classic_operator', 'dataset_with_extra_by_yield', 'dataset_with_extra_by_context' retrieved from /home/noelsdavid/airflow_venv/lib/python3.12/site-packages/airflow/example_dags/example_outlet_event_extra.py
[2026-05-18T06:41:18.552+0000] {logging_mixin.py:190} INFO - [2026-05-18T06:41:18.549+0000] {dag.py:3239} INFO - Sync 3 DAGs
[2026-05-18T06:41:18.605+0000] {logging_mixin.py:190} INFO - [2026-05-18T06:41:18.605+0000] {dag.py:4180} INFO - Setting next_dagrun for dataset_with_extra_by_context to 2026-05-17 00:00:00+00:00, run_after=2026-05-18 00:00:00+00:00
[2026-05-18T06:41:18.615+0000] {logging_mixin.py:190} INFO - [2026-05-18T06:41:18.614+0000] {dag.py:4180} INFO - Setting next_dagrun for dataset_with_extra_by_yield to 2026-05-17 00:00:00+00:00, run_after=2026-05-18 00:00:00+00:00
[2026-05-18T06:41:18.621+0000] {logging_mixin.py:190} INFO - [2026-05-18T06:41:18.620+0000] {dag.py:4180} INFO - Setting next_dagrun for dataset_with_extra_from_classic_operator to 2026-05-17 00:00:00+00:00, run_after=2026-05-18 00:00:00+00:00
[2026-05-18T06:41:18.671+0000] {processor.py:208} INFO - Processing /home/noelsdavid/airflow_venv/lib/python3.12/site-packages/airflow/example_dags/example_outlet_event_extra.py took 0.244 seconds
[2026-05-18T06:42:30.447+0000] {processor.py:186} INFO - Started process (PID=12457) to work on /home/noelsdavid/airflow_venv/lib/python3.12/site-packages/airflow/example_dags/example_outlet_event_extra.py
[2026-05-18T06:42:30.450+0000] {processor.py:914} INFO - Processing file /home/noelsdavid/airflow_venv/lib/python3.12/site-packages/airflow/example_dags/example_outlet_event_extra.py for tasks to queue
[2026-05-18T06:42:30.452+0000] {logging_mixin.py:190} INFO - [2026-05-18T06:42:30.451+0000] {dagbag.py:588} INFO - Filling up the DagBag from /home/noelsdavid/airflow_venv/lib/python3.12/site-packages/airflow/example_dags/example_outlet_event_extra.py
[2026-05-18T06:42:30.476+0000] {processor.py:925} INFO - DAG(s) 'dataset_with_extra_by_context', 'dataset_with_extra_by_yield', 'dataset_with_extra_from_classic_operator' retrieved from /home/noelsdavid/airflow_venv/lib/python3.12/site-packages/airflow/example_dags/example_outlet_event_extra.py
[2026-05-18T06:42:30.506+0000] {logging_mixin.py:190} INFO - [2026-05-18T06:42:30.506+0000] {dag.py:3239} INFO - Sync 3 DAGs
[2026-05-18T06:42:30.543+0000] {logging_mixin.py:190} INFO - [2026-05-18T06:42:30.543+0000] {dag.py:4180} INFO - Setting next_dagrun for dataset_with_extra_by_context to 2026-05-17 00:00:00+00:00, run_after=2026-05-18 00:00:00+00:00
[2026-05-18T06:42:30.549+0000] {logging_mixin.py:190} INFO - [2026-05-18T06:42:30.549+0000] {dag.py:4180} INFO - Setting next_dagrun for dataset_with_extra_by_yield to 2026-05-17 00:00:00+00:00, run_after=2026-05-18 00:00:00+00:00
[2026-05-18T06:42:30.553+0000] {logging_mixin.py:190} INFO - [2026-05-18T06:42:30.553+0000] {dag.py:4180} INFO - Setting next_dagrun for dataset_with_extra_from_classic_operator to 2026-05-17 00:00:00+00:00, run_after=2026-05-18 00:00:00+00:00
[2026-05-18T06:42:30.595+0000] {processor.py:208} INFO - Processing /home/noelsdavid/airflow_venv/lib/python3.12/site-packages/airflow/example_dags/example_outlet_event_extra.py took 0.158 seconds
[2026-05-18T06:44:03.032+0000] {processor.py:186} INFO - Started process (PID=13013) to work on /home/noelsdavid/airflow_venv/lib/python3.12/site-packages/airflow/example_dags/example_outlet_event_extra.py
[2026-05-18T06:44:03.035+0000] {processor.py:914} INFO - Processing file /home/noelsdavid/airflow_venv/lib/python3.12/site-packages/airflow/example_dags/example_outlet_event_extra.py for tasks to queue
[2026-05-18T06:44:03.037+0000] {logging_mixin.py:190} INFO - [2026-05-18T06:44:03.036+0000] {dagbag.py:588} INFO - Filling up the DagBag from /home/noelsdavid/airflow_venv/lib/python3.12/site-packages/airflow/example_dags/example_outlet_event_extra.py
[2026-05-18T06:44:03.058+0000] {processor.py:925} INFO - DAG(s) 'dataset_with_extra_from_classic_operator', 'dataset_with_extra_by_yield', 'dataset_with_extra_by_context' retrieved from /home/noelsdavid/airflow_venv/lib/python3.12/site-packages/airflow/example_dags/example_outlet_event_extra.py
[2026-05-18T06:44:03.091+0000] {logging_mixin.py:190} INFO - [2026-05-18T06:44:03.091+0000] {dag.py:3239} INFO - Sync 3 DAGs
[2026-05-18T06:44:03.122+0000] {logging_mixin.py:190} INFO - [2026-05-18T06:44:03.121+0000] {dag.py:4180} INFO - Setting next_dagrun for dataset_with_extra_by_context to 2026-05-17 00:00:00+00:00, run_after=2026-05-18 00:00:00+00:00
[2026-05-18T06:44:03.128+0000] {logging_mixin.py:190} INFO - [2026-05-18T06:44:03.128+0000] {dag.py:4180} INFO - Setting next_dagrun for dataset_with_extra_by_yield to 2026-05-17 00:00:00+00:00, run_after=2026-05-18 00:00:00+00:00
[2026-05-18T06:44:03.131+0000] {logging_mixin.py:190} INFO - [2026-05-18T06:44:03.131+0000] {dag.py:4180} INFO - Setting next_dagrun for dataset_with_extra_from_classic_operator to 2026-05-17 00:00:00+00:00, run_after=2026-05-18 00:00:00+00:00
[2026-05-18T06:44:03.170+0000] {processor.py:208} INFO - Processing /home/noelsdavid/airflow_venv/lib/python3.12/site-packages/airflow/example_dags/example_outlet_event_extra.py took 0.148 seconds
[2026-05-18T06:45:19.692+0000] {processor.py:186} INFO - Started process (PID=13121) to work on /home/noelsdavid/airflow_venv/lib/python3.12/site-packages/airflow/example_dags/example_outlet_event_extra.py
[2026-05-18T06:45:19.695+0000] {processor.py:914} INFO - Processing file /home/noelsdavid/airflow_venv/lib/python3.12/site-packages/airflow/example_dags/example_outlet_event_extra.py for tasks to queue
[2026-05-18T06:45:19.697+0000] {logging_mixin.py:190} INFO - [2026-05-18T06:45:19.696+0000] {dagbag.py:588} INFO - Filling up the DagBag from /home/noelsdavid/airflow_venv/lib/python3.12/site-packages/airflow/example_dags/example_outlet_event_extra.py
[2026-05-18T06:45:19.720+0000] {processor.py:925} INFO - DAG(s) 'dataset_with_extra_from_classic_operator', 'dataset_with_extra_by_yield', 'dataset_with_extra_by_context' retrieved from /home/noelsdavid/airflow_venv/lib/python3.12/site-packages/airflow/example_dags/example_outlet_event_extra.py
[2026-05-18T06:45:19.749+0000] {logging_mixin.py:190} INFO - [2026-05-18T06:45:19.749+0000] {dag.py:3239} INFO - Sync 3 DAGs
[2026-05-18T06:45:19.778+0000] {logging_mixin.py:190} INFO - [2026-05-18T06:45:19.778+0000] {dag.py:4180} INFO - Setting next_dagrun for dataset_with_extra_by_context to 2026-05-17 00:00:00+00:00, run_after=2026-05-18 00:00:00+00:00
[2026-05-18T06:45:19.784+0000] {logging_mixin.py:190} INFO - [2026-05-18T06:45:19.784+0000] {dag.py:4180} INFO - Setting next_dagrun for dataset_with_extra_by_yield to 2026-05-17 00:00:00+00:00, run_after=2026-05-18 00:00:00+00:00
[2026-05-18T06:45:19.787+0000] {logging_mixin.py:190} INFO - [2026-05-18T06:45:19.786+0000] {dag.py:4180} INFO - Setting next_dagrun for dataset_with_extra_from_classic_operator to 2026-05-17 00:00:00+00:00, run_after=2026-05-18 00:00:00+00:00
[2026-05-18T06:45:19.818+0000] {processor.py:208} INFO - Processing /home/noelsdavid/airflow_venv/lib/python3.12/site-packages/airflow/example_dags/example_outlet_event_extra.py took 0.135 seconds
[2026-05-18T06:46:31.461+0000] {processor.py:186} INFO - Started process (PID=13199) to work on /home/noelsdavid/airflow_venv/lib/python3.12/site-packages/airflow/example_dags/example_outlet_event_extra.py
[2026-05-18T06:46:31.463+0000] {processor.py:914} INFO - Processing file /home/noelsdavid/airflow_venv/lib/python3.12/site-packages/airflow/example_dags/example_outlet_event_extra.py for tasks to queue
[2026-05-18T06:46:31.465+0000] {logging_mixin.py:190} INFO - [2026-05-18T06:46:31.465+0000] {dagbag.py:588} INFO - Filling up the DagBag from /home/noelsdavid/airflow_venv/lib/python3.12/site-packages/airflow/example_dags/example_outlet_event_extra.py
[2026-05-18T06:46:31.487+0000] {processor.py:925} INFO - DAG(s) 'dataset_with_extra_by_context', 'dataset_with_extra_by_yield', 'dataset_with_extra_from_classic_operator' retrieved from /home/noelsdavid/airflow_venv/lib/python3.12/site-packages/airflow/example_dags/example_outlet_event_extra.py
[2026-05-18T06:46:31.516+0000] {logging_mixin.py:190} INFO - [2026-05-18T06:46:31.516+0000] {dag.py:3239} INFO - Sync 3 DAGs
[2026-05-18T06:46:31.546+0000] {logging_mixin.py:190} INFO - [2026-05-18T06:46:31.546+0000] {dag.py:4180} INFO - Setting next_dagrun for dataset_with_extra_by_context to 2026-05-17 00:00:00+00:00, run_after=2026-05-18 00:00:00+00:00
[2026-05-18T06:46:31.552+0000] {logging_mixin.py:190} INFO - [2026-05-18T06:46:31.552+0000] {dag.py:4180} INFO - Setting next_dagrun for dataset_with_extra_by_yield to 2026-05-17 00:00:00+00:00, run_after=2026-05-18 00:00:00+00:00
[2026-05-18T06:46:31.555+0000] {logging_mixin.py:190} INFO - [2026-05-18T06:46:31.554+0000] {dag.py:4180} INFO - Setting next_dagrun for dataset_with_extra_from_classic_operator to 2026-05-17 00:00:00+00:00, run_after=2026-05-18 00:00:00+00:00
[2026-05-18T06:46:31.590+0000] {processor.py:208} INFO - Processing /home/noelsdavid/airflow_venv/lib/python3.12/site-packages/airflow/example_dags/example_outlet_event_extra.py took 0.140 seconds
[2026-05-18T06:47:40.355+0000] {processor.py:186} INFO - Started process (PID=13275) to work on /home/noelsdavid/airflow_venv/lib/python3.12/site-packages/airflow/example_dags/example_outlet_event_extra.py
[2026-05-18T06:47:40.357+0000] {processor.py:914} INFO - Processing file /home/noelsdavid/airflow_venv/lib/python3.12/site-packages/airflow/example_dags/example_outlet_event_extra.py for tasks to queue
[2026-05-18T06:47:40.359+0000] {logging_mixin.py:190} INFO - [2026-05-18T06:47:40.358+0000] {dagbag.py:588} INFO - Filling up the DagBag from /home/noelsdavid/airflow_venv/lib/python3.12/site-packages/airflow/example_dags/example_outlet_event_extra.py
[2026-05-18T06:47:40.380+0000] {processor.py:925} INFO - DAG(s) 'dataset_with_extra_from_classic_operator', 'dataset_with_extra_by_yield', 'dataset_with_extra_by_context' retrieved from /home/noelsdavid/airflow_venv/lib/python3.12/site-packages/airflow/example_dags/example_outlet_event_extra.py
[2026-05-18T06:47:40.409+0000] {logging_mixin.py:190} INFO - [2026-05-18T06:47:40.409+0000] {dag.py:3239} INFO - Sync 3 DAGs
[2026-05-18T06:47:40.439+0000] {logging_mixin.py:190} INFO - [2026-05-18T06:47:40.439+0000] {dag.py:4180} INFO - Setting next_dagrun for dataset_with_extra_by_context to 2026-05-17 00:00:00+00:00, run_after=2026-05-18 00:00:00+00:00
[2026-05-18T06:47:40.446+0000] {logging_mixin.py:190} INFO - [2026-05-18T06:47:40.446+0000] {dag.py:4180} INFO - Setting next_dagrun for dataset_with_extra_by_yield to 2026-05-17 00:00:00+00:00, run_after=2026-05-18 00:00:00+00:00
[2026-05-18T06:47:40.449+0000] {logging_mixin.py:190} INFO - [2026-05-18T06:47:40.449+0000] {dag.py:4180} INFO - Setting next_dagrun for dataset_with_extra_from_classic_operator to 2026-05-17 00:00:00+00:00, run_after=2026-05-18 00:00:00+00:00
[2026-05-18T06:47:40.483+0000] {processor.py:208} INFO - Processing /home/noelsdavid/airflow_venv/lib/python3.12/site-packages/airflow/example_dags/example_outlet_event_extra.py took 0.137 seconds
[2026-05-18T06:48:43.489+0000] {processor.py:186} INFO - Started process (PID=13347) to work on /home/noelsdavid/airflow_venv/lib/python3.12/site-packages/airflow/example_dags/example_outlet_event_extra.py
[2026-05-18T06:48:43.492+0000] {processor.py:914} INFO - Processing file /home/noelsdavid/airflow_venv/lib/python3.12/site-packages/airflow/example_dags/example_outlet_event_extra.py for tasks to queue
[2026-05-18T06:48:43.494+0000] {logging_mixin.py:190} INFO - [2026-05-18T06:48:43.493+0000] {dagbag.py:588} INFO - Filling up the DagBag from /home/noelsdavid/airflow_venv/lib/python3.12/site-packages/airflow/example_dags/example_outlet_event_extra.py
[2026-05-18T06:48:43.514+0000] {processor.py:925} INFO - DAG(s) 'dataset_with_extra_from_classic_operator', 'dataset_with_extra_by_yield', 'dataset_with_extra_by_context' retrieved from /home/noelsdavid/airflow_venv/lib/python3.12/site-packages/airflow/example_dags/example_outlet_event_extra.py
[2026-05-18T06:48:43.540+0000] {logging_mixin.py:190} INFO - [2026-05-18T06:48:43.540+0000] {dag.py:3239} INFO - Sync 3 DAGs
[2026-05-18T06:48:43.572+0000] {logging_mixin.py:190} INFO - [2026-05-18T06:48:43.571+0000] {dag.py:4180} INFO - Setting next_dagrun for dataset_with_extra_by_context to 2026-05-17 00:00:00+00:00, run_after=2026-05-18 00:00:00+00:00
[2026-05-18T06:48:43.578+0000] {logging_mixin.py:190} INFO - [2026-05-18T06:48:43.577+0000] {dag.py:4180} INFO - Setting next_dagrun for dataset_with_extra_by_yield to 2026-05-17 00:00:00+00:00, run_after=2026-05-18 00:00:00+00:00
[2026-05-18T06:48:43.581+0000] {logging_mixin.py:190} INFO - [2026-05-18T06:48:43.580+0000] {dag.py:4180} INFO - Setting next_dagrun for dataset_with_extra_from_classic_operator to 2026-05-17 00:00:00+00:00, run_after=2026-05-18 00:00:00+00:00
[2026-05-18T06:48:43.614+0000] {processor.py:208} INFO - Processing /home/noelsdavid/airflow_venv/lib/python3.12/site-packages/airflow/example_dags/example_outlet_event_extra.py took 0.133 seconds
[2026-05-18T06:49:48.951+0000] {processor.py:186} INFO - Started process (PID=13446) to work on /home/noelsdavid/airflow_venv/lib/python3.12/site-packages/airflow/example_dags/example_outlet_event_extra.py
[2026-05-18T06:49:48.954+0000] {processor.py:914} INFO - Processing file /home/noelsdavid/airflow_venv/lib/python3.12/site-packages/airflow/example_dags/example_outlet_event_extra.py for tasks to queue
[2026-05-18T06:49:48.956+0000] {logging_mixin.py:190} INFO - [2026-05-18T06:49:48.955+0000] {dagbag.py:588} INFO - Filling up the DagBag from /home/noelsdavid/airflow_venv/lib/python3.12/site-packages/airflow/example_dags/example_outlet_event_extra.py
[2026-05-18T06:49:48.976+0000] {processor.py:925} INFO - DAG(s) 'dataset_with_extra_by_yield', 'dataset_with_extra_from_classic_operator', 'dataset_with_extra_by_context' retrieved from /home/noelsdavid/airflow_venv/lib/python3.12/site-packages/airflow/example_dags/example_outlet_event_extra.py
[2026-05-18T06:49:49.003+0000] {logging_mixin.py:190} INFO - [2026-05-18T06:49:49.003+0000] {dag.py:3239} INFO - Sync 3 DAGs
[2026-05-18T06:49:49.032+0000] {logging_mixin.py:190} INFO - [2026-05-18T06:49:49.032+0000] {dag.py:4180} INFO - Setting next_dagrun for dataset_with_extra_by_context to 2026-05-17 00:00:00+00:00, run_after=2026-05-18 00:00:00+00:00
[2026-05-18T06:49:49.038+0000] {logging_mixin.py:190} INFO - [2026-05-18T06:49:49.037+0000] {dag.py:4180} INFO - Setting next_dagrun for dataset_with_extra_by_yield to 2026-05-17 00:00:00+00:00, run_after=2026-05-18 00:00:00+00:00
[2026-05-18T06:49:49.040+0000] {logging_mixin.py:190} INFO - [2026-05-18T06:49:49.040+0000] {dag.py:4180} INFO - Setting next_dagrun for dataset_with_extra_from_classic_operator to 2026-05-17 00:00:00+00:00, run_after=2026-05-18 00:00:00+00:00
[2026-05-18T06:49:49.075+0000] {processor.py:208} INFO - Processing /home/noelsdavid/airflow_venv/lib/python3.12/site-packages/airflow/example_dags/example_outlet_event_extra.py took 0.133 seconds
