[2026-05-18T06:00:29.798+0000] {processor.py:186} INFO - Started process (PID=6910) to work on /home/noelsdavid/airflow_venv/lib/python3.12/site-packages/airflow/example_dags/example_short_circuit_decorator.py
[2026-05-18T06:00:29.799+0000] {processor.py:914} INFO - Processing file /home/noelsdavid/airflow_venv/lib/python3.12/site-packages/airflow/example_dags/example_short_circuit_decorator.py for tasks to queue
[2026-05-18T06:00:29.802+0000] {logging_mixin.py:190} INFO - [2026-05-18T06:00:29.801+0000] {dagbag.py:588} INFO - Filling up the DagBag from /home/noelsdavid/airflow_venv/lib/python3.12/site-packages/airflow/example_dags/example_short_circuit_decorator.py
[2026-05-18T06:00:29.814+0000] {processor.py:925} INFO - DAG(s) 'example_short_circuit_decorator' retrieved from /home/noelsdavid/airflow_venv/lib/python3.12/site-packages/airflow/example_dags/example_short_circuit_decorator.py
[2026-05-18T06:00:29.953+0000] {logging_mixin.py:190} INFO - [2026-05-18T06:00:29.952+0000] {override.py:1911} INFO - Created Permission View: can edit on DAG:example_short_circuit_decorator
[2026-05-18T06:00:29.970+0000] {logging_mixin.py:190} INFO - [2026-05-18T06:00:29.970+0000] {override.py:1911} INFO - Created Permission View: can delete on DAG:example_short_circuit_decorator
[2026-05-18T06:00:29.983+0000] {logging_mixin.py:190} INFO - [2026-05-18T06:00:29.983+0000] {override.py:1911} INFO - Created Permission View: can read on DAG:example_short_circuit_decorator
[2026-05-18T06:00:30.006+0000] {logging_mixin.py:190} INFO - [2026-05-18T06:00:30.005+0000] {override.py:1911} INFO - Created Permission View: can delete on DAG Run:example_short_circuit_decorator
[2026-05-18T06:00:30.019+0000] {logging_mixin.py:190} INFO - [2026-05-18T06:00:30.019+0000] {override.py:1911} INFO - Created Permission View: menu access on DAG Run:example_short_circuit_decorator
[2026-05-18T06:00:30.033+0000] {logging_mixin.py:190} INFO - [2026-05-18T06:00:30.032+0000] {override.py:1911} INFO - Created Permission View: can create on DAG Run:example_short_circuit_decorator
[2026-05-18T06:00:30.047+0000] {logging_mixin.py:190} INFO - [2026-05-18T06:00:30.046+0000] {override.py:1911} INFO - Created Permission View: can read on DAG Run:example_short_circuit_decorator
[2026-05-18T06:00:30.047+0000] {logging_mixin.py:190} INFO - [2026-05-18T06:00:30.047+0000] {dag.py:3239} INFO - Sync 1 DAGs
[2026-05-18T06:00:30.062+0000] {logging_mixin.py:190} INFO - [2026-05-18T06:00:30.061+0000] {dag.py:3262} INFO - Creating ORM DAG for example_short_circuit_decorator
[2026-05-18T06:00:30.063+0000] {logging_mixin.py:190} INFO - [2026-05-18T06:00:30.063+0000] {dag.py:4180} INFO - Setting next_dagrun for example_short_circuit_decorator to None, run_after=None
[2026-05-18T06:00:30.092+0000] {processor.py:208} INFO - Processing /home/noelsdavid/airflow_venv/lib/python3.12/site-packages/airflow/example_dags/example_short_circuit_decorator.py took 0.301 seconds
[2026-05-18T06:01:39.283+0000] {processor.py:186} INFO - Started process (PID=6969) to work on /home/noelsdavid/airflow_venv/lib/python3.12/site-packages/airflow/example_dags/example_short_circuit_decorator.py
[2026-05-18T06:01:39.285+0000] {processor.py:914} INFO - Processing file /home/noelsdavid/airflow_venv/lib/python3.12/site-packages/airflow/example_dags/example_short_circuit_decorator.py for tasks to queue
[2026-05-18T06:01:39.288+0000] {logging_mixin.py:190} INFO - [2026-05-18T06:01:39.288+0000] {dagbag.py:588} INFO - Filling up the DagBag from /home/noelsdavid/airflow_venv/lib/python3.12/site-packages/airflow/example_dags/example_short_circuit_decorator.py
[2026-05-18T06:01:39.301+0000] {processor.py:925} INFO - DAG(s) 'example_short_circuit_decorator' retrieved from /home/noelsdavid/airflow_venv/lib/python3.12/site-packages/airflow/example_dags/example_short_circuit_decorator.py
[2026-05-18T06:01:39.326+0000] {logging_mixin.py:190} INFO - [2026-05-18T06:01:39.325+0000] {dag.py:3239} INFO - Sync 1 DAGs
[2026-05-18T06:01:39.341+0000] {logging_mixin.py:190} INFO - [2026-05-18T06:01:39.341+0000] {dag.py:4180} INFO - Setting next_dagrun for example_short_circuit_decorator to None, run_after=None
[2026-05-18T06:01:39.372+0000] {processor.py:208} INFO - Processing /home/noelsdavid/airflow_venv/lib/python3.12/site-packages/airflow/example_dags/example_short_circuit_decorator.py took 0.096 seconds
[2026-05-18T06:02:39.372+0000] {processor.py:186} INFO - Started process (PID=7029) to work on /home/noelsdavid/airflow_venv/lib/python3.12/site-packages/airflow/example_dags/example_short_circuit_decorator.py
[2026-05-18T06:02:39.374+0000] {processor.py:914} INFO - Processing file /home/noelsdavid/airflow_venv/lib/python3.12/site-packages/airflow/example_dags/example_short_circuit_decorator.py for tasks to queue
[2026-05-18T06:02:39.377+0000] {logging_mixin.py:190} INFO - [2026-05-18T06:02:39.376+0000] {dagbag.py:588} INFO - Filling up the DagBag from /home/noelsdavid/airflow_venv/lib/python3.12/site-packages/airflow/example_dags/example_short_circuit_decorator.py
[2026-05-18T06:02:39.391+0000] {processor.py:925} INFO - DAG(s) 'example_short_circuit_decorator' retrieved from /home/noelsdavid/airflow_venv/lib/python3.12/site-packages/airflow/example_dags/example_short_circuit_decorator.py
[2026-05-18T06:02:39.418+0000] {logging_mixin.py:190} INFO - [2026-05-18T06:02:39.417+0000] {dag.py:3239} INFO - Sync 1 DAGs
[2026-05-18T06:02:39.436+0000] {logging_mixin.py:190} INFO - [2026-05-18T06:02:39.436+0000] {dag.py:4180} INFO - Setting next_dagrun for example_short_circuit_decorator to None, run_after=None
[2026-05-18T06:02:39.468+0000] {processor.py:208} INFO - Processing /home/noelsdavid/airflow_venv/lib/python3.12/site-packages/airflow/example_dags/example_short_circuit_decorator.py took 0.103 seconds
[2026-05-18T06:03:38.707+0000] {processor.py:186} INFO - Started process (PID=7088) to work on /home/noelsdavid/airflow_venv/lib/python3.12/site-packages/airflow/example_dags/example_short_circuit_decorator.py
[2026-05-18T06:03:38.715+0000] {processor.py:914} INFO - Processing file /home/noelsdavid/airflow_venv/lib/python3.12/site-packages/airflow/example_dags/example_short_circuit_decorator.py for tasks to queue
[2026-05-18T06:03:38.718+0000] {logging_mixin.py:190} INFO - [2026-05-18T06:03:38.717+0000] {dagbag.py:588} INFO - Filling up the DagBag from /home/noelsdavid/airflow_venv/lib/python3.12/site-packages/airflow/example_dags/example_short_circuit_decorator.py
[2026-05-18T06:03:38.731+0000] {processor.py:925} INFO - DAG(s) 'example_short_circuit_decorator' retrieved from /home/noelsdavid/airflow_venv/lib/python3.12/site-packages/airflow/example_dags/example_short_circuit_decorator.py
[2026-05-18T06:03:38.756+0000] {logging_mixin.py:190} INFO - [2026-05-18T06:03:38.756+0000] {dag.py:3239} INFO - Sync 1 DAGs
[2026-05-18T06:03:38.771+0000] {logging_mixin.py:190} INFO - [2026-05-18T06:03:38.771+0000] {dag.py:4180} INFO - Setting next_dagrun for example_short_circuit_decorator to None, run_after=None
[2026-05-18T06:03:38.801+0000] {processor.py:208} INFO - Processing /home/noelsdavid/airflow_venv/lib/python3.12/site-packages/airflow/example_dags/example_short_circuit_decorator.py took 0.101 seconds
[2026-05-18T06:04:39.210+0000] {processor.py:186} INFO - Started process (PID=7146) to work on /home/noelsdavid/airflow_venv/lib/python3.12/site-packages/airflow/example_dags/example_short_circuit_decorator.py
[2026-05-18T06:04:39.213+0000] {processor.py:914} INFO - Processing file /home/noelsdavid/airflow_venv/lib/python3.12/site-packages/airflow/example_dags/example_short_circuit_decorator.py for tasks to queue
[2026-05-18T06:04:39.216+0000] {logging_mixin.py:190} INFO - [2026-05-18T06:04:39.215+0000] {dagbag.py:588} INFO - Filling up the DagBag from /home/noelsdavid/airflow_venv/lib/python3.12/site-packages/airflow/example_dags/example_short_circuit_decorator.py
[2026-05-18T06:04:39.230+0000] {processor.py:925} INFO - DAG(s) 'example_short_circuit_decorator' retrieved from /home/noelsdavid/airflow_venv/lib/python3.12/site-packages/airflow/example_dags/example_short_circuit_decorator.py
[2026-05-18T06:04:39.255+0000] {logging_mixin.py:190} INFO - [2026-05-18T06:04:39.254+0000] {dag.py:3239} INFO - Sync 1 DAGs
[2026-05-18T06:04:39.271+0000] {logging_mixin.py:190} INFO - [2026-05-18T06:04:39.271+0000] {dag.py:4180} INFO - Setting next_dagrun for example_short_circuit_decorator to None, run_after=None
[2026-05-18T06:04:39.301+0000] {processor.py:208} INFO - Processing /home/noelsdavid/airflow_venv/lib/python3.12/site-packages/airflow/example_dags/example_short_circuit_decorator.py took 0.099 seconds
[2026-05-18T06:05:51.554+0000] {processor.py:186} INFO - Started process (PID=7237) to work on /home/noelsdavid/airflow_venv/lib/python3.12/site-packages/airflow/example_dags/example_short_circuit_decorator.py
[2026-05-18T06:05:51.568+0000] {processor.py:914} INFO - Processing file /home/noelsdavid/airflow_venv/lib/python3.12/site-packages/airflow/example_dags/example_short_circuit_decorator.py for tasks to queue
[2026-05-18T06:05:51.788+0000] {logging_mixin.py:190} INFO - [2026-05-18T06:05:51.788+0000] {dagbag.py:588} INFO - Filling up the DagBag from /home/noelsdavid/airflow_venv/lib/python3.12/site-packages/airflow/example_dags/example_short_circuit_decorator.py
[2026-05-18T06:05:51.797+0000] {processor.py:925} INFO - DAG(s) 'example_short_circuit_decorator' retrieved from /home/noelsdavid/airflow_venv/lib/python3.12/site-packages/airflow/example_dags/example_short_circuit_decorator.py
[2026-05-18T06:05:51.817+0000] {logging_mixin.py:190} INFO - [2026-05-18T06:05:51.817+0000] {dag.py:3239} INFO - Sync 1 DAGs
[2026-05-18T06:05:51.831+0000] {logging_mixin.py:190} INFO - [2026-05-18T06:05:51.831+0000] {dag.py:4180} INFO - Setting next_dagrun for example_short_circuit_decorator to None, run_after=None
[2026-05-18T06:05:51.862+0000] {processor.py:208} INFO - Processing /home/noelsdavid/airflow_venv/lib/python3.12/site-packages/airflow/example_dags/example_short_circuit_decorator.py took 0.316 seconds
[2026-05-18T06:06:52.920+0000] {processor.py:186} INFO - Started process (PID=7298) to work on /home/noelsdavid/airflow_venv/lib/python3.12/site-packages/airflow/example_dags/example_short_circuit_decorator.py
[2026-05-18T06:06:52.923+0000] {processor.py:914} INFO - Processing file /home/noelsdavid/airflow_venv/lib/python3.12/site-packages/airflow/example_dags/example_short_circuit_decorator.py for tasks to queue
[2026-05-18T06:06:52.927+0000] {logging_mixin.py:190} INFO - [2026-05-18T06:06:52.927+0000] {dagbag.py:588} INFO - Filling up the DagBag from /home/noelsdavid/airflow_venv/lib/python3.12/site-packages/airflow/example_dags/example_short_circuit_decorator.py
[2026-05-18T06:06:52.945+0000] {processor.py:925} INFO - DAG(s) 'example_short_circuit_decorator' retrieved from /home/noelsdavid/airflow_venv/lib/python3.12/site-packages/airflow/example_dags/example_short_circuit_decorator.py
[2026-05-18T06:06:52.971+0000] {logging_mixin.py:190} INFO - [2026-05-18T06:06:52.970+0000] {dag.py:3239} INFO - Sync 1 DAGs
[2026-05-18T06:06:52.987+0000] {logging_mixin.py:190} INFO - [2026-05-18T06:06:52.987+0000] {dag.py:4180} INFO - Setting next_dagrun for example_short_circuit_decorator to None, run_after=None
[2026-05-18T06:06:53.025+0000] {processor.py:208} INFO - Processing /home/noelsdavid/airflow_venv/lib/python3.12/site-packages/airflow/example_dags/example_short_circuit_decorator.py took 0.112 seconds
[2026-05-18T06:07:49.385+0000] {processor.py:186} INFO - Started process (PID=7356) to work on /home/noelsdavid/airflow_venv/lib/python3.12/site-packages/airflow/example_dags/example_short_circuit_decorator.py
[2026-05-18T06:07:49.389+0000] {processor.py:914} INFO - Processing file /home/noelsdavid/airflow_venv/lib/python3.12/site-packages/airflow/example_dags/example_short_circuit_decorator.py for tasks to queue
[2026-05-18T06:07:49.395+0000] {logging_mixin.py:190} INFO - [2026-05-18T06:07:49.394+0000] {dagbag.py:588} INFO - Filling up the DagBag from /home/noelsdavid/airflow_venv/lib/python3.12/site-packages/airflow/example_dags/example_short_circuit_decorator.py
[2026-05-18T06:07:49.420+0000] {processor.py:925} INFO - DAG(s) 'example_short_circuit_decorator' retrieved from /home/noelsdavid/airflow_venv/lib/python3.12/site-packages/airflow/example_dags/example_short_circuit_decorator.py
[2026-05-18T06:07:49.458+0000] {logging_mixin.py:190} INFO - [2026-05-18T06:07:49.457+0000] {dag.py:3239} INFO - Sync 1 DAGs
[2026-05-18T06:07:49.493+0000] {logging_mixin.py:190} INFO - [2026-05-18T06:07:49.493+0000] {dag.py:4180} INFO - Setting next_dagrun for example_short_circuit_decorator to None, run_after=None
[2026-05-18T06:07:49.554+0000] {processor.py:208} INFO - Processing /home/noelsdavid/airflow_venv/lib/python3.12/site-packages/airflow/example_dags/example_short_circuit_decorator.py took 0.179 seconds
[2026-05-18T06:08:57.082+0000] {processor.py:186} INFO - Started process (PID=7419) to work on /home/noelsdavid/airflow_venv/lib/python3.12/site-packages/airflow/example_dags/example_short_circuit_decorator.py
[2026-05-18T06:08:57.084+0000] {processor.py:914} INFO - Processing file /home/noelsdavid/airflow_venv/lib/python3.12/site-packages/airflow/example_dags/example_short_circuit_decorator.py for tasks to queue
[2026-05-18T06:08:57.088+0000] {logging_mixin.py:190} INFO - [2026-05-18T06:08:57.087+0000] {dagbag.py:588} INFO - Filling up the DagBag from /home/noelsdavid/airflow_venv/lib/python3.12/site-packages/airflow/example_dags/example_short_circuit_decorator.py
[2026-05-18T06:08:57.102+0000] {processor.py:925} INFO - DAG(s) 'example_short_circuit_decorator' retrieved from /home/noelsdavid/airflow_venv/lib/python3.12/site-packages/airflow/example_dags/example_short_circuit_decorator.py
[2026-05-18T06:08:57.128+0000] {logging_mixin.py:190} INFO - [2026-05-18T06:08:57.127+0000] {dag.py:3239} INFO - Sync 1 DAGs
[2026-05-18T06:08:57.145+0000] {logging_mixin.py:190} INFO - [2026-05-18T06:08:57.145+0000] {dag.py:4180} INFO - Setting next_dagrun for example_short_circuit_decorator to None, run_after=None
[2026-05-18T06:08:57.176+0000] {processor.py:208} INFO - Processing /home/noelsdavid/airflow_venv/lib/python3.12/site-packages/airflow/example_dags/example_short_circuit_decorator.py took 0.102 seconds
[2026-05-18T06:09:59.631+0000] {processor.py:186} INFO - Started process (PID=7478) to work on /home/noelsdavid/airflow_venv/lib/python3.12/site-packages/airflow/example_dags/example_short_circuit_decorator.py
[2026-05-18T06:09:59.633+0000] {processor.py:914} INFO - Processing file /home/noelsdavid/airflow_venv/lib/python3.12/site-packages/airflow/example_dags/example_short_circuit_decorator.py for tasks to queue
[2026-05-18T06:09:59.638+0000] {logging_mixin.py:190} INFO - [2026-05-18T06:09:59.637+0000] {dagbag.py:588} INFO - Filling up the DagBag from /home/noelsdavid/airflow_venv/lib/python3.12/site-packages/airflow/example_dags/example_short_circuit_decorator.py
[2026-05-18T06:09:59.652+0000] {processor.py:925} INFO - DAG(s) 'example_short_circuit_decorator' retrieved from /home/noelsdavid/airflow_venv/lib/python3.12/site-packages/airflow/example_dags/example_short_circuit_decorator.py
[2026-05-18T06:09:59.678+0000] {logging_mixin.py:190} INFO - [2026-05-18T06:09:59.677+0000] {dag.py:3239} INFO - Sync 1 DAGs
[2026-05-18T06:09:59.695+0000] {logging_mixin.py:190} INFO - [2026-05-18T06:09:59.695+0000] {dag.py:4180} INFO - Setting next_dagrun for example_short_circuit_decorator to None, run_after=None
[2026-05-18T06:09:59.728+0000] {processor.py:208} INFO - Processing /home/noelsdavid/airflow_venv/lib/python3.12/site-packages/airflow/example_dags/example_short_circuit_decorator.py took 0.105 seconds
[2026-05-18T06:10:58.727+0000] {processor.py:186} INFO - Started process (PID=7561) to work on /home/noelsdavid/airflow_venv/lib/python3.12/site-packages/airflow/example_dags/example_short_circuit_decorator.py
[2026-05-18T06:10:58.730+0000] {processor.py:914} INFO - Processing file /home/noelsdavid/airflow_venv/lib/python3.12/site-packages/airflow/example_dags/example_short_circuit_decorator.py for tasks to queue
[2026-05-18T06:10:58.735+0000] {logging_mixin.py:190} INFO - [2026-05-18T06:10:58.734+0000] {dagbag.py:588} INFO - Filling up the DagBag from /home/noelsdavid/airflow_venv/lib/python3.12/site-packages/airflow/example_dags/example_short_circuit_decorator.py
[2026-05-18T06:10:58.749+0000] {processor.py:925} INFO - DAG(s) 'example_short_circuit_decorator' retrieved from /home/noelsdavid/airflow_venv/lib/python3.12/site-packages/airflow/example_dags/example_short_circuit_decorator.py
[2026-05-18T06:10:58.775+0000] {logging_mixin.py:190} INFO - [2026-05-18T06:10:58.775+0000] {dag.py:3239} INFO - Sync 1 DAGs
[2026-05-18T06:10:58.792+0000] {logging_mixin.py:190} INFO - [2026-05-18T06:10:58.791+0000] {dag.py:4180} INFO - Setting next_dagrun for example_short_circuit_decorator to None, run_after=None
[2026-05-18T06:10:58.822+0000] {processor.py:208} INFO - Processing /home/noelsdavid/airflow_venv/lib/python3.12/site-packages/airflow/example_dags/example_short_circuit_decorator.py took 0.103 seconds
[2026-05-18T06:11:58.787+0000] {processor.py:186} INFO - Started process (PID=7621) to work on /home/noelsdavid/airflow_venv/lib/python3.12/site-packages/airflow/example_dags/example_short_circuit_decorator.py
[2026-05-18T06:11:58.808+0000] {processor.py:914} INFO - Processing file /home/noelsdavid/airflow_venv/lib/python3.12/site-packages/airflow/example_dags/example_short_circuit_decorator.py for tasks to queue
[2026-05-18T06:11:58.812+0000] {logging_mixin.py:190} INFO - [2026-05-18T06:11:58.812+0000] {dagbag.py:588} INFO - Filling up the DagBag from /home/noelsdavid/airflow_venv/lib/python3.12/site-packages/airflow/example_dags/example_short_circuit_decorator.py
[2026-05-18T06:11:58.827+0000] {processor.py:925} INFO - DAG(s) 'example_short_circuit_decorator' retrieved from /home/noelsdavid/airflow_venv/lib/python3.12/site-packages/airflow/example_dags/example_short_circuit_decorator.py
[2026-05-18T06:11:58.852+0000] {logging_mixin.py:190} INFO - [2026-05-18T06:11:58.852+0000] {dag.py:3239} INFO - Sync 1 DAGs
[2026-05-18T06:11:58.869+0000] {logging_mixin.py:190} INFO - [2026-05-18T06:11:58.869+0000] {dag.py:4180} INFO - Setting next_dagrun for example_short_circuit_decorator to None, run_after=None
[2026-05-18T06:11:58.900+0000] {processor.py:208} INFO - Processing /home/noelsdavid/airflow_venv/lib/python3.12/site-packages/airflow/example_dags/example_short_circuit_decorator.py took 0.121 seconds
[2026-05-18T06:12:57.461+0000] {processor.py:186} INFO - Started process (PID=7679) to work on /home/noelsdavid/airflow_venv/lib/python3.12/site-packages/airflow/example_dags/example_short_circuit_decorator.py
[2026-05-18T06:12:57.463+0000] {processor.py:914} INFO - Processing file /home/noelsdavid/airflow_venv/lib/python3.12/site-packages/airflow/example_dags/example_short_circuit_decorator.py for tasks to queue
[2026-05-18T06:12:57.467+0000] {logging_mixin.py:190} INFO - [2026-05-18T06:12:57.467+0000] {dagbag.py:588} INFO - Filling up the DagBag from /home/noelsdavid/airflow_venv/lib/python3.12/site-packages/airflow/example_dags/example_short_circuit_decorator.py
[2026-05-18T06:12:57.482+0000] {processor.py:925} INFO - DAG(s) 'example_short_circuit_decorator' retrieved from /home/noelsdavid/airflow_venv/lib/python3.12/site-packages/airflow/example_dags/example_short_circuit_decorator.py
[2026-05-18T06:12:57.508+0000] {logging_mixin.py:190} INFO - [2026-05-18T06:12:57.507+0000] {dag.py:3239} INFO - Sync 1 DAGs
[2026-05-18T06:12:57.524+0000] {logging_mixin.py:190} INFO - [2026-05-18T06:12:57.524+0000] {dag.py:4180} INFO - Setting next_dagrun for example_short_circuit_decorator to None, run_after=None
[2026-05-18T06:12:57.557+0000] {processor.py:208} INFO - Processing /home/noelsdavid/airflow_venv/lib/python3.12/site-packages/airflow/example_dags/example_short_circuit_decorator.py took 0.104 seconds
[2026-05-18T06:14:02.123+0000] {processor.py:186} INFO - Started process (PID=7739) to work on /home/noelsdavid/airflow_venv/lib/python3.12/site-packages/airflow/example_dags/example_short_circuit_decorator.py
[2026-05-18T06:14:02.126+0000] {processor.py:914} INFO - Processing file /home/noelsdavid/airflow_venv/lib/python3.12/site-packages/airflow/example_dags/example_short_circuit_decorator.py for tasks to queue
[2026-05-18T06:14:02.130+0000] {logging_mixin.py:190} INFO - [2026-05-18T06:14:02.129+0000] {dagbag.py:588} INFO - Filling up the DagBag from /home/noelsdavid/airflow_venv/lib/python3.12/site-packages/airflow/example_dags/example_short_circuit_decorator.py
[2026-05-18T06:14:02.145+0000] {processor.py:925} INFO - DAG(s) 'example_short_circuit_decorator' retrieved from /home/noelsdavid/airflow_venv/lib/python3.12/site-packages/airflow/example_dags/example_short_circuit_decorator.py
[2026-05-18T06:14:02.172+0000] {logging_mixin.py:190} INFO - [2026-05-18T06:14:02.171+0000] {dag.py:3239} INFO - Sync 1 DAGs
[2026-05-18T06:14:02.190+0000] {logging_mixin.py:190} INFO - [2026-05-18T06:14:02.189+0000] {dag.py:4180} INFO - Setting next_dagrun for example_short_circuit_decorator to None, run_after=None
[2026-05-18T06:14:02.221+0000] {processor.py:208} INFO - Processing /home/noelsdavid/airflow_venv/lib/python3.12/site-packages/airflow/example_dags/example_short_circuit_decorator.py took 0.107 seconds
[2026-05-18T06:15:02.053+0000] {processor.py:186} INFO - Started process (PID=7798) to work on /home/noelsdavid/airflow_venv/lib/python3.12/site-packages/airflow/example_dags/example_short_circuit_decorator.py
[2026-05-18T06:15:02.055+0000] {processor.py:914} INFO - Processing file /home/noelsdavid/airflow_venv/lib/python3.12/site-packages/airflow/example_dags/example_short_circuit_decorator.py for tasks to queue
[2026-05-18T06:15:02.060+0000] {logging_mixin.py:190} INFO - [2026-05-18T06:15:02.059+0000] {dagbag.py:588} INFO - Filling up the DagBag from /home/noelsdavid/airflow_venv/lib/python3.12/site-packages/airflow/example_dags/example_short_circuit_decorator.py
[2026-05-18T06:15:02.075+0000] {processor.py:925} INFO - DAG(s) 'example_short_circuit_decorator' retrieved from /home/noelsdavid/airflow_venv/lib/python3.12/site-packages/airflow/example_dags/example_short_circuit_decorator.py
[2026-05-18T06:15:02.103+0000] {logging_mixin.py:190} INFO - [2026-05-18T06:15:02.102+0000] {dag.py:3239} INFO - Sync 1 DAGs
[2026-05-18T06:15:02.121+0000] {logging_mixin.py:190} INFO - [2026-05-18T06:15:02.120+0000] {dag.py:4180} INFO - Setting next_dagrun for example_short_circuit_decorator to None, run_after=None
[2026-05-18T06:15:02.155+0000] {processor.py:208} INFO - Processing /home/noelsdavid/airflow_venv/lib/python3.12/site-packages/airflow/example_dags/example_short_circuit_decorator.py took 0.111 seconds
[2026-05-18T06:16:07.075+0000] {processor.py:186} INFO - Started process (PID=8027) to work on /home/noelsdavid/airflow_venv/lib/python3.12/site-packages/airflow/example_dags/example_short_circuit_decorator.py
[2026-05-18T06:16:07.077+0000] {processor.py:914} INFO - Processing file /home/noelsdavid/airflow_venv/lib/python3.12/site-packages/airflow/example_dags/example_short_circuit_decorator.py for tasks to queue
[2026-05-18T06:16:07.082+0000] {logging_mixin.py:190} INFO - [2026-05-18T06:16:07.081+0000] {dagbag.py:588} INFO - Filling up the DagBag from /home/noelsdavid/airflow_venv/lib/python3.12/site-packages/airflow/example_dags/example_short_circuit_decorator.py
[2026-05-18T06:16:07.096+0000] {processor.py:925} INFO - DAG(s) 'example_short_circuit_decorator' retrieved from /home/noelsdavid/airflow_venv/lib/python3.12/site-packages/airflow/example_dags/example_short_circuit_decorator.py
[2026-05-18T06:16:07.123+0000] {logging_mixin.py:190} INFO - [2026-05-18T06:16:07.122+0000] {dag.py:3239} INFO - Sync 1 DAGs
[2026-05-18T06:16:07.141+0000] {logging_mixin.py:190} INFO - [2026-05-18T06:16:07.140+0000] {dag.py:4180} INFO - Setting next_dagrun for example_short_circuit_decorator to None, run_after=None
[2026-05-18T06:16:07.176+0000] {processor.py:208} INFO - Processing /home/noelsdavid/airflow_venv/lib/python3.12/site-packages/airflow/example_dags/example_short_circuit_decorator.py took 0.109 seconds
[2026-05-18T06:17:08.764+0000] {processor.py:186} INFO - Started process (PID=8189) to work on /home/noelsdavid/airflow_venv/lib/python3.12/site-packages/airflow/example_dags/example_short_circuit_decorator.py
[2026-05-18T06:17:08.770+0000] {processor.py:914} INFO - Processing file /home/noelsdavid/airflow_venv/lib/python3.12/site-packages/airflow/example_dags/example_short_circuit_decorator.py for tasks to queue
[2026-05-18T06:17:08.794+0000] {logging_mixin.py:190} INFO - [2026-05-18T06:17:08.792+0000] {dagbag.py:588} INFO - Filling up the DagBag from /home/noelsdavid/airflow_venv/lib/python3.12/site-packages/airflow/example_dags/example_short_circuit_decorator.py
[2026-05-18T06:17:08.883+0000] {processor.py:925} INFO - DAG(s) 'example_short_circuit_decorator' retrieved from /home/noelsdavid/airflow_venv/lib/python3.12/site-packages/airflow/example_dags/example_short_circuit_decorator.py
[2026-05-18T06:17:09.019+0000] {logging_mixin.py:190} INFO - [2026-05-18T06:17:09.018+0000] {dag.py:3239} INFO - Sync 1 DAGs
[2026-05-18T06:17:09.086+0000] {logging_mixin.py:190} INFO - [2026-05-18T06:17:09.086+0000] {dag.py:4180} INFO - Setting next_dagrun for example_short_circuit_decorator to None, run_after=None
[2026-05-18T06:17:09.192+0000] {processor.py:208} INFO - Processing /home/noelsdavid/airflow_venv/lib/python3.12/site-packages/airflow/example_dags/example_short_circuit_decorator.py took 0.477 seconds
[2026-05-18T06:18:11.342+0000] {processor.py:186} INFO - Started process (PID=8428) to work on /home/noelsdavid/airflow_venv/lib/python3.12/site-packages/airflow/example_dags/example_short_circuit_decorator.py
[2026-05-18T06:18:11.345+0000] {processor.py:914} INFO - Processing file /home/noelsdavid/airflow_venv/lib/python3.12/site-packages/airflow/example_dags/example_short_circuit_decorator.py for tasks to queue
[2026-05-18T06:18:11.349+0000] {logging_mixin.py:190} INFO - [2026-05-18T06:18:11.349+0000] {dagbag.py:588} INFO - Filling up the DagBag from /home/noelsdavid/airflow_venv/lib/python3.12/site-packages/airflow/example_dags/example_short_circuit_decorator.py
[2026-05-18T06:18:11.364+0000] {processor.py:925} INFO - DAG(s) 'example_short_circuit_decorator' retrieved from /home/noelsdavid/airflow_venv/lib/python3.12/site-packages/airflow/example_dags/example_short_circuit_decorator.py
[2026-05-18T06:18:11.389+0000] {logging_mixin.py:190} INFO - [2026-05-18T06:18:11.389+0000] {dag.py:3239} INFO - Sync 1 DAGs
[2026-05-18T06:18:11.405+0000] {logging_mixin.py:190} INFO - [2026-05-18T06:18:11.405+0000] {dag.py:4180} INFO - Setting next_dagrun for example_short_circuit_decorator to None, run_after=None
[2026-05-18T06:18:11.433+0000] {processor.py:208} INFO - Processing /home/noelsdavid/airflow_venv/lib/python3.12/site-packages/airflow/example_dags/example_short_circuit_decorator.py took 0.099 seconds
[2026-05-18T06:19:10.430+0000] {processor.py:186} INFO - Started process (PID=8512) to work on /home/noelsdavid/airflow_venv/lib/python3.12/site-packages/airflow/example_dags/example_short_circuit_decorator.py
[2026-05-18T06:19:10.452+0000] {processor.py:914} INFO - Processing file /home/noelsdavid/airflow_venv/lib/python3.12/site-packages/airflow/example_dags/example_short_circuit_decorator.py for tasks to queue
[2026-05-18T06:19:10.456+0000] {logging_mixin.py:190} INFO - [2026-05-18T06:19:10.456+0000] {dagbag.py:588} INFO - Filling up the DagBag from /home/noelsdavid/airflow_venv/lib/python3.12/site-packages/airflow/example_dags/example_short_circuit_decorator.py
[2026-05-18T06:19:10.472+0000] {processor.py:925} INFO - DAG(s) 'example_short_circuit_decorator' retrieved from /home/noelsdavid/airflow_venv/lib/python3.12/site-packages/airflow/example_dags/example_short_circuit_decorator.py
[2026-05-18T06:19:10.496+0000] {logging_mixin.py:190} INFO - [2026-05-18T06:19:10.496+0000] {dag.py:3239} INFO - Sync 1 DAGs
[2026-05-18T06:19:10.513+0000] {logging_mixin.py:190} INFO - [2026-05-18T06:19:10.513+0000] {dag.py:4180} INFO - Setting next_dagrun for example_short_circuit_decorator to None, run_after=None
[2026-05-18T06:19:10.546+0000] {processor.py:208} INFO - Processing /home/noelsdavid/airflow_venv/lib/python3.12/site-packages/airflow/example_dags/example_short_circuit_decorator.py took 0.124 seconds
[2026-05-18T06:20:13.819+0000] {processor.py:186} INFO - Started process (PID=8600) to work on /home/noelsdavid/airflow_venv/lib/python3.12/site-packages/airflow/example_dags/example_short_circuit_decorator.py
[2026-05-18T06:20:13.821+0000] {processor.py:914} INFO - Processing file /home/noelsdavid/airflow_venv/lib/python3.12/site-packages/airflow/example_dags/example_short_circuit_decorator.py for tasks to queue
[2026-05-18T06:20:13.823+0000] {logging_mixin.py:190} INFO - [2026-05-18T06:20:13.822+0000] {dagbag.py:588} INFO - Filling up the DagBag from /home/noelsdavid/airflow_venv/lib/python3.12/site-packages/airflow/example_dags/example_short_circuit_decorator.py
[2026-05-18T06:20:13.838+0000] {processor.py:925} INFO - DAG(s) 'example_short_circuit_decorator' retrieved from /home/noelsdavid/airflow_venv/lib/python3.12/site-packages/airflow/example_dags/example_short_circuit_decorator.py
[2026-05-18T06:20:13.862+0000] {logging_mixin.py:190} INFO - [2026-05-18T06:20:13.862+0000] {dag.py:3239} INFO - Sync 1 DAGs
[2026-05-18T06:20:13.879+0000] {logging_mixin.py:190} INFO - [2026-05-18T06:20:13.879+0000] {dag.py:4180} INFO - Setting next_dagrun for example_short_circuit_decorator to None, run_after=None
[2026-05-18T06:20:13.908+0000] {processor.py:208} INFO - Processing /home/noelsdavid/airflow_venv/lib/python3.12/site-packages/airflow/example_dags/example_short_circuit_decorator.py took 0.097 seconds
[2026-05-18T06:21:14.070+0000] {processor.py:186} INFO - Started process (PID=8660) to work on /home/noelsdavid/airflow_venv/lib/python3.12/site-packages/airflow/example_dags/example_short_circuit_decorator.py
[2026-05-18T06:21:14.072+0000] {processor.py:914} INFO - Processing file /home/noelsdavid/airflow_venv/lib/python3.12/site-packages/airflow/example_dags/example_short_circuit_decorator.py for tasks to queue
[2026-05-18T06:21:14.074+0000] {logging_mixin.py:190} INFO - [2026-05-18T06:21:14.074+0000] {dagbag.py:588} INFO - Filling up the DagBag from /home/noelsdavid/airflow_venv/lib/python3.12/site-packages/airflow/example_dags/example_short_circuit_decorator.py
[2026-05-18T06:21:14.090+0000] {processor.py:925} INFO - DAG(s) 'example_short_circuit_decorator' retrieved from /home/noelsdavid/airflow_venv/lib/python3.12/site-packages/airflow/example_dags/example_short_circuit_decorator.py
[2026-05-18T06:21:14.116+0000] {logging_mixin.py:190} INFO - [2026-05-18T06:21:14.116+0000] {dag.py:3239} INFO - Sync 1 DAGs
[2026-05-18T06:21:14.134+0000] {logging_mixin.py:190} INFO - [2026-05-18T06:21:14.134+0000] {dag.py:4180} INFO - Setting next_dagrun for example_short_circuit_decorator to None, run_after=None
[2026-05-18T06:21:14.164+0000] {processor.py:208} INFO - Processing /home/noelsdavid/airflow_venv/lib/python3.12/site-packages/airflow/example_dags/example_short_circuit_decorator.py took 0.103 seconds
[2026-05-18T06:22:19.396+0000] {processor.py:186} INFO - Started process (PID=8724) to work on /home/noelsdavid/airflow_venv/lib/python3.12/site-packages/airflow/example_dags/example_short_circuit_decorator.py
[2026-05-18T06:22:19.399+0000] {processor.py:914} INFO - Processing file /home/noelsdavid/airflow_venv/lib/python3.12/site-packages/airflow/example_dags/example_short_circuit_decorator.py for tasks to queue
[2026-05-18T06:22:19.401+0000] {logging_mixin.py:190} INFO - [2026-05-18T06:22:19.400+0000] {dagbag.py:588} INFO - Filling up the DagBag from /home/noelsdavid/airflow_venv/lib/python3.12/site-packages/airflow/example_dags/example_short_circuit_decorator.py
[2026-05-18T06:22:19.418+0000] {processor.py:925} INFO - DAG(s) 'example_short_circuit_decorator' retrieved from /home/noelsdavid/airflow_venv/lib/python3.12/site-packages/airflow/example_dags/example_short_circuit_decorator.py
[2026-05-18T06:22:19.443+0000] {logging_mixin.py:190} INFO - [2026-05-18T06:22:19.442+0000] {dag.py:3239} INFO - Sync 1 DAGs
[2026-05-18T06:22:19.460+0000] {logging_mixin.py:190} INFO - [2026-05-18T06:22:19.459+0000] {dag.py:4180} INFO - Setting next_dagrun for example_short_circuit_decorator to None, run_after=None
[2026-05-18T06:22:19.492+0000] {processor.py:208} INFO - Processing /home/noelsdavid/airflow_venv/lib/python3.12/site-packages/airflow/example_dags/example_short_circuit_decorator.py took 0.104 seconds
[2026-05-18T06:23:21.488+0000] {processor.py:186} INFO - Started process (PID=8785) to work on /home/noelsdavid/airflow_venv/lib/python3.12/site-packages/airflow/example_dags/example_short_circuit_decorator.py
[2026-05-18T06:23:21.491+0000] {processor.py:914} INFO - Processing file /home/noelsdavid/airflow_venv/lib/python3.12/site-packages/airflow/example_dags/example_short_circuit_decorator.py for tasks to queue
[2026-05-18T06:23:21.493+0000] {logging_mixin.py:190} INFO - [2026-05-18T06:23:21.492+0000] {dagbag.py:588} INFO - Filling up the DagBag from /home/noelsdavid/airflow_venv/lib/python3.12/site-packages/airflow/example_dags/example_short_circuit_decorator.py
[2026-05-18T06:23:21.509+0000] {processor.py:925} INFO - DAG(s) 'example_short_circuit_decorator' retrieved from /home/noelsdavid/airflow_venv/lib/python3.12/site-packages/airflow/example_dags/example_short_circuit_decorator.py
[2026-05-18T06:23:21.540+0000] {logging_mixin.py:190} INFO - [2026-05-18T06:23:21.540+0000] {dag.py:3239} INFO - Sync 1 DAGs
[2026-05-18T06:23:21.560+0000] {logging_mixin.py:190} INFO - [2026-05-18T06:23:21.560+0000] {dag.py:4180} INFO - Setting next_dagrun for example_short_circuit_decorator to None, run_after=None
[2026-05-18T06:23:21.601+0000] {processor.py:208} INFO - Processing /home/noelsdavid/airflow_venv/lib/python3.12/site-packages/airflow/example_dags/example_short_circuit_decorator.py took 0.122 seconds
[2026-05-18T06:24:28.749+0000] {processor.py:186} INFO - Started process (PID=8846) to work on /home/noelsdavid/airflow_venv/lib/python3.12/site-packages/airflow/example_dags/example_short_circuit_decorator.py
[2026-05-18T06:24:28.751+0000] {processor.py:914} INFO - Processing file /home/noelsdavid/airflow_venv/lib/python3.12/site-packages/airflow/example_dags/example_short_circuit_decorator.py for tasks to queue
[2026-05-18T06:24:28.754+0000] {logging_mixin.py:190} INFO - [2026-05-18T06:24:28.752+0000] {dagbag.py:588} INFO - Filling up the DagBag from /home/noelsdavid/airflow_venv/lib/python3.12/site-packages/airflow/example_dags/example_short_circuit_decorator.py
[2026-05-18T06:24:28.768+0000] {processor.py:925} INFO - DAG(s) 'example_short_circuit_decorator' retrieved from /home/noelsdavid/airflow_venv/lib/python3.12/site-packages/airflow/example_dags/example_short_circuit_decorator.py
[2026-05-18T06:24:28.794+0000] {logging_mixin.py:190} INFO - [2026-05-18T06:24:28.794+0000] {dag.py:3239} INFO - Sync 1 DAGs
[2026-05-18T06:24:28.810+0000] {logging_mixin.py:190} INFO - [2026-05-18T06:24:28.810+0000] {dag.py:4180} INFO - Setting next_dagrun for example_short_circuit_decorator to None, run_after=None
[2026-05-18T06:24:28.841+0000] {processor.py:208} INFO - Processing /home/noelsdavid/airflow_venv/lib/python3.12/site-packages/airflow/example_dags/example_short_circuit_decorator.py took 0.100 seconds
[2026-05-18T06:25:32.649+0000] {processor.py:186} INFO - Started process (PID=8933) to work on /home/noelsdavid/airflow_venv/lib/python3.12/site-packages/airflow/example_dags/example_short_circuit_decorator.py
[2026-05-18T06:25:32.653+0000] {processor.py:914} INFO - Processing file /home/noelsdavid/airflow_venv/lib/python3.12/site-packages/airflow/example_dags/example_short_circuit_decorator.py for tasks to queue
[2026-05-18T06:25:32.656+0000] {logging_mixin.py:190} INFO - [2026-05-18T06:25:32.655+0000] {dagbag.py:588} INFO - Filling up the DagBag from /home/noelsdavid/airflow_venv/lib/python3.12/site-packages/airflow/example_dags/example_short_circuit_decorator.py
[2026-05-18T06:25:32.674+0000] {processor.py:925} INFO - DAG(s) 'example_short_circuit_decorator' retrieved from /home/noelsdavid/airflow_venv/lib/python3.12/site-packages/airflow/example_dags/example_short_circuit_decorator.py
[2026-05-18T06:25:32.705+0000] {logging_mixin.py:190} INFO - [2026-05-18T06:25:32.705+0000] {dag.py:3239} INFO - Sync 1 DAGs
[2026-05-18T06:25:32.725+0000] {logging_mixin.py:190} INFO - [2026-05-18T06:25:32.725+0000] {dag.py:4180} INFO - Setting next_dagrun for example_short_circuit_decorator to None, run_after=None
[2026-05-18T06:25:32.761+0000] {processor.py:208} INFO - Processing /home/noelsdavid/airflow_venv/lib/python3.12/site-packages/airflow/example_dags/example_short_circuit_decorator.py took 0.120 seconds
[2026-05-18T06:26:37.239+0000] {processor.py:186} INFO - Started process (PID=9049) to work on /home/noelsdavid/airflow_venv/lib/python3.12/site-packages/airflow/example_dags/example_short_circuit_decorator.py
[2026-05-18T06:26:37.261+0000] {processor.py:914} INFO - Processing file /home/noelsdavid/airflow_venv/lib/python3.12/site-packages/airflow/example_dags/example_short_circuit_decorator.py for tasks to queue
[2026-05-18T06:26:37.263+0000] {logging_mixin.py:190} INFO - [2026-05-18T06:26:37.262+0000] {dagbag.py:588} INFO - Filling up the DagBag from /home/noelsdavid/airflow_venv/lib/python3.12/site-packages/airflow/example_dags/example_short_circuit_decorator.py
[2026-05-18T06:26:37.279+0000] {processor.py:925} INFO - DAG(s) 'example_short_circuit_decorator' retrieved from /home/noelsdavid/airflow_venv/lib/python3.12/site-packages/airflow/example_dags/example_short_circuit_decorator.py
[2026-05-18T06:26:37.305+0000] {logging_mixin.py:190} INFO - [2026-05-18T06:26:37.305+0000] {dag.py:3239} INFO - Sync 1 DAGs
[2026-05-18T06:26:37.324+0000] {logging_mixin.py:190} INFO - [2026-05-18T06:26:37.323+0000] {dag.py:4180} INFO - Setting next_dagrun for example_short_circuit_decorator to None, run_after=None
[2026-05-18T06:26:37.354+0000] {processor.py:208} INFO - Processing /home/noelsdavid/airflow_venv/lib/python3.12/site-packages/airflow/example_dags/example_short_circuit_decorator.py took 0.123 seconds
[2026-05-18T06:28:00.141+0000] {processor.py:186} INFO - Started process (PID=9637) to work on /home/noelsdavid/airflow_venv/lib/python3.12/site-packages/airflow/example_dags/example_short_circuit_decorator.py
[2026-05-18T06:28:00.165+0000] {processor.py:914} INFO - Processing file /home/noelsdavid/airflow_venv/lib/python3.12/site-packages/airflow/example_dags/example_short_circuit_decorator.py for tasks to queue
[2026-05-18T06:28:00.167+0000] {logging_mixin.py:190} INFO - [2026-05-18T06:28:00.166+0000] {dagbag.py:588} INFO - Filling up the DagBag from /home/noelsdavid/airflow_venv/lib/python3.12/site-packages/airflow/example_dags/example_short_circuit_decorator.py
[2026-05-18T06:28:00.181+0000] {processor.py:925} INFO - DAG(s) 'example_short_circuit_decorator' retrieved from /home/noelsdavid/airflow_venv/lib/python3.12/site-packages/airflow/example_dags/example_short_circuit_decorator.py
[2026-05-18T06:28:00.206+0000] {logging_mixin.py:190} INFO - [2026-05-18T06:28:00.206+0000] {dag.py:3239} INFO - Sync 1 DAGs
[2026-05-18T06:28:00.226+0000] {logging_mixin.py:190} INFO - [2026-05-18T06:28:00.225+0000] {dag.py:4180} INFO - Setting next_dagrun for example_short_circuit_decorator to None, run_after=None
[2026-05-18T06:28:00.259+0000] {processor.py:208} INFO - Processing /home/noelsdavid/airflow_venv/lib/python3.12/site-packages/airflow/example_dags/example_short_circuit_decorator.py took 0.127 seconds
[2026-05-18T06:29:05.644+0000] {processor.py:186} INFO - Started process (PID=9754) to work on /home/noelsdavid/airflow_venv/lib/python3.12/site-packages/airflow/example_dags/example_short_circuit_decorator.py
[2026-05-18T06:29:05.647+0000] {processor.py:914} INFO - Processing file /home/noelsdavid/airflow_venv/lib/python3.12/site-packages/airflow/example_dags/example_short_circuit_decorator.py for tasks to queue
[2026-05-18T06:29:05.648+0000] {logging_mixin.py:190} INFO - [2026-05-18T06:29:05.648+0000] {dagbag.py:588} INFO - Filling up the DagBag from /home/noelsdavid/airflow_venv/lib/python3.12/site-packages/airflow/example_dags/example_short_circuit_decorator.py
[2026-05-18T06:29:05.664+0000] {processor.py:925} INFO - DAG(s) 'example_short_circuit_decorator' retrieved from /home/noelsdavid/airflow_venv/lib/python3.12/site-packages/airflow/example_dags/example_short_circuit_decorator.py
[2026-05-18T06:29:05.691+0000] {logging_mixin.py:190} INFO - [2026-05-18T06:29:05.691+0000] {dag.py:3239} INFO - Sync 1 DAGs
[2026-05-18T06:29:05.708+0000] {logging_mixin.py:190} INFO - [2026-05-18T06:29:05.708+0000] {dag.py:4180} INFO - Setting next_dagrun for example_short_circuit_decorator to None, run_after=None
[2026-05-18T06:29:05.740+0000] {processor.py:208} INFO - Processing /home/noelsdavid/airflow_venv/lib/python3.12/site-packages/airflow/example_dags/example_short_circuit_decorator.py took 0.106 seconds
[2026-05-18T06:30:12.742+0000] {processor.py:186} INFO - Started process (PID=9843) to work on /home/noelsdavid/airflow_venv/lib/python3.12/site-packages/airflow/example_dags/example_short_circuit_decorator.py
[2026-05-18T06:30:12.745+0000] {processor.py:914} INFO - Processing file /home/noelsdavid/airflow_venv/lib/python3.12/site-packages/airflow/example_dags/example_short_circuit_decorator.py for tasks to queue
[2026-05-18T06:30:12.747+0000] {logging_mixin.py:190} INFO - [2026-05-18T06:30:12.746+0000] {dagbag.py:588} INFO - Filling up the DagBag from /home/noelsdavid/airflow_venv/lib/python3.12/site-packages/airflow/example_dags/example_short_circuit_decorator.py
[2026-05-18T06:30:12.765+0000] {processor.py:925} INFO - DAG(s) 'example_short_circuit_decorator' retrieved from /home/noelsdavid/airflow_venv/lib/python3.12/site-packages/airflow/example_dags/example_short_circuit_decorator.py
[2026-05-18T06:30:12.791+0000] {logging_mixin.py:190} INFO - [2026-05-18T06:30:12.790+0000] {dag.py:3239} INFO - Sync 1 DAGs
[2026-05-18T06:30:12.808+0000] {logging_mixin.py:190} INFO - [2026-05-18T06:30:12.808+0000] {dag.py:4180} INFO - Setting next_dagrun for example_short_circuit_decorator to None, run_after=None
[2026-05-18T06:30:12.841+0000] {processor.py:208} INFO - Processing /home/noelsdavid/airflow_venv/lib/python3.12/site-packages/airflow/example_dags/example_short_circuit_decorator.py took 0.107 seconds
[2026-05-18T06:31:18.950+0000] {processor.py:186} INFO - Started process (PID=9906) to work on /home/noelsdavid/airflow_venv/lib/python3.12/site-packages/airflow/example_dags/example_short_circuit_decorator.py
[2026-05-18T06:31:18.975+0000] {processor.py:914} INFO - Processing file /home/noelsdavid/airflow_venv/lib/python3.12/site-packages/airflow/example_dags/example_short_circuit_decorator.py for tasks to queue
[2026-05-18T06:31:18.977+0000] {logging_mixin.py:190} INFO - [2026-05-18T06:31:18.976+0000] {dagbag.py:588} INFO - Filling up the DagBag from /home/noelsdavid/airflow_venv/lib/python3.12/site-packages/airflow/example_dags/example_short_circuit_decorator.py
[2026-05-18T06:31:18.991+0000] {processor.py:925} INFO - DAG(s) 'example_short_circuit_decorator' retrieved from /home/noelsdavid/airflow_venv/lib/python3.12/site-packages/airflow/example_dags/example_short_circuit_decorator.py
[2026-05-18T06:31:19.018+0000] {logging_mixin.py:190} INFO - [2026-05-18T06:31:19.018+0000] {dag.py:3239} INFO - Sync 1 DAGs
[2026-05-18T06:31:19.035+0000] {logging_mixin.py:190} INFO - [2026-05-18T06:31:19.035+0000] {dag.py:4180} INFO - Setting next_dagrun for example_short_circuit_decorator to None, run_after=None
[2026-05-18T06:31:19.065+0000] {processor.py:208} INFO - Processing /home/noelsdavid/airflow_venv/lib/python3.12/site-packages/airflow/example_dags/example_short_circuit_decorator.py took 0.123 seconds
[2026-05-18T06:32:20.405+0000] {processor.py:186} INFO - Started process (PID=9965) to work on /home/noelsdavid/airflow_venv/lib/python3.12/site-packages/airflow/example_dags/example_short_circuit_decorator.py
[2026-05-18T06:32:20.429+0000] {processor.py:914} INFO - Processing file /home/noelsdavid/airflow_venv/lib/python3.12/site-packages/airflow/example_dags/example_short_circuit_decorator.py for tasks to queue
[2026-05-18T06:32:20.431+0000] {logging_mixin.py:190} INFO - [2026-05-18T06:32:20.431+0000] {dagbag.py:588} INFO - Filling up the DagBag from /home/noelsdavid/airflow_venv/lib/python3.12/site-packages/airflow/example_dags/example_short_circuit_decorator.py
[2026-05-18T06:32:20.447+0000] {processor.py:925} INFO - DAG(s) 'example_short_circuit_decorator' retrieved from /home/noelsdavid/airflow_venv/lib/python3.12/site-packages/airflow/example_dags/example_short_circuit_decorator.py
[2026-05-18T06:32:20.471+0000] {logging_mixin.py:190} INFO - [2026-05-18T06:32:20.471+0000] {dag.py:3239} INFO - Sync 1 DAGs
[2026-05-18T06:32:20.487+0000] {logging_mixin.py:190} INFO - [2026-05-18T06:32:20.487+0000] {dag.py:4180} INFO - Setting next_dagrun for example_short_circuit_decorator to None, run_after=None
[2026-05-18T06:32:20.516+0000] {processor.py:208} INFO - Processing /home/noelsdavid/airflow_venv/lib/python3.12/site-packages/airflow/example_dags/example_short_circuit_decorator.py took 0.119 seconds
[2026-05-18T06:33:18.303+0000] {processor.py:186} INFO - Started process (PID=10024) to work on /home/noelsdavid/airflow_venv/lib/python3.12/site-packages/airflow/example_dags/example_short_circuit_decorator.py
[2026-05-18T06:33:18.316+0000] {processor.py:914} INFO - Processing file /home/noelsdavid/airflow_venv/lib/python3.12/site-packages/airflow/example_dags/example_short_circuit_decorator.py for tasks to queue
[2026-05-18T06:33:18.324+0000] {logging_mixin.py:190} INFO - [2026-05-18T06:33:18.323+0000] {dagbag.py:588} INFO - Filling up the DagBag from /home/noelsdavid/airflow_venv/lib/python3.12/site-packages/airflow/example_dags/example_short_circuit_decorator.py
[2026-05-18T06:33:18.407+0000] {processor.py:925} INFO - DAG(s) 'example_short_circuit_decorator' retrieved from /home/noelsdavid/airflow_venv/lib/python3.12/site-packages/airflow/example_dags/example_short_circuit_decorator.py
[2026-05-18T06:33:18.481+0000] {logging_mixin.py:190} INFO - [2026-05-18T06:33:18.480+0000] {dag.py:3239} INFO - Sync 1 DAGs
[2026-05-18T06:33:18.528+0000] {logging_mixin.py:190} INFO - [2026-05-18T06:33:18.528+0000] {dag.py:4180} INFO - Setting next_dagrun for example_short_circuit_decorator to None, run_after=None
[2026-05-18T06:33:18.601+0000] {processor.py:208} INFO - Processing /home/noelsdavid/airflow_venv/lib/python3.12/site-packages/airflow/example_dags/example_short_circuit_decorator.py took 0.317 seconds
[2026-05-18T06:34:26.620+0000] {processor.py:186} INFO - Started process (PID=10159) to work on /home/noelsdavid/airflow_venv/lib/python3.12/site-packages/airflow/example_dags/example_short_circuit_decorator.py
[2026-05-18T06:34:26.622+0000] {processor.py:914} INFO - Processing file /home/noelsdavid/airflow_venv/lib/python3.12/site-packages/airflow/example_dags/example_short_circuit_decorator.py for tasks to queue
[2026-05-18T06:34:26.624+0000] {logging_mixin.py:190} INFO - [2026-05-18T06:34:26.623+0000] {dagbag.py:588} INFO - Filling up the DagBag from /home/noelsdavid/airflow_venv/lib/python3.12/site-packages/airflow/example_dags/example_short_circuit_decorator.py
[2026-05-18T06:34:26.640+0000] {processor.py:925} INFO - DAG(s) 'example_short_circuit_decorator' retrieved from /home/noelsdavid/airflow_venv/lib/python3.12/site-packages/airflow/example_dags/example_short_circuit_decorator.py
[2026-05-18T06:34:26.667+0000] {logging_mixin.py:190} INFO - [2026-05-18T06:34:26.666+0000] {dag.py:3239} INFO - Sync 1 DAGs
[2026-05-18T06:34:26.683+0000] {logging_mixin.py:190} INFO - [2026-05-18T06:34:26.683+0000] {dag.py:4180} INFO - Setting next_dagrun for example_short_circuit_decorator to None, run_after=None
[2026-05-18T06:34:26.713+0000] {processor.py:208} INFO - Processing /home/noelsdavid/airflow_venv/lib/python3.12/site-packages/airflow/example_dags/example_short_circuit_decorator.py took 0.100 seconds
[2026-05-18T06:35:30.982+0000] {processor.py:186} INFO - Started process (PID=10367) to work on /home/noelsdavid/airflow_venv/lib/python3.12/site-packages/airflow/example_dags/example_short_circuit_decorator.py
[2026-05-18T06:35:30.984+0000] {processor.py:914} INFO - Processing file /home/noelsdavid/airflow_venv/lib/python3.12/site-packages/airflow/example_dags/example_short_circuit_decorator.py for tasks to queue
[2026-05-18T06:35:30.986+0000] {logging_mixin.py:190} INFO - [2026-05-18T06:35:30.986+0000] {dagbag.py:588} INFO - Filling up the DagBag from /home/noelsdavid/airflow_venv/lib/python3.12/site-packages/airflow/example_dags/example_short_circuit_decorator.py
[2026-05-18T06:35:31.001+0000] {processor.py:925} INFO - DAG(s) 'example_short_circuit_decorator' retrieved from /home/noelsdavid/airflow_venv/lib/python3.12/site-packages/airflow/example_dags/example_short_circuit_decorator.py
[2026-05-18T06:35:31.029+0000] {logging_mixin.py:190} INFO - [2026-05-18T06:35:31.029+0000] {dag.py:3239} INFO - Sync 1 DAGs
[2026-05-18T06:35:31.046+0000] {logging_mixin.py:190} INFO - [2026-05-18T06:35:31.046+0000] {dag.py:4180} INFO - Setting next_dagrun for example_short_circuit_decorator to None, run_after=None
[2026-05-18T06:35:31.078+0000] {processor.py:208} INFO - Processing /home/noelsdavid/airflow_venv/lib/python3.12/site-packages/airflow/example_dags/example_short_circuit_decorator.py took 0.104 seconds
[2026-05-18T06:36:32.668+0000] {processor.py:186} INFO - Started process (PID=10528) to work on /home/noelsdavid/airflow_venv/lib/python3.12/site-packages/airflow/example_dags/example_short_circuit_decorator.py
[2026-05-18T06:36:32.671+0000] {processor.py:914} INFO - Processing file /home/noelsdavid/airflow_venv/lib/python3.12/site-packages/airflow/example_dags/example_short_circuit_decorator.py for tasks to queue
[2026-05-18T06:36:32.673+0000] {logging_mixin.py:190} INFO - [2026-05-18T06:36:32.672+0000] {dagbag.py:588} INFO - Filling up the DagBag from /home/noelsdavid/airflow_venv/lib/python3.12/site-packages/airflow/example_dags/example_short_circuit_decorator.py
[2026-05-18T06:36:32.687+0000] {processor.py:925} INFO - DAG(s) 'example_short_circuit_decorator' retrieved from /home/noelsdavid/airflow_venv/lib/python3.12/site-packages/airflow/example_dags/example_short_circuit_decorator.py
[2026-05-18T06:36:32.712+0000] {logging_mixin.py:190} INFO - [2026-05-18T06:36:32.711+0000] {dag.py:3239} INFO - Sync 1 DAGs
[2026-05-18T06:36:32.729+0000] {logging_mixin.py:190} INFO - [2026-05-18T06:36:32.729+0000] {dag.py:4180} INFO - Setting next_dagrun for example_short_circuit_decorator to None, run_after=None
[2026-05-18T06:36:32.762+0000] {processor.py:208} INFO - Processing /home/noelsdavid/airflow_venv/lib/python3.12/site-packages/airflow/example_dags/example_short_circuit_decorator.py took 0.102 seconds
[2026-05-18T06:37:36.657+0000] {processor.py:186} INFO - Started process (PID=10903) to work on /home/noelsdavid/airflow_venv/lib/python3.12/site-packages/airflow/example_dags/example_short_circuit_decorator.py
[2026-05-18T06:37:36.660+0000] {processor.py:914} INFO - Processing file /home/noelsdavid/airflow_venv/lib/python3.12/site-packages/airflow/example_dags/example_short_circuit_decorator.py for tasks to queue
[2026-05-18T06:37:36.662+0000] {logging_mixin.py:190} INFO - [2026-05-18T06:37:36.661+0000] {dagbag.py:588} INFO - Filling up the DagBag from /home/noelsdavid/airflow_venv/lib/python3.12/site-packages/airflow/example_dags/example_short_circuit_decorator.py
[2026-05-18T06:37:36.676+0000] {processor.py:925} INFO - DAG(s) 'example_short_circuit_decorator' retrieved from /home/noelsdavid/airflow_venv/lib/python3.12/site-packages/airflow/example_dags/example_short_circuit_decorator.py
[2026-05-18T06:37:36.702+0000] {logging_mixin.py:190} INFO - [2026-05-18T06:37:36.702+0000] {dag.py:3239} INFO - Sync 1 DAGs
[2026-05-18T06:37:36.720+0000] {logging_mixin.py:190} INFO - [2026-05-18T06:37:36.720+0000] {dag.py:4180} INFO - Setting next_dagrun for example_short_circuit_decorator to None, run_after=None
[2026-05-18T06:37:36.752+0000] {processor.py:208} INFO - Processing /home/noelsdavid/airflow_venv/lib/python3.12/site-packages/airflow/example_dags/example_short_circuit_decorator.py took 0.103 seconds
[2026-05-18T06:38:42.081+0000] {processor.py:186} INFO - Started process (PID=11088) to work on /home/noelsdavid/airflow_venv/lib/python3.12/site-packages/airflow/example_dags/example_short_circuit_decorator.py
[2026-05-18T06:38:42.084+0000] {processor.py:914} INFO - Processing file /home/noelsdavid/airflow_venv/lib/python3.12/site-packages/airflow/example_dags/example_short_circuit_decorator.py for tasks to queue
[2026-05-18T06:38:42.085+0000] {logging_mixin.py:190} INFO - [2026-05-18T06:38:42.085+0000] {dagbag.py:588} INFO - Filling up the DagBag from /home/noelsdavid/airflow_venv/lib/python3.12/site-packages/airflow/example_dags/example_short_circuit_decorator.py
[2026-05-18T06:38:42.100+0000] {processor.py:925} INFO - DAG(s) 'example_short_circuit_decorator' retrieved from /home/noelsdavid/airflow_venv/lib/python3.12/site-packages/airflow/example_dags/example_short_circuit_decorator.py
[2026-05-18T06:38:42.124+0000] {logging_mixin.py:190} INFO - [2026-05-18T06:38:42.124+0000] {dag.py:3239} INFO - Sync 1 DAGs
[2026-05-18T06:38:42.140+0000] {logging_mixin.py:190} INFO - [2026-05-18T06:38:42.140+0000] {dag.py:4180} INFO - Setting next_dagrun for example_short_circuit_decorator to None, run_after=None
[2026-05-18T06:38:42.172+0000] {processor.py:208} INFO - Processing /home/noelsdavid/airflow_venv/lib/python3.12/site-packages/airflow/example_dags/example_short_circuit_decorator.py took 0.099 seconds
[2026-05-18T06:39:47.173+0000] {processor.py:186} INFO - Started process (PID=11302) to work on /home/noelsdavid/airflow_venv/lib/python3.12/site-packages/airflow/example_dags/example_short_circuit_decorator.py
[2026-05-18T06:39:47.176+0000] {processor.py:914} INFO - Processing file /home/noelsdavid/airflow_venv/lib/python3.12/site-packages/airflow/example_dags/example_short_circuit_decorator.py for tasks to queue
[2026-05-18T06:39:47.178+0000] {logging_mixin.py:190} INFO - [2026-05-18T06:39:47.177+0000] {dagbag.py:588} INFO - Filling up the DagBag from /home/noelsdavid/airflow_venv/lib/python3.12/site-packages/airflow/example_dags/example_short_circuit_decorator.py
[2026-05-18T06:39:47.195+0000] {processor.py:925} INFO - DAG(s) 'example_short_circuit_decorator' retrieved from /home/noelsdavid/airflow_venv/lib/python3.12/site-packages/airflow/example_dags/example_short_circuit_decorator.py
[2026-05-18T06:39:47.231+0000] {logging_mixin.py:190} INFO - [2026-05-18T06:39:47.231+0000] {dag.py:3239} INFO - Sync 1 DAGs
[2026-05-18T06:39:47.250+0000] {logging_mixin.py:190} INFO - [2026-05-18T06:39:47.250+0000] {dag.py:4180} INFO - Setting next_dagrun for example_short_circuit_decorator to None, run_after=None
[2026-05-18T06:39:47.286+0000] {processor.py:208} INFO - Processing /home/noelsdavid/airflow_venv/lib/python3.12/site-packages/airflow/example_dags/example_short_circuit_decorator.py took 0.122 seconds
[2026-05-18T06:41:01.944+0000] {processor.py:186} INFO - Started process (PID=11677) to work on /home/noelsdavid/airflow_venv/lib/python3.12/site-packages/airflow/example_dags/example_short_circuit_decorator.py
[2026-05-18T06:41:01.948+0000] {processor.py:914} INFO - Processing file /home/noelsdavid/airflow_venv/lib/python3.12/site-packages/airflow/example_dags/example_short_circuit_decorator.py for tasks to queue
[2026-05-18T06:41:01.950+0000] {logging_mixin.py:190} INFO - [2026-05-18T06:41:01.949+0000] {dagbag.py:588} INFO - Filling up the DagBag from /home/noelsdavid/airflow_venv/lib/python3.12/site-packages/airflow/example_dags/example_short_circuit_decorator.py
[2026-05-18T06:41:01.968+0000] {processor.py:925} INFO - DAG(s) 'example_short_circuit_decorator' retrieved from /home/noelsdavid/airflow_venv/lib/python3.12/site-packages/airflow/example_dags/example_short_circuit_decorator.py
[2026-05-18T06:41:01.995+0000] {logging_mixin.py:190} INFO - [2026-05-18T06:41:01.995+0000] {dag.py:3239} INFO - Sync 1 DAGs
[2026-05-18T06:41:02.020+0000] {logging_mixin.py:190} INFO - [2026-05-18T06:41:02.020+0000] {dag.py:4180} INFO - Setting next_dagrun for example_short_circuit_decorator to None, run_after=None
[2026-05-18T06:41:02.059+0000] {processor.py:208} INFO - Processing /home/noelsdavid/airflow_venv/lib/python3.12/site-packages/airflow/example_dags/example_short_circuit_decorator.py took 0.125 seconds
[2026-05-18T06:42:14.099+0000] {processor.py:186} INFO - Started process (PID=12364) to work on /home/noelsdavid/airflow_venv/lib/python3.12/site-packages/airflow/example_dags/example_short_circuit_decorator.py
[2026-05-18T06:42:14.104+0000] {processor.py:914} INFO - Processing file /home/noelsdavid/airflow_venv/lib/python3.12/site-packages/airflow/example_dags/example_short_circuit_decorator.py for tasks to queue
[2026-05-18T06:42:14.108+0000] {logging_mixin.py:190} INFO - [2026-05-18T06:42:14.107+0000] {dagbag.py:588} INFO - Filling up the DagBag from /home/noelsdavid/airflow_venv/lib/python3.12/site-packages/airflow/example_dags/example_short_circuit_decorator.py
[2026-05-18T06:42:14.142+0000] {processor.py:925} INFO - DAG(s) 'example_short_circuit_decorator' retrieved from /home/noelsdavid/airflow_venv/lib/python3.12/site-packages/airflow/example_dags/example_short_circuit_decorator.py
[2026-05-18T06:42:14.198+0000] {logging_mixin.py:190} INFO - [2026-05-18T06:42:14.198+0000] {dag.py:3239} INFO - Sync 1 DAGs
[2026-05-18T06:42:14.234+0000] {logging_mixin.py:190} INFO - [2026-05-18T06:42:14.234+0000] {dag.py:4180} INFO - Setting next_dagrun for example_short_circuit_decorator to None, run_after=None
[2026-05-18T06:42:14.296+0000] {processor.py:208} INFO - Processing /home/noelsdavid/airflow_venv/lib/python3.12/site-packages/airflow/example_dags/example_short_circuit_decorator.py took 0.224 seconds
[2026-05-18T06:43:36.441+0000] {processor.py:186} INFO - Started process (PID=12879) to work on /home/noelsdavid/airflow_venv/lib/python3.12/site-packages/airflow/example_dags/example_short_circuit_decorator.py
[2026-05-18T06:43:36.488+0000] {processor.py:914} INFO - Processing file /home/noelsdavid/airflow_venv/lib/python3.12/site-packages/airflow/example_dags/example_short_circuit_decorator.py for tasks to queue
[2026-05-18T06:43:36.491+0000] {logging_mixin.py:190} INFO - [2026-05-18T06:43:36.490+0000] {dagbag.py:588} INFO - Filling up the DagBag from /home/noelsdavid/airflow_venv/lib/python3.12/site-packages/airflow/example_dags/example_short_circuit_decorator.py
[2026-05-18T06:43:36.508+0000] {processor.py:925} INFO - DAG(s) 'example_short_circuit_decorator' retrieved from /home/noelsdavid/airflow_venv/lib/python3.12/site-packages/airflow/example_dags/example_short_circuit_decorator.py
[2026-05-18T06:43:36.537+0000] {logging_mixin.py:190} INFO - [2026-05-18T06:43:36.536+0000] {dag.py:3239} INFO - Sync 1 DAGs
[2026-05-18T06:43:36.560+0000] {logging_mixin.py:190} INFO - [2026-05-18T06:43:36.559+0000] {dag.py:4180} INFO - Setting next_dagrun for example_short_circuit_decorator to None, run_after=None
[2026-05-18T06:43:36.598+0000] {processor.py:208} INFO - Processing /home/noelsdavid/airflow_venv/lib/python3.12/site-packages/airflow/example_dags/example_short_circuit_decorator.py took 0.168 seconds
[2026-05-18T06:44:33.025+0000] {processor.py:186} INFO - Started process (PID=13048) to work on /home/noelsdavid/airflow_venv/lib/python3.12/site-packages/airflow/example_dags/example_short_circuit_decorator.py
[2026-05-18T06:44:33.028+0000] {processor.py:914} INFO - Processing file /home/noelsdavid/airflow_venv/lib/python3.12/site-packages/airflow/example_dags/example_short_circuit_decorator.py for tasks to queue
[2026-05-18T06:44:33.030+0000] {logging_mixin.py:190} INFO - [2026-05-18T06:44:33.029+0000] {dagbag.py:588} INFO - Filling up the DagBag from /home/noelsdavid/airflow_venv/lib/python3.12/site-packages/airflow/example_dags/example_short_circuit_decorator.py
[2026-05-18T06:44:33.044+0000] {processor.py:925} INFO - DAG(s) 'example_short_circuit_decorator' retrieved from /home/noelsdavid/airflow_venv/lib/python3.12/site-packages/airflow/example_dags/example_short_circuit_decorator.py
[2026-05-18T06:44:33.069+0000] {logging_mixin.py:190} INFO - [2026-05-18T06:44:33.069+0000] {dag.py:3239} INFO - Sync 1 DAGs
[2026-05-18T06:44:33.086+0000] {logging_mixin.py:190} INFO - [2026-05-18T06:44:33.086+0000] {dag.py:4180} INFO - Setting next_dagrun for example_short_circuit_decorator to None, run_after=None
[2026-05-18T06:44:33.119+0000] {processor.py:208} INFO - Processing /home/noelsdavid/airflow_venv/lib/python3.12/site-packages/airflow/example_dags/example_short_circuit_decorator.py took 0.102 seconds
[2026-05-18T06:45:45.397+0000] {processor.py:186} INFO - Started process (PID=13150) to work on /home/noelsdavid/airflow_venv/lib/python3.12/site-packages/airflow/example_dags/example_short_circuit_decorator.py
[2026-05-18T06:45:45.400+0000] {processor.py:914} INFO - Processing file /home/noelsdavid/airflow_venv/lib/python3.12/site-packages/airflow/example_dags/example_short_circuit_decorator.py for tasks to queue
[2026-05-18T06:45:45.404+0000] {logging_mixin.py:190} INFO - [2026-05-18T06:45:45.403+0000] {dagbag.py:588} INFO - Filling up the DagBag from /home/noelsdavid/airflow_venv/lib/python3.12/site-packages/airflow/example_dags/example_short_circuit_decorator.py
[2026-05-18T06:45:45.423+0000] {processor.py:925} INFO - DAG(s) 'example_short_circuit_decorator' retrieved from /home/noelsdavid/airflow_venv/lib/python3.12/site-packages/airflow/example_dags/example_short_circuit_decorator.py
[2026-05-18T06:45:45.454+0000] {logging_mixin.py:190} INFO - [2026-05-18T06:45:45.453+0000] {dag.py:3239} INFO - Sync 1 DAGs
[2026-05-18T06:45:45.475+0000] {logging_mixin.py:190} INFO - [2026-05-18T06:45:45.475+0000] {dag.py:4180} INFO - Setting next_dagrun for example_short_circuit_decorator to None, run_after=None
[2026-05-18T06:45:45.514+0000] {processor.py:208} INFO - Processing /home/noelsdavid/airflow_venv/lib/python3.12/site-packages/airflow/example_dags/example_short_circuit_decorator.py took 0.129 seconds
[2026-05-18T06:46:54.856+0000] {processor.py:186} INFO - Started process (PID=13227) to work on /home/noelsdavid/airflow_venv/lib/python3.12/site-packages/airflow/example_dags/example_short_circuit_decorator.py
[2026-05-18T06:46:54.858+0000] {processor.py:914} INFO - Processing file /home/noelsdavid/airflow_venv/lib/python3.12/site-packages/airflow/example_dags/example_short_circuit_decorator.py for tasks to queue
[2026-05-18T06:46:54.860+0000] {logging_mixin.py:190} INFO - [2026-05-18T06:46:54.860+0000] {dagbag.py:588} INFO - Filling up the DagBag from /home/noelsdavid/airflow_venv/lib/python3.12/site-packages/airflow/example_dags/example_short_circuit_decorator.py
[2026-05-18T06:46:54.874+0000] {processor.py:925} INFO - DAG(s) 'example_short_circuit_decorator' retrieved from /home/noelsdavid/airflow_venv/lib/python3.12/site-packages/airflow/example_dags/example_short_circuit_decorator.py
[2026-05-18T06:46:54.899+0000] {logging_mixin.py:190} INFO - [2026-05-18T06:46:54.899+0000] {dag.py:3239} INFO - Sync 1 DAGs
[2026-05-18T06:46:54.917+0000] {logging_mixin.py:190} INFO - [2026-05-18T06:46:54.916+0000] {dag.py:4180} INFO - Setting next_dagrun for example_short_circuit_decorator to None, run_after=None
[2026-05-18T06:46:54.947+0000] {processor.py:208} INFO - Processing /home/noelsdavid/airflow_venv/lib/python3.12/site-packages/airflow/example_dags/example_short_circuit_decorator.py took 0.101 seconds
[2026-05-18T06:47:59.524+0000] {processor.py:186} INFO - Started process (PID=13297) to work on /home/noelsdavid/airflow_venv/lib/python3.12/site-packages/airflow/example_dags/example_short_circuit_decorator.py
[2026-05-18T06:47:59.541+0000] {processor.py:914} INFO - Processing file /home/noelsdavid/airflow_venv/lib/python3.12/site-packages/airflow/example_dags/example_short_circuit_decorator.py for tasks to queue
[2026-05-18T06:47:59.543+0000] {logging_mixin.py:190} INFO - [2026-05-18T06:47:59.542+0000] {dagbag.py:588} INFO - Filling up the DagBag from /home/noelsdavid/airflow_venv/lib/python3.12/site-packages/airflow/example_dags/example_short_circuit_decorator.py
[2026-05-18T06:47:59.557+0000] {processor.py:925} INFO - DAG(s) 'example_short_circuit_decorator' retrieved from /home/noelsdavid/airflow_venv/lib/python3.12/site-packages/airflow/example_dags/example_short_circuit_decorator.py
[2026-05-18T06:47:59.584+0000] {logging_mixin.py:190} INFO - [2026-05-18T06:47:59.584+0000] {dag.py:3239} INFO - Sync 1 DAGs
[2026-05-18T06:47:59.601+0000] {logging_mixin.py:190} INFO - [2026-05-18T06:47:59.600+0000] {dag.py:4180} INFO - Setting next_dagrun for example_short_circuit_decorator to None, run_after=None
[2026-05-18T06:47:59.632+0000] {processor.py:208} INFO - Processing /home/noelsdavid/airflow_venv/lib/python3.12/site-packages/airflow/example_dags/example_short_circuit_decorator.py took 0.117 seconds
[2026-05-18T06:49:06.050+0000] {processor.py:186} INFO - Started process (PID=13373) to work on /home/noelsdavid/airflow_venv/lib/python3.12/site-packages/airflow/example_dags/example_short_circuit_decorator.py
[2026-05-18T06:49:06.052+0000] {processor.py:914} INFO - Processing file /home/noelsdavid/airflow_venv/lib/python3.12/site-packages/airflow/example_dags/example_short_circuit_decorator.py for tasks to queue
[2026-05-18T06:49:06.055+0000] {logging_mixin.py:190} INFO - [2026-05-18T06:49:06.054+0000] {dagbag.py:588} INFO - Filling up the DagBag from /home/noelsdavid/airflow_venv/lib/python3.12/site-packages/airflow/example_dags/example_short_circuit_decorator.py
[2026-05-18T06:49:06.070+0000] {processor.py:925} INFO - DAG(s) 'example_short_circuit_decorator' retrieved from /home/noelsdavid/airflow_venv/lib/python3.12/site-packages/airflow/example_dags/example_short_circuit_decorator.py
[2026-05-18T06:49:06.096+0000] {logging_mixin.py:190} INFO - [2026-05-18T06:49:06.096+0000] {dag.py:3239} INFO - Sync 1 DAGs
[2026-05-18T06:49:06.113+0000] {logging_mixin.py:190} INFO - [2026-05-18T06:49:06.113+0000] {dag.py:4180} INFO - Setting next_dagrun for example_short_circuit_decorator to None, run_after=None
[2026-05-18T06:49:06.143+0000] {processor.py:208} INFO - Processing /home/noelsdavid/airflow_venv/lib/python3.12/site-packages/airflow/example_dags/example_short_circuit_decorator.py took 0.103 seconds
[2026-05-18T06:50:13.642+0000] {processor.py:186} INFO - Started process (PID=13887) to work on /home/noelsdavid/airflow_venv/lib/python3.12/site-packages/airflow/example_dags/example_short_circuit_decorator.py
[2026-05-18T06:50:13.644+0000] {processor.py:914} INFO - Processing file /home/noelsdavid/airflow_venv/lib/python3.12/site-packages/airflow/example_dags/example_short_circuit_decorator.py for tasks to queue
[2026-05-18T06:50:13.646+0000] {logging_mixin.py:190} INFO - [2026-05-18T06:50:13.645+0000] {dagbag.py:588} INFO - Filling up the DagBag from /home/noelsdavid/airflow_venv/lib/python3.12/site-packages/airflow/example_dags/example_short_circuit_decorator.py
[2026-05-18T06:50:13.661+0000] {processor.py:925} INFO - DAG(s) 'example_short_circuit_decorator' retrieved from /home/noelsdavid/airflow_venv/lib/python3.12/site-packages/airflow/example_dags/example_short_circuit_decorator.py
[2026-05-18T06:50:13.687+0000] {logging_mixin.py:190} INFO - [2026-05-18T06:50:13.687+0000] {dag.py:3239} INFO - Sync 1 DAGs
[2026-05-18T06:50:13.706+0000] {logging_mixin.py:190} INFO - [2026-05-18T06:50:13.706+0000] {dag.py:4180} INFO - Setting next_dagrun for example_short_circuit_decorator to None, run_after=None
[2026-05-18T06:50:13.738+0000] {processor.py:208} INFO - Processing /home/noelsdavid/airflow_venv/lib/python3.12/site-packages/airflow/example_dags/example_short_circuit_decorator.py took 0.108 seconds
