[2026-05-18T06:00:49.843+0000] {processor.py:186} INFO - Started process (PID=6926) to work on /home/noelsdavid/airflow_venv/lib/python3.12/site-packages/airflow/example_dags/example_latest_only_with_trigger.py
[2026-05-18T06:00:49.844+0000] {processor.py:914} INFO - Processing file /home/noelsdavid/airflow_venv/lib/python3.12/site-packages/airflow/example_dags/example_latest_only_with_trigger.py for tasks to queue
[2026-05-18T06:00:49.846+0000] {logging_mixin.py:190} INFO - [2026-05-18T06:00:49.846+0000] {dagbag.py:588} INFO - Filling up the DagBag from /home/noelsdavid/airflow_venv/lib/python3.12/site-packages/airflow/example_dags/example_latest_only_with_trigger.py
[2026-05-18T06:00:49.856+0000] {processor.py:925} INFO - DAG(s) 'latest_only_with_trigger' retrieved from /home/noelsdavid/airflow_venv/lib/python3.12/site-packages/airflow/example_dags/example_latest_only_with_trigger.py
[2026-05-18T06:00:50.007+0000] {logging_mixin.py:190} INFO - [2026-05-18T06:00:50.006+0000] {override.py:1911} INFO - Created Permission View: can edit on DAG:latest_only_with_trigger
[2026-05-18T06:00:50.026+0000] {logging_mixin.py:190} INFO - [2026-05-18T06:00:50.026+0000] {override.py:1911} INFO - Created Permission View: can delete on DAG:latest_only_with_trigger
[2026-05-18T06:00:50.041+0000] {logging_mixin.py:190} INFO - [2026-05-18T06:00:50.041+0000] {override.py:1911} INFO - Created Permission View: can read on DAG:latest_only_with_trigger
[2026-05-18T06:00:50.069+0000] {logging_mixin.py:190} INFO - [2026-05-18T06:00:50.068+0000] {override.py:1911} INFO - Created Permission View: can delete on DAG Run:latest_only_with_trigger
[2026-05-18T06:00:50.087+0000] {logging_mixin.py:190} INFO - [2026-05-18T06:00:50.087+0000] {override.py:1911} INFO - Created Permission View: menu access on DAG Run:latest_only_with_trigger
[2026-05-18T06:00:50.103+0000] {logging_mixin.py:190} INFO - [2026-05-18T06:00:50.103+0000] {override.py:1911} INFO - Created Permission View: can create on DAG Run:latest_only_with_trigger
[2026-05-18T06:00:50.119+0000] {logging_mixin.py:190} INFO - [2026-05-18T06:00:50.118+0000] {override.py:1911} INFO - Created Permission View: can read on DAG Run:latest_only_with_trigger
[2026-05-18T06:00:50.120+0000] {logging_mixin.py:190} INFO - [2026-05-18T06:00:50.119+0000] {dag.py:3239} INFO - Sync 1 DAGs
[2026-05-18T06:00:50.133+0000] {logging_mixin.py:190} INFO - [2026-05-18T06:00:50.132+0000] {dag.py:3262} INFO - Creating ORM DAG for latest_only_with_trigger
[2026-05-18T06:00:50.143+0000] {logging_mixin.py:190} INFO - [2026-05-18T06:00:50.143+0000] {dag.py:4180} INFO - Setting next_dagrun for latest_only_with_trigger to 2026-05-18 00:00:00+00:00, run_after=2026-05-18 04:00:00+00:00
[2026-05-18T06:00:50.173+0000] {processor.py:208} INFO - Processing /home/noelsdavid/airflow_venv/lib/python3.12/site-packages/airflow/example_dags/example_latest_only_with_trigger.py took 0.338 seconds
[2026-05-18T06:02:03.258+0000] {processor.py:186} INFO - Started process (PID=6992) to work on /home/noelsdavid/airflow_venv/lib/python3.12/site-packages/airflow/example_dags/example_latest_only_with_trigger.py
[2026-05-18T06:02:03.260+0000] {processor.py:914} INFO - Processing file /home/noelsdavid/airflow_venv/lib/python3.12/site-packages/airflow/example_dags/example_latest_only_with_trigger.py for tasks to queue
[2026-05-18T06:02:03.263+0000] {logging_mixin.py:190} INFO - [2026-05-18T06:02:03.263+0000] {dagbag.py:588} INFO - Filling up the DagBag from /home/noelsdavid/airflow_venv/lib/python3.12/site-packages/airflow/example_dags/example_latest_only_with_trigger.py
[2026-05-18T06:02:03.274+0000] {processor.py:925} INFO - DAG(s) 'latest_only_with_trigger' retrieved from /home/noelsdavid/airflow_venv/lib/python3.12/site-packages/airflow/example_dags/example_latest_only_with_trigger.py
[2026-05-18T06:02:03.297+0000] {logging_mixin.py:190} INFO - [2026-05-18T06:02:03.296+0000] {dag.py:3239} INFO - Sync 1 DAGs
[2026-05-18T06:02:03.322+0000] {logging_mixin.py:190} INFO - [2026-05-18T06:02:03.322+0000] {dag.py:4180} INFO - Setting next_dagrun for latest_only_with_trigger to 2026-05-18 00:00:00+00:00, run_after=2026-05-18 04:00:00+00:00
[2026-05-18T06:02:03.357+0000] {processor.py:208} INFO - Processing /home/noelsdavid/airflow_venv/lib/python3.12/site-packages/airflow/example_dags/example_latest_only_with_trigger.py took 0.107 seconds
[2026-05-18T06:03:01.563+0000] {processor.py:186} INFO - Started process (PID=7051) to work on /home/noelsdavid/airflow_venv/lib/python3.12/site-packages/airflow/example_dags/example_latest_only_with_trigger.py
[2026-05-18T06:03:01.566+0000] {processor.py:914} INFO - Processing file /home/noelsdavid/airflow_venv/lib/python3.12/site-packages/airflow/example_dags/example_latest_only_with_trigger.py for tasks to queue
[2026-05-18T06:03:01.569+0000] {logging_mixin.py:190} INFO - [2026-05-18T06:03:01.568+0000] {dagbag.py:588} INFO - Filling up the DagBag from /home/noelsdavid/airflow_venv/lib/python3.12/site-packages/airflow/example_dags/example_latest_only_with_trigger.py
[2026-05-18T06:03:01.582+0000] {processor.py:925} INFO - DAG(s) 'latest_only_with_trigger' retrieved from /home/noelsdavid/airflow_venv/lib/python3.12/site-packages/airflow/example_dags/example_latest_only_with_trigger.py
[2026-05-18T06:03:01.608+0000] {logging_mixin.py:190} INFO - [2026-05-18T06:03:01.607+0000] {dag.py:3239} INFO - Sync 1 DAGs
[2026-05-18T06:03:01.640+0000] {logging_mixin.py:190} INFO - [2026-05-18T06:03:01.639+0000] {dag.py:4180} INFO - Setting next_dagrun for latest_only_with_trigger to 2026-05-18 00:00:00+00:00, run_after=2026-05-18 04:00:00+00:00
[2026-05-18T06:03:01.697+0000] {processor.py:208} INFO - Processing /home/noelsdavid/airflow_venv/lib/python3.12/site-packages/airflow/example_dags/example_latest_only_with_trigger.py took 0.143 seconds
[2026-05-18T06:04:02.756+0000] {processor.py:186} INFO - Started process (PID=7111) to work on /home/noelsdavid/airflow_venv/lib/python3.12/site-packages/airflow/example_dags/example_latest_only_with_trigger.py
[2026-05-18T06:04:02.759+0000] {processor.py:914} INFO - Processing file /home/noelsdavid/airflow_venv/lib/python3.12/site-packages/airflow/example_dags/example_latest_only_with_trigger.py for tasks to queue
[2026-05-18T06:04:02.762+0000] {logging_mixin.py:190} INFO - [2026-05-18T06:04:02.761+0000] {dagbag.py:588} INFO - Filling up the DagBag from /home/noelsdavid/airflow_venv/lib/python3.12/site-packages/airflow/example_dags/example_latest_only_with_trigger.py
[2026-05-18T06:04:02.775+0000] {processor.py:925} INFO - DAG(s) 'latest_only_with_trigger' retrieved from /home/noelsdavid/airflow_venv/lib/python3.12/site-packages/airflow/example_dags/example_latest_only_with_trigger.py
[2026-05-18T06:04:02.797+0000] {logging_mixin.py:190} INFO - [2026-05-18T06:04:02.797+0000] {dag.py:3239} INFO - Sync 1 DAGs
[2026-05-18T06:04:02.823+0000] {logging_mixin.py:190} INFO - [2026-05-18T06:04:02.823+0000] {dag.py:4180} INFO - Setting next_dagrun for latest_only_with_trigger to 2026-05-18 00:00:00+00:00, run_after=2026-05-18 04:00:00+00:00
[2026-05-18T06:04:02.861+0000] {processor.py:208} INFO - Processing /home/noelsdavid/airflow_venv/lib/python3.12/site-packages/airflow/example_dags/example_latest_only_with_trigger.py took 0.113 seconds
[2026-05-18T06:05:05.063+0000] {processor.py:186} INFO - Started process (PID=7172) to work on /home/noelsdavid/airflow_venv/lib/python3.12/site-packages/airflow/example_dags/example_latest_only_with_trigger.py
[2026-05-18T06:05:05.087+0000] {processor.py:914} INFO - Processing file /home/noelsdavid/airflow_venv/lib/python3.12/site-packages/airflow/example_dags/example_latest_only_with_trigger.py for tasks to queue
[2026-05-18T06:05:05.090+0000] {logging_mixin.py:190} INFO - [2026-05-18T06:05:05.090+0000] {dagbag.py:588} INFO - Filling up the DagBag from /home/noelsdavid/airflow_venv/lib/python3.12/site-packages/airflow/example_dags/example_latest_only_with_trigger.py
[2026-05-18T06:05:05.101+0000] {processor.py:925} INFO - DAG(s) 'latest_only_with_trigger' retrieved from /home/noelsdavid/airflow_venv/lib/python3.12/site-packages/airflow/example_dags/example_latest_only_with_trigger.py
[2026-05-18T06:05:05.123+0000] {logging_mixin.py:190} INFO - [2026-05-18T06:05:05.123+0000] {dag.py:3239} INFO - Sync 1 DAGs
[2026-05-18T06:05:05.148+0000] {logging_mixin.py:190} INFO - [2026-05-18T06:05:05.148+0000] {dag.py:4180} INFO - Setting next_dagrun for latest_only_with_trigger to 2026-05-18 00:00:00+00:00, run_after=2026-05-18 04:00:00+00:00
[2026-05-18T06:05:05.181+0000] {processor.py:208} INFO - Processing /home/noelsdavid/airflow_venv/lib/python3.12/site-packages/airflow/example_dags/example_latest_only_with_trigger.py took 0.125 seconds
[2026-05-18T06:06:17.867+0000] {processor.py:186} INFO - Started process (PID=7264) to work on /home/noelsdavid/airflow_venv/lib/python3.12/site-packages/airflow/example_dags/example_latest_only_with_trigger.py
[2026-05-18T06:06:17.870+0000] {processor.py:914} INFO - Processing file /home/noelsdavid/airflow_venv/lib/python3.12/site-packages/airflow/example_dags/example_latest_only_with_trigger.py for tasks to queue
[2026-05-18T06:06:17.873+0000] {logging_mixin.py:190} INFO - [2026-05-18T06:06:17.873+0000] {dagbag.py:588} INFO - Filling up the DagBag from /home/noelsdavid/airflow_venv/lib/python3.12/site-packages/airflow/example_dags/example_latest_only_with_trigger.py
[2026-05-18T06:06:17.885+0000] {processor.py:925} INFO - DAG(s) 'latest_only_with_trigger' retrieved from /home/noelsdavid/airflow_venv/lib/python3.12/site-packages/airflow/example_dags/example_latest_only_with_trigger.py
[2026-05-18T06:06:17.908+0000] {logging_mixin.py:190} INFO - [2026-05-18T06:06:17.908+0000] {dag.py:3239} INFO - Sync 1 DAGs
[2026-05-18T06:06:17.937+0000] {logging_mixin.py:190} INFO - [2026-05-18T06:06:17.937+0000] {dag.py:4180} INFO - Setting next_dagrun for latest_only_with_trigger to 2026-05-18 00:00:00+00:00, run_after=2026-05-18 04:00:00+00:00
[2026-05-18T06:06:17.972+0000] {processor.py:208} INFO - Processing /home/noelsdavid/airflow_venv/lib/python3.12/site-packages/airflow/example_dags/example_latest_only_with_trigger.py took 0.113 seconds
[2026-05-18T06:07:14.284+0000] {processor.py:186} INFO - Started process (PID=7321) to work on /home/noelsdavid/airflow_venv/lib/python3.12/site-packages/airflow/example_dags/example_latest_only_with_trigger.py
[2026-05-18T06:07:14.287+0000] {processor.py:914} INFO - Processing file /home/noelsdavid/airflow_venv/lib/python3.12/site-packages/airflow/example_dags/example_latest_only_with_trigger.py for tasks to queue
[2026-05-18T06:07:14.291+0000] {logging_mixin.py:190} INFO - [2026-05-18T06:07:14.290+0000] {dagbag.py:588} INFO - Filling up the DagBag from /home/noelsdavid/airflow_venv/lib/python3.12/site-packages/airflow/example_dags/example_latest_only_with_trigger.py
[2026-05-18T06:07:14.305+0000] {processor.py:925} INFO - DAG(s) 'latest_only_with_trigger' retrieved from /home/noelsdavid/airflow_venv/lib/python3.12/site-packages/airflow/example_dags/example_latest_only_with_trigger.py
[2026-05-18T06:07:14.333+0000] {logging_mixin.py:190} INFO - [2026-05-18T06:07:14.333+0000] {dag.py:3239} INFO - Sync 1 DAGs
[2026-05-18T06:07:14.374+0000] {logging_mixin.py:190} INFO - [2026-05-18T06:07:14.373+0000] {dag.py:4180} INFO - Setting next_dagrun for latest_only_with_trigger to 2026-05-18 00:00:00+00:00, run_after=2026-05-18 04:00:00+00:00
[2026-05-18T06:07:14.410+0000] {processor.py:208} INFO - Processing /home/noelsdavid/airflow_venv/lib/python3.12/site-packages/airflow/example_dags/example_latest_only_with_trigger.py took 0.134 seconds
[2026-05-18T06:08:15.997+0000] {processor.py:186} INFO - Started process (PID=7380) to work on /home/noelsdavid/airflow_venv/lib/python3.12/site-packages/airflow/example_dags/example_latest_only_with_trigger.py
[2026-05-18T06:08:16.000+0000] {processor.py:914} INFO - Processing file /home/noelsdavid/airflow_venv/lib/python3.12/site-packages/airflow/example_dags/example_latest_only_with_trigger.py for tasks to queue
[2026-05-18T06:08:16.003+0000] {logging_mixin.py:190} INFO - [2026-05-18T06:08:16.003+0000] {dagbag.py:588} INFO - Filling up the DagBag from /home/noelsdavid/airflow_venv/lib/python3.12/site-packages/airflow/example_dags/example_latest_only_with_trigger.py
[2026-05-18T06:08:16.015+0000] {processor.py:925} INFO - DAG(s) 'latest_only_with_trigger' retrieved from /home/noelsdavid/airflow_venv/lib/python3.12/site-packages/airflow/example_dags/example_latest_only_with_trigger.py
[2026-05-18T06:08:16.037+0000] {logging_mixin.py:190} INFO - [2026-05-18T06:08:16.037+0000] {dag.py:3239} INFO - Sync 1 DAGs
[2026-05-18T06:08:16.064+0000] {logging_mixin.py:190} INFO - [2026-05-18T06:08:16.064+0000] {dag.py:4180} INFO - Setting next_dagrun for latest_only_with_trigger to 2026-05-18 00:00:00+00:00, run_after=2026-05-18 04:00:00+00:00
[2026-05-18T06:08:16.096+0000] {processor.py:208} INFO - Processing /home/noelsdavid/airflow_venv/lib/python3.12/site-packages/airflow/example_dags/example_latest_only_with_trigger.py took 0.107 seconds
[2026-05-18T06:09:20.662+0000] {processor.py:186} INFO - Started process (PID=7442) to work on /home/noelsdavid/airflow_venv/lib/python3.12/site-packages/airflow/example_dags/example_latest_only_with_trigger.py
[2026-05-18T06:09:20.664+0000] {processor.py:914} INFO - Processing file /home/noelsdavid/airflow_venv/lib/python3.12/site-packages/airflow/example_dags/example_latest_only_with_trigger.py for tasks to queue
[2026-05-18T06:09:20.667+0000] {logging_mixin.py:190} INFO - [2026-05-18T06:09:20.667+0000] {dagbag.py:588} INFO - Filling up the DagBag from /home/noelsdavid/airflow_venv/lib/python3.12/site-packages/airflow/example_dags/example_latest_only_with_trigger.py
[2026-05-18T06:09:20.679+0000] {processor.py:925} INFO - DAG(s) 'latest_only_with_trigger' retrieved from /home/noelsdavid/airflow_venv/lib/python3.12/site-packages/airflow/example_dags/example_latest_only_with_trigger.py
[2026-05-18T06:09:20.702+0000] {logging_mixin.py:190} INFO - [2026-05-18T06:09:20.702+0000] {dag.py:3239} INFO - Sync 1 DAGs
[2026-05-18T06:09:20.729+0000] {logging_mixin.py:190} INFO - [2026-05-18T06:09:20.729+0000] {dag.py:4180} INFO - Setting next_dagrun for latest_only_with_trigger to 2026-05-18 00:00:00+00:00, run_after=2026-05-18 04:00:00+00:00
[2026-05-18T06:09:20.759+0000] {processor.py:208} INFO - Processing /home/noelsdavid/airflow_venv/lib/python3.12/site-packages/airflow/example_dags/example_latest_only_with_trigger.py took 0.105 seconds
[2026-05-18T06:10:23.134+0000] {processor.py:186} INFO - Started process (PID=7527) to work on /home/noelsdavid/airflow_venv/lib/python3.12/site-packages/airflow/example_dags/example_latest_only_with_trigger.py
[2026-05-18T06:10:23.136+0000] {processor.py:914} INFO - Processing file /home/noelsdavid/airflow_venv/lib/python3.12/site-packages/airflow/example_dags/example_latest_only_with_trigger.py for tasks to queue
[2026-05-18T06:10:23.141+0000] {logging_mixin.py:190} INFO - [2026-05-18T06:10:23.140+0000] {dagbag.py:588} INFO - Filling up the DagBag from /home/noelsdavid/airflow_venv/lib/python3.12/site-packages/airflow/example_dags/example_latest_only_with_trigger.py
[2026-05-18T06:10:23.153+0000] {processor.py:925} INFO - DAG(s) 'latest_only_with_trigger' retrieved from /home/noelsdavid/airflow_venv/lib/python3.12/site-packages/airflow/example_dags/example_latest_only_with_trigger.py
[2026-05-18T06:10:23.176+0000] {logging_mixin.py:190} INFO - [2026-05-18T06:10:23.176+0000] {dag.py:3239} INFO - Sync 1 DAGs
[2026-05-18T06:10:23.203+0000] {logging_mixin.py:190} INFO - [2026-05-18T06:10:23.203+0000] {dag.py:4180} INFO - Setting next_dagrun for latest_only_with_trigger to 2026-05-18 00:00:00+00:00, run_after=2026-05-18 04:00:00+00:00
[2026-05-18T06:10:23.234+0000] {processor.py:208} INFO - Processing /home/noelsdavid/airflow_venv/lib/python3.12/site-packages/airflow/example_dags/example_latest_only_with_trigger.py took 0.108 seconds
[2026-05-18T06:11:22.453+0000] {processor.py:186} INFO - Started process (PID=7586) to work on /home/noelsdavid/airflow_venv/lib/python3.12/site-packages/airflow/example_dags/example_latest_only_with_trigger.py
[2026-05-18T06:11:22.455+0000] {processor.py:914} INFO - Processing file /home/noelsdavid/airflow_venv/lib/python3.12/site-packages/airflow/example_dags/example_latest_only_with_trigger.py for tasks to queue
[2026-05-18T06:11:22.458+0000] {logging_mixin.py:190} INFO - [2026-05-18T06:11:22.458+0000] {dagbag.py:588} INFO - Filling up the DagBag from /home/noelsdavid/airflow_venv/lib/python3.12/site-packages/airflow/example_dags/example_latest_only_with_trigger.py
[2026-05-18T06:11:22.470+0000] {processor.py:925} INFO - DAG(s) 'latest_only_with_trigger' retrieved from /home/noelsdavid/airflow_venv/lib/python3.12/site-packages/airflow/example_dags/example_latest_only_with_trigger.py
[2026-05-18T06:11:22.494+0000] {logging_mixin.py:190} INFO - [2026-05-18T06:11:22.494+0000] {dag.py:3239} INFO - Sync 1 DAGs
[2026-05-18T06:11:22.524+0000] {logging_mixin.py:190} INFO - [2026-05-18T06:11:22.523+0000] {dag.py:4180} INFO - Setting next_dagrun for latest_only_with_trigger to 2026-05-18 00:00:00+00:00, run_after=2026-05-18 04:00:00+00:00
[2026-05-18T06:11:22.555+0000] {processor.py:208} INFO - Processing /home/noelsdavid/airflow_venv/lib/python3.12/site-packages/airflow/example_dags/example_latest_only_with_trigger.py took 0.112 seconds
[2026-05-18T06:12:21.082+0000] {processor.py:186} INFO - Started process (PID=7643) to work on /home/noelsdavid/airflow_venv/lib/python3.12/site-packages/airflow/example_dags/example_latest_only_with_trigger.py
[2026-05-18T06:12:21.084+0000] {processor.py:914} INFO - Processing file /home/noelsdavid/airflow_venv/lib/python3.12/site-packages/airflow/example_dags/example_latest_only_with_trigger.py for tasks to queue
[2026-05-18T06:12:21.088+0000] {logging_mixin.py:190} INFO - [2026-05-18T06:12:21.087+0000] {dagbag.py:588} INFO - Filling up the DagBag from /home/noelsdavid/airflow_venv/lib/python3.12/site-packages/airflow/example_dags/example_latest_only_with_trigger.py
[2026-05-18T06:12:21.100+0000] {processor.py:925} INFO - DAG(s) 'latest_only_with_trigger' retrieved from /home/noelsdavid/airflow_venv/lib/python3.12/site-packages/airflow/example_dags/example_latest_only_with_trigger.py
[2026-05-18T06:12:21.123+0000] {logging_mixin.py:190} INFO - [2026-05-18T06:12:21.123+0000] {dag.py:3239} INFO - Sync 1 DAGs
[2026-05-18T06:12:21.151+0000] {logging_mixin.py:190} INFO - [2026-05-18T06:12:21.150+0000] {dag.py:4180} INFO - Setting next_dagrun for latest_only_with_trigger to 2026-05-18 00:00:00+00:00, run_after=2026-05-18 04:00:00+00:00
[2026-05-18T06:12:21.184+0000] {processor.py:208} INFO - Processing /home/noelsdavid/airflow_venv/lib/python3.12/site-packages/airflow/example_dags/example_latest_only_with_trigger.py took 0.110 seconds
[2026-05-18T06:13:21.749+0000] {processor.py:186} INFO - Started process (PID=7702) to work on /home/noelsdavid/airflow_venv/lib/python3.12/site-packages/airflow/example_dags/example_latest_only_with_trigger.py
[2026-05-18T06:13:21.752+0000] {processor.py:914} INFO - Processing file /home/noelsdavid/airflow_venv/lib/python3.12/site-packages/airflow/example_dags/example_latest_only_with_trigger.py for tasks to queue
[2026-05-18T06:13:21.755+0000] {logging_mixin.py:190} INFO - [2026-05-18T06:13:21.755+0000] {dagbag.py:588} INFO - Filling up the DagBag from /home/noelsdavid/airflow_venv/lib/python3.12/site-packages/airflow/example_dags/example_latest_only_with_trigger.py
[2026-05-18T06:13:21.767+0000] {processor.py:925} INFO - DAG(s) 'latest_only_with_trigger' retrieved from /home/noelsdavid/airflow_venv/lib/python3.12/site-packages/airflow/example_dags/example_latest_only_with_trigger.py
[2026-05-18T06:13:21.790+0000] {logging_mixin.py:190} INFO - [2026-05-18T06:13:21.789+0000] {dag.py:3239} INFO - Sync 1 DAGs
[2026-05-18T06:13:21.816+0000] {logging_mixin.py:190} INFO - [2026-05-18T06:13:21.815+0000] {dag.py:4180} INFO - Setting next_dagrun for latest_only_with_trigger to 2026-05-18 00:00:00+00:00, run_after=2026-05-18 04:00:00+00:00
[2026-05-18T06:13:21.846+0000] {processor.py:208} INFO - Processing /home/noelsdavid/airflow_venv/lib/python3.12/site-packages/airflow/example_dags/example_latest_only_with_trigger.py took 0.109 seconds
[2026-05-18T06:14:24.015+0000] {processor.py:186} INFO - Started process (PID=7762) to work on /home/noelsdavid/airflow_venv/lib/python3.12/site-packages/airflow/example_dags/example_latest_only_with_trigger.py
[2026-05-18T06:14:24.017+0000] {processor.py:914} INFO - Processing file /home/noelsdavid/airflow_venv/lib/python3.12/site-packages/airflow/example_dags/example_latest_only_with_trigger.py for tasks to queue
[2026-05-18T06:14:24.021+0000] {logging_mixin.py:190} INFO - [2026-05-18T06:14:24.020+0000] {dagbag.py:588} INFO - Filling up the DagBag from /home/noelsdavid/airflow_venv/lib/python3.12/site-packages/airflow/example_dags/example_latest_only_with_trigger.py
[2026-05-18T06:14:24.033+0000] {processor.py:925} INFO - DAG(s) 'latest_only_with_trigger' retrieved from /home/noelsdavid/airflow_venv/lib/python3.12/site-packages/airflow/example_dags/example_latest_only_with_trigger.py
[2026-05-18T06:14:24.059+0000] {logging_mixin.py:190} INFO - [2026-05-18T06:14:24.058+0000] {dag.py:3239} INFO - Sync 1 DAGs
[2026-05-18T06:14:24.087+0000] {logging_mixin.py:190} INFO - [2026-05-18T06:14:24.087+0000] {dag.py:4180} INFO - Setting next_dagrun for latest_only_with_trigger to 2026-05-18 00:00:00+00:00, run_after=2026-05-18 04:00:00+00:00
[2026-05-18T06:14:24.121+0000] {processor.py:208} INFO - Processing /home/noelsdavid/airflow_venv/lib/python3.12/site-packages/airflow/example_dags/example_latest_only_with_trigger.py took 0.115 seconds
[2026-05-18T06:15:26.761+0000] {processor.py:186} INFO - Started process (PID=7854) to work on /home/noelsdavid/airflow_venv/lib/python3.12/site-packages/airflow/example_dags/example_latest_only_with_trigger.py
[2026-05-18T06:15:26.779+0000] {processor.py:914} INFO - Processing file /home/noelsdavid/airflow_venv/lib/python3.12/site-packages/airflow/example_dags/example_latest_only_with_trigger.py for tasks to queue
[2026-05-18T06:15:26.783+0000] {logging_mixin.py:190} INFO - [2026-05-18T06:15:26.782+0000] {dagbag.py:588} INFO - Filling up the DagBag from /home/noelsdavid/airflow_venv/lib/python3.12/site-packages/airflow/example_dags/example_latest_only_with_trigger.py
[2026-05-18T06:15:26.794+0000] {processor.py:925} INFO - DAG(s) 'latest_only_with_trigger' retrieved from /home/noelsdavid/airflow_venv/lib/python3.12/site-packages/airflow/example_dags/example_latest_only_with_trigger.py
[2026-05-18T06:15:26.818+0000] {logging_mixin.py:190} INFO - [2026-05-18T06:15:26.818+0000] {dag.py:3239} INFO - Sync 1 DAGs
[2026-05-18T06:15:26.847+0000] {logging_mixin.py:190} INFO - [2026-05-18T06:15:26.846+0000] {dag.py:4180} INFO - Setting next_dagrun for latest_only_with_trigger to 2026-05-18 00:00:00+00:00, run_after=2026-05-18 04:00:00+00:00
[2026-05-18T06:15:26.878+0000] {processor.py:208} INFO - Processing /home/noelsdavid/airflow_venv/lib/python3.12/site-packages/airflow/example_dags/example_latest_only_with_trigger.py took 0.125 seconds
[2026-05-18T06:16:30.236+0000] {processor.py:186} INFO - Started process (PID=8049) to work on /home/noelsdavid/airflow_venv/lib/python3.12/site-packages/airflow/example_dags/example_latest_only_with_trigger.py
[2026-05-18T06:16:30.238+0000] {processor.py:914} INFO - Processing file /home/noelsdavid/airflow_venv/lib/python3.12/site-packages/airflow/example_dags/example_latest_only_with_trigger.py for tasks to queue
[2026-05-18T06:16:30.242+0000] {logging_mixin.py:190} INFO - [2026-05-18T06:16:30.241+0000] {dagbag.py:588} INFO - Filling up the DagBag from /home/noelsdavid/airflow_venv/lib/python3.12/site-packages/airflow/example_dags/example_latest_only_with_trigger.py
[2026-05-18T06:16:30.255+0000] {processor.py:925} INFO - DAG(s) 'latest_only_with_trigger' retrieved from /home/noelsdavid/airflow_venv/lib/python3.12/site-packages/airflow/example_dags/example_latest_only_with_trigger.py
[2026-05-18T06:16:30.279+0000] {logging_mixin.py:190} INFO - [2026-05-18T06:16:30.278+0000] {dag.py:3239} INFO - Sync 1 DAGs
[2026-05-18T06:16:30.312+0000] {logging_mixin.py:190} INFO - [2026-05-18T06:16:30.311+0000] {dag.py:4180} INFO - Setting next_dagrun for latest_only_with_trigger to 2026-05-18 00:00:00+00:00, run_after=2026-05-18 04:00:00+00:00
[2026-05-18T06:16:30.343+0000] {processor.py:208} INFO - Processing /home/noelsdavid/airflow_venv/lib/python3.12/site-packages/airflow/example_dags/example_latest_only_with_trigger.py took 0.117 seconds
[2026-05-18T06:17:33.373+0000] {processor.py:186} INFO - Started process (PID=8336) to work on /home/noelsdavid/airflow_venv/lib/python3.12/site-packages/airflow/example_dags/example_latest_only_with_trigger.py
[2026-05-18T06:17:33.375+0000] {processor.py:914} INFO - Processing file /home/noelsdavid/airflow_venv/lib/python3.12/site-packages/airflow/example_dags/example_latest_only_with_trigger.py for tasks to queue
[2026-05-18T06:17:33.378+0000] {logging_mixin.py:190} INFO - [2026-05-18T06:17:33.378+0000] {dagbag.py:588} INFO - Filling up the DagBag from /home/noelsdavid/airflow_venv/lib/python3.12/site-packages/airflow/example_dags/example_latest_only_with_trigger.py
[2026-05-18T06:17:33.390+0000] {processor.py:925} INFO - DAG(s) 'latest_only_with_trigger' retrieved from /home/noelsdavid/airflow_venv/lib/python3.12/site-packages/airflow/example_dags/example_latest_only_with_trigger.py
[2026-05-18T06:17:33.413+0000] {logging_mixin.py:190} INFO - [2026-05-18T06:17:33.412+0000] {dag.py:3239} INFO - Sync 1 DAGs
[2026-05-18T06:17:33.439+0000] {logging_mixin.py:190} INFO - [2026-05-18T06:17:33.438+0000] {dag.py:4180} INFO - Setting next_dagrun for latest_only_with_trigger to 2026-05-18 00:00:00+00:00, run_after=2026-05-18 04:00:00+00:00
[2026-05-18T06:17:33.466+0000] {processor.py:208} INFO - Processing /home/noelsdavid/airflow_venv/lib/python3.12/site-packages/airflow/example_dags/example_latest_only_with_trigger.py took 0.103 seconds
[2026-05-18T06:18:31.823+0000] {processor.py:186} INFO - Started process (PID=8476) to work on /home/noelsdavid/airflow_venv/lib/python3.12/site-packages/airflow/example_dags/example_latest_only_with_trigger.py
[2026-05-18T06:18:31.826+0000] {processor.py:914} INFO - Processing file /home/noelsdavid/airflow_venv/lib/python3.12/site-packages/airflow/example_dags/example_latest_only_with_trigger.py for tasks to queue
[2026-05-18T06:18:31.829+0000] {logging_mixin.py:190} INFO - [2026-05-18T06:18:31.828+0000] {dagbag.py:588} INFO - Filling up the DagBag from /home/noelsdavid/airflow_venv/lib/python3.12/site-packages/airflow/example_dags/example_latest_only_with_trigger.py
[2026-05-18T06:18:31.840+0000] {processor.py:925} INFO - DAG(s) 'latest_only_with_trigger' retrieved from /home/noelsdavid/airflow_venv/lib/python3.12/site-packages/airflow/example_dags/example_latest_only_with_trigger.py
[2026-05-18T06:18:31.862+0000] {logging_mixin.py:190} INFO - [2026-05-18T06:18:31.862+0000] {dag.py:3239} INFO - Sync 1 DAGs
[2026-05-18T06:18:31.888+0000] {logging_mixin.py:190} INFO - [2026-05-18T06:18:31.888+0000] {dag.py:4180} INFO - Setting next_dagrun for latest_only_with_trigger to 2026-05-18 00:00:00+00:00, run_after=2026-05-18 04:00:00+00:00
[2026-05-18T06:18:31.919+0000] {processor.py:208} INFO - Processing /home/noelsdavid/airflow_venv/lib/python3.12/site-packages/airflow/example_dags/example_latest_only_with_trigger.py took 0.104 seconds
[2026-05-18T06:19:31.672+0000] {processor.py:186} INFO - Started process (PID=8535) to work on /home/noelsdavid/airflow_venv/lib/python3.12/site-packages/airflow/example_dags/example_latest_only_with_trigger.py
[2026-05-18T06:19:31.705+0000] {processor.py:914} INFO - Processing file /home/noelsdavid/airflow_venv/lib/python3.12/site-packages/airflow/example_dags/example_latest_only_with_trigger.py for tasks to queue
[2026-05-18T06:19:31.710+0000] {logging_mixin.py:190} INFO - [2026-05-18T06:19:31.709+0000] {dagbag.py:588} INFO - Filling up the DagBag from /home/noelsdavid/airflow_venv/lib/python3.12/site-packages/airflow/example_dags/example_latest_only_with_trigger.py
[2026-05-18T06:19:31.735+0000] {processor.py:925} INFO - DAG(s) 'latest_only_with_trigger' retrieved from /home/noelsdavid/airflow_venv/lib/python3.12/site-packages/airflow/example_dags/example_latest_only_with_trigger.py
[2026-05-18T06:19:31.782+0000] {logging_mixin.py:190} INFO - [2026-05-18T06:19:31.781+0000] {dag.py:3239} INFO - Sync 1 DAGs
[2026-05-18T06:19:31.826+0000] {logging_mixin.py:190} INFO - [2026-05-18T06:19:31.826+0000] {dag.py:4180} INFO - Setting next_dagrun for latest_only_with_trigger to 2026-05-18 00:00:00+00:00, run_after=2026-05-18 04:00:00+00:00
[2026-05-18T06:19:31.870+0000] {processor.py:208} INFO - Processing /home/noelsdavid/airflow_venv/lib/python3.12/site-packages/airflow/example_dags/example_latest_only_with_trigger.py took 0.213 seconds
[2026-05-18T06:20:35.781+0000] {processor.py:186} INFO - Started process (PID=8624) to work on /home/noelsdavid/airflow_venv/lib/python3.12/site-packages/airflow/example_dags/example_latest_only_with_trigger.py
[2026-05-18T06:20:35.783+0000] {processor.py:914} INFO - Processing file /home/noelsdavid/airflow_venv/lib/python3.12/site-packages/airflow/example_dags/example_latest_only_with_trigger.py for tasks to queue
[2026-05-18T06:20:35.785+0000] {logging_mixin.py:190} INFO - [2026-05-18T06:20:35.785+0000] {dagbag.py:588} INFO - Filling up the DagBag from /home/noelsdavid/airflow_venv/lib/python3.12/site-packages/airflow/example_dags/example_latest_only_with_trigger.py
[2026-05-18T06:20:35.798+0000] {processor.py:925} INFO - DAG(s) 'latest_only_with_trigger' retrieved from /home/noelsdavid/airflow_venv/lib/python3.12/site-packages/airflow/example_dags/example_latest_only_with_trigger.py
[2026-05-18T06:20:35.821+0000] {logging_mixin.py:190} INFO - [2026-05-18T06:20:35.820+0000] {dag.py:3239} INFO - Sync 1 DAGs
[2026-05-18T06:20:35.847+0000] {logging_mixin.py:190} INFO - [2026-05-18T06:20:35.847+0000] {dag.py:4180} INFO - Setting next_dagrun for latest_only_with_trigger to 2026-05-18 00:00:00+00:00, run_after=2026-05-18 04:00:00+00:00
[2026-05-18T06:20:35.875+0000] {processor.py:208} INFO - Processing /home/noelsdavid/airflow_venv/lib/python3.12/site-packages/airflow/example_dags/example_latest_only_with_trigger.py took 0.103 seconds
[2026-05-18T06:21:39.102+0000] {processor.py:186} INFO - Started process (PID=8684) to work on /home/noelsdavid/airflow_venv/lib/python3.12/site-packages/airflow/example_dags/example_latest_only_with_trigger.py
[2026-05-18T06:21:39.104+0000] {processor.py:914} INFO - Processing file /home/noelsdavid/airflow_venv/lib/python3.12/site-packages/airflow/example_dags/example_latest_only_with_trigger.py for tasks to queue
[2026-05-18T06:21:39.106+0000] {logging_mixin.py:190} INFO - [2026-05-18T06:21:39.106+0000] {dagbag.py:588} INFO - Filling up the DagBag from /home/noelsdavid/airflow_venv/lib/python3.12/site-packages/airflow/example_dags/example_latest_only_with_trigger.py
[2026-05-18T06:21:39.119+0000] {processor.py:925} INFO - DAG(s) 'latest_only_with_trigger' retrieved from /home/noelsdavid/airflow_venv/lib/python3.12/site-packages/airflow/example_dags/example_latest_only_with_trigger.py
[2026-05-18T06:21:39.140+0000] {logging_mixin.py:190} INFO - [2026-05-18T06:21:39.140+0000] {dag.py:3239} INFO - Sync 1 DAGs
[2026-05-18T06:21:39.166+0000] {logging_mixin.py:190} INFO - [2026-05-18T06:21:39.165+0000] {dag.py:4180} INFO - Setting next_dagrun for latest_only_with_trigger to 2026-05-18 00:00:00+00:00, run_after=2026-05-18 04:00:00+00:00
[2026-05-18T06:21:39.197+0000] {processor.py:208} INFO - Processing /home/noelsdavid/airflow_venv/lib/python3.12/site-packages/airflow/example_dags/example_latest_only_with_trigger.py took 0.103 seconds
[2026-05-18T06:22:44.464+0000] {processor.py:186} INFO - Started process (PID=8747) to work on /home/noelsdavid/airflow_venv/lib/python3.12/site-packages/airflow/example_dags/example_latest_only_with_trigger.py
[2026-05-18T06:22:44.466+0000] {processor.py:914} INFO - Processing file /home/noelsdavid/airflow_venv/lib/python3.12/site-packages/airflow/example_dags/example_latest_only_with_trigger.py for tasks to queue
[2026-05-18T06:22:44.469+0000] {logging_mixin.py:190} INFO - [2026-05-18T06:22:44.468+0000] {dagbag.py:588} INFO - Filling up the DagBag from /home/noelsdavid/airflow_venv/lib/python3.12/site-packages/airflow/example_dags/example_latest_only_with_trigger.py
[2026-05-18T06:22:44.481+0000] {processor.py:925} INFO - DAG(s) 'latest_only_with_trigger' retrieved from /home/noelsdavid/airflow_venv/lib/python3.12/site-packages/airflow/example_dags/example_latest_only_with_trigger.py
[2026-05-18T06:22:44.505+0000] {logging_mixin.py:190} INFO - [2026-05-18T06:22:44.504+0000] {dag.py:3239} INFO - Sync 1 DAGs
[2026-05-18T06:22:44.532+0000] {logging_mixin.py:190} INFO - [2026-05-18T06:22:44.531+0000] {dag.py:4180} INFO - Setting next_dagrun for latest_only_with_trigger to 2026-05-18 00:00:00+00:00, run_after=2026-05-18 04:00:00+00:00
[2026-05-18T06:22:44.562+0000] {processor.py:208} INFO - Processing /home/noelsdavid/airflow_venv/lib/python3.12/site-packages/airflow/example_dags/example_latest_only_with_trigger.py took 0.106 seconds
[2026-05-18T06:23:47.610+0000] {processor.py:186} INFO - Started process (PID=8809) to work on /home/noelsdavid/airflow_venv/lib/python3.12/site-packages/airflow/example_dags/example_latest_only_with_trigger.py
[2026-05-18T06:23:47.613+0000] {processor.py:914} INFO - Processing file /home/noelsdavid/airflow_venv/lib/python3.12/site-packages/airflow/example_dags/example_latest_only_with_trigger.py for tasks to queue
[2026-05-18T06:23:47.615+0000] {logging_mixin.py:190} INFO - [2026-05-18T06:23:47.614+0000] {dagbag.py:588} INFO - Filling up the DagBag from /home/noelsdavid/airflow_venv/lib/python3.12/site-packages/airflow/example_dags/example_latest_only_with_trigger.py
[2026-05-18T06:23:47.628+0000] {processor.py:925} INFO - DAG(s) 'latest_only_with_trigger' retrieved from /home/noelsdavid/airflow_venv/lib/python3.12/site-packages/airflow/example_dags/example_latest_only_with_trigger.py
[2026-05-18T06:23:47.653+0000] {logging_mixin.py:190} INFO - [2026-05-18T06:23:47.652+0000] {dag.py:3239} INFO - Sync 1 DAGs
[2026-05-18T06:23:47.680+0000] {logging_mixin.py:190} INFO - [2026-05-18T06:23:47.680+0000] {dag.py:4180} INFO - Setting next_dagrun for latest_only_with_trigger to 2026-05-18 00:00:00+00:00, run_after=2026-05-18 04:00:00+00:00
[2026-05-18T06:23:47.716+0000] {processor.py:208} INFO - Processing /home/noelsdavid/airflow_venv/lib/python3.12/site-packages/airflow/example_dags/example_latest_only_with_trigger.py took 0.114 seconds
[2026-05-18T06:24:54.876+0000] {processor.py:186} INFO - Started process (PID=8873) to work on /home/noelsdavid/airflow_venv/lib/python3.12/site-packages/airflow/example_dags/example_latest_only_with_trigger.py
[2026-05-18T06:24:54.879+0000] {processor.py:914} INFO - Processing file /home/noelsdavid/airflow_venv/lib/python3.12/site-packages/airflow/example_dags/example_latest_only_with_trigger.py for tasks to queue
[2026-05-18T06:24:54.881+0000] {logging_mixin.py:190} INFO - [2026-05-18T06:24:54.880+0000] {dagbag.py:588} INFO - Filling up the DagBag from /home/noelsdavid/airflow_venv/lib/python3.12/site-packages/airflow/example_dags/example_latest_only_with_trigger.py
[2026-05-18T06:24:54.894+0000] {processor.py:925} INFO - DAG(s) 'latest_only_with_trigger' retrieved from /home/noelsdavid/airflow_venv/lib/python3.12/site-packages/airflow/example_dags/example_latest_only_with_trigger.py
[2026-05-18T06:24:54.918+0000] {logging_mixin.py:190} INFO - [2026-05-18T06:24:54.918+0000] {dag.py:3239} INFO - Sync 1 DAGs
[2026-05-18T06:24:54.947+0000] {logging_mixin.py:190} INFO - [2026-05-18T06:24:54.947+0000] {dag.py:4180} INFO - Setting next_dagrun for latest_only_with_trigger to 2026-05-18 00:00:00+00:00, run_after=2026-05-18 04:00:00+00:00
[2026-05-18T06:24:54.982+0000] {processor.py:208} INFO - Processing /home/noelsdavid/airflow_venv/lib/python3.12/site-packages/airflow/example_dags/example_latest_only_with_trigger.py took 0.115 seconds
[2026-05-18T06:26:00.640+0000] {processor.py:186} INFO - Started process (PID=8960) to work on /home/noelsdavid/airflow_venv/lib/python3.12/site-packages/airflow/example_dags/example_latest_only_with_trigger.py
[2026-05-18T06:26:00.644+0000] {processor.py:914} INFO - Processing file /home/noelsdavid/airflow_venv/lib/python3.12/site-packages/airflow/example_dags/example_latest_only_with_trigger.py for tasks to queue
[2026-05-18T06:26:00.647+0000] {logging_mixin.py:190} INFO - [2026-05-18T06:26:00.646+0000] {dagbag.py:588} INFO - Filling up the DagBag from /home/noelsdavid/airflow_venv/lib/python3.12/site-packages/airflow/example_dags/example_latest_only_with_trigger.py
[2026-05-18T06:26:00.671+0000] {processor.py:925} INFO - DAG(s) 'latest_only_with_trigger' retrieved from /home/noelsdavid/airflow_venv/lib/python3.12/site-packages/airflow/example_dags/example_latest_only_with_trigger.py
[2026-05-18T06:26:00.706+0000] {logging_mixin.py:190} INFO - [2026-05-18T06:26:00.706+0000] {dag.py:3239} INFO - Sync 1 DAGs
[2026-05-18T06:26:00.739+0000] {logging_mixin.py:190} INFO - [2026-05-18T06:26:00.739+0000] {dag.py:4180} INFO - Setting next_dagrun for latest_only_with_trigger to 2026-05-18 00:00:00+00:00, run_after=2026-05-18 04:00:00+00:00
[2026-05-18T06:26:00.779+0000] {processor.py:208} INFO - Processing /home/noelsdavid/airflow_venv/lib/python3.12/site-packages/airflow/example_dags/example_latest_only_with_trigger.py took 0.150 seconds
[2026-05-18T06:27:03.161+0000] {processor.py:186} INFO - Started process (PID=9209) to work on /home/noelsdavid/airflow_venv/lib/python3.12/site-packages/airflow/example_dags/example_latest_only_with_trigger.py
[2026-05-18T06:27:03.164+0000] {processor.py:914} INFO - Processing file /home/noelsdavid/airflow_venv/lib/python3.12/site-packages/airflow/example_dags/example_latest_only_with_trigger.py for tasks to queue
[2026-05-18T06:27:03.166+0000] {logging_mixin.py:190} INFO - [2026-05-18T06:27:03.165+0000] {dagbag.py:588} INFO - Filling up the DagBag from /home/noelsdavid/airflow_venv/lib/python3.12/site-packages/airflow/example_dags/example_latest_only_with_trigger.py
[2026-05-18T06:27:03.181+0000] {processor.py:925} INFO - DAG(s) 'latest_only_with_trigger' retrieved from /home/noelsdavid/airflow_venv/lib/python3.12/site-packages/airflow/example_dags/example_latest_only_with_trigger.py
[2026-05-18T06:27:03.205+0000] {logging_mixin.py:190} INFO - [2026-05-18T06:27:03.204+0000] {dag.py:3239} INFO - Sync 1 DAGs
[2026-05-18T06:27:03.233+0000] {logging_mixin.py:190} INFO - [2026-05-18T06:27:03.233+0000] {dag.py:4180} INFO - Setting next_dagrun for latest_only_with_trigger to 2026-05-18 00:00:00+00:00, run_after=2026-05-18 04:00:00+00:00
[2026-05-18T06:27:03.263+0000] {processor.py:208} INFO - Processing /home/noelsdavid/airflow_venv/lib/python3.12/site-packages/airflow/example_dags/example_latest_only_with_trigger.py took 0.110 seconds
[2026-05-18T06:28:15.961+0000] {processor.py:186} INFO - Started process (PID=9707) to work on /home/noelsdavid/airflow_venv/lib/python3.12/site-packages/airflow/example_dags/example_latest_only_with_trigger.py
[2026-05-18T06:28:15.963+0000] {processor.py:914} INFO - Processing file /home/noelsdavid/airflow_venv/lib/python3.12/site-packages/airflow/example_dags/example_latest_only_with_trigger.py for tasks to queue
[2026-05-18T06:28:15.965+0000] {logging_mixin.py:190} INFO - [2026-05-18T06:28:15.964+0000] {dagbag.py:588} INFO - Filling up the DagBag from /home/noelsdavid/airflow_venv/lib/python3.12/site-packages/airflow/example_dags/example_latest_only_with_trigger.py
[2026-05-18T06:28:15.977+0000] {processor.py:925} INFO - DAG(s) 'latest_only_with_trigger' retrieved from /home/noelsdavid/airflow_venv/lib/python3.12/site-packages/airflow/example_dags/example_latest_only_with_trigger.py
[2026-05-18T06:28:15.999+0000] {logging_mixin.py:190} INFO - [2026-05-18T06:28:15.998+0000] {dag.py:3239} INFO - Sync 1 DAGs
[2026-05-18T06:28:16.026+0000] {logging_mixin.py:190} INFO - [2026-05-18T06:28:16.025+0000] {dag.py:4180} INFO - Setting next_dagrun for latest_only_with_trigger to 2026-05-18 00:00:00+00:00, run_after=2026-05-18 04:00:00+00:00
[2026-05-18T06:28:16.058+0000] {processor.py:208} INFO - Processing /home/noelsdavid/airflow_venv/lib/python3.12/site-packages/airflow/example_dags/example_latest_only_with_trigger.py took 0.105 seconds
[2026-05-18T06:29:23.399+0000] {processor.py:186} INFO - Started process (PID=9770) to work on /home/noelsdavid/airflow_venv/lib/python3.12/site-packages/airflow/example_dags/example_latest_only_with_trigger.py
[2026-05-18T06:29:23.401+0000] {processor.py:914} INFO - Processing file /home/noelsdavid/airflow_venv/lib/python3.12/site-packages/airflow/example_dags/example_latest_only_with_trigger.py for tasks to queue
[2026-05-18T06:29:23.403+0000] {logging_mixin.py:190} INFO - [2026-05-18T06:29:23.402+0000] {dagbag.py:588} INFO - Filling up the DagBag from /home/noelsdavid/airflow_venv/lib/python3.12/site-packages/airflow/example_dags/example_latest_only_with_trigger.py
[2026-05-18T06:29:23.416+0000] {processor.py:925} INFO - DAG(s) 'latest_only_with_trigger' retrieved from /home/noelsdavid/airflow_venv/lib/python3.12/site-packages/airflow/example_dags/example_latest_only_with_trigger.py
[2026-05-18T06:29:23.440+0000] {logging_mixin.py:190} INFO - [2026-05-18T06:29:23.439+0000] {dag.py:3239} INFO - Sync 1 DAGs
[2026-05-18T06:29:23.466+0000] {logging_mixin.py:190} INFO - [2026-05-18T06:29:23.466+0000] {dag.py:4180} INFO - Setting next_dagrun for latest_only_with_trigger to 2026-05-18 00:00:00+00:00, run_after=2026-05-18 04:00:00+00:00
[2026-05-18T06:29:23.497+0000] {processor.py:208} INFO - Processing /home/noelsdavid/airflow_venv/lib/python3.12/site-packages/airflow/example_dags/example_latest_only_with_trigger.py took 0.106 seconds
[2026-05-18T06:30:30.736+0000] {processor.py:186} INFO - Started process (PID=9859) to work on /home/noelsdavid/airflow_venv/lib/python3.12/site-packages/airflow/example_dags/example_latest_only_with_trigger.py
[2026-05-18T06:30:30.738+0000] {processor.py:914} INFO - Processing file /home/noelsdavid/airflow_venv/lib/python3.12/site-packages/airflow/example_dags/example_latest_only_with_trigger.py for tasks to queue
[2026-05-18T06:30:30.740+0000] {logging_mixin.py:190} INFO - [2026-05-18T06:30:30.740+0000] {dagbag.py:588} INFO - Filling up the DagBag from /home/noelsdavid/airflow_venv/lib/python3.12/site-packages/airflow/example_dags/example_latest_only_with_trigger.py
[2026-05-18T06:30:30.752+0000] {processor.py:925} INFO - DAG(s) 'latest_only_with_trigger' retrieved from /home/noelsdavid/airflow_venv/lib/python3.12/site-packages/airflow/example_dags/example_latest_only_with_trigger.py
[2026-05-18T06:30:30.774+0000] {logging_mixin.py:190} INFO - [2026-05-18T06:30:30.774+0000] {dag.py:3239} INFO - Sync 1 DAGs
[2026-05-18T06:30:30.802+0000] {logging_mixin.py:190} INFO - [2026-05-18T06:30:30.801+0000] {dag.py:4180} INFO - Setting next_dagrun for latest_only_with_trigger to 2026-05-18 00:00:00+00:00, run_after=2026-05-18 04:00:00+00:00
[2026-05-18T06:30:30.833+0000] {processor.py:208} INFO - Processing /home/noelsdavid/airflow_venv/lib/python3.12/site-packages/airflow/example_dags/example_latest_only_with_trigger.py took 0.105 seconds
[2026-05-18T06:31:35.751+0000] {processor.py:186} INFO - Started process (PID=9922) to work on /home/noelsdavid/airflow_venv/lib/python3.12/site-packages/airflow/example_dags/example_latest_only_with_trigger.py
[2026-05-18T06:31:35.753+0000] {processor.py:914} INFO - Processing file /home/noelsdavid/airflow_venv/lib/python3.12/site-packages/airflow/example_dags/example_latest_only_with_trigger.py for tasks to queue
[2026-05-18T06:31:35.755+0000] {logging_mixin.py:190} INFO - [2026-05-18T06:31:35.754+0000] {dagbag.py:588} INFO - Filling up the DagBag from /home/noelsdavid/airflow_venv/lib/python3.12/site-packages/airflow/example_dags/example_latest_only_with_trigger.py
[2026-05-18T06:31:35.767+0000] {processor.py:925} INFO - DAG(s) 'latest_only_with_trigger' retrieved from /home/noelsdavid/airflow_venv/lib/python3.12/site-packages/airflow/example_dags/example_latest_only_with_trigger.py
[2026-05-18T06:31:35.789+0000] {logging_mixin.py:190} INFO - [2026-05-18T06:31:35.789+0000] {dag.py:3239} INFO - Sync 1 DAGs
[2026-05-18T06:31:35.818+0000] {logging_mixin.py:190} INFO - [2026-05-18T06:31:35.818+0000] {dag.py:4180} INFO - Setting next_dagrun for latest_only_with_trigger to 2026-05-18 00:00:00+00:00, run_after=2026-05-18 04:00:00+00:00
[2026-05-18T06:31:35.848+0000] {processor.py:208} INFO - Processing /home/noelsdavid/airflow_venv/lib/python3.12/site-packages/airflow/example_dags/example_latest_only_with_trigger.py took 0.105 seconds
[2026-05-18T06:32:37.030+0000] {processor.py:186} INFO - Started process (PID=9981) to work on /home/noelsdavid/airflow_venv/lib/python3.12/site-packages/airflow/example_dags/example_latest_only_with_trigger.py
[2026-05-18T06:32:37.033+0000] {processor.py:914} INFO - Processing file /home/noelsdavid/airflow_venv/lib/python3.12/site-packages/airflow/example_dags/example_latest_only_with_trigger.py for tasks to queue
[2026-05-18T06:32:37.035+0000] {logging_mixin.py:190} INFO - [2026-05-18T06:32:37.034+0000] {dagbag.py:588} INFO - Filling up the DagBag from /home/noelsdavid/airflow_venv/lib/python3.12/site-packages/airflow/example_dags/example_latest_only_with_trigger.py
[2026-05-18T06:32:37.047+0000] {processor.py:925} INFO - DAG(s) 'latest_only_with_trigger' retrieved from /home/noelsdavid/airflow_venv/lib/python3.12/site-packages/airflow/example_dags/example_latest_only_with_trigger.py
[2026-05-18T06:32:37.069+0000] {logging_mixin.py:190} INFO - [2026-05-18T06:32:37.069+0000] {dag.py:3239} INFO - Sync 1 DAGs
[2026-05-18T06:32:37.097+0000] {logging_mixin.py:190} INFO - [2026-05-18T06:32:37.096+0000] {dag.py:4180} INFO - Setting next_dagrun for latest_only_with_trigger to 2026-05-18 00:00:00+00:00, run_after=2026-05-18 04:00:00+00:00
[2026-05-18T06:32:37.130+0000] {processor.py:208} INFO - Processing /home/noelsdavid/airflow_venv/lib/python3.12/site-packages/airflow/example_dags/example_latest_only_with_trigger.py took 0.108 seconds
[2026-05-18T06:33:37.437+0000] {processor.py:186} INFO - Started process (PID=10048) to work on /home/noelsdavid/airflow_venv/lib/python3.12/site-packages/airflow/example_dags/example_latest_only_with_trigger.py
[2026-05-18T06:33:37.441+0000] {processor.py:914} INFO - Processing file /home/noelsdavid/airflow_venv/lib/python3.12/site-packages/airflow/example_dags/example_latest_only_with_trigger.py for tasks to queue
[2026-05-18T06:33:37.444+0000] {logging_mixin.py:190} INFO - [2026-05-18T06:33:37.443+0000] {dagbag.py:588} INFO - Filling up the DagBag from /home/noelsdavid/airflow_venv/lib/python3.12/site-packages/airflow/example_dags/example_latest_only_with_trigger.py
[2026-05-18T06:33:37.472+0000] {processor.py:925} INFO - DAG(s) 'latest_only_with_trigger' retrieved from /home/noelsdavid/airflow_venv/lib/python3.12/site-packages/airflow/example_dags/example_latest_only_with_trigger.py
[2026-05-18T06:33:37.522+0000] {logging_mixin.py:190} INFO - [2026-05-18T06:33:37.522+0000] {dag.py:3239} INFO - Sync 1 DAGs
[2026-05-18T06:33:37.565+0000] {logging_mixin.py:190} INFO - [2026-05-18T06:33:37.564+0000] {dag.py:4180} INFO - Setting next_dagrun for latest_only_with_trigger to 2026-05-18 00:00:00+00:00, run_after=2026-05-18 04:00:00+00:00
[2026-05-18T06:33:37.605+0000] {processor.py:208} INFO - Processing /home/noelsdavid/airflow_venv/lib/python3.12/site-packages/airflow/example_dags/example_latest_only_with_trigger.py took 0.185 seconds
[2026-05-18T06:34:42.860+0000] {processor.py:186} INFO - Started process (PID=10238) to work on /home/noelsdavid/airflow_venv/lib/python3.12/site-packages/airflow/example_dags/example_latest_only_with_trigger.py
[2026-05-18T06:34:42.876+0000] {processor.py:914} INFO - Processing file /home/noelsdavid/airflow_venv/lib/python3.12/site-packages/airflow/example_dags/example_latest_only_with_trigger.py for tasks to queue
[2026-05-18T06:34:42.879+0000] {logging_mixin.py:190} INFO - [2026-05-18T06:34:42.878+0000] {dagbag.py:588} INFO - Filling up the DagBag from /home/noelsdavid/airflow_venv/lib/python3.12/site-packages/airflow/example_dags/example_latest_only_with_trigger.py
[2026-05-18T06:34:42.892+0000] {processor.py:925} INFO - DAG(s) 'latest_only_with_trigger' retrieved from /home/noelsdavid/airflow_venv/lib/python3.12/site-packages/airflow/example_dags/example_latest_only_with_trigger.py
[2026-05-18T06:34:42.916+0000] {logging_mixin.py:190} INFO - [2026-05-18T06:34:42.916+0000] {dag.py:3239} INFO - Sync 1 DAGs
[2026-05-18T06:34:42.944+0000] {logging_mixin.py:190} INFO - [2026-05-18T06:34:42.943+0000] {dag.py:4180} INFO - Setting next_dagrun for latest_only_with_trigger to 2026-05-18 00:00:00+00:00, run_after=2026-05-18 04:00:00+00:00
[2026-05-18T06:34:42.975+0000] {processor.py:208} INFO - Processing /home/noelsdavid/airflow_venv/lib/python3.12/site-packages/airflow/example_dags/example_latest_only_with_trigger.py took 0.123 seconds
[2026-05-18T06:35:47.190+0000] {processor.py:186} INFO - Started process (PID=10417) to work on /home/noelsdavid/airflow_venv/lib/python3.12/site-packages/airflow/example_dags/example_latest_only_with_trigger.py
[2026-05-18T06:35:47.192+0000] {processor.py:914} INFO - Processing file /home/noelsdavid/airflow_venv/lib/python3.12/site-packages/airflow/example_dags/example_latest_only_with_trigger.py for tasks to queue
[2026-05-18T06:35:47.194+0000] {logging_mixin.py:190} INFO - [2026-05-18T06:35:47.193+0000] {dagbag.py:588} INFO - Filling up the DagBag from /home/noelsdavid/airflow_venv/lib/python3.12/site-packages/airflow/example_dags/example_latest_only_with_trigger.py
[2026-05-18T06:35:47.206+0000] {processor.py:925} INFO - DAG(s) 'latest_only_with_trigger' retrieved from /home/noelsdavid/airflow_venv/lib/python3.12/site-packages/airflow/example_dags/example_latest_only_with_trigger.py
[2026-05-18T06:35:47.228+0000] {logging_mixin.py:190} INFO - [2026-05-18T06:35:47.228+0000] {dag.py:3239} INFO - Sync 1 DAGs
[2026-05-18T06:35:47.255+0000] {logging_mixin.py:190} INFO - [2026-05-18T06:35:47.255+0000] {dag.py:4180} INFO - Setting next_dagrun for latest_only_with_trigger to 2026-05-18 00:00:00+00:00, run_after=2026-05-18 04:00:00+00:00
[2026-05-18T06:35:47.286+0000] {processor.py:208} INFO - Processing /home/noelsdavid/airflow_venv/lib/python3.12/site-packages/airflow/example_dags/example_latest_only_with_trigger.py took 0.104 seconds
[2026-05-18T06:36:49.619+0000] {processor.py:186} INFO - Started process (PID=10627) to work on /home/noelsdavid/airflow_venv/lib/python3.12/site-packages/airflow/example_dags/example_latest_only_with_trigger.py
[2026-05-18T06:36:49.622+0000] {processor.py:914} INFO - Processing file /home/noelsdavid/airflow_venv/lib/python3.12/site-packages/airflow/example_dags/example_latest_only_with_trigger.py for tasks to queue
[2026-05-18T06:36:49.624+0000] {logging_mixin.py:190} INFO - [2026-05-18T06:36:49.624+0000] {dagbag.py:588} INFO - Filling up the DagBag from /home/noelsdavid/airflow_venv/lib/python3.12/site-packages/airflow/example_dags/example_latest_only_with_trigger.py
[2026-05-18T06:36:49.637+0000] {processor.py:925} INFO - DAG(s) 'latest_only_with_trigger' retrieved from /home/noelsdavid/airflow_venv/lib/python3.12/site-packages/airflow/example_dags/example_latest_only_with_trigger.py
[2026-05-18T06:36:49.660+0000] {logging_mixin.py:190} INFO - [2026-05-18T06:36:49.659+0000] {dag.py:3239} INFO - Sync 1 DAGs
[2026-05-18T06:36:49.687+0000] {logging_mixin.py:190} INFO - [2026-05-18T06:36:49.686+0000] {dag.py:4180} INFO - Setting next_dagrun for latest_only_with_trigger to 2026-05-18 00:00:00+00:00, run_after=2026-05-18 04:00:00+00:00
[2026-05-18T06:36:49.721+0000] {processor.py:208} INFO - Processing /home/noelsdavid/airflow_venv/lib/python3.12/site-packages/airflow/example_dags/example_latest_only_with_trigger.py took 0.110 seconds
[2026-05-18T06:37:54.649+0000] {processor.py:186} INFO - Started process (PID=10947) to work on /home/noelsdavid/airflow_venv/lib/python3.12/site-packages/airflow/example_dags/example_latest_only_with_trigger.py
[2026-05-18T06:37:54.667+0000] {processor.py:914} INFO - Processing file /home/noelsdavid/airflow_venv/lib/python3.12/site-packages/airflow/example_dags/example_latest_only_with_trigger.py for tasks to queue
[2026-05-18T06:37:54.669+0000] {logging_mixin.py:190} INFO - [2026-05-18T06:37:54.668+0000] {dagbag.py:588} INFO - Filling up the DagBag from /home/noelsdavid/airflow_venv/lib/python3.12/site-packages/airflow/example_dags/example_latest_only_with_trigger.py
[2026-05-18T06:37:54.682+0000] {processor.py:925} INFO - DAG(s) 'latest_only_with_trigger' retrieved from /home/noelsdavid/airflow_venv/lib/python3.12/site-packages/airflow/example_dags/example_latest_only_with_trigger.py
[2026-05-18T06:37:54.706+0000] {logging_mixin.py:190} INFO - [2026-05-18T06:37:54.705+0000] {dag.py:3239} INFO - Sync 1 DAGs
[2026-05-18T06:37:54.732+0000] {logging_mixin.py:190} INFO - [2026-05-18T06:37:54.731+0000] {dag.py:4180} INFO - Setting next_dagrun for latest_only_with_trigger to 2026-05-18 00:00:00+00:00, run_after=2026-05-18 04:00:00+00:00
[2026-05-18T06:37:54.764+0000] {processor.py:208} INFO - Processing /home/noelsdavid/airflow_venv/lib/python3.12/site-packages/airflow/example_dags/example_latest_only_with_trigger.py took 0.123 seconds
[2026-05-18T06:38:58.754+0000] {processor.py:186} INFO - Started process (PID=11200) to work on /home/noelsdavid/airflow_venv/lib/python3.12/site-packages/airflow/example_dags/example_latest_only_with_trigger.py
[2026-05-18T06:38:58.756+0000] {processor.py:914} INFO - Processing file /home/noelsdavid/airflow_venv/lib/python3.12/site-packages/airflow/example_dags/example_latest_only_with_trigger.py for tasks to queue
[2026-05-18T06:38:58.759+0000] {logging_mixin.py:190} INFO - [2026-05-18T06:38:58.758+0000] {dagbag.py:588} INFO - Filling up the DagBag from /home/noelsdavid/airflow_venv/lib/python3.12/site-packages/airflow/example_dags/example_latest_only_with_trigger.py
[2026-05-18T06:38:58.772+0000] {processor.py:925} INFO - DAG(s) 'latest_only_with_trigger' retrieved from /home/noelsdavid/airflow_venv/lib/python3.12/site-packages/airflow/example_dags/example_latest_only_with_trigger.py
[2026-05-18T06:38:58.795+0000] {logging_mixin.py:190} INFO - [2026-05-18T06:38:58.794+0000] {dag.py:3239} INFO - Sync 1 DAGs
[2026-05-18T06:38:58.820+0000] {logging_mixin.py:190} INFO - [2026-05-18T06:38:58.820+0000] {dag.py:4180} INFO - Setting next_dagrun for latest_only_with_trigger to 2026-05-18 00:00:00+00:00, run_after=2026-05-18 04:00:00+00:00
[2026-05-18T06:38:58.850+0000] {processor.py:208} INFO - Processing /home/noelsdavid/airflow_venv/lib/python3.12/site-packages/airflow/example_dags/example_latest_only_with_trigger.py took 0.105 seconds
[2026-05-18T06:40:05.225+0000] {processor.py:186} INFO - Started process (PID=11426) to work on /home/noelsdavid/airflow_venv/lib/python3.12/site-packages/airflow/example_dags/example_latest_only_with_trigger.py
[2026-05-18T06:40:05.227+0000] {processor.py:914} INFO - Processing file /home/noelsdavid/airflow_venv/lib/python3.12/site-packages/airflow/example_dags/example_latest_only_with_trigger.py for tasks to queue
[2026-05-18T06:40:05.230+0000] {logging_mixin.py:190} INFO - [2026-05-18T06:40:05.229+0000] {dagbag.py:588} INFO - Filling up the DagBag from /home/noelsdavid/airflow_venv/lib/python3.12/site-packages/airflow/example_dags/example_latest_only_with_trigger.py
[2026-05-18T06:40:05.242+0000] {processor.py:925} INFO - DAG(s) 'latest_only_with_trigger' retrieved from /home/noelsdavid/airflow_venv/lib/python3.12/site-packages/airflow/example_dags/example_latest_only_with_trigger.py
[2026-05-18T06:40:05.265+0000] {logging_mixin.py:190} INFO - [2026-05-18T06:40:05.265+0000] {dag.py:3239} INFO - Sync 1 DAGs
[2026-05-18T06:40:05.293+0000] {logging_mixin.py:190} INFO - [2026-05-18T06:40:05.293+0000] {dag.py:4180} INFO - Setting next_dagrun for latest_only_with_trigger to 2026-05-18 00:00:00+00:00, run_after=2026-05-18 04:00:00+00:00
[2026-05-18T06:40:05.324+0000] {processor.py:208} INFO - Processing /home/noelsdavid/airflow_venv/lib/python3.12/site-packages/airflow/example_dags/example_latest_only_with_trigger.py took 0.108 seconds
[2026-05-18T06:41:19.099+0000] {processor.py:186} INFO - Started process (PID=11777) to work on /home/noelsdavid/airflow_venv/lib/python3.12/site-packages/airflow/example_dags/example_latest_only_with_trigger.py
[2026-05-18T06:41:19.101+0000] {processor.py:914} INFO - Processing file /home/noelsdavid/airflow_venv/lib/python3.12/site-packages/airflow/example_dags/example_latest_only_with_trigger.py for tasks to queue
[2026-05-18T06:41:19.103+0000] {logging_mixin.py:190} INFO - [2026-05-18T06:41:19.103+0000] {dagbag.py:588} INFO - Filling up the DagBag from /home/noelsdavid/airflow_venv/lib/python3.12/site-packages/airflow/example_dags/example_latest_only_with_trigger.py
[2026-05-18T06:41:19.119+0000] {processor.py:925} INFO - DAG(s) 'latest_only_with_trigger' retrieved from /home/noelsdavid/airflow_venv/lib/python3.12/site-packages/airflow/example_dags/example_latest_only_with_trigger.py
[2026-05-18T06:41:19.144+0000] {logging_mixin.py:190} INFO - [2026-05-18T06:41:19.144+0000] {dag.py:3239} INFO - Sync 1 DAGs
[2026-05-18T06:41:19.180+0000] {logging_mixin.py:190} INFO - [2026-05-18T06:41:19.180+0000] {dag.py:4180} INFO - Setting next_dagrun for latest_only_with_trigger to 2026-05-18 00:00:00+00:00, run_after=2026-05-18 04:00:00+00:00
[2026-05-18T06:41:19.227+0000] {processor.py:208} INFO - Processing /home/noelsdavid/airflow_venv/lib/python3.12/site-packages/airflow/example_dags/example_latest_only_with_trigger.py took 0.136 seconds
[2026-05-18T06:42:31.712+0000] {processor.py:186} INFO - Started process (PID=12464) to work on /home/noelsdavid/airflow_venv/lib/python3.12/site-packages/airflow/example_dags/example_latest_only_with_trigger.py
[2026-05-18T06:42:31.715+0000] {processor.py:914} INFO - Processing file /home/noelsdavid/airflow_venv/lib/python3.12/site-packages/airflow/example_dags/example_latest_only_with_trigger.py for tasks to queue
[2026-05-18T06:42:31.718+0000] {logging_mixin.py:190} INFO - [2026-05-18T06:42:31.717+0000] {dagbag.py:588} INFO - Filling up the DagBag from /home/noelsdavid/airflow_venv/lib/python3.12/site-packages/airflow/example_dags/example_latest_only_with_trigger.py
[2026-05-18T06:42:31.739+0000] {processor.py:925} INFO - DAG(s) 'latest_only_with_trigger' retrieved from /home/noelsdavid/airflow_venv/lib/python3.12/site-packages/airflow/example_dags/example_latest_only_with_trigger.py
[2026-05-18T06:42:31.781+0000] {logging_mixin.py:190} INFO - [2026-05-18T06:42:31.780+0000] {dag.py:3239} INFO - Sync 1 DAGs
[2026-05-18T06:42:31.812+0000] {logging_mixin.py:190} INFO - [2026-05-18T06:42:31.812+0000] {dag.py:4180} INFO - Setting next_dagrun for latest_only_with_trigger to 2026-05-18 00:00:00+00:00, run_after=2026-05-18 04:00:00+00:00
[2026-05-18T06:42:31.844+0000] {processor.py:208} INFO - Processing /home/noelsdavid/airflow_venv/lib/python3.12/site-packages/airflow/example_dags/example_latest_only_with_trigger.py took 0.148 seconds
[2026-05-18T06:44:04.281+0000] {processor.py:186} INFO - Started process (PID=13014) to work on /home/noelsdavid/airflow_venv/lib/python3.12/site-packages/airflow/example_dags/example_latest_only_with_trigger.py
[2026-05-18T06:44:04.286+0000] {processor.py:914} INFO - Processing file /home/noelsdavid/airflow_venv/lib/python3.12/site-packages/airflow/example_dags/example_latest_only_with_trigger.py for tasks to queue
[2026-05-18T06:44:04.288+0000] {logging_mixin.py:190} INFO - [2026-05-18T06:44:04.288+0000] {dagbag.py:588} INFO - Filling up the DagBag from /home/noelsdavid/airflow_venv/lib/python3.12/site-packages/airflow/example_dags/example_latest_only_with_trigger.py
[2026-05-18T06:44:04.304+0000] {processor.py:925} INFO - DAG(s) 'latest_only_with_trigger' retrieved from /home/noelsdavid/airflow_venv/lib/python3.12/site-packages/airflow/example_dags/example_latest_only_with_trigger.py
[2026-05-18T06:44:04.333+0000] {logging_mixin.py:190} INFO - [2026-05-18T06:44:04.333+0000] {dag.py:3239} INFO - Sync 1 DAGs
[2026-05-18T06:44:04.362+0000] {logging_mixin.py:190} INFO - [2026-05-18T06:44:04.361+0000] {dag.py:4180} INFO - Setting next_dagrun for latest_only_with_trigger to 2026-05-18 00:00:00+00:00, run_after=2026-05-18 04:00:00+00:00
[2026-05-18T06:44:04.398+0000] {processor.py:208} INFO - Processing /home/noelsdavid/airflow_venv/lib/python3.12/site-packages/airflow/example_dags/example_latest_only_with_trigger.py took 0.126 seconds
[2026-05-18T06:45:20.954+0000] {processor.py:186} INFO - Started process (PID=13122) to work on /home/noelsdavid/airflow_venv/lib/python3.12/site-packages/airflow/example_dags/example_latest_only_with_trigger.py
[2026-05-18T06:45:20.956+0000] {processor.py:914} INFO - Processing file /home/noelsdavid/airflow_venv/lib/python3.12/site-packages/airflow/example_dags/example_latest_only_with_trigger.py for tasks to queue
[2026-05-18T06:45:20.958+0000] {logging_mixin.py:190} INFO - [2026-05-18T06:45:20.958+0000] {dagbag.py:588} INFO - Filling up the DagBag from /home/noelsdavid/airflow_venv/lib/python3.12/site-packages/airflow/example_dags/example_latest_only_with_trigger.py
[2026-05-18T06:45:20.970+0000] {processor.py:925} INFO - DAG(s) 'latest_only_with_trigger' retrieved from /home/noelsdavid/airflow_venv/lib/python3.12/site-packages/airflow/example_dags/example_latest_only_with_trigger.py
[2026-05-18T06:45:20.993+0000] {logging_mixin.py:190} INFO - [2026-05-18T06:45:20.993+0000] {dag.py:3239} INFO - Sync 1 DAGs
[2026-05-18T06:45:21.023+0000] {logging_mixin.py:190} INFO - [2026-05-18T06:45:21.023+0000] {dag.py:4180} INFO - Setting next_dagrun for latest_only_with_trigger to 2026-05-18 00:00:00+00:00, run_after=2026-05-18 04:00:00+00:00
[2026-05-18T06:45:21.054+0000] {processor.py:208} INFO - Processing /home/noelsdavid/airflow_venv/lib/python3.12/site-packages/airflow/example_dags/example_latest_only_with_trigger.py took 0.109 seconds
[2026-05-18T06:46:32.667+0000] {processor.py:186} INFO - Started process (PID=13200) to work on /home/noelsdavid/airflow_venv/lib/python3.12/site-packages/airflow/example_dags/example_latest_only_with_trigger.py
[2026-05-18T06:46:32.681+0000] {processor.py:914} INFO - Processing file /home/noelsdavid/airflow_venv/lib/python3.12/site-packages/airflow/example_dags/example_latest_only_with_trigger.py for tasks to queue
[2026-05-18T06:46:32.683+0000] {logging_mixin.py:190} INFO - [2026-05-18T06:46:32.682+0000] {dagbag.py:588} INFO - Filling up the DagBag from /home/noelsdavid/airflow_venv/lib/python3.12/site-packages/airflow/example_dags/example_latest_only_with_trigger.py
[2026-05-18T06:46:32.695+0000] {processor.py:925} INFO - DAG(s) 'latest_only_with_trigger' retrieved from /home/noelsdavid/airflow_venv/lib/python3.12/site-packages/airflow/example_dags/example_latest_only_with_trigger.py
[2026-05-18T06:46:32.718+0000] {logging_mixin.py:190} INFO - [2026-05-18T06:46:32.718+0000] {dag.py:3239} INFO - Sync 1 DAGs
[2026-05-18T06:46:32.744+0000] {logging_mixin.py:190} INFO - [2026-05-18T06:46:32.744+0000] {dag.py:4180} INFO - Setting next_dagrun for latest_only_with_trigger to 2026-05-18 00:00:00+00:00, run_after=2026-05-18 04:00:00+00:00
[2026-05-18T06:46:32.775+0000] {processor.py:208} INFO - Processing /home/noelsdavid/airflow_venv/lib/python3.12/site-packages/airflow/example_dags/example_latest_only_with_trigger.py took 0.117 seconds
[2026-05-18T06:47:40.711+0000] {processor.py:186} INFO - Started process (PID=13276) to work on /home/noelsdavid/airflow_venv/lib/python3.12/site-packages/airflow/example_dags/example_latest_only_with_trigger.py
[2026-05-18T06:47:40.716+0000] {processor.py:914} INFO - Processing file /home/noelsdavid/airflow_venv/lib/python3.12/site-packages/airflow/example_dags/example_latest_only_with_trigger.py for tasks to queue
[2026-05-18T06:47:40.718+0000] {logging_mixin.py:190} INFO - [2026-05-18T06:47:40.718+0000] {dagbag.py:588} INFO - Filling up the DagBag from /home/noelsdavid/airflow_venv/lib/python3.12/site-packages/airflow/example_dags/example_latest_only_with_trigger.py
[2026-05-18T06:47:40.731+0000] {processor.py:925} INFO - DAG(s) 'latest_only_with_trigger' retrieved from /home/noelsdavid/airflow_venv/lib/python3.12/site-packages/airflow/example_dags/example_latest_only_with_trigger.py
[2026-05-18T06:47:40.753+0000] {logging_mixin.py:190} INFO - [2026-05-18T06:47:40.753+0000] {dag.py:3239} INFO - Sync 1 DAGs
[2026-05-18T06:47:40.784+0000] {logging_mixin.py:190} INFO - [2026-05-18T06:47:40.784+0000] {dag.py:4180} INFO - Setting next_dagrun for latest_only_with_trigger to 2026-05-18 00:00:00+00:00, run_after=2026-05-18 04:00:00+00:00
[2026-05-18T06:47:40.815+0000] {processor.py:208} INFO - Processing /home/noelsdavid/airflow_venv/lib/python3.12/site-packages/airflow/example_dags/example_latest_only_with_trigger.py took 0.114 seconds
[2026-05-18T06:48:44.751+0000] {processor.py:186} INFO - Started process (PID=13348) to work on /home/noelsdavid/airflow_venv/lib/python3.12/site-packages/airflow/example_dags/example_latest_only_with_trigger.py
[2026-05-18T06:48:44.754+0000] {processor.py:914} INFO - Processing file /home/noelsdavid/airflow_venv/lib/python3.12/site-packages/airflow/example_dags/example_latest_only_with_trigger.py for tasks to queue
[2026-05-18T06:48:44.756+0000] {logging_mixin.py:190} INFO - [2026-05-18T06:48:44.755+0000] {dagbag.py:588} INFO - Filling up the DagBag from /home/noelsdavid/airflow_venv/lib/python3.12/site-packages/airflow/example_dags/example_latest_only_with_trigger.py
[2026-05-18T06:48:44.768+0000] {processor.py:925} INFO - DAG(s) 'latest_only_with_trigger' retrieved from /home/noelsdavid/airflow_venv/lib/python3.12/site-packages/airflow/example_dags/example_latest_only_with_trigger.py
[2026-05-18T06:48:44.791+0000] {logging_mixin.py:190} INFO - [2026-05-18T06:48:44.791+0000] {dag.py:3239} INFO - Sync 1 DAGs
[2026-05-18T06:48:44.818+0000] {logging_mixin.py:190} INFO - [2026-05-18T06:48:44.818+0000] {dag.py:4180} INFO - Setting next_dagrun for latest_only_with_trigger to 2026-05-18 00:00:00+00:00, run_after=2026-05-18 04:00:00+00:00
[2026-05-18T06:48:44.848+0000] {processor.py:208} INFO - Processing /home/noelsdavid/airflow_venv/lib/python3.12/site-packages/airflow/example_dags/example_latest_only_with_trigger.py took 0.106 seconds
[2026-05-18T06:49:50.200+0000] {processor.py:186} INFO - Started process (PID=13447) to work on /home/noelsdavid/airflow_venv/lib/python3.12/site-packages/airflow/example_dags/example_latest_only_with_trigger.py
[2026-05-18T06:49:50.202+0000] {processor.py:914} INFO - Processing file /home/noelsdavid/airflow_venv/lib/python3.12/site-packages/airflow/example_dags/example_latest_only_with_trigger.py for tasks to queue
[2026-05-18T06:49:50.204+0000] {logging_mixin.py:190} INFO - [2026-05-18T06:49:50.203+0000] {dagbag.py:588} INFO - Filling up the DagBag from /home/noelsdavid/airflow_venv/lib/python3.12/site-packages/airflow/example_dags/example_latest_only_with_trigger.py
[2026-05-18T06:49:50.217+0000] {processor.py:925} INFO - DAG(s) 'latest_only_with_trigger' retrieved from /home/noelsdavid/airflow_venv/lib/python3.12/site-packages/airflow/example_dags/example_latest_only_with_trigger.py
[2026-05-18T06:49:50.238+0000] {logging_mixin.py:190} INFO - [2026-05-18T06:49:50.238+0000] {dag.py:3239} INFO - Sync 1 DAGs
[2026-05-18T06:49:50.265+0000] {logging_mixin.py:190} INFO - [2026-05-18T06:49:50.265+0000] {dag.py:4180} INFO - Setting next_dagrun for latest_only_with_trigger to 2026-05-18 00:00:00+00:00, run_after=2026-05-18 04:00:00+00:00
[2026-05-18T06:49:50.296+0000] {processor.py:208} INFO - Processing /home/noelsdavid/airflow_venv/lib/python3.12/site-packages/airflow/example_dags/example_latest_only_with_trigger.py took 0.106 seconds
