[2026-05-18T06:00:31.259+0000] {processor.py:186} INFO - Started process (PID=6911) to work on /home/noelsdavid/airflow_venv/lib/python3.12/site-packages/airflow/example_dags/example_skip_dag.py
[2026-05-18T06:00:31.260+0000] {processor.py:914} INFO - Processing file /home/noelsdavid/airflow_venv/lib/python3.12/site-packages/airflow/example_dags/example_skip_dag.py for tasks to queue
[2026-05-18T06:00:31.262+0000] {logging_mixin.py:190} INFO - [2026-05-18T06:00:31.262+0000] {dagbag.py:588} INFO - Filling up the DagBag from /home/noelsdavid/airflow_venv/lib/python3.12/site-packages/airflow/example_dags/example_skip_dag.py
[2026-05-18T06:00:31.273+0000] {processor.py:925} INFO - DAG(s) 'example_skip_dag' retrieved from /home/noelsdavid/airflow_venv/lib/python3.12/site-packages/airflow/example_dags/example_skip_dag.py
[2026-05-18T06:00:31.412+0000] {logging_mixin.py:190} INFO - [2026-05-18T06:00:31.411+0000] {override.py:1911} INFO - Created Permission View: can edit on DAG:example_skip_dag
[2026-05-18T06:00:31.431+0000] {logging_mixin.py:190} INFO - [2026-05-18T06:00:31.430+0000] {override.py:1911} INFO - Created Permission View: can delete on DAG:example_skip_dag
[2026-05-18T06:00:31.447+0000] {logging_mixin.py:190} INFO - [2026-05-18T06:00:31.447+0000] {override.py:1911} INFO - Created Permission View: can read on DAG:example_skip_dag
[2026-05-18T06:00:31.471+0000] {logging_mixin.py:190} INFO - [2026-05-18T06:00:31.471+0000] {override.py:1911} INFO - Created Permission View: can delete on DAG Run:example_skip_dag
[2026-05-18T06:00:31.484+0000] {logging_mixin.py:190} INFO - [2026-05-18T06:00:31.484+0000] {override.py:1911} INFO - Created Permission View: menu access on DAG Run:example_skip_dag
[2026-05-18T06:00:31.499+0000] {logging_mixin.py:190} INFO - [2026-05-18T06:00:31.498+0000] {override.py:1911} INFO - Created Permission View: can create on DAG Run:example_skip_dag
[2026-05-18T06:00:31.513+0000] {logging_mixin.py:190} INFO - [2026-05-18T06:00:31.512+0000] {override.py:1911} INFO - Created Permission View: can read on DAG Run:example_skip_dag
[2026-05-18T06:00:31.513+0000] {logging_mixin.py:190} INFO - [2026-05-18T06:00:31.513+0000] {dag.py:3239} INFO - Sync 1 DAGs
[2026-05-18T06:00:31.531+0000] {logging_mixin.py:190} INFO - [2026-05-18T06:00:31.531+0000] {dag.py:3262} INFO - Creating ORM DAG for example_skip_dag
[2026-05-18T06:00:31.542+0000] {logging_mixin.py:190} INFO - [2026-05-18T06:00:31.542+0000] {dag.py:4180} INFO - Setting next_dagrun for example_skip_dag to 2026-05-17 00:00:00+00:00, run_after=2026-05-18 00:00:00+00:00
[2026-05-18T06:00:31.570+0000] {processor.py:208} INFO - Processing /home/noelsdavid/airflow_venv/lib/python3.12/site-packages/airflow/example_dags/example_skip_dag.py took 0.318 seconds
[2026-05-18T06:01:40.466+0000] {processor.py:186} INFO - Started process (PID=6970) to work on /home/noelsdavid/airflow_venv/lib/python3.12/site-packages/airflow/example_dags/example_skip_dag.py
[2026-05-18T06:01:40.487+0000] {processor.py:914} INFO - Processing file /home/noelsdavid/airflow_venv/lib/python3.12/site-packages/airflow/example_dags/example_skip_dag.py for tasks to queue
[2026-05-18T06:01:40.490+0000] {logging_mixin.py:190} INFO - [2026-05-18T06:01:40.489+0000] {dagbag.py:588} INFO - Filling up the DagBag from /home/noelsdavid/airflow_venv/lib/python3.12/site-packages/airflow/example_dags/example_skip_dag.py
[2026-05-18T06:01:40.501+0000] {processor.py:925} INFO - DAG(s) 'example_skip_dag' retrieved from /home/noelsdavid/airflow_venv/lib/python3.12/site-packages/airflow/example_dags/example_skip_dag.py
[2026-05-18T06:01:40.523+0000] {logging_mixin.py:190} INFO - [2026-05-18T06:01:40.523+0000] {dag.py:3239} INFO - Sync 1 DAGs
[2026-05-18T06:01:40.548+0000] {logging_mixin.py:190} INFO - [2026-05-18T06:01:40.548+0000] {dag.py:4180} INFO - Setting next_dagrun for example_skip_dag to 2026-05-17 00:00:00+00:00, run_after=2026-05-18 00:00:00+00:00
[2026-05-18T06:01:40.576+0000] {processor.py:208} INFO - Processing /home/noelsdavid/airflow_venv/lib/python3.12/site-packages/airflow/example_dags/example_skip_dag.py took 0.118 seconds
[2026-05-18T06:02:40.618+0000] {processor.py:186} INFO - Started process (PID=7030) to work on /home/noelsdavid/airflow_venv/lib/python3.12/site-packages/airflow/example_dags/example_skip_dag.py
[2026-05-18T06:02:40.621+0000] {processor.py:914} INFO - Processing file /home/noelsdavid/airflow_venv/lib/python3.12/site-packages/airflow/example_dags/example_skip_dag.py for tasks to queue
[2026-05-18T06:02:40.624+0000] {logging_mixin.py:190} INFO - [2026-05-18T06:02:40.623+0000] {dagbag.py:588} INFO - Filling up the DagBag from /home/noelsdavid/airflow_venv/lib/python3.12/site-packages/airflow/example_dags/example_skip_dag.py
[2026-05-18T06:02:40.635+0000] {processor.py:925} INFO - DAG(s) 'example_skip_dag' retrieved from /home/noelsdavid/airflow_venv/lib/python3.12/site-packages/airflow/example_dags/example_skip_dag.py
[2026-05-18T06:02:40.658+0000] {logging_mixin.py:190} INFO - [2026-05-18T06:02:40.657+0000] {dag.py:3239} INFO - Sync 1 DAGs
[2026-05-18T06:02:40.682+0000] {logging_mixin.py:190} INFO - [2026-05-18T06:02:40.682+0000] {dag.py:4180} INFO - Setting next_dagrun for example_skip_dag to 2026-05-17 00:00:00+00:00, run_after=2026-05-18 00:00:00+00:00
[2026-05-18T06:02:40.712+0000] {processor.py:208} INFO - Processing /home/noelsdavid/airflow_venv/lib/python3.12/site-packages/airflow/example_dags/example_skip_dag.py took 0.101 seconds
[2026-05-18T06:03:39.337+0000] {processor.py:186} INFO - Started process (PID=7089) to work on /home/noelsdavid/airflow_venv/lib/python3.12/site-packages/airflow/example_dags/example_skip_dag.py
[2026-05-18T06:03:39.340+0000] {processor.py:914} INFO - Processing file /home/noelsdavid/airflow_venv/lib/python3.12/site-packages/airflow/example_dags/example_skip_dag.py for tasks to queue
[2026-05-18T06:03:39.343+0000] {logging_mixin.py:190} INFO - [2026-05-18T06:03:39.342+0000] {dagbag.py:588} INFO - Filling up the DagBag from /home/noelsdavid/airflow_venv/lib/python3.12/site-packages/airflow/example_dags/example_skip_dag.py
[2026-05-18T06:03:39.354+0000] {processor.py:925} INFO - DAG(s) 'example_skip_dag' retrieved from /home/noelsdavid/airflow_venv/lib/python3.12/site-packages/airflow/example_dags/example_skip_dag.py
[2026-05-18T06:03:39.376+0000] {logging_mixin.py:190} INFO - [2026-05-18T06:03:39.376+0000] {dag.py:3239} INFO - Sync 1 DAGs
[2026-05-18T06:03:39.401+0000] {logging_mixin.py:190} INFO - [2026-05-18T06:03:39.400+0000] {dag.py:4180} INFO - Setting next_dagrun for example_skip_dag to 2026-05-17 00:00:00+00:00, run_after=2026-05-18 00:00:00+00:00
[2026-05-18T06:03:39.434+0000] {processor.py:208} INFO - Processing /home/noelsdavid/airflow_venv/lib/python3.12/site-packages/airflow/example_dags/example_skip_dag.py took 0.104 seconds
[2026-05-18T06:04:40.455+0000] {processor.py:186} INFO - Started process (PID=7147) to work on /home/noelsdavid/airflow_venv/lib/python3.12/site-packages/airflow/example_dags/example_skip_dag.py
[2026-05-18T06:04:40.458+0000] {processor.py:914} INFO - Processing file /home/noelsdavid/airflow_venv/lib/python3.12/site-packages/airflow/example_dags/example_skip_dag.py for tasks to queue
[2026-05-18T06:04:40.461+0000] {logging_mixin.py:190} INFO - [2026-05-18T06:04:40.460+0000] {dagbag.py:588} INFO - Filling up the DagBag from /home/noelsdavid/airflow_venv/lib/python3.12/site-packages/airflow/example_dags/example_skip_dag.py
[2026-05-18T06:04:40.472+0000] {processor.py:925} INFO - DAG(s) 'example_skip_dag' retrieved from /home/noelsdavid/airflow_venv/lib/python3.12/site-packages/airflow/example_dags/example_skip_dag.py
[2026-05-18T06:04:40.494+0000] {logging_mixin.py:190} INFO - [2026-05-18T06:04:40.494+0000] {dag.py:3239} INFO - Sync 1 DAGs
[2026-05-18T06:04:40.519+0000] {logging_mixin.py:190} INFO - [2026-05-18T06:04:40.519+0000] {dag.py:4180} INFO - Setting next_dagrun for example_skip_dag to 2026-05-17 00:00:00+00:00, run_after=2026-05-18 00:00:00+00:00
[2026-05-18T06:04:40.552+0000] {processor.py:208} INFO - Processing /home/noelsdavid/airflow_venv/lib/python3.12/site-packages/airflow/example_dags/example_skip_dag.py took 0.104 seconds
[2026-05-18T06:05:53.004+0000] {processor.py:186} INFO - Started process (PID=7238) to work on /home/noelsdavid/airflow_venv/lib/python3.12/site-packages/airflow/example_dags/example_skip_dag.py
[2026-05-18T06:05:53.007+0000] {processor.py:914} INFO - Processing file /home/noelsdavid/airflow_venv/lib/python3.12/site-packages/airflow/example_dags/example_skip_dag.py for tasks to queue
[2026-05-18T06:05:53.185+0000] {logging_mixin.py:190} INFO - [2026-05-18T06:05:53.185+0000] {dagbag.py:588} INFO - Filling up the DagBag from /home/noelsdavid/airflow_venv/lib/python3.12/site-packages/airflow/example_dags/example_skip_dag.py
[2026-05-18T06:05:53.193+0000] {processor.py:925} INFO - DAG(s) 'example_skip_dag' retrieved from /home/noelsdavid/airflow_venv/lib/python3.12/site-packages/airflow/example_dags/example_skip_dag.py
[2026-05-18T06:05:53.210+0000] {logging_mixin.py:190} INFO - [2026-05-18T06:05:53.210+0000] {dag.py:3239} INFO - Sync 1 DAGs
[2026-05-18T06:05:53.232+0000] {logging_mixin.py:190} INFO - [2026-05-18T06:05:53.231+0000] {dag.py:4180} INFO - Setting next_dagrun for example_skip_dag to 2026-05-17 00:00:00+00:00, run_after=2026-05-18 00:00:00+00:00
[2026-05-18T06:05:53.259+0000] {processor.py:208} INFO - Processing /home/noelsdavid/airflow_venv/lib/python3.12/site-packages/airflow/example_dags/example_skip_dag.py took 0.264 seconds
[2026-05-18T06:06:53.440+0000] {processor.py:186} INFO - Started process (PID=7299) to work on /home/noelsdavid/airflow_venv/lib/python3.12/site-packages/airflow/example_dags/example_skip_dag.py
[2026-05-18T06:06:53.442+0000] {processor.py:914} INFO - Processing file /home/noelsdavid/airflow_venv/lib/python3.12/site-packages/airflow/example_dags/example_skip_dag.py for tasks to queue
[2026-05-18T06:06:53.446+0000] {logging_mixin.py:190} INFO - [2026-05-18T06:06:53.445+0000] {dagbag.py:588} INFO - Filling up the DagBag from /home/noelsdavid/airflow_venv/lib/python3.12/site-packages/airflow/example_dags/example_skip_dag.py
[2026-05-18T06:06:53.458+0000] {processor.py:925} INFO - DAG(s) 'example_skip_dag' retrieved from /home/noelsdavid/airflow_venv/lib/python3.12/site-packages/airflow/example_dags/example_skip_dag.py
[2026-05-18T06:06:53.481+0000] {logging_mixin.py:190} INFO - [2026-05-18T06:06:53.481+0000] {dag.py:3239} INFO - Sync 1 DAGs
[2026-05-18T06:06:53.509+0000] {logging_mixin.py:190} INFO - [2026-05-18T06:06:53.509+0000] {dag.py:4180} INFO - Setting next_dagrun for example_skip_dag to 2026-05-17 00:00:00+00:00, run_after=2026-05-18 00:00:00+00:00
[2026-05-18T06:06:53.541+0000] {processor.py:208} INFO - Processing /home/noelsdavid/airflow_venv/lib/python3.12/site-packages/airflow/example_dags/example_skip_dag.py took 0.111 seconds
[2026-05-18T06:07:50.565+0000] {processor.py:186} INFO - Started process (PID=7357) to work on /home/noelsdavid/airflow_venv/lib/python3.12/site-packages/airflow/example_dags/example_skip_dag.py
[2026-05-18T06:07:50.568+0000] {processor.py:914} INFO - Processing file /home/noelsdavid/airflow_venv/lib/python3.12/site-packages/airflow/example_dags/example_skip_dag.py for tasks to queue
[2026-05-18T06:07:50.572+0000] {logging_mixin.py:190} INFO - [2026-05-18T06:07:50.571+0000] {dagbag.py:588} INFO - Filling up the DagBag from /home/noelsdavid/airflow_venv/lib/python3.12/site-packages/airflow/example_dags/example_skip_dag.py
[2026-05-18T06:07:50.584+0000] {processor.py:925} INFO - DAG(s) 'example_skip_dag' retrieved from /home/noelsdavid/airflow_venv/lib/python3.12/site-packages/airflow/example_dags/example_skip_dag.py
[2026-05-18T06:07:50.608+0000] {logging_mixin.py:190} INFO - [2026-05-18T06:07:50.607+0000] {dag.py:3239} INFO - Sync 1 DAGs
[2026-05-18T06:07:50.640+0000] {logging_mixin.py:190} INFO - [2026-05-18T06:07:50.640+0000] {dag.py:4180} INFO - Setting next_dagrun for example_skip_dag to 2026-05-17 00:00:00+00:00, run_after=2026-05-18 00:00:00+00:00
[2026-05-18T06:07:50.677+0000] {processor.py:208} INFO - Processing /home/noelsdavid/airflow_venv/lib/python3.12/site-packages/airflow/example_dags/example_skip_dag.py took 0.120 seconds
[2026-05-18T06:08:57.345+0000] {processor.py:186} INFO - Started process (PID=7420) to work on /home/noelsdavid/airflow_venv/lib/python3.12/site-packages/airflow/example_dags/example_skip_dag.py
[2026-05-18T06:08:57.348+0000] {processor.py:914} INFO - Processing file /home/noelsdavid/airflow_venv/lib/python3.12/site-packages/airflow/example_dags/example_skip_dag.py for tasks to queue
[2026-05-18T06:08:57.351+0000] {logging_mixin.py:190} INFO - [2026-05-18T06:08:57.351+0000] {dagbag.py:588} INFO - Filling up the DagBag from /home/noelsdavid/airflow_venv/lib/python3.12/site-packages/airflow/example_dags/example_skip_dag.py
[2026-05-18T06:08:57.363+0000] {processor.py:925} INFO - DAG(s) 'example_skip_dag' retrieved from /home/noelsdavid/airflow_venv/lib/python3.12/site-packages/airflow/example_dags/example_skip_dag.py
[2026-05-18T06:08:57.387+0000] {logging_mixin.py:190} INFO - [2026-05-18T06:08:57.387+0000] {dag.py:3239} INFO - Sync 1 DAGs
[2026-05-18T06:08:57.416+0000] {logging_mixin.py:190} INFO - [2026-05-18T06:08:57.415+0000] {dag.py:4180} INFO - Setting next_dagrun for example_skip_dag to 2026-05-17 00:00:00+00:00, run_after=2026-05-18 00:00:00+00:00
[2026-05-18T06:08:57.446+0000] {processor.py:208} INFO - Processing /home/noelsdavid/airflow_venv/lib/python3.12/site-packages/airflow/example_dags/example_skip_dag.py took 0.108 seconds
[2026-05-18T06:09:59.894+0000] {processor.py:186} INFO - Started process (PID=7479) to work on /home/noelsdavid/airflow_venv/lib/python3.12/site-packages/airflow/example_dags/example_skip_dag.py
[2026-05-18T06:09:59.896+0000] {processor.py:914} INFO - Processing file /home/noelsdavid/airflow_venv/lib/python3.12/site-packages/airflow/example_dags/example_skip_dag.py for tasks to queue
[2026-05-18T06:09:59.900+0000] {logging_mixin.py:190} INFO - [2026-05-18T06:09:59.900+0000] {dagbag.py:588} INFO - Filling up the DagBag from /home/noelsdavid/airflow_venv/lib/python3.12/site-packages/airflow/example_dags/example_skip_dag.py
[2026-05-18T06:09:59.912+0000] {processor.py:925} INFO - DAG(s) 'example_skip_dag' retrieved from /home/noelsdavid/airflow_venv/lib/python3.12/site-packages/airflow/example_dags/example_skip_dag.py
[2026-05-18T06:09:59.938+0000] {logging_mixin.py:190} INFO - [2026-05-18T06:09:59.938+0000] {dag.py:3239} INFO - Sync 1 DAGs
[2026-05-18T06:09:59.966+0000] {logging_mixin.py:190} INFO - [2026-05-18T06:09:59.966+0000] {dag.py:4180} INFO - Setting next_dagrun for example_skip_dag to 2026-05-17 00:00:00+00:00, run_after=2026-05-18 00:00:00+00:00
[2026-05-18T06:09:59.996+0000] {processor.py:208} INFO - Processing /home/noelsdavid/airflow_venv/lib/python3.12/site-packages/airflow/example_dags/example_skip_dag.py took 0.110 seconds
[2026-05-18T06:10:59.972+0000] {processor.py:186} INFO - Started process (PID=7562) to work on /home/noelsdavid/airflow_venv/lib/python3.12/site-packages/airflow/example_dags/example_skip_dag.py
[2026-05-18T06:10:59.974+0000] {processor.py:914} INFO - Processing file /home/noelsdavid/airflow_venv/lib/python3.12/site-packages/airflow/example_dags/example_skip_dag.py for tasks to queue
[2026-05-18T06:10:59.978+0000] {logging_mixin.py:190} INFO - [2026-05-18T06:10:59.978+0000] {dagbag.py:588} INFO - Filling up the DagBag from /home/noelsdavid/airflow_venv/lib/python3.12/site-packages/airflow/example_dags/example_skip_dag.py
[2026-05-18T06:10:59.989+0000] {processor.py:925} INFO - DAG(s) 'example_skip_dag' retrieved from /home/noelsdavid/airflow_venv/lib/python3.12/site-packages/airflow/example_dags/example_skip_dag.py
[2026-05-18T06:11:00.014+0000] {logging_mixin.py:190} INFO - [2026-05-18T06:11:00.013+0000] {dag.py:3239} INFO - Sync 1 DAGs
[2026-05-18T06:11:00.041+0000] {logging_mixin.py:190} INFO - [2026-05-18T06:11:00.041+0000] {dag.py:4180} INFO - Setting next_dagrun for example_skip_dag to 2026-05-17 00:00:00+00:00, run_after=2026-05-18 00:00:00+00:00
[2026-05-18T06:11:00.074+0000] {processor.py:208} INFO - Processing /home/noelsdavid/airflow_venv/lib/python3.12/site-packages/airflow/example_dags/example_skip_dag.py took 0.109 seconds
[2026-05-18T06:12:00.035+0000] {processor.py:186} INFO - Started process (PID=7622) to work on /home/noelsdavid/airflow_venv/lib/python3.12/site-packages/airflow/example_dags/example_skip_dag.py
[2026-05-18T06:12:00.037+0000] {processor.py:914} INFO - Processing file /home/noelsdavid/airflow_venv/lib/python3.12/site-packages/airflow/example_dags/example_skip_dag.py for tasks to queue
[2026-05-18T06:12:00.041+0000] {logging_mixin.py:190} INFO - [2026-05-18T06:12:00.041+0000] {dagbag.py:588} INFO - Filling up the DagBag from /home/noelsdavid/airflow_venv/lib/python3.12/site-packages/airflow/example_dags/example_skip_dag.py
[2026-05-18T06:12:00.053+0000] {processor.py:925} INFO - DAG(s) 'example_skip_dag' retrieved from /home/noelsdavid/airflow_venv/lib/python3.12/site-packages/airflow/example_dags/example_skip_dag.py
[2026-05-18T06:12:00.078+0000] {logging_mixin.py:190} INFO - [2026-05-18T06:12:00.077+0000] {dag.py:3239} INFO - Sync 1 DAGs
[2026-05-18T06:12:00.104+0000] {logging_mixin.py:190} INFO - [2026-05-18T06:12:00.104+0000] {dag.py:4180} INFO - Setting next_dagrun for example_skip_dag to 2026-05-17 00:00:00+00:00, run_after=2026-05-18 00:00:00+00:00
[2026-05-18T06:12:00.138+0000] {processor.py:208} INFO - Processing /home/noelsdavid/airflow_venv/lib/python3.12/site-packages/airflow/example_dags/example_skip_dag.py took 0.112 seconds
[2026-05-18T06:12:57.718+0000] {processor.py:186} INFO - Started process (PID=7680) to work on /home/noelsdavid/airflow_venv/lib/python3.12/site-packages/airflow/example_dags/example_skip_dag.py
[2026-05-18T06:12:57.721+0000] {processor.py:914} INFO - Processing file /home/noelsdavid/airflow_venv/lib/python3.12/site-packages/airflow/example_dags/example_skip_dag.py for tasks to queue
[2026-05-18T06:12:57.725+0000] {logging_mixin.py:190} INFO - [2026-05-18T06:12:57.724+0000] {dagbag.py:588} INFO - Filling up the DagBag from /home/noelsdavid/airflow_venv/lib/python3.12/site-packages/airflow/example_dags/example_skip_dag.py
[2026-05-18T06:12:57.736+0000] {processor.py:925} INFO - DAG(s) 'example_skip_dag' retrieved from /home/noelsdavid/airflow_venv/lib/python3.12/site-packages/airflow/example_dags/example_skip_dag.py
[2026-05-18T06:12:57.759+0000] {logging_mixin.py:190} INFO - [2026-05-18T06:12:57.759+0000] {dag.py:3239} INFO - Sync 1 DAGs
[2026-05-18T06:12:57.786+0000] {logging_mixin.py:190} INFO - [2026-05-18T06:12:57.785+0000] {dag.py:4180} INFO - Setting next_dagrun for example_skip_dag to 2026-05-17 00:00:00+00:00, run_after=2026-05-18 00:00:00+00:00
[2026-05-18T06:12:57.816+0000] {processor.py:208} INFO - Processing /home/noelsdavid/airflow_venv/lib/python3.12/site-packages/airflow/example_dags/example_skip_dag.py took 0.105 seconds
[2026-05-18T06:14:03.370+0000] {processor.py:186} INFO - Started process (PID=7740) to work on /home/noelsdavid/airflow_venv/lib/python3.12/site-packages/airflow/example_dags/example_skip_dag.py
[2026-05-18T06:14:03.372+0000] {processor.py:914} INFO - Processing file /home/noelsdavid/airflow_venv/lib/python3.12/site-packages/airflow/example_dags/example_skip_dag.py for tasks to queue
[2026-05-18T06:14:03.376+0000] {logging_mixin.py:190} INFO - [2026-05-18T06:14:03.376+0000] {dagbag.py:588} INFO - Filling up the DagBag from /home/noelsdavid/airflow_venv/lib/python3.12/site-packages/airflow/example_dags/example_skip_dag.py
[2026-05-18T06:14:03.388+0000] {processor.py:925} INFO - DAG(s) 'example_skip_dag' retrieved from /home/noelsdavid/airflow_venv/lib/python3.12/site-packages/airflow/example_dags/example_skip_dag.py
[2026-05-18T06:14:03.414+0000] {logging_mixin.py:190} INFO - [2026-05-18T06:14:03.413+0000] {dag.py:3239} INFO - Sync 1 DAGs
[2026-05-18T06:14:03.442+0000] {logging_mixin.py:190} INFO - [2026-05-18T06:14:03.442+0000] {dag.py:4180} INFO - Setting next_dagrun for example_skip_dag to 2026-05-17 00:00:00+00:00, run_after=2026-05-18 00:00:00+00:00
[2026-05-18T06:14:03.473+0000] {processor.py:208} INFO - Processing /home/noelsdavid/airflow_venv/lib/python3.12/site-packages/airflow/example_dags/example_skip_dag.py took 0.111 seconds
[2026-05-18T06:15:03.315+0000] {processor.py:186} INFO - Started process (PID=7799) to work on /home/noelsdavid/airflow_venv/lib/python3.12/site-packages/airflow/example_dags/example_skip_dag.py
[2026-05-18T06:15:03.318+0000] {processor.py:914} INFO - Processing file /home/noelsdavid/airflow_venv/lib/python3.12/site-packages/airflow/example_dags/example_skip_dag.py for tasks to queue
[2026-05-18T06:15:03.322+0000] {logging_mixin.py:190} INFO - [2026-05-18T06:15:03.321+0000] {dagbag.py:588} INFO - Filling up the DagBag from /home/noelsdavid/airflow_venv/lib/python3.12/site-packages/airflow/example_dags/example_skip_dag.py
[2026-05-18T06:15:03.334+0000] {processor.py:925} INFO - DAG(s) 'example_skip_dag' retrieved from /home/noelsdavid/airflow_venv/lib/python3.12/site-packages/airflow/example_dags/example_skip_dag.py
[2026-05-18T06:15:03.360+0000] {logging_mixin.py:190} INFO - [2026-05-18T06:15:03.360+0000] {dag.py:3239} INFO - Sync 1 DAGs
[2026-05-18T06:15:03.389+0000] {logging_mixin.py:190} INFO - [2026-05-18T06:15:03.388+0000] {dag.py:4180} INFO - Setting next_dagrun for example_skip_dag to 2026-05-17 00:00:00+00:00, run_after=2026-05-18 00:00:00+00:00
[2026-05-18T06:15:03.424+0000] {processor.py:208} INFO - Processing /home/noelsdavid/airflow_venv/lib/python3.12/site-packages/airflow/example_dags/example_skip_dag.py took 0.116 seconds
[2026-05-18T06:16:07.808+0000] {processor.py:186} INFO - Started process (PID=8028) to work on /home/noelsdavid/airflow_venv/lib/python3.12/site-packages/airflow/example_dags/example_skip_dag.py
[2026-05-18T06:16:07.810+0000] {processor.py:914} INFO - Processing file /home/noelsdavid/airflow_venv/lib/python3.12/site-packages/airflow/example_dags/example_skip_dag.py for tasks to queue
[2026-05-18T06:16:07.815+0000] {logging_mixin.py:190} INFO - [2026-05-18T06:16:07.814+0000] {dagbag.py:588} INFO - Filling up the DagBag from /home/noelsdavid/airflow_venv/lib/python3.12/site-packages/airflow/example_dags/example_skip_dag.py
[2026-05-18T06:16:07.827+0000] {processor.py:925} INFO - DAG(s) 'example_skip_dag' retrieved from /home/noelsdavid/airflow_venv/lib/python3.12/site-packages/airflow/example_dags/example_skip_dag.py
[2026-05-18T06:16:07.851+0000] {logging_mixin.py:190} INFO - [2026-05-18T06:16:07.851+0000] {dag.py:3239} INFO - Sync 1 DAGs
[2026-05-18T06:16:07.878+0000] {logging_mixin.py:190} INFO - [2026-05-18T06:16:07.878+0000] {dag.py:4180} INFO - Setting next_dagrun for example_skip_dag to 2026-05-17 00:00:00+00:00, run_after=2026-05-18 00:00:00+00:00
[2026-05-18T06:16:07.912+0000] {processor.py:208} INFO - Processing /home/noelsdavid/airflow_venv/lib/python3.12/site-packages/airflow/example_dags/example_skip_dag.py took 0.113 seconds
[2026-05-18T06:17:10.331+0000] {processor.py:186} INFO - Started process (PID=8202) to work on /home/noelsdavid/airflow_venv/lib/python3.12/site-packages/airflow/example_dags/example_skip_dag.py
[2026-05-18T06:17:10.333+0000] {processor.py:914} INFO - Processing file /home/noelsdavid/airflow_venv/lib/python3.12/site-packages/airflow/example_dags/example_skip_dag.py for tasks to queue
[2026-05-18T06:17:10.338+0000] {logging_mixin.py:190} INFO - [2026-05-18T06:17:10.337+0000] {dagbag.py:588} INFO - Filling up the DagBag from /home/noelsdavid/airflow_venv/lib/python3.12/site-packages/airflow/example_dags/example_skip_dag.py
[2026-05-18T06:17:10.349+0000] {processor.py:925} INFO - DAG(s) 'example_skip_dag' retrieved from /home/noelsdavid/airflow_venv/lib/python3.12/site-packages/airflow/example_dags/example_skip_dag.py
[2026-05-18T06:17:10.373+0000] {logging_mixin.py:190} INFO - [2026-05-18T06:17:10.372+0000] {dag.py:3239} INFO - Sync 1 DAGs
[2026-05-18T06:17:10.401+0000] {logging_mixin.py:190} INFO - [2026-05-18T06:17:10.400+0000] {dag.py:4180} INFO - Setting next_dagrun for example_skip_dag to 2026-05-17 00:00:00+00:00, run_after=2026-05-18 00:00:00+00:00
[2026-05-18T06:17:10.432+0000] {processor.py:208} INFO - Processing /home/noelsdavid/airflow_venv/lib/python3.12/site-packages/airflow/example_dags/example_skip_dag.py took 0.109 seconds
[2026-05-18T06:18:12.197+0000] {processor.py:186} INFO - Started process (PID=8429) to work on /home/noelsdavid/airflow_venv/lib/python3.12/site-packages/airflow/example_dags/example_skip_dag.py
[2026-05-18T06:18:12.223+0000] {processor.py:914} INFO - Processing file /home/noelsdavid/airflow_venv/lib/python3.12/site-packages/airflow/example_dags/example_skip_dag.py for tasks to queue
[2026-05-18T06:18:12.227+0000] {logging_mixin.py:190} INFO - [2026-05-18T06:18:12.226+0000] {dagbag.py:588} INFO - Filling up the DagBag from /home/noelsdavid/airflow_venv/lib/python3.12/site-packages/airflow/example_dags/example_skip_dag.py
[2026-05-18T06:18:12.238+0000] {processor.py:925} INFO - DAG(s) 'example_skip_dag' retrieved from /home/noelsdavid/airflow_venv/lib/python3.12/site-packages/airflow/example_dags/example_skip_dag.py
[2026-05-18T06:18:12.262+0000] {logging_mixin.py:190} INFO - [2026-05-18T06:18:12.262+0000] {dag.py:3239} INFO - Sync 1 DAGs
[2026-05-18T06:18:12.289+0000] {logging_mixin.py:190} INFO - [2026-05-18T06:18:12.289+0000] {dag.py:4180} INFO - Setting next_dagrun for example_skip_dag to 2026-05-17 00:00:00+00:00, run_after=2026-05-18 00:00:00+00:00
[2026-05-18T06:18:12.319+0000] {processor.py:208} INFO - Processing /home/noelsdavid/airflow_venv/lib/python3.12/site-packages/airflow/example_dags/example_skip_dag.py took 0.129 seconds
[2026-05-18T06:19:11.701+0000] {processor.py:186} INFO - Started process (PID=8513) to work on /home/noelsdavid/airflow_venv/lib/python3.12/site-packages/airflow/example_dags/example_skip_dag.py
[2026-05-18T06:19:11.704+0000] {processor.py:914} INFO - Processing file /home/noelsdavid/airflow_venv/lib/python3.12/site-packages/airflow/example_dags/example_skip_dag.py for tasks to queue
[2026-05-18T06:19:11.710+0000] {logging_mixin.py:190} INFO - [2026-05-18T06:19:11.710+0000] {dagbag.py:588} INFO - Filling up the DagBag from /home/noelsdavid/airflow_venv/lib/python3.12/site-packages/airflow/example_dags/example_skip_dag.py
[2026-05-18T06:19:11.728+0000] {processor.py:925} INFO - DAG(s) 'example_skip_dag' retrieved from /home/noelsdavid/airflow_venv/lib/python3.12/site-packages/airflow/example_dags/example_skip_dag.py
[2026-05-18T06:19:11.762+0000] {logging_mixin.py:190} INFO - [2026-05-18T06:19:11.762+0000] {dag.py:3239} INFO - Sync 1 DAGs
[2026-05-18T06:19:11.791+0000] {logging_mixin.py:190} INFO - [2026-05-18T06:19:11.791+0000] {dag.py:4180} INFO - Setting next_dagrun for example_skip_dag to 2026-05-17 00:00:00+00:00, run_after=2026-05-18 00:00:00+00:00
[2026-05-18T06:19:11.822+0000] {processor.py:208} INFO - Processing /home/noelsdavid/airflow_venv/lib/python3.12/site-packages/airflow/example_dags/example_skip_dag.py took 0.133 seconds
[2026-05-18T06:20:14.389+0000] {processor.py:186} INFO - Started process (PID=8601) to work on /home/noelsdavid/airflow_venv/lib/python3.12/site-packages/airflow/example_dags/example_skip_dag.py
[2026-05-18T06:20:14.392+0000] {processor.py:914} INFO - Processing file /home/noelsdavid/airflow_venv/lib/python3.12/site-packages/airflow/example_dags/example_skip_dag.py for tasks to queue
[2026-05-18T06:20:14.394+0000] {logging_mixin.py:190} INFO - [2026-05-18T06:20:14.393+0000] {dagbag.py:588} INFO - Filling up the DagBag from /home/noelsdavid/airflow_venv/lib/python3.12/site-packages/airflow/example_dags/example_skip_dag.py
[2026-05-18T06:20:14.406+0000] {processor.py:925} INFO - DAG(s) 'example_skip_dag' retrieved from /home/noelsdavid/airflow_venv/lib/python3.12/site-packages/airflow/example_dags/example_skip_dag.py
[2026-05-18T06:20:14.429+0000] {logging_mixin.py:190} INFO - [2026-05-18T06:20:14.429+0000] {dag.py:3239} INFO - Sync 1 DAGs
[2026-05-18T06:20:14.455+0000] {logging_mixin.py:190} INFO - [2026-05-18T06:20:14.455+0000] {dag.py:4180} INFO - Setting next_dagrun for example_skip_dag to 2026-05-17 00:00:00+00:00, run_after=2026-05-18 00:00:00+00:00
[2026-05-18T06:20:14.482+0000] {processor.py:208} INFO - Processing /home/noelsdavid/airflow_venv/lib/python3.12/site-packages/airflow/example_dags/example_skip_dag.py took 0.101 seconds
[2026-05-18T06:21:15.318+0000] {processor.py:186} INFO - Started process (PID=8661) to work on /home/noelsdavid/airflow_venv/lib/python3.12/site-packages/airflow/example_dags/example_skip_dag.py
[2026-05-18T06:21:15.321+0000] {processor.py:914} INFO - Processing file /home/noelsdavid/airflow_venv/lib/python3.12/site-packages/airflow/example_dags/example_skip_dag.py for tasks to queue
[2026-05-18T06:21:15.324+0000] {logging_mixin.py:190} INFO - [2026-05-18T06:21:15.323+0000] {dagbag.py:588} INFO - Filling up the DagBag from /home/noelsdavid/airflow_venv/lib/python3.12/site-packages/airflow/example_dags/example_skip_dag.py
[2026-05-18T06:21:15.336+0000] {processor.py:925} INFO - DAG(s) 'example_skip_dag' retrieved from /home/noelsdavid/airflow_venv/lib/python3.12/site-packages/airflow/example_dags/example_skip_dag.py
[2026-05-18T06:21:15.359+0000] {logging_mixin.py:190} INFO - [2026-05-18T06:21:15.359+0000] {dag.py:3239} INFO - Sync 1 DAGs
[2026-05-18T06:21:15.392+0000] {logging_mixin.py:190} INFO - [2026-05-18T06:21:15.392+0000] {dag.py:4180} INFO - Setting next_dagrun for example_skip_dag to 2026-05-17 00:00:00+00:00, run_after=2026-05-18 00:00:00+00:00
[2026-05-18T06:21:15.428+0000] {processor.py:208} INFO - Processing /home/noelsdavid/airflow_venv/lib/python3.12/site-packages/airflow/example_dags/example_skip_dag.py took 0.118 seconds
[2026-05-18T06:22:20.660+0000] {processor.py:186} INFO - Started process (PID=8725) to work on /home/noelsdavid/airflow_venv/lib/python3.12/site-packages/airflow/example_dags/example_skip_dag.py
[2026-05-18T06:22:20.667+0000] {processor.py:914} INFO - Processing file /home/noelsdavid/airflow_venv/lib/python3.12/site-packages/airflow/example_dags/example_skip_dag.py for tasks to queue
[2026-05-18T06:22:20.671+0000] {logging_mixin.py:190} INFO - [2026-05-18T06:22:20.669+0000] {dagbag.py:588} INFO - Filling up the DagBag from /home/noelsdavid/airflow_venv/lib/python3.12/site-packages/airflow/example_dags/example_skip_dag.py
[2026-05-18T06:22:20.683+0000] {processor.py:925} INFO - DAG(s) 'example_skip_dag' retrieved from /home/noelsdavid/airflow_venv/lib/python3.12/site-packages/airflow/example_dags/example_skip_dag.py
[2026-05-18T06:22:20.706+0000] {logging_mixin.py:190} INFO - [2026-05-18T06:22:20.706+0000] {dag.py:3239} INFO - Sync 1 DAGs
[2026-05-18T06:22:20.732+0000] {logging_mixin.py:190} INFO - [2026-05-18T06:22:20.731+0000] {dag.py:4180} INFO - Setting next_dagrun for example_skip_dag to 2026-05-17 00:00:00+00:00, run_after=2026-05-18 00:00:00+00:00
[2026-05-18T06:22:20.761+0000] {processor.py:208} INFO - Processing /home/noelsdavid/airflow_venv/lib/python3.12/site-packages/airflow/example_dags/example_skip_dag.py took 0.109 seconds
[2026-05-18T06:23:22.785+0000] {processor.py:186} INFO - Started process (PID=8786) to work on /home/noelsdavid/airflow_venv/lib/python3.12/site-packages/airflow/example_dags/example_skip_dag.py
[2026-05-18T06:23:22.788+0000] {processor.py:914} INFO - Processing file /home/noelsdavid/airflow_venv/lib/python3.12/site-packages/airflow/example_dags/example_skip_dag.py for tasks to queue
[2026-05-18T06:23:22.791+0000] {logging_mixin.py:190} INFO - [2026-05-18T06:23:22.789+0000] {dagbag.py:588} INFO - Filling up the DagBag from /home/noelsdavid/airflow_venv/lib/python3.12/site-packages/airflow/example_dags/example_skip_dag.py
[2026-05-18T06:23:22.805+0000] {processor.py:925} INFO - DAG(s) 'example_skip_dag' retrieved from /home/noelsdavid/airflow_venv/lib/python3.12/site-packages/airflow/example_dags/example_skip_dag.py
[2026-05-18T06:23:22.828+0000] {logging_mixin.py:190} INFO - [2026-05-18T06:23:22.828+0000] {dag.py:3239} INFO - Sync 1 DAGs
[2026-05-18T06:23:22.856+0000] {logging_mixin.py:190} INFO - [2026-05-18T06:23:22.856+0000] {dag.py:4180} INFO - Setting next_dagrun for example_skip_dag to 2026-05-17 00:00:00+00:00, run_after=2026-05-18 00:00:00+00:00
[2026-05-18T06:23:22.892+0000] {processor.py:208} INFO - Processing /home/noelsdavid/airflow_venv/lib/python3.12/site-packages/airflow/example_dags/example_skip_dag.py took 0.115 seconds
[2026-05-18T06:24:29.984+0000] {processor.py:186} INFO - Started process (PID=8847) to work on /home/noelsdavid/airflow_venv/lib/python3.12/site-packages/airflow/example_dags/example_skip_dag.py
[2026-05-18T06:24:29.987+0000] {processor.py:914} INFO - Processing file /home/noelsdavid/airflow_venv/lib/python3.12/site-packages/airflow/example_dags/example_skip_dag.py for tasks to queue
[2026-05-18T06:24:29.990+0000] {logging_mixin.py:190} INFO - [2026-05-18T06:24:29.989+0000] {dagbag.py:588} INFO - Filling up the DagBag from /home/noelsdavid/airflow_venv/lib/python3.12/site-packages/airflow/example_dags/example_skip_dag.py
[2026-05-18T06:24:30.003+0000] {processor.py:925} INFO - DAG(s) 'example_skip_dag' retrieved from /home/noelsdavid/airflow_venv/lib/python3.12/site-packages/airflow/example_dags/example_skip_dag.py
[2026-05-18T06:24:30.027+0000] {logging_mixin.py:190} INFO - [2026-05-18T06:24:30.026+0000] {dag.py:3239} INFO - Sync 1 DAGs
[2026-05-18T06:24:30.053+0000] {logging_mixin.py:190} INFO - [2026-05-18T06:24:30.053+0000] {dag.py:4180} INFO - Setting next_dagrun for example_skip_dag to 2026-05-17 00:00:00+00:00, run_after=2026-05-18 00:00:00+00:00
[2026-05-18T06:24:30.084+0000] {processor.py:208} INFO - Processing /home/noelsdavid/airflow_venv/lib/python3.12/site-packages/airflow/example_dags/example_skip_dag.py took 0.108 seconds
[2026-05-18T06:25:33.896+0000] {processor.py:186} INFO - Started process (PID=8934) to work on /home/noelsdavid/airflow_venv/lib/python3.12/site-packages/airflow/example_dags/example_skip_dag.py
[2026-05-18T06:25:33.899+0000] {processor.py:914} INFO - Processing file /home/noelsdavid/airflow_venv/lib/python3.12/site-packages/airflow/example_dags/example_skip_dag.py for tasks to queue
[2026-05-18T06:25:33.902+0000] {logging_mixin.py:190} INFO - [2026-05-18T06:25:33.901+0000] {dagbag.py:588} INFO - Filling up the DagBag from /home/noelsdavid/airflow_venv/lib/python3.12/site-packages/airflow/example_dags/example_skip_dag.py
[2026-05-18T06:25:33.916+0000] {processor.py:925} INFO - DAG(s) 'example_skip_dag' retrieved from /home/noelsdavid/airflow_venv/lib/python3.12/site-packages/airflow/example_dags/example_skip_dag.py
[2026-05-18T06:25:33.940+0000] {logging_mixin.py:190} INFO - [2026-05-18T06:25:33.940+0000] {dag.py:3239} INFO - Sync 1 DAGs
[2026-05-18T06:25:33.967+0000] {logging_mixin.py:190} INFO - [2026-05-18T06:25:33.967+0000] {dag.py:4180} INFO - Setting next_dagrun for example_skip_dag to 2026-05-17 00:00:00+00:00, run_after=2026-05-18 00:00:00+00:00
[2026-05-18T06:25:33.999+0000] {processor.py:208} INFO - Processing /home/noelsdavid/airflow_venv/lib/python3.12/site-packages/airflow/example_dags/example_skip_dag.py took 0.111 seconds
[2026-05-18T06:26:38.486+0000] {processor.py:186} INFO - Started process (PID=9050) to work on /home/noelsdavid/airflow_venv/lib/python3.12/site-packages/airflow/example_dags/example_skip_dag.py
[2026-05-18T06:26:38.490+0000] {processor.py:914} INFO - Processing file /home/noelsdavid/airflow_venv/lib/python3.12/site-packages/airflow/example_dags/example_skip_dag.py for tasks to queue
[2026-05-18T06:26:38.492+0000] {logging_mixin.py:190} INFO - [2026-05-18T06:26:38.491+0000] {dagbag.py:588} INFO - Filling up the DagBag from /home/noelsdavid/airflow_venv/lib/python3.12/site-packages/airflow/example_dags/example_skip_dag.py
[2026-05-18T06:26:38.505+0000] {processor.py:925} INFO - DAG(s) 'example_skip_dag' retrieved from /home/noelsdavid/airflow_venv/lib/python3.12/site-packages/airflow/example_dags/example_skip_dag.py
[2026-05-18T06:26:38.531+0000] {logging_mixin.py:190} INFO - [2026-05-18T06:26:38.530+0000] {dag.py:3239} INFO - Sync 1 DAGs
[2026-05-18T06:26:38.557+0000] {logging_mixin.py:190} INFO - [2026-05-18T06:26:38.557+0000] {dag.py:4180} INFO - Setting next_dagrun for example_skip_dag to 2026-05-17 00:00:00+00:00, run_after=2026-05-18 00:00:00+00:00
[2026-05-18T06:26:38.588+0000] {processor.py:208} INFO - Processing /home/noelsdavid/airflow_venv/lib/python3.12/site-packages/airflow/example_dags/example_skip_dag.py took 0.110 seconds
[2026-05-18T06:28:01.393+0000] {processor.py:186} INFO - Started process (PID=9638) to work on /home/noelsdavid/airflow_venv/lib/python3.12/site-packages/airflow/example_dags/example_skip_dag.py
[2026-05-18T06:28:01.397+0000] {processor.py:914} INFO - Processing file /home/noelsdavid/airflow_venv/lib/python3.12/site-packages/airflow/example_dags/example_skip_dag.py for tasks to queue
[2026-05-18T06:28:01.401+0000] {logging_mixin.py:190} INFO - [2026-05-18T06:28:01.400+0000] {dagbag.py:588} INFO - Filling up the DagBag from /home/noelsdavid/airflow_venv/lib/python3.12/site-packages/airflow/example_dags/example_skip_dag.py
[2026-05-18T06:28:01.416+0000] {processor.py:925} INFO - DAG(s) 'example_skip_dag' retrieved from /home/noelsdavid/airflow_venv/lib/python3.12/site-packages/airflow/example_dags/example_skip_dag.py
[2026-05-18T06:28:01.450+0000] {logging_mixin.py:190} INFO - [2026-05-18T06:28:01.450+0000] {dag.py:3239} INFO - Sync 1 DAGs
[2026-05-18T06:28:01.495+0000] {logging_mixin.py:190} INFO - [2026-05-18T06:28:01.495+0000] {dag.py:4180} INFO - Setting next_dagrun for example_skip_dag to 2026-05-17 00:00:00+00:00, run_after=2026-05-18 00:00:00+00:00
[2026-05-18T06:28:01.544+0000] {processor.py:208} INFO - Processing /home/noelsdavid/airflow_venv/lib/python3.12/site-packages/airflow/example_dags/example_skip_dag.py took 0.161 seconds
[2026-05-18T06:29:06.901+0000] {processor.py:186} INFO - Started process (PID=9755) to work on /home/noelsdavid/airflow_venv/lib/python3.12/site-packages/airflow/example_dags/example_skip_dag.py
[2026-05-18T06:29:06.927+0000] {processor.py:914} INFO - Processing file /home/noelsdavid/airflow_venv/lib/python3.12/site-packages/airflow/example_dags/example_skip_dag.py for tasks to queue
[2026-05-18T06:29:06.929+0000] {logging_mixin.py:190} INFO - [2026-05-18T06:29:06.929+0000] {dagbag.py:588} INFO - Filling up the DagBag from /home/noelsdavid/airflow_venv/lib/python3.12/site-packages/airflow/example_dags/example_skip_dag.py
[2026-05-18T06:29:06.945+0000] {processor.py:925} INFO - DAG(s) 'example_skip_dag' retrieved from /home/noelsdavid/airflow_venv/lib/python3.12/site-packages/airflow/example_dags/example_skip_dag.py
[2026-05-18T06:29:06.969+0000] {logging_mixin.py:190} INFO - [2026-05-18T06:29:06.969+0000] {dag.py:3239} INFO - Sync 1 DAGs
[2026-05-18T06:29:07.001+0000] {logging_mixin.py:190} INFO - [2026-05-18T06:29:07.000+0000] {dag.py:4180} INFO - Setting next_dagrun for example_skip_dag to 2026-05-17 00:00:00+00:00, run_after=2026-05-18 00:00:00+00:00
[2026-05-18T06:29:07.037+0000] {processor.py:208} INFO - Processing /home/noelsdavid/airflow_venv/lib/python3.12/site-packages/airflow/example_dags/example_skip_dag.py took 0.144 seconds
[2026-05-18T06:30:14.023+0000] {processor.py:186} INFO - Started process (PID=9844) to work on /home/noelsdavid/airflow_venv/lib/python3.12/site-packages/airflow/example_dags/example_skip_dag.py
[2026-05-18T06:30:14.026+0000] {processor.py:914} INFO - Processing file /home/noelsdavid/airflow_venv/lib/python3.12/site-packages/airflow/example_dags/example_skip_dag.py for tasks to queue
[2026-05-18T06:30:14.028+0000] {logging_mixin.py:190} INFO - [2026-05-18T06:30:14.027+0000] {dagbag.py:588} INFO - Filling up the DagBag from /home/noelsdavid/airflow_venv/lib/python3.12/site-packages/airflow/example_dags/example_skip_dag.py
[2026-05-18T06:30:14.041+0000] {processor.py:925} INFO - DAG(s) 'example_skip_dag' retrieved from /home/noelsdavid/airflow_venv/lib/python3.12/site-packages/airflow/example_dags/example_skip_dag.py
[2026-05-18T06:30:14.064+0000] {logging_mixin.py:190} INFO - [2026-05-18T06:30:14.064+0000] {dag.py:3239} INFO - Sync 1 DAGs
[2026-05-18T06:30:14.090+0000] {logging_mixin.py:190} INFO - [2026-05-18T06:30:14.090+0000] {dag.py:4180} INFO - Setting next_dagrun for example_skip_dag to 2026-05-17 00:00:00+00:00, run_after=2026-05-18 00:00:00+00:00
[2026-05-18T06:30:14.121+0000] {processor.py:208} INFO - Processing /home/noelsdavid/airflow_venv/lib/python3.12/site-packages/airflow/example_dags/example_skip_dag.py took 0.106 seconds
[2026-05-18T06:31:20.212+0000] {processor.py:186} INFO - Started process (PID=9907) to work on /home/noelsdavid/airflow_venv/lib/python3.12/site-packages/airflow/example_dags/example_skip_dag.py
[2026-05-18T06:31:20.214+0000] {processor.py:914} INFO - Processing file /home/noelsdavid/airflow_venv/lib/python3.12/site-packages/airflow/example_dags/example_skip_dag.py for tasks to queue
[2026-05-18T06:31:20.216+0000] {logging_mixin.py:190} INFO - [2026-05-18T06:31:20.215+0000] {dagbag.py:588} INFO - Filling up the DagBag from /home/noelsdavid/airflow_venv/lib/python3.12/site-packages/airflow/example_dags/example_skip_dag.py
[2026-05-18T06:31:20.228+0000] {processor.py:925} INFO - DAG(s) 'example_skip_dag' retrieved from /home/noelsdavid/airflow_venv/lib/python3.12/site-packages/airflow/example_dags/example_skip_dag.py
[2026-05-18T06:31:20.250+0000] {logging_mixin.py:190} INFO - [2026-05-18T06:31:20.250+0000] {dag.py:3239} INFO - Sync 1 DAGs
[2026-05-18T06:31:20.275+0000] {logging_mixin.py:190} INFO - [2026-05-18T06:31:20.275+0000] {dag.py:4180} INFO - Setting next_dagrun for example_skip_dag to 2026-05-17 00:00:00+00:00, run_after=2026-05-18 00:00:00+00:00
[2026-05-18T06:31:20.306+0000] {processor.py:208} INFO - Processing /home/noelsdavid/airflow_venv/lib/python3.12/site-packages/airflow/example_dags/example_skip_dag.py took 0.102 seconds
[2026-05-18T06:32:21.608+0000] {processor.py:186} INFO - Started process (PID=9966) to work on /home/noelsdavid/airflow_venv/lib/python3.12/site-packages/airflow/example_dags/example_skip_dag.py
[2026-05-18T06:32:21.610+0000] {processor.py:914} INFO - Processing file /home/noelsdavid/airflow_venv/lib/python3.12/site-packages/airflow/example_dags/example_skip_dag.py for tasks to queue
[2026-05-18T06:32:21.612+0000] {logging_mixin.py:190} INFO - [2026-05-18T06:32:21.612+0000] {dagbag.py:588} INFO - Filling up the DagBag from /home/noelsdavid/airflow_venv/lib/python3.12/site-packages/airflow/example_dags/example_skip_dag.py
[2026-05-18T06:32:21.626+0000] {processor.py:925} INFO - DAG(s) 'example_skip_dag' retrieved from /home/noelsdavid/airflow_venv/lib/python3.12/site-packages/airflow/example_dags/example_skip_dag.py
[2026-05-18T06:32:21.656+0000] {logging_mixin.py:190} INFO - [2026-05-18T06:32:21.655+0000] {dag.py:3239} INFO - Sync 1 DAGs
[2026-05-18T06:32:21.698+0000] {logging_mixin.py:190} INFO - [2026-05-18T06:32:21.697+0000] {dag.py:4180} INFO - Setting next_dagrun for example_skip_dag to 2026-05-17 00:00:00+00:00, run_after=2026-05-18 00:00:00+00:00
[2026-05-18T06:32:21.742+0000] {processor.py:208} INFO - Processing /home/noelsdavid/airflow_venv/lib/python3.12/site-packages/airflow/example_dags/example_skip_dag.py took 0.141 seconds
[2026-05-18T06:33:19.203+0000] {processor.py:186} INFO - Started process (PID=10025) to work on /home/noelsdavid/airflow_venv/lib/python3.12/site-packages/airflow/example_dags/example_skip_dag.py
[2026-05-18T06:33:19.205+0000] {processor.py:914} INFO - Processing file /home/noelsdavid/airflow_venv/lib/python3.12/site-packages/airflow/example_dags/example_skip_dag.py for tasks to queue
[2026-05-18T06:33:19.207+0000] {logging_mixin.py:190} INFO - [2026-05-18T06:33:19.207+0000] {dagbag.py:588} INFO - Filling up the DagBag from /home/noelsdavid/airflow_venv/lib/python3.12/site-packages/airflow/example_dags/example_skip_dag.py
[2026-05-18T06:33:19.221+0000] {processor.py:925} INFO - DAG(s) 'example_skip_dag' retrieved from /home/noelsdavid/airflow_venv/lib/python3.12/site-packages/airflow/example_dags/example_skip_dag.py
[2026-05-18T06:33:19.244+0000] {logging_mixin.py:190} INFO - [2026-05-18T06:33:19.244+0000] {dag.py:3239} INFO - Sync 1 DAGs
[2026-05-18T06:33:19.269+0000] {logging_mixin.py:190} INFO - [2026-05-18T06:33:19.269+0000] {dag.py:4180} INFO - Setting next_dagrun for example_skip_dag to 2026-05-17 00:00:00+00:00, run_after=2026-05-18 00:00:00+00:00
[2026-05-18T06:33:19.298+0000] {processor.py:208} INFO - Processing /home/noelsdavid/airflow_venv/lib/python3.12/site-packages/airflow/example_dags/example_skip_dag.py took 0.103 seconds
[2026-05-18T06:34:27.069+0000] {processor.py:186} INFO - Started process (PID=10160) to work on /home/noelsdavid/airflow_venv/lib/python3.12/site-packages/airflow/example_dags/example_skip_dag.py
[2026-05-18T06:34:27.071+0000] {processor.py:914} INFO - Processing file /home/noelsdavid/airflow_venv/lib/python3.12/site-packages/airflow/example_dags/example_skip_dag.py for tasks to queue
[2026-05-18T06:34:27.072+0000] {logging_mixin.py:190} INFO - [2026-05-18T06:34:27.072+0000] {dagbag.py:588} INFO - Filling up the DagBag from /home/noelsdavid/airflow_venv/lib/python3.12/site-packages/airflow/example_dags/example_skip_dag.py
[2026-05-18T06:34:27.086+0000] {processor.py:925} INFO - DAG(s) 'example_skip_dag' retrieved from /home/noelsdavid/airflow_venv/lib/python3.12/site-packages/airflow/example_dags/example_skip_dag.py
[2026-05-18T06:34:27.111+0000] {logging_mixin.py:190} INFO - [2026-05-18T06:34:27.110+0000] {dag.py:3239} INFO - Sync 1 DAGs
[2026-05-18T06:34:27.136+0000] {logging_mixin.py:190} INFO - [2026-05-18T06:34:27.136+0000] {dag.py:4180} INFO - Setting next_dagrun for example_skip_dag to 2026-05-17 00:00:00+00:00, run_after=2026-05-18 00:00:00+00:00
[2026-05-18T06:34:27.167+0000] {processor.py:208} INFO - Processing /home/noelsdavid/airflow_venv/lib/python3.12/site-packages/airflow/example_dags/example_skip_dag.py took 0.106 seconds
[2026-05-18T06:35:32.227+0000] {processor.py:186} INFO - Started process (PID=10368) to work on /home/noelsdavid/airflow_venv/lib/python3.12/site-packages/airflow/example_dags/example_skip_dag.py
[2026-05-18T06:35:32.230+0000] {processor.py:914} INFO - Processing file /home/noelsdavid/airflow_venv/lib/python3.12/site-packages/airflow/example_dags/example_skip_dag.py for tasks to queue
[2026-05-18T06:35:32.232+0000] {logging_mixin.py:190} INFO - [2026-05-18T06:35:32.232+0000] {dagbag.py:588} INFO - Filling up the DagBag from /home/noelsdavid/airflow_venv/lib/python3.12/site-packages/airflow/example_dags/example_skip_dag.py
[2026-05-18T06:35:32.246+0000] {processor.py:925} INFO - DAG(s) 'example_skip_dag' retrieved from /home/noelsdavid/airflow_venv/lib/python3.12/site-packages/airflow/example_dags/example_skip_dag.py
[2026-05-18T06:35:32.271+0000] {logging_mixin.py:190} INFO - [2026-05-18T06:35:32.270+0000] {dag.py:3239} INFO - Sync 1 DAGs
[2026-05-18T06:35:32.296+0000] {logging_mixin.py:190} INFO - [2026-05-18T06:35:32.296+0000] {dag.py:4180} INFO - Setting next_dagrun for example_skip_dag to 2026-05-17 00:00:00+00:00, run_after=2026-05-18 00:00:00+00:00
[2026-05-18T06:35:32.328+0000] {processor.py:208} INFO - Processing /home/noelsdavid/airflow_venv/lib/python3.12/site-packages/airflow/example_dags/example_skip_dag.py took 0.109 seconds
[2026-05-18T06:36:33.929+0000] {processor.py:186} INFO - Started process (PID=10529) to work on /home/noelsdavid/airflow_venv/lib/python3.12/site-packages/airflow/example_dags/example_skip_dag.py
[2026-05-18T06:36:33.932+0000] {processor.py:914} INFO - Processing file /home/noelsdavid/airflow_venv/lib/python3.12/site-packages/airflow/example_dags/example_skip_dag.py for tasks to queue
[2026-05-18T06:36:33.934+0000] {logging_mixin.py:190} INFO - [2026-05-18T06:36:33.933+0000] {dagbag.py:588} INFO - Filling up the DagBag from /home/noelsdavid/airflow_venv/lib/python3.12/site-packages/airflow/example_dags/example_skip_dag.py
[2026-05-18T06:36:33.946+0000] {processor.py:925} INFO - DAG(s) 'example_skip_dag' retrieved from /home/noelsdavid/airflow_venv/lib/python3.12/site-packages/airflow/example_dags/example_skip_dag.py
[2026-05-18T06:36:33.969+0000] {logging_mixin.py:190} INFO - [2026-05-18T06:36:33.969+0000] {dag.py:3239} INFO - Sync 1 DAGs
[2026-05-18T06:36:33.997+0000] {logging_mixin.py:190} INFO - [2026-05-18T06:36:33.997+0000] {dag.py:4180} INFO - Setting next_dagrun for example_skip_dag to 2026-05-17 00:00:00+00:00, run_after=2026-05-18 00:00:00+00:00
[2026-05-18T06:36:34.028+0000] {processor.py:208} INFO - Processing /home/noelsdavid/airflow_venv/lib/python3.12/site-packages/airflow/example_dags/example_skip_dag.py took 0.106 seconds
[2026-05-18T06:37:37.904+0000] {processor.py:186} INFO - Started process (PID=10916) to work on /home/noelsdavid/airflow_venv/lib/python3.12/site-packages/airflow/example_dags/example_skip_dag.py
[2026-05-18T06:37:37.917+0000] {processor.py:914} INFO - Processing file /home/noelsdavid/airflow_venv/lib/python3.12/site-packages/airflow/example_dags/example_skip_dag.py for tasks to queue
[2026-05-18T06:37:37.919+0000] {logging_mixin.py:190} INFO - [2026-05-18T06:37:37.918+0000] {dagbag.py:588} INFO - Filling up the DagBag from /home/noelsdavid/airflow_venv/lib/python3.12/site-packages/airflow/example_dags/example_skip_dag.py
[2026-05-18T06:37:37.932+0000] {processor.py:925} INFO - DAG(s) 'example_skip_dag' retrieved from /home/noelsdavid/airflow_venv/lib/python3.12/site-packages/airflow/example_dags/example_skip_dag.py
[2026-05-18T06:37:37.956+0000] {logging_mixin.py:190} INFO - [2026-05-18T06:37:37.956+0000] {dag.py:3239} INFO - Sync 1 DAGs
[2026-05-18T06:37:37.984+0000] {logging_mixin.py:190} INFO - [2026-05-18T06:37:37.983+0000] {dag.py:4180} INFO - Setting next_dagrun for example_skip_dag to 2026-05-17 00:00:00+00:00, run_after=2026-05-18 00:00:00+00:00
[2026-05-18T06:37:38.014+0000] {processor.py:208} INFO - Processing /home/noelsdavid/airflow_venv/lib/python3.12/site-packages/airflow/example_dags/example_skip_dag.py took 0.118 seconds
[2026-05-18T06:38:42.959+0000] {processor.py:186} INFO - Started process (PID=11104) to work on /home/noelsdavid/airflow_venv/lib/python3.12/site-packages/airflow/example_dags/example_skip_dag.py
[2026-05-18T06:38:42.962+0000] {processor.py:914} INFO - Processing file /home/noelsdavid/airflow_venv/lib/python3.12/site-packages/airflow/example_dags/example_skip_dag.py for tasks to queue
[2026-05-18T06:38:42.964+0000] {logging_mixin.py:190} INFO - [2026-05-18T06:38:42.963+0000] {dagbag.py:588} INFO - Filling up the DagBag from /home/noelsdavid/airflow_venv/lib/python3.12/site-packages/airflow/example_dags/example_skip_dag.py
[2026-05-18T06:38:42.977+0000] {processor.py:925} INFO - DAG(s) 'example_skip_dag' retrieved from /home/noelsdavid/airflow_venv/lib/python3.12/site-packages/airflow/example_dags/example_skip_dag.py
[2026-05-18T06:38:42.999+0000] {logging_mixin.py:190} INFO - [2026-05-18T06:38:42.999+0000] {dag.py:3239} INFO - Sync 1 DAGs
[2026-05-18T06:38:43.027+0000] {logging_mixin.py:190} INFO - [2026-05-18T06:38:43.026+0000] {dag.py:4180} INFO - Setting next_dagrun for example_skip_dag to 2026-05-17 00:00:00+00:00, run_after=2026-05-18 00:00:00+00:00
[2026-05-18T06:38:43.056+0000] {processor.py:208} INFO - Processing /home/noelsdavid/airflow_venv/lib/python3.12/site-packages/airflow/example_dags/example_skip_dag.py took 0.105 seconds
[2026-05-18T06:39:48.419+0000] {processor.py:186} INFO - Started process (PID=11315) to work on /home/noelsdavid/airflow_venv/lib/python3.12/site-packages/airflow/example_dags/example_skip_dag.py
[2026-05-18T06:39:48.424+0000] {processor.py:914} INFO - Processing file /home/noelsdavid/airflow_venv/lib/python3.12/site-packages/airflow/example_dags/example_skip_dag.py for tasks to queue
[2026-05-18T06:39:48.426+0000] {logging_mixin.py:190} INFO - [2026-05-18T06:39:48.425+0000] {dagbag.py:588} INFO - Filling up the DagBag from /home/noelsdavid/airflow_venv/lib/python3.12/site-packages/airflow/example_dags/example_skip_dag.py
[2026-05-18T06:39:48.444+0000] {processor.py:925} INFO - DAG(s) 'example_skip_dag' retrieved from /home/noelsdavid/airflow_venv/lib/python3.12/site-packages/airflow/example_dags/example_skip_dag.py
[2026-05-18T06:39:48.472+0000] {logging_mixin.py:190} INFO - [2026-05-18T06:39:48.472+0000] {dag.py:3239} INFO - Sync 1 DAGs
[2026-05-18T06:39:48.500+0000] {logging_mixin.py:190} INFO - [2026-05-18T06:39:48.499+0000] {dag.py:4180} INFO - Setting next_dagrun for example_skip_dag to 2026-05-17 00:00:00+00:00, run_after=2026-05-18 00:00:00+00:00
[2026-05-18T06:39:48.536+0000] {processor.py:208} INFO - Processing /home/noelsdavid/airflow_venv/lib/python3.12/site-packages/airflow/example_dags/example_skip_dag.py took 0.125 seconds
[2026-05-18T06:41:02.713+0000] {processor.py:186} INFO - Started process (PID=11678) to work on /home/noelsdavid/airflow_venv/lib/python3.12/site-packages/airflow/example_dags/example_skip_dag.py
[2026-05-18T06:41:02.726+0000] {processor.py:914} INFO - Processing file /home/noelsdavid/airflow_venv/lib/python3.12/site-packages/airflow/example_dags/example_skip_dag.py for tasks to queue
[2026-05-18T06:41:02.729+0000] {logging_mixin.py:190} INFO - [2026-05-18T06:41:02.728+0000] {dagbag.py:588} INFO - Filling up the DagBag from /home/noelsdavid/airflow_venv/lib/python3.12/site-packages/airflow/example_dags/example_skip_dag.py
[2026-05-18T06:41:02.742+0000] {processor.py:925} INFO - DAG(s) 'example_skip_dag' retrieved from /home/noelsdavid/airflow_venv/lib/python3.12/site-packages/airflow/example_dags/example_skip_dag.py
[2026-05-18T06:41:02.770+0000] {logging_mixin.py:190} INFO - [2026-05-18T06:41:02.770+0000] {dag.py:3239} INFO - Sync 1 DAGs
[2026-05-18T06:41:02.797+0000] {logging_mixin.py:190} INFO - [2026-05-18T06:41:02.796+0000] {dag.py:4180} INFO - Setting next_dagrun for example_skip_dag to 2026-05-17 00:00:00+00:00, run_after=2026-05-18 00:00:00+00:00
[2026-05-18T06:41:02.830+0000] {processor.py:208} INFO - Processing /home/noelsdavid/airflow_venv/lib/python3.12/site-packages/airflow/example_dags/example_skip_dag.py took 0.127 seconds
[2026-05-18T06:42:15.446+0000] {processor.py:186} INFO - Started process (PID=12370) to work on /home/noelsdavid/airflow_venv/lib/python3.12/site-packages/airflow/example_dags/example_skip_dag.py
[2026-05-18T06:42:15.449+0000] {processor.py:914} INFO - Processing file /home/noelsdavid/airflow_venv/lib/python3.12/site-packages/airflow/example_dags/example_skip_dag.py for tasks to queue
[2026-05-18T06:42:15.452+0000] {logging_mixin.py:190} INFO - [2026-05-18T06:42:15.451+0000] {dagbag.py:588} INFO - Filling up the DagBag from /home/noelsdavid/airflow_venv/lib/python3.12/site-packages/airflow/example_dags/example_skip_dag.py
[2026-05-18T06:42:15.468+0000] {processor.py:925} INFO - DAG(s) 'example_skip_dag' retrieved from /home/noelsdavid/airflow_venv/lib/python3.12/site-packages/airflow/example_dags/example_skip_dag.py
[2026-05-18T06:42:15.518+0000] {logging_mixin.py:190} INFO - [2026-05-18T06:42:15.518+0000] {dag.py:3239} INFO - Sync 1 DAGs
[2026-05-18T06:42:15.563+0000] {logging_mixin.py:190} INFO - [2026-05-18T06:42:15.563+0000] {dag.py:4180} INFO - Setting next_dagrun for example_skip_dag to 2026-05-17 00:00:00+00:00, run_after=2026-05-18 00:00:00+00:00
[2026-05-18T06:42:15.602+0000] {processor.py:208} INFO - Processing /home/noelsdavid/airflow_venv/lib/python3.12/site-packages/airflow/example_dags/example_skip_dag.py took 0.171 seconds
[2026-05-18T06:43:46.512+0000] {processor.py:186} INFO - Started process (PID=12951) to work on /home/noelsdavid/airflow_venv/lib/python3.12/site-packages/airflow/example_dags/example_skip_dag.py
[2026-05-18T06:43:46.542+0000] {processor.py:914} INFO - Processing file /home/noelsdavid/airflow_venv/lib/python3.12/site-packages/airflow/example_dags/example_skip_dag.py for tasks to queue
[2026-05-18T06:43:46.544+0000] {logging_mixin.py:190} INFO - [2026-05-18T06:43:46.544+0000] {dagbag.py:588} INFO - Filling up the DagBag from /home/noelsdavid/airflow_venv/lib/python3.12/site-packages/airflow/example_dags/example_skip_dag.py
[2026-05-18T06:43:46.559+0000] {processor.py:925} INFO - DAG(s) 'example_skip_dag' retrieved from /home/noelsdavid/airflow_venv/lib/python3.12/site-packages/airflow/example_dags/example_skip_dag.py
[2026-05-18T06:43:46.585+0000] {logging_mixin.py:190} INFO - [2026-05-18T06:43:46.585+0000] {dag.py:3239} INFO - Sync 1 DAGs
[2026-05-18T06:43:46.616+0000] {logging_mixin.py:190} INFO - [2026-05-18T06:43:46.616+0000] {dag.py:4180} INFO - Setting next_dagrun for example_skip_dag to 2026-05-17 00:00:00+00:00, run_after=2026-05-18 00:00:00+00:00
[2026-05-18T06:43:46.651+0000] {processor.py:208} INFO - Processing /home/noelsdavid/airflow_venv/lib/python3.12/site-packages/airflow/example_dags/example_skip_dag.py took 0.151 seconds
[2026-05-18T06:45:06.408+0000] {processor.py:186} INFO - Started process (PID=13083) to work on /home/noelsdavid/airflow_venv/lib/python3.12/site-packages/airflow/example_dags/example_skip_dag.py
[2026-05-18T06:45:06.426+0000] {processor.py:914} INFO - Processing file /home/noelsdavid/airflow_venv/lib/python3.12/site-packages/airflow/example_dags/example_skip_dag.py for tasks to queue
[2026-05-18T06:45:06.428+0000] {logging_mixin.py:190} INFO - [2026-05-18T06:45:06.428+0000] {dagbag.py:588} INFO - Filling up the DagBag from /home/noelsdavid/airflow_venv/lib/python3.12/site-packages/airflow/example_dags/example_skip_dag.py
[2026-05-18T06:45:06.443+0000] {processor.py:925} INFO - DAG(s) 'example_skip_dag' retrieved from /home/noelsdavid/airflow_venv/lib/python3.12/site-packages/airflow/example_dags/example_skip_dag.py
[2026-05-18T06:45:06.484+0000] {logging_mixin.py:190} INFO - [2026-05-18T06:45:06.483+0000] {dag.py:3239} INFO - Sync 1 DAGs
[2026-05-18T06:45:06.524+0000] {logging_mixin.py:190} INFO - [2026-05-18T06:45:06.524+0000] {dag.py:4180} INFO - Setting next_dagrun for example_skip_dag to 2026-05-17 00:00:00+00:00, run_after=2026-05-18 00:00:00+00:00
[2026-05-18T06:45:06.564+0000] {processor.py:208} INFO - Processing /home/noelsdavid/airflow_venv/lib/python3.12/site-packages/airflow/example_dags/example_skip_dag.py took 0.168 seconds
[2026-05-18T06:46:16.842+0000] {processor.py:186} INFO - Started process (PID=13185) to work on /home/noelsdavid/airflow_venv/lib/python3.12/site-packages/airflow/example_dags/example_skip_dag.py
[2026-05-18T06:46:16.846+0000] {processor.py:914} INFO - Processing file /home/noelsdavid/airflow_venv/lib/python3.12/site-packages/airflow/example_dags/example_skip_dag.py for tasks to queue
[2026-05-18T06:46:16.849+0000] {logging_mixin.py:190} INFO - [2026-05-18T06:46:16.848+0000] {dagbag.py:588} INFO - Filling up the DagBag from /home/noelsdavid/airflow_venv/lib/python3.12/site-packages/airflow/example_dags/example_skip_dag.py
[2026-05-18T06:46:16.867+0000] {processor.py:925} INFO - DAG(s) 'example_skip_dag' retrieved from /home/noelsdavid/airflow_venv/lib/python3.12/site-packages/airflow/example_dags/example_skip_dag.py
[2026-05-18T06:46:16.905+0000] {logging_mixin.py:190} INFO - [2026-05-18T06:46:16.904+0000] {dag.py:3239} INFO - Sync 1 DAGs
[2026-05-18T06:46:16.951+0000] {logging_mixin.py:190} INFO - [2026-05-18T06:46:16.950+0000] {dag.py:4180} INFO - Setting next_dagrun for example_skip_dag to 2026-05-17 00:00:00+00:00, run_after=2026-05-18 00:00:00+00:00
[2026-05-18T06:46:16.992+0000] {processor.py:208} INFO - Processing /home/noelsdavid/airflow_venv/lib/python3.12/site-packages/airflow/example_dags/example_skip_dag.py took 0.164 seconds
[2026-05-18T06:47:24.917+0000] {processor.py:186} INFO - Started process (PID=13261) to work on /home/noelsdavid/airflow_venv/lib/python3.12/site-packages/airflow/example_dags/example_skip_dag.py
[2026-05-18T06:47:24.920+0000] {processor.py:914} INFO - Processing file /home/noelsdavid/airflow_venv/lib/python3.12/site-packages/airflow/example_dags/example_skip_dag.py for tasks to queue
[2026-05-18T06:47:24.922+0000] {logging_mixin.py:190} INFO - [2026-05-18T06:47:24.921+0000] {dagbag.py:588} INFO - Filling up the DagBag from /home/noelsdavid/airflow_venv/lib/python3.12/site-packages/airflow/example_dags/example_skip_dag.py
[2026-05-18T06:47:24.934+0000] {processor.py:925} INFO - DAG(s) 'example_skip_dag' retrieved from /home/noelsdavid/airflow_venv/lib/python3.12/site-packages/airflow/example_dags/example_skip_dag.py
[2026-05-18T06:47:24.957+0000] {logging_mixin.py:190} INFO - [2026-05-18T06:47:24.957+0000] {dag.py:3239} INFO - Sync 1 DAGs
[2026-05-18T06:47:24.983+0000] {logging_mixin.py:190} INFO - [2026-05-18T06:47:24.983+0000] {dag.py:4180} INFO - Setting next_dagrun for example_skip_dag to 2026-05-17 00:00:00+00:00, run_after=2026-05-18 00:00:00+00:00
[2026-05-18T06:47:25.016+0000] {processor.py:208} INFO - Processing /home/noelsdavid/airflow_venv/lib/python3.12/site-packages/airflow/example_dags/example_skip_dag.py took 0.109 seconds
[2026-05-18T06:48:29.217+0000] {processor.py:186} INFO - Started process (PID=13333) to work on /home/noelsdavid/airflow_venv/lib/python3.12/site-packages/airflow/example_dags/example_skip_dag.py
[2026-05-18T06:48:29.220+0000] {processor.py:914} INFO - Processing file /home/noelsdavid/airflow_venv/lib/python3.12/site-packages/airflow/example_dags/example_skip_dag.py for tasks to queue
[2026-05-18T06:48:29.222+0000] {logging_mixin.py:190} INFO - [2026-05-18T06:48:29.222+0000] {dagbag.py:588} INFO - Filling up the DagBag from /home/noelsdavid/airflow_venv/lib/python3.12/site-packages/airflow/example_dags/example_skip_dag.py
[2026-05-18T06:48:29.235+0000] {processor.py:925} INFO - DAG(s) 'example_skip_dag' retrieved from /home/noelsdavid/airflow_venv/lib/python3.12/site-packages/airflow/example_dags/example_skip_dag.py
[2026-05-18T06:48:29.259+0000] {logging_mixin.py:190} INFO - [2026-05-18T06:48:29.259+0000] {dag.py:3239} INFO - Sync 1 DAGs
[2026-05-18T06:48:29.287+0000] {logging_mixin.py:190} INFO - [2026-05-18T06:48:29.286+0000] {dag.py:4180} INFO - Setting next_dagrun for example_skip_dag to 2026-05-17 00:00:00+00:00, run_after=2026-05-18 00:00:00+00:00
[2026-05-18T06:48:29.320+0000] {processor.py:208} INFO - Processing /home/noelsdavid/airflow_venv/lib/python3.12/site-packages/airflow/example_dags/example_skip_dag.py took 0.113 seconds
[2026-05-18T06:49:33.421+0000] {processor.py:186} INFO - Started process (PID=13405) to work on /home/noelsdavid/airflow_venv/lib/python3.12/site-packages/airflow/example_dags/example_skip_dag.py
[2026-05-18T06:49:33.423+0000] {processor.py:914} INFO - Processing file /home/noelsdavid/airflow_venv/lib/python3.12/site-packages/airflow/example_dags/example_skip_dag.py for tasks to queue
[2026-05-18T06:49:33.425+0000] {logging_mixin.py:190} INFO - [2026-05-18T06:49:33.424+0000] {dagbag.py:588} INFO - Filling up the DagBag from /home/noelsdavid/airflow_venv/lib/python3.12/site-packages/airflow/example_dags/example_skip_dag.py
[2026-05-18T06:49:33.438+0000] {processor.py:925} INFO - DAG(s) 'example_skip_dag' retrieved from /home/noelsdavid/airflow_venv/lib/python3.12/site-packages/airflow/example_dags/example_skip_dag.py
[2026-05-18T06:49:33.463+0000] {logging_mixin.py:190} INFO - [2026-05-18T06:49:33.463+0000] {dag.py:3239} INFO - Sync 1 DAGs
[2026-05-18T06:49:33.490+0000] {logging_mixin.py:190} INFO - [2026-05-18T06:49:33.490+0000] {dag.py:4180} INFO - Setting next_dagrun for example_skip_dag to 2026-05-17 00:00:00+00:00, run_after=2026-05-18 00:00:00+00:00
[2026-05-18T06:49:33.520+0000] {processor.py:208} INFO - Processing /home/noelsdavid/airflow_venv/lib/python3.12/site-packages/airflow/example_dags/example_skip_dag.py took 0.110 seconds
[2026-05-18T06:50:41.787+0000] {processor.py:186} INFO - Started process (PID=13983) to work on /home/noelsdavid/airflow_venv/lib/python3.12/site-packages/airflow/example_dags/example_skip_dag.py
[2026-05-18T06:50:41.816+0000] {processor.py:914} INFO - Processing file /home/noelsdavid/airflow_venv/lib/python3.12/site-packages/airflow/example_dags/example_skip_dag.py for tasks to queue
[2026-05-18T06:50:41.818+0000] {logging_mixin.py:190} INFO - [2026-05-18T06:50:41.818+0000] {dagbag.py:588} INFO - Filling up the DagBag from /home/noelsdavid/airflow_venv/lib/python3.12/site-packages/airflow/example_dags/example_skip_dag.py
[2026-05-18T06:50:41.831+0000] {processor.py:925} INFO - DAG(s) 'example_skip_dag' retrieved from /home/noelsdavid/airflow_venv/lib/python3.12/site-packages/airflow/example_dags/example_skip_dag.py
[2026-05-18T06:50:41.855+0000] {logging_mixin.py:190} INFO - [2026-05-18T06:50:41.855+0000] {dag.py:3239} INFO - Sync 1 DAGs
[2026-05-18T06:50:41.883+0000] {logging_mixin.py:190} INFO - [2026-05-18T06:50:41.883+0000] {dag.py:4180} INFO - Setting next_dagrun for example_skip_dag to 2026-05-17 00:00:00+00:00, run_after=2026-05-18 00:00:00+00:00
[2026-05-18T06:50:41.923+0000] {processor.py:208} INFO - Processing /home/noelsdavid/airflow_venv/lib/python3.12/site-packages/airflow/example_dags/example_skip_dag.py took 0.147 seconds
