[2026-05-18T06:00:28.500+0000] {processor.py:186} INFO - Started process (PID=6908) to work on /home/noelsdavid/airflow_venv/lib/python3.12/site-packages/airflow/example_dags/example_time_delta_sensor_async.py
[2026-05-18T06:00:28.501+0000] {processor.py:914} INFO - Processing file /home/noelsdavid/airflow_venv/lib/python3.12/site-packages/airflow/example_dags/example_time_delta_sensor_async.py for tasks to queue
[2026-05-18T06:00:28.503+0000] {logging_mixin.py:190} INFO - [2026-05-18T06:00:28.503+0000] {dagbag.py:588} INFO - Filling up the DagBag from /home/noelsdavid/airflow_venv/lib/python3.12/site-packages/airflow/example_dags/example_time_delta_sensor_async.py
[2026-05-18T06:00:28.514+0000] {processor.py:925} INFO - DAG(s) 'example_time_delta_sensor_async' retrieved from /home/noelsdavid/airflow_venv/lib/python3.12/site-packages/airflow/example_dags/example_time_delta_sensor_async.py
[2026-05-18T06:00:28.651+0000] {logging_mixin.py:190} INFO - [2026-05-18T06:00:28.650+0000] {override.py:1911} INFO - Created Permission View: can edit on DAG:example_time_delta_sensor_async
[2026-05-18T06:00:28.667+0000] {logging_mixin.py:190} INFO - [2026-05-18T06:00:28.667+0000] {override.py:1911} INFO - Created Permission View: can delete on DAG:example_time_delta_sensor_async
[2026-05-18T06:00:28.680+0000] {logging_mixin.py:190} INFO - [2026-05-18T06:00:28.680+0000] {override.py:1911} INFO - Created Permission View: can read on DAG:example_time_delta_sensor_async
[2026-05-18T06:00:28.700+0000] {logging_mixin.py:190} INFO - [2026-05-18T06:00:28.700+0000] {override.py:1911} INFO - Created Permission View: can delete on DAG Run:example_time_delta_sensor_async
[2026-05-18T06:00:28.713+0000] {logging_mixin.py:190} INFO - [2026-05-18T06:00:28.713+0000] {override.py:1911} INFO - Created Permission View: menu access on DAG Run:example_time_delta_sensor_async
[2026-05-18T06:00:28.726+0000] {logging_mixin.py:190} INFO - [2026-05-18T06:00:28.725+0000] {override.py:1911} INFO - Created Permission View: can create on DAG Run:example_time_delta_sensor_async
[2026-05-18T06:00:28.739+0000] {logging_mixin.py:190} INFO - [2026-05-18T06:00:28.738+0000] {override.py:1911} INFO - Created Permission View: can read on DAG Run:example_time_delta_sensor_async
[2026-05-18T06:00:28.739+0000] {logging_mixin.py:190} INFO - [2026-05-18T06:00:28.739+0000] {dag.py:3239} INFO - Sync 1 DAGs
[2026-05-18T06:00:28.753+0000] {logging_mixin.py:190} INFO - [2026-05-18T06:00:28.753+0000] {dag.py:3262} INFO - Creating ORM DAG for example_time_delta_sensor_async
[2026-05-18T06:00:28.754+0000] {logging_mixin.py:190} INFO - [2026-05-18T06:00:28.754+0000] {dag.py:4180} INFO - Setting next_dagrun for example_time_delta_sensor_async to None, run_after=None
[2026-05-18T06:00:28.783+0000] {processor.py:208} INFO - Processing /home/noelsdavid/airflow_venv/lib/python3.12/site-packages/airflow/example_dags/example_time_delta_sensor_async.py took 0.290 seconds
[2026-05-18T06:01:37.674+0000] {processor.py:186} INFO - Started process (PID=6967) to work on /home/noelsdavid/airflow_venv/lib/python3.12/site-packages/airflow/example_dags/example_time_delta_sensor_async.py
[2026-05-18T06:01:37.676+0000] {processor.py:914} INFO - Processing file /home/noelsdavid/airflow_venv/lib/python3.12/site-packages/airflow/example_dags/example_time_delta_sensor_async.py for tasks to queue
[2026-05-18T06:01:37.680+0000] {logging_mixin.py:190} INFO - [2026-05-18T06:01:37.679+0000] {dagbag.py:588} INFO - Filling up the DagBag from /home/noelsdavid/airflow_venv/lib/python3.12/site-packages/airflow/example_dags/example_time_delta_sensor_async.py
[2026-05-18T06:01:37.690+0000] {processor.py:925} INFO - DAG(s) 'example_time_delta_sensor_async' retrieved from /home/noelsdavid/airflow_venv/lib/python3.12/site-packages/airflow/example_dags/example_time_delta_sensor_async.py
[2026-05-18T06:01:37.709+0000] {logging_mixin.py:190} INFO - [2026-05-18T06:01:37.709+0000] {dag.py:3239} INFO - Sync 1 DAGs
[2026-05-18T06:01:37.724+0000] {logging_mixin.py:190} INFO - [2026-05-18T06:01:37.724+0000] {dag.py:4180} INFO - Setting next_dagrun for example_time_delta_sensor_async to None, run_after=None
[2026-05-18T06:01:37.754+0000] {processor.py:208} INFO - Processing /home/noelsdavid/airflow_venv/lib/python3.12/site-packages/airflow/example_dags/example_time_delta_sensor_async.py took 0.088 seconds
[2026-05-18T06:02:36.868+0000] {processor.py:186} INFO - Started process (PID=7027) to work on /home/noelsdavid/airflow_venv/lib/python3.12/site-packages/airflow/example_dags/example_time_delta_sensor_async.py
[2026-05-18T06:02:36.891+0000] {processor.py:914} INFO - Processing file /home/noelsdavid/airflow_venv/lib/python3.12/site-packages/airflow/example_dags/example_time_delta_sensor_async.py for tasks to queue
[2026-05-18T06:02:36.894+0000] {logging_mixin.py:190} INFO - [2026-05-18T06:02:36.894+0000] {dagbag.py:588} INFO - Filling up the DagBag from /home/noelsdavid/airflow_venv/lib/python3.12/site-packages/airflow/example_dags/example_time_delta_sensor_async.py
[2026-05-18T06:02:36.904+0000] {processor.py:925} INFO - DAG(s) 'example_time_delta_sensor_async' retrieved from /home/noelsdavid/airflow_venv/lib/python3.12/site-packages/airflow/example_dags/example_time_delta_sensor_async.py
[2026-05-18T06:02:36.923+0000] {logging_mixin.py:190} INFO - [2026-05-18T06:02:36.923+0000] {dag.py:3239} INFO - Sync 1 DAGs
[2026-05-18T06:02:36.938+0000] {logging_mixin.py:190} INFO - [2026-05-18T06:02:36.938+0000] {dag.py:4180} INFO - Setting next_dagrun for example_time_delta_sensor_async to None, run_after=None
[2026-05-18T06:02:36.966+0000] {processor.py:208} INFO - Processing /home/noelsdavid/airflow_venv/lib/python3.12/site-packages/airflow/example_dags/example_time_delta_sensor_async.py took 0.105 seconds
[2026-05-18T06:03:36.319+0000] {processor.py:186} INFO - Started process (PID=7086) to work on /home/noelsdavid/airflow_venv/lib/python3.12/site-packages/airflow/example_dags/example_time_delta_sensor_async.py
[2026-05-18T06:03:36.321+0000] {processor.py:914} INFO - Processing file /home/noelsdavid/airflow_venv/lib/python3.12/site-packages/airflow/example_dags/example_time_delta_sensor_async.py for tasks to queue
[2026-05-18T06:03:36.324+0000] {logging_mixin.py:190} INFO - [2026-05-18T06:03:36.323+0000] {dagbag.py:588} INFO - Filling up the DagBag from /home/noelsdavid/airflow_venv/lib/python3.12/site-packages/airflow/example_dags/example_time_delta_sensor_async.py
[2026-05-18T06:03:36.334+0000] {processor.py:925} INFO - DAG(s) 'example_time_delta_sensor_async' retrieved from /home/noelsdavid/airflow_venv/lib/python3.12/site-packages/airflow/example_dags/example_time_delta_sensor_async.py
[2026-05-18T06:03:36.354+0000] {logging_mixin.py:190} INFO - [2026-05-18T06:03:36.354+0000] {dag.py:3239} INFO - Sync 1 DAGs
[2026-05-18T06:03:36.370+0000] {logging_mixin.py:190} INFO - [2026-05-18T06:03:36.370+0000] {dag.py:4180} INFO - Setting next_dagrun for example_time_delta_sensor_async to None, run_after=None
[2026-05-18T06:03:36.401+0000] {processor.py:208} INFO - Processing /home/noelsdavid/airflow_venv/lib/python3.12/site-packages/airflow/example_dags/example_time_delta_sensor_async.py took 0.090 seconds
[2026-05-18T06:04:36.802+0000] {processor.py:186} INFO - Started process (PID=7144) to work on /home/noelsdavid/airflow_venv/lib/python3.12/site-packages/airflow/example_dags/example_time_delta_sensor_async.py
[2026-05-18T06:04:36.805+0000] {processor.py:914} INFO - Processing file /home/noelsdavid/airflow_venv/lib/python3.12/site-packages/airflow/example_dags/example_time_delta_sensor_async.py for tasks to queue
[2026-05-18T06:04:36.807+0000] {logging_mixin.py:190} INFO - [2026-05-18T06:04:36.807+0000] {dagbag.py:588} INFO - Filling up the DagBag from /home/noelsdavid/airflow_venv/lib/python3.12/site-packages/airflow/example_dags/example_time_delta_sensor_async.py
[2026-05-18T06:04:36.818+0000] {processor.py:925} INFO - DAG(s) 'example_time_delta_sensor_async' retrieved from /home/noelsdavid/airflow_venv/lib/python3.12/site-packages/airflow/example_dags/example_time_delta_sensor_async.py
[2026-05-18T06:04:36.839+0000] {logging_mixin.py:190} INFO - [2026-05-18T06:04:36.839+0000] {dag.py:3239} INFO - Sync 1 DAGs
[2026-05-18T06:04:36.855+0000] {logging_mixin.py:190} INFO - [2026-05-18T06:04:36.855+0000] {dag.py:4180} INFO - Setting next_dagrun for example_time_delta_sensor_async to None, run_after=None
[2026-05-18T06:04:36.887+0000] {processor.py:208} INFO - Processing /home/noelsdavid/airflow_venv/lib/python3.12/site-packages/airflow/example_dags/example_time_delta_sensor_async.py took 0.092 seconds
[2026-05-18T06:05:48.893+0000] {processor.py:186} INFO - Started process (PID=7235) to work on /home/noelsdavid/airflow_venv/lib/python3.12/site-packages/airflow/example_dags/example_time_delta_sensor_async.py
[2026-05-18T06:05:48.896+0000] {processor.py:914} INFO - Processing file /home/noelsdavid/airflow_venv/lib/python3.12/site-packages/airflow/example_dags/example_time_delta_sensor_async.py for tasks to queue
[2026-05-18T06:05:49.146+0000] {logging_mixin.py:190} INFO - [2026-05-18T06:05:49.146+0000] {dagbag.py:588} INFO - Filling up the DagBag from /home/noelsdavid/airflow_venv/lib/python3.12/site-packages/airflow/example_dags/example_time_delta_sensor_async.py
[2026-05-18T06:05:49.156+0000] {processor.py:925} INFO - DAG(s) 'example_time_delta_sensor_async' retrieved from /home/noelsdavid/airflow_venv/lib/python3.12/site-packages/airflow/example_dags/example_time_delta_sensor_async.py
[2026-05-18T06:05:49.180+0000] {logging_mixin.py:190} INFO - [2026-05-18T06:05:49.179+0000] {dag.py:3239} INFO - Sync 1 DAGs
[2026-05-18T06:05:49.198+0000] {logging_mixin.py:190} INFO - [2026-05-18T06:05:49.197+0000] {dag.py:4180} INFO - Setting next_dagrun for example_time_delta_sensor_async to None, run_after=None
[2026-05-18T06:05:49.235+0000] {processor.py:208} INFO - Processing /home/noelsdavid/airflow_venv/lib/python3.12/site-packages/airflow/example_dags/example_time_delta_sensor_async.py took 0.350 seconds
[2026-05-18T06:06:50.425+0000] {processor.py:186} INFO - Started process (PID=7296) to work on /home/noelsdavid/airflow_venv/lib/python3.12/site-packages/airflow/example_dags/example_time_delta_sensor_async.py
[2026-05-18T06:06:50.428+0000] {processor.py:914} INFO - Processing file /home/noelsdavid/airflow_venv/lib/python3.12/site-packages/airflow/example_dags/example_time_delta_sensor_async.py for tasks to queue
[2026-05-18T06:06:50.432+0000] {logging_mixin.py:190} INFO - [2026-05-18T06:06:50.431+0000] {dagbag.py:588} INFO - Filling up the DagBag from /home/noelsdavid/airflow_venv/lib/python3.12/site-packages/airflow/example_dags/example_time_delta_sensor_async.py
[2026-05-18T06:06:50.442+0000] {processor.py:925} INFO - DAG(s) 'example_time_delta_sensor_async' retrieved from /home/noelsdavid/airflow_venv/lib/python3.12/site-packages/airflow/example_dags/example_time_delta_sensor_async.py
[2026-05-18T06:06:50.464+0000] {logging_mixin.py:190} INFO - [2026-05-18T06:06:50.463+0000] {dag.py:3239} INFO - Sync 1 DAGs
[2026-05-18T06:06:50.481+0000] {logging_mixin.py:190} INFO - [2026-05-18T06:06:50.481+0000] {dag.py:4180} INFO - Setting next_dagrun for example_time_delta_sensor_async to None, run_after=None
[2026-05-18T06:06:50.513+0000] {processor.py:208} INFO - Processing /home/noelsdavid/airflow_venv/lib/python3.12/site-packages/airflow/example_dags/example_time_delta_sensor_async.py took 0.096 seconds
[2026-05-18T06:07:46.979+0000] {processor.py:186} INFO - Started process (PID=7354) to work on /home/noelsdavid/airflow_venv/lib/python3.12/site-packages/airflow/example_dags/example_time_delta_sensor_async.py
[2026-05-18T06:07:46.981+0000] {processor.py:914} INFO - Processing file /home/noelsdavid/airflow_venv/lib/python3.12/site-packages/airflow/example_dags/example_time_delta_sensor_async.py for tasks to queue
[2026-05-18T06:07:46.985+0000] {logging_mixin.py:190} INFO - [2026-05-18T06:07:46.984+0000] {dagbag.py:588} INFO - Filling up the DagBag from /home/noelsdavid/airflow_venv/lib/python3.12/site-packages/airflow/example_dags/example_time_delta_sensor_async.py
[2026-05-18T06:07:46.995+0000] {processor.py:925} INFO - DAG(s) 'example_time_delta_sensor_async' retrieved from /home/noelsdavid/airflow_venv/lib/python3.12/site-packages/airflow/example_dags/example_time_delta_sensor_async.py
[2026-05-18T06:07:47.017+0000] {logging_mixin.py:190} INFO - [2026-05-18T06:07:47.016+0000] {dag.py:3239} INFO - Sync 1 DAGs
[2026-05-18T06:07:47.034+0000] {logging_mixin.py:190} INFO - [2026-05-18T06:07:47.033+0000] {dag.py:4180} INFO - Setting next_dagrun for example_time_delta_sensor_async to None, run_after=None
[2026-05-18T06:07:47.065+0000] {processor.py:208} INFO - Processing /home/noelsdavid/airflow_venv/lib/python3.12/site-packages/airflow/example_dags/example_time_delta_sensor_async.py took 0.094 seconds
[2026-05-18T06:08:54.592+0000] {processor.py:186} INFO - Started process (PID=7417) to work on /home/noelsdavid/airflow_venv/lib/python3.12/site-packages/airflow/example_dags/example_time_delta_sensor_async.py
[2026-05-18T06:08:54.594+0000] {processor.py:914} INFO - Processing file /home/noelsdavid/airflow_venv/lib/python3.12/site-packages/airflow/example_dags/example_time_delta_sensor_async.py for tasks to queue
[2026-05-18T06:08:54.598+0000] {logging_mixin.py:190} INFO - [2026-05-18T06:08:54.598+0000] {dagbag.py:588} INFO - Filling up the DagBag from /home/noelsdavid/airflow_venv/lib/python3.12/site-packages/airflow/example_dags/example_time_delta_sensor_async.py
[2026-05-18T06:08:54.610+0000] {processor.py:925} INFO - DAG(s) 'example_time_delta_sensor_async' retrieved from /home/noelsdavid/airflow_venv/lib/python3.12/site-packages/airflow/example_dags/example_time_delta_sensor_async.py
[2026-05-18T06:08:54.632+0000] {logging_mixin.py:190} INFO - [2026-05-18T06:08:54.632+0000] {dag.py:3239} INFO - Sync 1 DAGs
[2026-05-18T06:08:54.651+0000] {logging_mixin.py:190} INFO - [2026-05-18T06:08:54.651+0000] {dag.py:4180} INFO - Setting next_dagrun for example_time_delta_sensor_async to None, run_after=None
[2026-05-18T06:08:54.684+0000] {processor.py:208} INFO - Processing /home/noelsdavid/airflow_venv/lib/python3.12/site-packages/airflow/example_dags/example_time_delta_sensor_async.py took 0.100 seconds
[2026-05-18T06:09:57.138+0000] {processor.py:186} INFO - Started process (PID=7476) to work on /home/noelsdavid/airflow_venv/lib/python3.12/site-packages/airflow/example_dags/example_time_delta_sensor_async.py
[2026-05-18T06:09:57.160+0000] {processor.py:914} INFO - Processing file /home/noelsdavid/airflow_venv/lib/python3.12/site-packages/airflow/example_dags/example_time_delta_sensor_async.py for tasks to queue
[2026-05-18T06:09:57.164+0000] {logging_mixin.py:190} INFO - [2026-05-18T06:09:57.164+0000] {dagbag.py:588} INFO - Filling up the DagBag from /home/noelsdavid/airflow_venv/lib/python3.12/site-packages/airflow/example_dags/example_time_delta_sensor_async.py
[2026-05-18T06:09:57.174+0000] {processor.py:925} INFO - DAG(s) 'example_time_delta_sensor_async' retrieved from /home/noelsdavid/airflow_venv/lib/python3.12/site-packages/airflow/example_dags/example_time_delta_sensor_async.py
[2026-05-18T06:09:57.196+0000] {logging_mixin.py:190} INFO - [2026-05-18T06:09:57.196+0000] {dag.py:3239} INFO - Sync 1 DAGs
[2026-05-18T06:09:57.213+0000] {logging_mixin.py:190} INFO - [2026-05-18T06:09:57.213+0000] {dag.py:4180} INFO - Setting next_dagrun for example_time_delta_sensor_async to None, run_after=None
[2026-05-18T06:09:57.245+0000] {processor.py:208} INFO - Processing /home/noelsdavid/airflow_venv/lib/python3.12/site-packages/airflow/example_dags/example_time_delta_sensor_async.py took 0.115 seconds
[2026-05-18T06:10:56.476+0000] {processor.py:186} INFO - Started process (PID=7559) to work on /home/noelsdavid/airflow_venv/lib/python3.12/site-packages/airflow/example_dags/example_time_delta_sensor_async.py
[2026-05-18T06:10:56.497+0000] {processor.py:914} INFO - Processing file /home/noelsdavid/airflow_venv/lib/python3.12/site-packages/airflow/example_dags/example_time_delta_sensor_async.py for tasks to queue
[2026-05-18T06:10:56.501+0000] {logging_mixin.py:190} INFO - [2026-05-18T06:10:56.500+0000] {dagbag.py:588} INFO - Filling up the DagBag from /home/noelsdavid/airflow_venv/lib/python3.12/site-packages/airflow/example_dags/example_time_delta_sensor_async.py
[2026-05-18T06:10:56.511+0000] {processor.py:925} INFO - DAG(s) 'example_time_delta_sensor_async' retrieved from /home/noelsdavid/airflow_venv/lib/python3.12/site-packages/airflow/example_dags/example_time_delta_sensor_async.py
[2026-05-18T06:10:56.533+0000] {logging_mixin.py:190} INFO - [2026-05-18T06:10:56.533+0000] {dag.py:3239} INFO - Sync 1 DAGs
[2026-05-18T06:10:56.551+0000] {logging_mixin.py:190} INFO - [2026-05-18T06:10:56.551+0000] {dag.py:4180} INFO - Setting next_dagrun for example_time_delta_sensor_async to None, run_after=None
[2026-05-18T06:10:56.583+0000] {processor.py:208} INFO - Processing /home/noelsdavid/airflow_venv/lib/python3.12/site-packages/airflow/example_dags/example_time_delta_sensor_async.py took 0.115 seconds
[2026-05-18T06:11:56.294+0000] {processor.py:186} INFO - Started process (PID=7619) to work on /home/noelsdavid/airflow_venv/lib/python3.12/site-packages/airflow/example_dags/example_time_delta_sensor_async.py
[2026-05-18T06:11:56.296+0000] {processor.py:914} INFO - Processing file /home/noelsdavid/airflow_venv/lib/python3.12/site-packages/airflow/example_dags/example_time_delta_sensor_async.py for tasks to queue
[2026-05-18T06:11:56.301+0000] {logging_mixin.py:190} INFO - [2026-05-18T06:11:56.300+0000] {dagbag.py:588} INFO - Filling up the DagBag from /home/noelsdavid/airflow_venv/lib/python3.12/site-packages/airflow/example_dags/example_time_delta_sensor_async.py
[2026-05-18T06:11:56.311+0000] {processor.py:925} INFO - DAG(s) 'example_time_delta_sensor_async' retrieved from /home/noelsdavid/airflow_venv/lib/python3.12/site-packages/airflow/example_dags/example_time_delta_sensor_async.py
[2026-05-18T06:11:56.333+0000] {logging_mixin.py:190} INFO - [2026-05-18T06:11:56.332+0000] {dag.py:3239} INFO - Sync 1 DAGs
[2026-05-18T06:11:56.349+0000] {logging_mixin.py:190} INFO - [2026-05-18T06:11:56.349+0000] {dag.py:4180} INFO - Setting next_dagrun for example_time_delta_sensor_async to None, run_after=None
[2026-05-18T06:11:56.382+0000] {processor.py:208} INFO - Processing /home/noelsdavid/airflow_venv/lib/python3.12/site-packages/airflow/example_dags/example_time_delta_sensor_async.py took 0.097 seconds
[2026-05-18T06:12:54.964+0000] {processor.py:186} INFO - Started process (PID=7677) to work on /home/noelsdavid/airflow_venv/lib/python3.12/site-packages/airflow/example_dags/example_time_delta_sensor_async.py
[2026-05-18T06:12:54.967+0000] {processor.py:914} INFO - Processing file /home/noelsdavid/airflow_venv/lib/python3.12/site-packages/airflow/example_dags/example_time_delta_sensor_async.py for tasks to queue
[2026-05-18T06:12:54.971+0000] {logging_mixin.py:190} INFO - [2026-05-18T06:12:54.970+0000] {dagbag.py:588} INFO - Filling up the DagBag from /home/noelsdavid/airflow_venv/lib/python3.12/site-packages/airflow/example_dags/example_time_delta_sensor_async.py
[2026-05-18T06:12:54.981+0000] {processor.py:925} INFO - DAG(s) 'example_time_delta_sensor_async' retrieved from /home/noelsdavid/airflow_venv/lib/python3.12/site-packages/airflow/example_dags/example_time_delta_sensor_async.py
[2026-05-18T06:12:55.004+0000] {logging_mixin.py:190} INFO - [2026-05-18T06:12:55.004+0000] {dag.py:3239} INFO - Sync 1 DAGs
[2026-05-18T06:12:55.023+0000] {logging_mixin.py:190} INFO - [2026-05-18T06:12:55.023+0000] {dag.py:4180} INFO - Setting next_dagrun for example_time_delta_sensor_async to None, run_after=None
[2026-05-18T06:12:55.057+0000] {processor.py:208} INFO - Processing /home/noelsdavid/airflow_venv/lib/python3.12/site-packages/airflow/example_dags/example_time_delta_sensor_async.py took 0.100 seconds
[2026-05-18T06:13:59.713+0000] {processor.py:186} INFO - Started process (PID=7737) to work on /home/noelsdavid/airflow_venv/lib/python3.12/site-packages/airflow/example_dags/example_time_delta_sensor_async.py
[2026-05-18T06:13:59.715+0000] {processor.py:914} INFO - Processing file /home/noelsdavid/airflow_venv/lib/python3.12/site-packages/airflow/example_dags/example_time_delta_sensor_async.py for tasks to queue
[2026-05-18T06:13:59.719+0000] {logging_mixin.py:190} INFO - [2026-05-18T06:13:59.718+0000] {dagbag.py:588} INFO - Filling up the DagBag from /home/noelsdavid/airflow_venv/lib/python3.12/site-packages/airflow/example_dags/example_time_delta_sensor_async.py
[2026-05-18T06:13:59.729+0000] {processor.py:925} INFO - DAG(s) 'example_time_delta_sensor_async' retrieved from /home/noelsdavid/airflow_venv/lib/python3.12/site-packages/airflow/example_dags/example_time_delta_sensor_async.py
[2026-05-18T06:13:59.750+0000] {logging_mixin.py:190} INFO - [2026-05-18T06:13:59.750+0000] {dag.py:3239} INFO - Sync 1 DAGs
[2026-05-18T06:13:59.767+0000] {logging_mixin.py:190} INFO - [2026-05-18T06:13:59.767+0000] {dag.py:4180} INFO - Setting next_dagrun for example_time_delta_sensor_async to None, run_after=None
[2026-05-18T06:13:59.797+0000] {processor.py:208} INFO - Processing /home/noelsdavid/airflow_venv/lib/python3.12/site-packages/airflow/example_dags/example_time_delta_sensor_async.py took 0.092 seconds
[2026-05-18T06:14:59.557+0000] {processor.py:186} INFO - Started process (PID=7796) to work on /home/noelsdavid/airflow_venv/lib/python3.12/site-packages/airflow/example_dags/example_time_delta_sensor_async.py
[2026-05-18T06:14:59.571+0000] {processor.py:914} INFO - Processing file /home/noelsdavid/airflow_venv/lib/python3.12/site-packages/airflow/example_dags/example_time_delta_sensor_async.py for tasks to queue
[2026-05-18T06:14:59.575+0000] {logging_mixin.py:190} INFO - [2026-05-18T06:14:59.574+0000] {dagbag.py:588} INFO - Filling up the DagBag from /home/noelsdavid/airflow_venv/lib/python3.12/site-packages/airflow/example_dags/example_time_delta_sensor_async.py
[2026-05-18T06:14:59.586+0000] {processor.py:925} INFO - DAG(s) 'example_time_delta_sensor_async' retrieved from /home/noelsdavid/airflow_venv/lib/python3.12/site-packages/airflow/example_dags/example_time_delta_sensor_async.py
[2026-05-18T06:14:59.608+0000] {logging_mixin.py:190} INFO - [2026-05-18T06:14:59.607+0000] {dag.py:3239} INFO - Sync 1 DAGs
[2026-05-18T06:14:59.625+0000] {logging_mixin.py:190} INFO - [2026-05-18T06:14:59.624+0000] {dag.py:4180} INFO - Setting next_dagrun for example_time_delta_sensor_async to None, run_after=None
[2026-05-18T06:14:59.662+0000] {processor.py:208} INFO - Processing /home/noelsdavid/airflow_venv/lib/python3.12/site-packages/airflow/example_dags/example_time_delta_sensor_async.py took 0.113 seconds
[2026-05-18T06:16:04.566+0000] {processor.py:186} INFO - Started process (PID=8025) to work on /home/noelsdavid/airflow_venv/lib/python3.12/site-packages/airflow/example_dags/example_time_delta_sensor_async.py
[2026-05-18T06:16:04.569+0000] {processor.py:914} INFO - Processing file /home/noelsdavid/airflow_venv/lib/python3.12/site-packages/airflow/example_dags/example_time_delta_sensor_async.py for tasks to queue
[2026-05-18T06:16:04.573+0000] {logging_mixin.py:190} INFO - [2026-05-18T06:16:04.572+0000] {dagbag.py:588} INFO - Filling up the DagBag from /home/noelsdavid/airflow_venv/lib/python3.12/site-packages/airflow/example_dags/example_time_delta_sensor_async.py
[2026-05-18T06:16:04.583+0000] {processor.py:925} INFO - DAG(s) 'example_time_delta_sensor_async' retrieved from /home/noelsdavid/airflow_venv/lib/python3.12/site-packages/airflow/example_dags/example_time_delta_sensor_async.py
[2026-05-18T06:16:04.606+0000] {logging_mixin.py:190} INFO - [2026-05-18T06:16:04.605+0000] {dag.py:3239} INFO - Sync 1 DAGs
[2026-05-18T06:16:04.623+0000] {logging_mixin.py:190} INFO - [2026-05-18T06:16:04.622+0000] {dag.py:4180} INFO - Setting next_dagrun for example_time_delta_sensor_async to None, run_after=None
[2026-05-18T06:16:04.655+0000] {processor.py:208} INFO - Processing /home/noelsdavid/airflow_venv/lib/python3.12/site-packages/airflow/example_dags/example_time_delta_sensor_async.py took 0.097 seconds
[2026-05-18T06:17:07.136+0000] {processor.py:186} INFO - Started process (PID=8187) to work on /home/noelsdavid/airflow_venv/lib/python3.12/site-packages/airflow/example_dags/example_time_delta_sensor_async.py
[2026-05-18T06:17:07.138+0000] {processor.py:914} INFO - Processing file /home/noelsdavid/airflow_venv/lib/python3.12/site-packages/airflow/example_dags/example_time_delta_sensor_async.py for tasks to queue
[2026-05-18T06:17:07.142+0000] {logging_mixin.py:190} INFO - [2026-05-18T06:17:07.142+0000] {dagbag.py:588} INFO - Filling up the DagBag from /home/noelsdavid/airflow_venv/lib/python3.12/site-packages/airflow/example_dags/example_time_delta_sensor_async.py
[2026-05-18T06:17:07.153+0000] {processor.py:925} INFO - DAG(s) 'example_time_delta_sensor_async' retrieved from /home/noelsdavid/airflow_venv/lib/python3.12/site-packages/airflow/example_dags/example_time_delta_sensor_async.py
[2026-05-18T06:17:07.178+0000] {logging_mixin.py:190} INFO - [2026-05-18T06:17:07.177+0000] {dag.py:3239} INFO - Sync 1 DAGs
[2026-05-18T06:17:07.196+0000] {logging_mixin.py:190} INFO - [2026-05-18T06:17:07.196+0000] {dag.py:4180} INFO - Setting next_dagrun for example_time_delta_sensor_async to None, run_after=None
[2026-05-18T06:17:07.228+0000] {processor.py:208} INFO - Processing /home/noelsdavid/airflow_venv/lib/python3.12/site-packages/airflow/example_dags/example_time_delta_sensor_async.py took 0.102 seconds
[2026-05-18T06:18:09.726+0000] {processor.py:186} INFO - Started process (PID=8426) to work on /home/noelsdavid/airflow_venv/lib/python3.12/site-packages/airflow/example_dags/example_time_delta_sensor_async.py
[2026-05-18T06:18:09.728+0000] {processor.py:914} INFO - Processing file /home/noelsdavid/airflow_venv/lib/python3.12/site-packages/airflow/example_dags/example_time_delta_sensor_async.py for tasks to queue
[2026-05-18T06:18:09.733+0000] {logging_mixin.py:190} INFO - [2026-05-18T06:18:09.732+0000] {dagbag.py:588} INFO - Filling up the DagBag from /home/noelsdavid/airflow_venv/lib/python3.12/site-packages/airflow/example_dags/example_time_delta_sensor_async.py
[2026-05-18T06:18:09.743+0000] {processor.py:925} INFO - DAG(s) 'example_time_delta_sensor_async' retrieved from /home/noelsdavid/airflow_venv/lib/python3.12/site-packages/airflow/example_dags/example_time_delta_sensor_async.py
[2026-05-18T06:18:09.764+0000] {logging_mixin.py:190} INFO - [2026-05-18T06:18:09.764+0000] {dag.py:3239} INFO - Sync 1 DAGs
[2026-05-18T06:18:09.780+0000] {logging_mixin.py:190} INFO - [2026-05-18T06:18:09.780+0000] {dag.py:4180} INFO - Setting next_dagrun for example_time_delta_sensor_async to None, run_after=None
[2026-05-18T06:18:09.809+0000] {processor.py:208} INFO - Processing /home/noelsdavid/airflow_venv/lib/python3.12/site-packages/airflow/example_dags/example_time_delta_sensor_async.py took 0.091 seconds
[2026-05-18T06:19:08.077+0000] {processor.py:186} INFO - Started process (PID=8510) to work on /home/noelsdavid/airflow_venv/lib/python3.12/site-packages/airflow/example_dags/example_time_delta_sensor_async.py
[2026-05-18T06:19:08.079+0000] {processor.py:914} INFO - Processing file /home/noelsdavid/airflow_venv/lib/python3.12/site-packages/airflow/example_dags/example_time_delta_sensor_async.py for tasks to queue
[2026-05-18T06:19:08.083+0000] {logging_mixin.py:190} INFO - [2026-05-18T06:19:08.082+0000] {dagbag.py:588} INFO - Filling up the DagBag from /home/noelsdavid/airflow_venv/lib/python3.12/site-packages/airflow/example_dags/example_time_delta_sensor_async.py
[2026-05-18T06:19:08.093+0000] {processor.py:925} INFO - DAG(s) 'example_time_delta_sensor_async' retrieved from /home/noelsdavid/airflow_venv/lib/python3.12/site-packages/airflow/example_dags/example_time_delta_sensor_async.py
[2026-05-18T06:19:08.114+0000] {logging_mixin.py:190} INFO - [2026-05-18T06:19:08.114+0000] {dag.py:3239} INFO - Sync 1 DAGs
[2026-05-18T06:19:08.130+0000] {logging_mixin.py:190} INFO - [2026-05-18T06:19:08.130+0000] {dag.py:4180} INFO - Setting next_dagrun for example_time_delta_sensor_async to None, run_after=None
[2026-05-18T06:19:08.159+0000] {processor.py:208} INFO - Processing /home/noelsdavid/airflow_venv/lib/python3.12/site-packages/airflow/example_dags/example_time_delta_sensor_async.py took 0.091 seconds
[2026-05-18T06:20:10.340+0000] {processor.py:186} INFO - Started process (PID=8571) to work on /home/noelsdavid/airflow_venv/lib/python3.12/site-packages/airflow/example_dags/example_time_delta_sensor_async.py
[2026-05-18T06:20:10.343+0000] {processor.py:914} INFO - Processing file /home/noelsdavid/airflow_venv/lib/python3.12/site-packages/airflow/example_dags/example_time_delta_sensor_async.py for tasks to queue
[2026-05-18T06:20:10.347+0000] {logging_mixin.py:190} INFO - [2026-05-18T06:20:10.346+0000] {dagbag.py:588} INFO - Filling up the DagBag from /home/noelsdavid/airflow_venv/lib/python3.12/site-packages/airflow/example_dags/example_time_delta_sensor_async.py
[2026-05-18T06:20:10.357+0000] {processor.py:925} INFO - DAG(s) 'example_time_delta_sensor_async' retrieved from /home/noelsdavid/airflow_venv/lib/python3.12/site-packages/airflow/example_dags/example_time_delta_sensor_async.py
[2026-05-18T06:20:10.379+0000] {logging_mixin.py:190} INFO - [2026-05-18T06:20:10.379+0000] {dag.py:3239} INFO - Sync 1 DAGs
[2026-05-18T06:20:10.398+0000] {logging_mixin.py:190} INFO - [2026-05-18T06:20:10.398+0000] {dag.py:4180} INFO - Setting next_dagrun for example_time_delta_sensor_async to None, run_after=None
[2026-05-18T06:20:10.429+0000] {processor.py:208} INFO - Processing /home/noelsdavid/airflow_venv/lib/python3.12/site-packages/airflow/example_dags/example_time_delta_sensor_async.py took 0.096 seconds
[2026-05-18T06:21:11.974+0000] {processor.py:186} INFO - Started process (PID=8658) to work on /home/noelsdavid/airflow_venv/lib/python3.12/site-packages/airflow/example_dags/example_time_delta_sensor_async.py
[2026-05-18T06:21:11.976+0000] {processor.py:914} INFO - Processing file /home/noelsdavid/airflow_venv/lib/python3.12/site-packages/airflow/example_dags/example_time_delta_sensor_async.py for tasks to queue
[2026-05-18T06:21:11.978+0000] {logging_mixin.py:190} INFO - [2026-05-18T06:21:11.977+0000] {dagbag.py:588} INFO - Filling up the DagBag from /home/noelsdavid/airflow_venv/lib/python3.12/site-packages/airflow/example_dags/example_time_delta_sensor_async.py
[2026-05-18T06:21:11.989+0000] {processor.py:925} INFO - DAG(s) 'example_time_delta_sensor_async' retrieved from /home/noelsdavid/airflow_venv/lib/python3.12/site-packages/airflow/example_dags/example_time_delta_sensor_async.py
[2026-05-18T06:21:12.012+0000] {logging_mixin.py:190} INFO - [2026-05-18T06:21:12.011+0000] {dag.py:3239} INFO - Sync 1 DAGs
[2026-05-18T06:21:12.028+0000] {logging_mixin.py:190} INFO - [2026-05-18T06:21:12.028+0000] {dag.py:4180} INFO - Setting next_dagrun for example_time_delta_sensor_async to None, run_after=None
[2026-05-18T06:21:12.058+0000] {processor.py:208} INFO - Processing /home/noelsdavid/airflow_venv/lib/python3.12/site-packages/airflow/example_dags/example_time_delta_sensor_async.py took 0.092 seconds
[2026-05-18T06:22:17.894+0000] {processor.py:186} INFO - Started process (PID=8722) to work on /home/noelsdavid/airflow_venv/lib/python3.12/site-packages/airflow/example_dags/example_time_delta_sensor_async.py
[2026-05-18T06:22:17.896+0000] {processor.py:914} INFO - Processing file /home/noelsdavid/airflow_venv/lib/python3.12/site-packages/airflow/example_dags/example_time_delta_sensor_async.py for tasks to queue
[2026-05-18T06:22:17.898+0000] {logging_mixin.py:190} INFO - [2026-05-18T06:22:17.898+0000] {dagbag.py:588} INFO - Filling up the DagBag from /home/noelsdavid/airflow_venv/lib/python3.12/site-packages/airflow/example_dags/example_time_delta_sensor_async.py
[2026-05-18T06:22:17.909+0000] {processor.py:925} INFO - DAG(s) 'example_time_delta_sensor_async' retrieved from /home/noelsdavid/airflow_venv/lib/python3.12/site-packages/airflow/example_dags/example_time_delta_sensor_async.py
[2026-05-18T06:22:17.931+0000] {logging_mixin.py:190} INFO - [2026-05-18T06:22:17.930+0000] {dag.py:3239} INFO - Sync 1 DAGs
[2026-05-18T06:22:17.950+0000] {logging_mixin.py:190} INFO - [2026-05-18T06:22:17.950+0000] {dag.py:4180} INFO - Setting next_dagrun for example_time_delta_sensor_async to None, run_after=None
[2026-05-18T06:22:17.980+0000] {processor.py:208} INFO - Processing /home/noelsdavid/airflow_venv/lib/python3.12/site-packages/airflow/example_dags/example_time_delta_sensor_async.py took 0.095 seconds
[2026-05-18T06:23:19.984+0000] {processor.py:186} INFO - Started process (PID=8783) to work on /home/noelsdavid/airflow_venv/lib/python3.12/site-packages/airflow/example_dags/example_time_delta_sensor_async.py
[2026-05-18T06:23:19.987+0000] {processor.py:914} INFO - Processing file /home/noelsdavid/airflow_venv/lib/python3.12/site-packages/airflow/example_dags/example_time_delta_sensor_async.py for tasks to queue
[2026-05-18T06:23:19.989+0000] {logging_mixin.py:190} INFO - [2026-05-18T06:23:19.989+0000] {dagbag.py:588} INFO - Filling up the DagBag from /home/noelsdavid/airflow_venv/lib/python3.12/site-packages/airflow/example_dags/example_time_delta_sensor_async.py
[2026-05-18T06:23:20.001+0000] {processor.py:925} INFO - DAG(s) 'example_time_delta_sensor_async' retrieved from /home/noelsdavid/airflow_venv/lib/python3.12/site-packages/airflow/example_dags/example_time_delta_sensor_async.py
[2026-05-18T06:23:20.023+0000] {logging_mixin.py:190} INFO - [2026-05-18T06:23:20.023+0000] {dag.py:3239} INFO - Sync 1 DAGs
[2026-05-18T06:23:20.040+0000] {logging_mixin.py:190} INFO - [2026-05-18T06:23:20.040+0000] {dag.py:4180} INFO - Setting next_dagrun for example_time_delta_sensor_async to None, run_after=None
[2026-05-18T06:23:20.071+0000] {processor.py:208} INFO - Processing /home/noelsdavid/airflow_venv/lib/python3.12/site-packages/airflow/example_dags/example_time_delta_sensor_async.py took 0.095 seconds
[2026-05-18T06:24:27.249+0000] {processor.py:186} INFO - Started process (PID=8844) to work on /home/noelsdavid/airflow_venv/lib/python3.12/site-packages/airflow/example_dags/example_time_delta_sensor_async.py
[2026-05-18T06:24:27.251+0000] {processor.py:914} INFO - Processing file /home/noelsdavid/airflow_venv/lib/python3.12/site-packages/airflow/example_dags/example_time_delta_sensor_async.py for tasks to queue
[2026-05-18T06:24:27.253+0000] {logging_mixin.py:190} INFO - [2026-05-18T06:24:27.253+0000] {dagbag.py:588} INFO - Filling up the DagBag from /home/noelsdavid/airflow_venv/lib/python3.12/site-packages/airflow/example_dags/example_time_delta_sensor_async.py
[2026-05-18T06:24:27.265+0000] {processor.py:925} INFO - DAG(s) 'example_time_delta_sensor_async' retrieved from /home/noelsdavid/airflow_venv/lib/python3.12/site-packages/airflow/example_dags/example_time_delta_sensor_async.py
[2026-05-18T06:24:27.286+0000] {logging_mixin.py:190} INFO - [2026-05-18T06:24:27.285+0000] {dag.py:3239} INFO - Sync 1 DAGs
[2026-05-18T06:24:27.302+0000] {logging_mixin.py:190} INFO - [2026-05-18T06:24:27.302+0000] {dag.py:4180} INFO - Setting next_dagrun for example_time_delta_sensor_async to None, run_after=None
[2026-05-18T06:24:27.334+0000] {processor.py:208} INFO - Processing /home/noelsdavid/airflow_venv/lib/python3.12/site-packages/airflow/example_dags/example_time_delta_sensor_async.py took 0.093 seconds
[2026-05-18T06:25:30.823+0000] {processor.py:186} INFO - Started process (PID=8931) to work on /home/noelsdavid/airflow_venv/lib/python3.12/site-packages/airflow/example_dags/example_time_delta_sensor_async.py
[2026-05-18T06:25:30.825+0000] {processor.py:914} INFO - Processing file /home/noelsdavid/airflow_venv/lib/python3.12/site-packages/airflow/example_dags/example_time_delta_sensor_async.py for tasks to queue
[2026-05-18T06:25:30.828+0000] {logging_mixin.py:190} INFO - [2026-05-18T06:25:30.827+0000] {dagbag.py:588} INFO - Filling up the DagBag from /home/noelsdavid/airflow_venv/lib/python3.12/site-packages/airflow/example_dags/example_time_delta_sensor_async.py
[2026-05-18T06:25:30.839+0000] {processor.py:925} INFO - DAG(s) 'example_time_delta_sensor_async' retrieved from /home/noelsdavid/airflow_venv/lib/python3.12/site-packages/airflow/example_dags/example_time_delta_sensor_async.py
[2026-05-18T06:25:30.861+0000] {logging_mixin.py:190} INFO - [2026-05-18T06:25:30.861+0000] {dag.py:3239} INFO - Sync 1 DAGs
[2026-05-18T06:25:30.881+0000] {logging_mixin.py:190} INFO - [2026-05-18T06:25:30.880+0000] {dag.py:4180} INFO - Setting next_dagrun for example_time_delta_sensor_async to None, run_after=None
[2026-05-18T06:25:30.914+0000] {processor.py:208} INFO - Processing /home/noelsdavid/airflow_venv/lib/python3.12/site-packages/airflow/example_dags/example_time_delta_sensor_async.py took 0.100 seconds
[2026-05-18T06:26:34.744+0000] {processor.py:186} INFO - Started process (PID=9047) to work on /home/noelsdavid/airflow_venv/lib/python3.12/site-packages/airflow/example_dags/example_time_delta_sensor_async.py
[2026-05-18T06:26:34.747+0000] {processor.py:914} INFO - Processing file /home/noelsdavid/airflow_venv/lib/python3.12/site-packages/airflow/example_dags/example_time_delta_sensor_async.py for tasks to queue
[2026-05-18T06:26:34.749+0000] {logging_mixin.py:190} INFO - [2026-05-18T06:26:34.748+0000] {dagbag.py:588} INFO - Filling up the DagBag from /home/noelsdavid/airflow_venv/lib/python3.12/site-packages/airflow/example_dags/example_time_delta_sensor_async.py
[2026-05-18T06:26:34.762+0000] {processor.py:925} INFO - DAG(s) 'example_time_delta_sensor_async' retrieved from /home/noelsdavid/airflow_venv/lib/python3.12/site-packages/airflow/example_dags/example_time_delta_sensor_async.py
[2026-05-18T06:26:34.786+0000] {logging_mixin.py:190} INFO - [2026-05-18T06:26:34.786+0000] {dag.py:3239} INFO - Sync 1 DAGs
[2026-05-18T06:26:34.808+0000] {logging_mixin.py:190} INFO - [2026-05-18T06:26:34.807+0000] {dag.py:4180} INFO - Setting next_dagrun for example_time_delta_sensor_async to None, run_after=None
[2026-05-18T06:26:34.839+0000] {processor.py:208} INFO - Processing /home/noelsdavid/airflow_venv/lib/python3.12/site-packages/airflow/example_dags/example_time_delta_sensor_async.py took 0.103 seconds
[2026-05-18T06:27:57.746+0000] {processor.py:186} INFO - Started process (PID=9620) to work on /home/noelsdavid/airflow_venv/lib/python3.12/site-packages/airflow/example_dags/example_time_delta_sensor_async.py
[2026-05-18T06:27:57.748+0000] {processor.py:914} INFO - Processing file /home/noelsdavid/airflow_venv/lib/python3.12/site-packages/airflow/example_dags/example_time_delta_sensor_async.py for tasks to queue
[2026-05-18T06:27:57.751+0000] {logging_mixin.py:190} INFO - [2026-05-18T06:27:57.750+0000] {dagbag.py:588} INFO - Filling up the DagBag from /home/noelsdavid/airflow_venv/lib/python3.12/site-packages/airflow/example_dags/example_time_delta_sensor_async.py
[2026-05-18T06:27:57.762+0000] {processor.py:925} INFO - DAG(s) 'example_time_delta_sensor_async' retrieved from /home/noelsdavid/airflow_venv/lib/python3.12/site-packages/airflow/example_dags/example_time_delta_sensor_async.py
[2026-05-18T06:27:57.782+0000] {logging_mixin.py:190} INFO - [2026-05-18T06:27:57.782+0000] {dag.py:3239} INFO - Sync 1 DAGs
[2026-05-18T06:27:57.798+0000] {logging_mixin.py:190} INFO - [2026-05-18T06:27:57.798+0000] {dag.py:4180} INFO - Setting next_dagrun for example_time_delta_sensor_async to None, run_after=None
[2026-05-18T06:27:57.829+0000] {processor.py:208} INFO - Processing /home/noelsdavid/airflow_venv/lib/python3.12/site-packages/airflow/example_dags/example_time_delta_sensor_async.py took 0.091 seconds
[2026-05-18T06:29:03.836+0000] {processor.py:186} INFO - Started process (PID=9752) to work on /home/noelsdavid/airflow_venv/lib/python3.12/site-packages/airflow/example_dags/example_time_delta_sensor_async.py
[2026-05-18T06:29:03.840+0000] {processor.py:914} INFO - Processing file /home/noelsdavid/airflow_venv/lib/python3.12/site-packages/airflow/example_dags/example_time_delta_sensor_async.py for tasks to queue
[2026-05-18T06:29:03.843+0000] {logging_mixin.py:190} INFO - [2026-05-18T06:29:03.842+0000] {dagbag.py:588} INFO - Filling up the DagBag from /home/noelsdavid/airflow_venv/lib/python3.12/site-packages/airflow/example_dags/example_time_delta_sensor_async.py
[2026-05-18T06:29:03.860+0000] {processor.py:925} INFO - DAG(s) 'example_time_delta_sensor_async' retrieved from /home/noelsdavid/airflow_venv/lib/python3.12/site-packages/airflow/example_dags/example_time_delta_sensor_async.py
[2026-05-18T06:29:03.883+0000] {logging_mixin.py:190} INFO - [2026-05-18T06:29:03.883+0000] {dag.py:3239} INFO - Sync 1 DAGs
[2026-05-18T06:29:03.901+0000] {logging_mixin.py:190} INFO - [2026-05-18T06:29:03.901+0000] {dag.py:4180} INFO - Setting next_dagrun for example_time_delta_sensor_async to None, run_after=None
[2026-05-18T06:29:03.934+0000] {processor.py:208} INFO - Processing /home/noelsdavid/airflow_venv/lib/python3.12/site-packages/airflow/example_dags/example_time_delta_sensor_async.py took 0.107 seconds
[2026-05-18T06:30:10.912+0000] {processor.py:186} INFO - Started process (PID=9820) to work on /home/noelsdavid/airflow_venv/lib/python3.12/site-packages/airflow/example_dags/example_time_delta_sensor_async.py
[2026-05-18T06:30:10.914+0000] {processor.py:914} INFO - Processing file /home/noelsdavid/airflow_venv/lib/python3.12/site-packages/airflow/example_dags/example_time_delta_sensor_async.py for tasks to queue
[2026-05-18T06:30:10.917+0000] {logging_mixin.py:190} INFO - [2026-05-18T06:30:10.916+0000] {dagbag.py:588} INFO - Filling up the DagBag from /home/noelsdavid/airflow_venv/lib/python3.12/site-packages/airflow/example_dags/example_time_delta_sensor_async.py
[2026-05-18T06:30:10.927+0000] {processor.py:925} INFO - DAG(s) 'example_time_delta_sensor_async' retrieved from /home/noelsdavid/airflow_venv/lib/python3.12/site-packages/airflow/example_dags/example_time_delta_sensor_async.py
[2026-05-18T06:30:10.950+0000] {logging_mixin.py:190} INFO - [2026-05-18T06:30:10.950+0000] {dag.py:3239} INFO - Sync 1 DAGs
[2026-05-18T06:30:10.968+0000] {logging_mixin.py:190} INFO - [2026-05-18T06:30:10.968+0000] {dag.py:4180} INFO - Setting next_dagrun for example_time_delta_sensor_async to None, run_after=None
[2026-05-18T06:30:11.007+0000] {processor.py:208} INFO - Processing /home/noelsdavid/airflow_venv/lib/python3.12/site-packages/airflow/example_dags/example_time_delta_sensor_async.py took 0.104 seconds
[2026-05-18T06:31:16.709+0000] {processor.py:186} INFO - Started process (PID=9904) to work on /home/noelsdavid/airflow_venv/lib/python3.12/site-packages/airflow/example_dags/example_time_delta_sensor_async.py
[2026-05-18T06:31:16.711+0000] {processor.py:914} INFO - Processing file /home/noelsdavid/airflow_venv/lib/python3.12/site-packages/airflow/example_dags/example_time_delta_sensor_async.py for tasks to queue
[2026-05-18T06:31:16.713+0000] {logging_mixin.py:190} INFO - [2026-05-18T06:31:16.713+0000] {dagbag.py:588} INFO - Filling up the DagBag from /home/noelsdavid/airflow_venv/lib/python3.12/site-packages/airflow/example_dags/example_time_delta_sensor_async.py
[2026-05-18T06:31:16.723+0000] {processor.py:925} INFO - DAG(s) 'example_time_delta_sensor_async' retrieved from /home/noelsdavid/airflow_venv/lib/python3.12/site-packages/airflow/example_dags/example_time_delta_sensor_async.py
[2026-05-18T06:31:16.744+0000] {logging_mixin.py:190} INFO - [2026-05-18T06:31:16.744+0000] {dag.py:3239} INFO - Sync 1 DAGs
[2026-05-18T06:31:16.762+0000] {logging_mixin.py:190} INFO - [2026-05-18T06:31:16.762+0000] {dag.py:4180} INFO - Setting next_dagrun for example_time_delta_sensor_async to None, run_after=None
[2026-05-18T06:31:16.791+0000] {processor.py:208} INFO - Processing /home/noelsdavid/airflow_venv/lib/python3.12/site-packages/airflow/example_dags/example_time_delta_sensor_async.py took 0.090 seconds
[2026-05-18T06:32:18.016+0000] {processor.py:186} INFO - Started process (PID=9963) to work on /home/noelsdavid/airflow_venv/lib/python3.12/site-packages/airflow/example_dags/example_time_delta_sensor_async.py
[2026-05-18T06:32:18.018+0000] {processor.py:914} INFO - Processing file /home/noelsdavid/airflow_venv/lib/python3.12/site-packages/airflow/example_dags/example_time_delta_sensor_async.py for tasks to queue
[2026-05-18T06:32:18.020+0000] {logging_mixin.py:190} INFO - [2026-05-18T06:32:18.019+0000] {dagbag.py:588} INFO - Filling up the DagBag from /home/noelsdavid/airflow_venv/lib/python3.12/site-packages/airflow/example_dags/example_time_delta_sensor_async.py
[2026-05-18T06:32:18.031+0000] {processor.py:925} INFO - DAG(s) 'example_time_delta_sensor_async' retrieved from /home/noelsdavid/airflow_venv/lib/python3.12/site-packages/airflow/example_dags/example_time_delta_sensor_async.py
[2026-05-18T06:32:18.052+0000] {logging_mixin.py:190} INFO - [2026-05-18T06:32:18.051+0000] {dag.py:3239} INFO - Sync 1 DAGs
[2026-05-18T06:32:18.069+0000] {logging_mixin.py:190} INFO - [2026-05-18T06:32:18.068+0000] {dag.py:4180} INFO - Setting next_dagrun for example_time_delta_sensor_async to None, run_after=None
[2026-05-18T06:32:18.098+0000] {processor.py:208} INFO - Processing /home/noelsdavid/airflow_venv/lib/python3.12/site-packages/airflow/example_dags/example_time_delta_sensor_async.py took 0.090 seconds
[2026-05-18T06:33:16.577+0000] {processor.py:186} INFO - Started process (PID=10022) to work on /home/noelsdavid/airflow_venv/lib/python3.12/site-packages/airflow/example_dags/example_time_delta_sensor_async.py
[2026-05-18T06:33:16.580+0000] {processor.py:914} INFO - Processing file /home/noelsdavid/airflow_venv/lib/python3.12/site-packages/airflow/example_dags/example_time_delta_sensor_async.py for tasks to queue
[2026-05-18T06:33:16.584+0000] {logging_mixin.py:190} INFO - [2026-05-18T06:33:16.583+0000] {dagbag.py:588} INFO - Filling up the DagBag from /home/noelsdavid/airflow_venv/lib/python3.12/site-packages/airflow/example_dags/example_time_delta_sensor_async.py
[2026-05-18T06:33:16.607+0000] {processor.py:925} INFO - DAG(s) 'example_time_delta_sensor_async' retrieved from /home/noelsdavid/airflow_venv/lib/python3.12/site-packages/airflow/example_dags/example_time_delta_sensor_async.py
[2026-05-18T06:33:16.653+0000] {logging_mixin.py:190} INFO - [2026-05-18T06:33:16.653+0000] {dag.py:3239} INFO - Sync 1 DAGs
[2026-05-18T06:33:16.684+0000] {logging_mixin.py:190} INFO - [2026-05-18T06:33:16.683+0000] {dag.py:4180} INFO - Setting next_dagrun for example_time_delta_sensor_async to None, run_after=None
[2026-05-18T06:33:16.723+0000] {processor.py:208} INFO - Processing /home/noelsdavid/airflow_venv/lib/python3.12/site-packages/airflow/example_dags/example_time_delta_sensor_async.py took 0.164 seconds
[2026-05-18T06:34:24.314+0000] {processor.py:186} INFO - Started process (PID=10157) to work on /home/noelsdavid/airflow_venv/lib/python3.12/site-packages/airflow/example_dags/example_time_delta_sensor_async.py
[2026-05-18T06:34:24.322+0000] {processor.py:914} INFO - Processing file /home/noelsdavid/airflow_venv/lib/python3.12/site-packages/airflow/example_dags/example_time_delta_sensor_async.py for tasks to queue
[2026-05-18T06:34:24.324+0000] {logging_mixin.py:190} INFO - [2026-05-18T06:34:24.323+0000] {dagbag.py:588} INFO - Filling up the DagBag from /home/noelsdavid/airflow_venv/lib/python3.12/site-packages/airflow/example_dags/example_time_delta_sensor_async.py
[2026-05-18T06:34:24.334+0000] {processor.py:925} INFO - DAG(s) 'example_time_delta_sensor_async' retrieved from /home/noelsdavid/airflow_venv/lib/python3.12/site-packages/airflow/example_dags/example_time_delta_sensor_async.py
[2026-05-18T06:34:24.356+0000] {logging_mixin.py:190} INFO - [2026-05-18T06:34:24.356+0000] {dag.py:3239} INFO - Sync 1 DAGs
[2026-05-18T06:34:24.373+0000] {logging_mixin.py:190} INFO - [2026-05-18T06:34:24.372+0000] {dag.py:4180} INFO - Setting next_dagrun for example_time_delta_sensor_async to None, run_after=None
[2026-05-18T06:34:24.403+0000] {processor.py:208} INFO - Processing /home/noelsdavid/airflow_venv/lib/python3.12/site-packages/airflow/example_dags/example_time_delta_sensor_async.py took 0.096 seconds
[2026-05-18T06:35:28.818+0000] {processor.py:186} INFO - Started process (PID=10365) to work on /home/noelsdavid/airflow_venv/lib/python3.12/site-packages/airflow/example_dags/example_time_delta_sensor_async.py
[2026-05-18T06:35:28.821+0000] {processor.py:914} INFO - Processing file /home/noelsdavid/airflow_venv/lib/python3.12/site-packages/airflow/example_dags/example_time_delta_sensor_async.py for tasks to queue
[2026-05-18T06:35:28.823+0000] {logging_mixin.py:190} INFO - [2026-05-18T06:35:28.822+0000] {dagbag.py:588} INFO - Filling up the DagBag from /home/noelsdavid/airflow_venv/lib/python3.12/site-packages/airflow/example_dags/example_time_delta_sensor_async.py
[2026-05-18T06:35:28.834+0000] {processor.py:925} INFO - DAG(s) 'example_time_delta_sensor_async' retrieved from /home/noelsdavid/airflow_venv/lib/python3.12/site-packages/airflow/example_dags/example_time_delta_sensor_async.py
[2026-05-18T06:35:28.856+0000] {logging_mixin.py:190} INFO - [2026-05-18T06:35:28.855+0000] {dag.py:3239} INFO - Sync 1 DAGs
[2026-05-18T06:35:28.872+0000] {logging_mixin.py:190} INFO - [2026-05-18T06:35:28.872+0000] {dag.py:4180} INFO - Setting next_dagrun for example_time_delta_sensor_async to None, run_after=None
[2026-05-18T06:35:28.903+0000] {processor.py:208} INFO - Processing /home/noelsdavid/airflow_venv/lib/python3.12/site-packages/airflow/example_dags/example_time_delta_sensor_async.py took 0.092 seconds
[2026-05-18T06:36:31.166+0000] {processor.py:186} INFO - Started process (PID=10525) to work on /home/noelsdavid/airflow_venv/lib/python3.12/site-packages/airflow/example_dags/example_time_delta_sensor_async.py
[2026-05-18T06:36:31.168+0000] {processor.py:914} INFO - Processing file /home/noelsdavid/airflow_venv/lib/python3.12/site-packages/airflow/example_dags/example_time_delta_sensor_async.py for tasks to queue
[2026-05-18T06:36:31.170+0000] {logging_mixin.py:190} INFO - [2026-05-18T06:36:31.169+0000] {dagbag.py:588} INFO - Filling up the DagBag from /home/noelsdavid/airflow_venv/lib/python3.12/site-packages/airflow/example_dags/example_time_delta_sensor_async.py
[2026-05-18T06:36:31.180+0000] {processor.py:925} INFO - DAG(s) 'example_time_delta_sensor_async' retrieved from /home/noelsdavid/airflow_venv/lib/python3.12/site-packages/airflow/example_dags/example_time_delta_sensor_async.py
[2026-05-18T06:36:31.204+0000] {logging_mixin.py:190} INFO - [2026-05-18T06:36:31.203+0000] {dag.py:3239} INFO - Sync 1 DAGs
[2026-05-18T06:36:31.222+0000] {logging_mixin.py:190} INFO - [2026-05-18T06:36:31.221+0000] {dag.py:4180} INFO - Setting next_dagrun for example_time_delta_sensor_async to None, run_after=None
[2026-05-18T06:36:31.253+0000] {processor.py:208} INFO - Processing /home/noelsdavid/airflow_venv/lib/python3.12/site-packages/airflow/example_dags/example_time_delta_sensor_async.py took 0.097 seconds
[2026-05-18T06:37:35.027+0000] {processor.py:186} INFO - Started process (PID=10901) to work on /home/noelsdavid/airflow_venv/lib/python3.12/site-packages/airflow/example_dags/example_time_delta_sensor_async.py
[2026-05-18T06:37:35.030+0000] {processor.py:914} INFO - Processing file /home/noelsdavid/airflow_venv/lib/python3.12/site-packages/airflow/example_dags/example_time_delta_sensor_async.py for tasks to queue
[2026-05-18T06:37:35.031+0000] {logging_mixin.py:190} INFO - [2026-05-18T06:37:35.031+0000] {dagbag.py:588} INFO - Filling up the DagBag from /home/noelsdavid/airflow_venv/lib/python3.12/site-packages/airflow/example_dags/example_time_delta_sensor_async.py
[2026-05-18T06:37:35.042+0000] {processor.py:925} INFO - DAG(s) 'example_time_delta_sensor_async' retrieved from /home/noelsdavid/airflow_venv/lib/python3.12/site-packages/airflow/example_dags/example_time_delta_sensor_async.py
[2026-05-18T06:37:35.063+0000] {logging_mixin.py:190} INFO - [2026-05-18T06:37:35.063+0000] {dag.py:3239} INFO - Sync 1 DAGs
[2026-05-18T06:37:35.082+0000] {logging_mixin.py:190} INFO - [2026-05-18T06:37:35.082+0000] {dag.py:4180} INFO - Setting next_dagrun for example_time_delta_sensor_async to None, run_after=None
[2026-05-18T06:37:35.112+0000] {processor.py:208} INFO - Processing /home/noelsdavid/airflow_venv/lib/python3.12/site-packages/airflow/example_dags/example_time_delta_sensor_async.py took 0.093 seconds
[2026-05-18T06:38:39.570+0000] {processor.py:186} INFO - Started process (PID=11074) to work on /home/noelsdavid/airflow_venv/lib/python3.12/site-packages/airflow/example_dags/example_time_delta_sensor_async.py
[2026-05-18T06:38:39.594+0000] {processor.py:914} INFO - Processing file /home/noelsdavid/airflow_venv/lib/python3.12/site-packages/airflow/example_dags/example_time_delta_sensor_async.py for tasks to queue
[2026-05-18T06:38:39.596+0000] {logging_mixin.py:190} INFO - [2026-05-18T06:38:39.596+0000] {dagbag.py:588} INFO - Filling up the DagBag from /home/noelsdavid/airflow_venv/lib/python3.12/site-packages/airflow/example_dags/example_time_delta_sensor_async.py
[2026-05-18T06:38:39.607+0000] {processor.py:925} INFO - DAG(s) 'example_time_delta_sensor_async' retrieved from /home/noelsdavid/airflow_venv/lib/python3.12/site-packages/airflow/example_dags/example_time_delta_sensor_async.py
[2026-05-18T06:38:39.629+0000] {logging_mixin.py:190} INFO - [2026-05-18T06:38:39.628+0000] {dag.py:3239} INFO - Sync 1 DAGs
[2026-05-18T06:38:39.646+0000] {logging_mixin.py:190} INFO - [2026-05-18T06:38:39.646+0000] {dag.py:4180} INFO - Setting next_dagrun for example_time_delta_sensor_async to None, run_after=None
[2026-05-18T06:38:39.679+0000] {processor.py:208} INFO - Processing /home/noelsdavid/airflow_venv/lib/python3.12/site-packages/airflow/example_dags/example_time_delta_sensor_async.py took 0.117 seconds
[2026-05-18T06:39:44.734+0000] {processor.py:186} INFO - Started process (PID=11300) to work on /home/noelsdavid/airflow_venv/lib/python3.12/site-packages/airflow/example_dags/example_time_delta_sensor_async.py
[2026-05-18T06:39:44.737+0000] {processor.py:914} INFO - Processing file /home/noelsdavid/airflow_venv/lib/python3.12/site-packages/airflow/example_dags/example_time_delta_sensor_async.py for tasks to queue
[2026-05-18T06:39:44.738+0000] {logging_mixin.py:190} INFO - [2026-05-18T06:39:44.738+0000] {dagbag.py:588} INFO - Filling up the DagBag from /home/noelsdavid/airflow_venv/lib/python3.12/site-packages/airflow/example_dags/example_time_delta_sensor_async.py
[2026-05-18T06:39:44.749+0000] {processor.py:925} INFO - DAG(s) 'example_time_delta_sensor_async' retrieved from /home/noelsdavid/airflow_venv/lib/python3.12/site-packages/airflow/example_dags/example_time_delta_sensor_async.py
[2026-05-18T06:39:44.773+0000] {logging_mixin.py:190} INFO - [2026-05-18T06:39:44.772+0000] {dag.py:3239} INFO - Sync 1 DAGs
[2026-05-18T06:39:44.791+0000] {logging_mixin.py:190} INFO - [2026-05-18T06:39:44.790+0000] {dag.py:4180} INFO - Setting next_dagrun for example_time_delta_sensor_async to None, run_after=None
[2026-05-18T06:39:44.823+0000] {processor.py:208} INFO - Processing /home/noelsdavid/airflow_venv/lib/python3.12/site-packages/airflow/example_dags/example_time_delta_sensor_async.py took 0.098 seconds
[2026-05-18T06:40:59.548+0000] {processor.py:186} INFO - Started process (PID=11675) to work on /home/noelsdavid/airflow_venv/lib/python3.12/site-packages/airflow/example_dags/example_time_delta_sensor_async.py
[2026-05-18T06:40:59.550+0000] {processor.py:914} INFO - Processing file /home/noelsdavid/airflow_venv/lib/python3.12/site-packages/airflow/example_dags/example_time_delta_sensor_async.py for tasks to queue
[2026-05-18T06:40:59.553+0000] {logging_mixin.py:190} INFO - [2026-05-18T06:40:59.552+0000] {dagbag.py:588} INFO - Filling up the DagBag from /home/noelsdavid/airflow_venv/lib/python3.12/site-packages/airflow/example_dags/example_time_delta_sensor_async.py
[2026-05-18T06:40:59.565+0000] {processor.py:925} INFO - DAG(s) 'example_time_delta_sensor_async' retrieved from /home/noelsdavid/airflow_venv/lib/python3.12/site-packages/airflow/example_dags/example_time_delta_sensor_async.py
[2026-05-18T06:40:59.590+0000] {logging_mixin.py:190} INFO - [2026-05-18T06:40:59.590+0000] {dag.py:3239} INFO - Sync 1 DAGs
[2026-05-18T06:40:59.609+0000] {logging_mixin.py:190} INFO - [2026-05-18T06:40:59.609+0000] {dag.py:4180} INFO - Setting next_dagrun for example_time_delta_sensor_async to None, run_after=None
[2026-05-18T06:40:59.648+0000] {processor.py:208} INFO - Processing /home/noelsdavid/airflow_venv/lib/python3.12/site-packages/airflow/example_dags/example_time_delta_sensor_async.py took 0.110 seconds
[2026-05-18T06:42:12.219+0000] {processor.py:186} INFO - Started process (PID=12355) to work on /home/noelsdavid/airflow_venv/lib/python3.12/site-packages/airflow/example_dags/example_time_delta_sensor_async.py
[2026-05-18T06:42:12.233+0000] {processor.py:914} INFO - Processing file /home/noelsdavid/airflow_venv/lib/python3.12/site-packages/airflow/example_dags/example_time_delta_sensor_async.py for tasks to queue
[2026-05-18T06:42:12.239+0000] {logging_mixin.py:190} INFO - [2026-05-18T06:42:12.239+0000] {dagbag.py:588} INFO - Filling up the DagBag from /home/noelsdavid/airflow_venv/lib/python3.12/site-packages/airflow/example_dags/example_time_delta_sensor_async.py
[2026-05-18T06:42:12.256+0000] {processor.py:925} INFO - DAG(s) 'example_time_delta_sensor_async' retrieved from /home/noelsdavid/airflow_venv/lib/python3.12/site-packages/airflow/example_dags/example_time_delta_sensor_async.py
[2026-05-18T06:42:12.290+0000] {logging_mixin.py:190} INFO - [2026-05-18T06:42:12.290+0000] {dag.py:3239} INFO - Sync 1 DAGs
[2026-05-18T06:42:12.322+0000] {logging_mixin.py:190} INFO - [2026-05-18T06:42:12.322+0000] {dag.py:4180} INFO - Setting next_dagrun for example_time_delta_sensor_async to None, run_after=None
[2026-05-18T06:42:12.391+0000] {processor.py:208} INFO - Processing /home/noelsdavid/airflow_venv/lib/python3.12/site-packages/airflow/example_dags/example_time_delta_sensor_async.py took 0.185 seconds
[2026-05-18T06:43:25.122+0000] {processor.py:186} INFO - Started process (PID=12753) to work on /home/noelsdavid/airflow_venv/lib/python3.12/site-packages/airflow/example_dags/example_time_delta_sensor_async.py
[2026-05-18T06:43:25.142+0000] {processor.py:914} INFO - Processing file /home/noelsdavid/airflow_venv/lib/python3.12/site-packages/airflow/example_dags/example_time_delta_sensor_async.py for tasks to queue
[2026-05-18T06:43:25.145+0000] {logging_mixin.py:190} INFO - [2026-05-18T06:43:25.144+0000] {dagbag.py:588} INFO - Filling up the DagBag from /home/noelsdavid/airflow_venv/lib/python3.12/site-packages/airflow/example_dags/example_time_delta_sensor_async.py
[2026-05-18T06:43:25.158+0000] {processor.py:925} INFO - DAG(s) 'example_time_delta_sensor_async' retrieved from /home/noelsdavid/airflow_venv/lib/python3.12/site-packages/airflow/example_dags/example_time_delta_sensor_async.py
[2026-05-18T06:43:25.181+0000] {logging_mixin.py:190} INFO - [2026-05-18T06:43:25.181+0000] {dag.py:3239} INFO - Sync 1 DAGs
[2026-05-18T06:43:25.203+0000] {logging_mixin.py:190} INFO - [2026-05-18T06:43:25.203+0000] {dag.py:4180} INFO - Setting next_dagrun for example_time_delta_sensor_async to None, run_after=None
[2026-05-18T06:43:25.239+0000] {processor.py:208} INFO - Processing /home/noelsdavid/airflow_venv/lib/python3.12/site-packages/airflow/example_dags/example_time_delta_sensor_async.py took 0.131 seconds
[2026-05-18T06:44:30.518+0000] {processor.py:186} INFO - Started process (PID=13046) to work on /home/noelsdavid/airflow_venv/lib/python3.12/site-packages/airflow/example_dags/example_time_delta_sensor_async.py
[2026-05-18T06:44:30.521+0000] {processor.py:914} INFO - Processing file /home/noelsdavid/airflow_venv/lib/python3.12/site-packages/airflow/example_dags/example_time_delta_sensor_async.py for tasks to queue
[2026-05-18T06:44:30.523+0000] {logging_mixin.py:190} INFO - [2026-05-18T06:44:30.522+0000] {dagbag.py:588} INFO - Filling up the DagBag from /home/noelsdavid/airflow_venv/lib/python3.12/site-packages/airflow/example_dags/example_time_delta_sensor_async.py
[2026-05-18T06:44:30.534+0000] {processor.py:925} INFO - DAG(s) 'example_time_delta_sensor_async' retrieved from /home/noelsdavid/airflow_venv/lib/python3.12/site-packages/airflow/example_dags/example_time_delta_sensor_async.py
[2026-05-18T06:44:30.558+0000] {logging_mixin.py:190} INFO - [2026-05-18T06:44:30.558+0000] {dag.py:3239} INFO - Sync 1 DAGs
[2026-05-18T06:44:30.576+0000] {logging_mixin.py:190} INFO - [2026-05-18T06:44:30.576+0000] {dag.py:4180} INFO - Setting next_dagrun for example_time_delta_sensor_async to None, run_after=None
[2026-05-18T06:44:30.608+0000] {processor.py:208} INFO - Processing /home/noelsdavid/airflow_venv/lib/python3.12/site-packages/airflow/example_dags/example_time_delta_sensor_async.py took 0.101 seconds
[2026-05-18T06:45:42.896+0000] {processor.py:186} INFO - Started process (PID=13148) to work on /home/noelsdavid/airflow_venv/lib/python3.12/site-packages/airflow/example_dags/example_time_delta_sensor_async.py
[2026-05-18T06:45:42.898+0000] {processor.py:914} INFO - Processing file /home/noelsdavid/airflow_venv/lib/python3.12/site-packages/airflow/example_dags/example_time_delta_sensor_async.py for tasks to queue
[2026-05-18T06:45:42.901+0000] {logging_mixin.py:190} INFO - [2026-05-18T06:45:42.900+0000] {dagbag.py:588} INFO - Filling up the DagBag from /home/noelsdavid/airflow_venv/lib/python3.12/site-packages/airflow/example_dags/example_time_delta_sensor_async.py
[2026-05-18T06:45:42.912+0000] {processor.py:925} INFO - DAG(s) 'example_time_delta_sensor_async' retrieved from /home/noelsdavid/airflow_venv/lib/python3.12/site-packages/airflow/example_dags/example_time_delta_sensor_async.py
[2026-05-18T06:45:42.937+0000] {logging_mixin.py:190} INFO - [2026-05-18T06:45:42.937+0000] {dag.py:3239} INFO - Sync 1 DAGs
[2026-05-18T06:45:42.957+0000] {logging_mixin.py:190} INFO - [2026-05-18T06:45:42.957+0000] {dag.py:4180} INFO - Setting next_dagrun for example_time_delta_sensor_async to None, run_after=None
[2026-05-18T06:45:42.993+0000] {processor.py:208} INFO - Processing /home/noelsdavid/airflow_venv/lib/python3.12/site-packages/airflow/example_dags/example_time_delta_sensor_async.py took 0.108 seconds
[2026-05-18T06:46:53.005+0000] {processor.py:186} INFO - Started process (PID=13225) to work on /home/noelsdavid/airflow_venv/lib/python3.12/site-packages/airflow/example_dags/example_time_delta_sensor_async.py
[2026-05-18T06:46:53.008+0000] {processor.py:914} INFO - Processing file /home/noelsdavid/airflow_venv/lib/python3.12/site-packages/airflow/example_dags/example_time_delta_sensor_async.py for tasks to queue
[2026-05-18T06:46:53.011+0000] {logging_mixin.py:190} INFO - [2026-05-18T06:46:53.010+0000] {dagbag.py:588} INFO - Filling up the DagBag from /home/noelsdavid/airflow_venv/lib/python3.12/site-packages/airflow/example_dags/example_time_delta_sensor_async.py
[2026-05-18T06:46:53.021+0000] {processor.py:925} INFO - DAG(s) 'example_time_delta_sensor_async' retrieved from /home/noelsdavid/airflow_venv/lib/python3.12/site-packages/airflow/example_dags/example_time_delta_sensor_async.py
[2026-05-18T06:46:53.042+0000] {logging_mixin.py:190} INFO - [2026-05-18T06:46:53.042+0000] {dag.py:3239} INFO - Sync 1 DAGs
[2026-05-18T06:46:53.059+0000] {logging_mixin.py:190} INFO - [2026-05-18T06:46:53.059+0000] {dag.py:4180} INFO - Setting next_dagrun for example_time_delta_sensor_async to None, run_after=None
[2026-05-18T06:46:53.092+0000] {processor.py:208} INFO - Processing /home/noelsdavid/airflow_venv/lib/python3.12/site-packages/airflow/example_dags/example_time_delta_sensor_async.py took 0.097 seconds
[2026-05-18T06:47:57.013+0000] {processor.py:186} INFO - Started process (PID=13295) to work on /home/noelsdavid/airflow_venv/lib/python3.12/site-packages/airflow/example_dags/example_time_delta_sensor_async.py
[2026-05-18T06:47:57.015+0000] {processor.py:914} INFO - Processing file /home/noelsdavid/airflow_venv/lib/python3.12/site-packages/airflow/example_dags/example_time_delta_sensor_async.py for tasks to queue
[2026-05-18T06:47:57.017+0000] {logging_mixin.py:190} INFO - [2026-05-18T06:47:57.017+0000] {dagbag.py:588} INFO - Filling up the DagBag from /home/noelsdavid/airflow_venv/lib/python3.12/site-packages/airflow/example_dags/example_time_delta_sensor_async.py
[2026-05-18T06:47:57.028+0000] {processor.py:925} INFO - DAG(s) 'example_time_delta_sensor_async' retrieved from /home/noelsdavid/airflow_venv/lib/python3.12/site-packages/airflow/example_dags/example_time_delta_sensor_async.py
[2026-05-18T06:47:57.050+0000] {logging_mixin.py:190} INFO - [2026-05-18T06:47:57.049+0000] {dag.py:3239} INFO - Sync 1 DAGs
[2026-05-18T06:47:57.067+0000] {logging_mixin.py:190} INFO - [2026-05-18T06:47:57.067+0000] {dag.py:4180} INFO - Setting next_dagrun for example_time_delta_sensor_async to None, run_after=None
[2026-05-18T06:47:57.099+0000] {processor.py:208} INFO - Processing /home/noelsdavid/airflow_venv/lib/python3.12/site-packages/airflow/example_dags/example_time_delta_sensor_async.py took 0.098 seconds
[2026-05-18T06:49:04.435+0000] {processor.py:186} INFO - Started process (PID=13371) to work on /home/noelsdavid/airflow_venv/lib/python3.12/site-packages/airflow/example_dags/example_time_delta_sensor_async.py
[2026-05-18T06:49:04.438+0000] {processor.py:914} INFO - Processing file /home/noelsdavid/airflow_venv/lib/python3.12/site-packages/airflow/example_dags/example_time_delta_sensor_async.py for tasks to queue
[2026-05-18T06:49:04.440+0000] {logging_mixin.py:190} INFO - [2026-05-18T06:49:04.439+0000] {dagbag.py:588} INFO - Filling up the DagBag from /home/noelsdavid/airflow_venv/lib/python3.12/site-packages/airflow/example_dags/example_time_delta_sensor_async.py
[2026-05-18T06:49:04.450+0000] {processor.py:925} INFO - DAG(s) 'example_time_delta_sensor_async' retrieved from /home/noelsdavid/airflow_venv/lib/python3.12/site-packages/airflow/example_dags/example_time_delta_sensor_async.py
[2026-05-18T06:49:04.471+0000] {logging_mixin.py:190} INFO - [2026-05-18T06:49:04.471+0000] {dag.py:3239} INFO - Sync 1 DAGs
[2026-05-18T06:49:04.488+0000] {logging_mixin.py:190} INFO - [2026-05-18T06:49:04.487+0000] {dag.py:4180} INFO - Setting next_dagrun for example_time_delta_sensor_async to None, run_after=None
[2026-05-18T06:49:04.519+0000] {processor.py:208} INFO - Processing /home/noelsdavid/airflow_venv/lib/python3.12/site-packages/airflow/example_dags/example_time_delta_sensor_async.py took 0.093 seconds
[2026-05-18T06:50:11.855+0000] {processor.py:186} INFO - Started process (PID=13580) to work on /home/noelsdavid/airflow_venv/lib/python3.12/site-packages/airflow/example_dags/example_time_delta_sensor_async.py
[2026-05-18T06:50:11.857+0000] {processor.py:914} INFO - Processing file /home/noelsdavid/airflow_venv/lib/python3.12/site-packages/airflow/example_dags/example_time_delta_sensor_async.py for tasks to queue
[2026-05-18T06:50:11.860+0000] {logging_mixin.py:190} INFO - [2026-05-18T06:50:11.859+0000] {dagbag.py:588} INFO - Filling up the DagBag from /home/noelsdavid/airflow_venv/lib/python3.12/site-packages/airflow/example_dags/example_time_delta_sensor_async.py
[2026-05-18T06:50:11.871+0000] {processor.py:925} INFO - DAG(s) 'example_time_delta_sensor_async' retrieved from /home/noelsdavid/airflow_venv/lib/python3.12/site-packages/airflow/example_dags/example_time_delta_sensor_async.py
[2026-05-18T06:50:11.893+0000] {logging_mixin.py:190} INFO - [2026-05-18T06:50:11.893+0000] {dag.py:3239} INFO - Sync 1 DAGs
[2026-05-18T06:50:11.913+0000] {logging_mixin.py:190} INFO - [2026-05-18T06:50:11.912+0000] {dag.py:4180} INFO - Setting next_dagrun for example_time_delta_sensor_async to None, run_after=None
[2026-05-18T06:50:11.947+0000] {processor.py:208} INFO - Processing /home/noelsdavid/airflow_venv/lib/python3.12/site-packages/airflow/example_dags/example_time_delta_sensor_async.py took 0.108 seconds
