[2026-05-18T06:01:14.379+0000] {processor.py:186} INFO - Started process (PID=6946) to work on /home/noelsdavid/airflow_venv/lib/python3.12/site-packages/airflow/example_dags/example_branch_operator.py
[2026-05-18T06:01:14.380+0000] {processor.py:914} INFO - Processing file /home/noelsdavid/airflow_venv/lib/python3.12/site-packages/airflow/example_dags/example_branch_operator.py for tasks to queue
[2026-05-18T06:01:14.383+0000] {logging_mixin.py:190} INFO - [2026-05-18T06:01:14.383+0000] {dagbag.py:588} INFO - Filling up the DagBag from /home/noelsdavid/airflow_venv/lib/python3.12/site-packages/airflow/example_dags/example_branch_operator.py
[2026-05-18T06:01:14.409+0000] {processor.py:925} INFO - DAG(s) 'example_branch_operator' retrieved from /home/noelsdavid/airflow_venv/lib/python3.12/site-packages/airflow/example_dags/example_branch_operator.py
[2026-05-18T06:01:14.556+0000] {logging_mixin.py:190} INFO - [2026-05-18T06:01:14.555+0000] {override.py:1911} INFO - Created Permission View: can edit on DAG:example_branch_operator
[2026-05-18T06:01:14.576+0000] {logging_mixin.py:190} INFO - [2026-05-18T06:01:14.575+0000] {override.py:1911} INFO - Created Permission View: can delete on DAG:example_branch_operator
[2026-05-18T06:01:14.593+0000] {logging_mixin.py:190} INFO - [2026-05-18T06:01:14.593+0000] {override.py:1911} INFO - Created Permission View: can read on DAG:example_branch_operator
[2026-05-18T06:01:14.619+0000] {logging_mixin.py:190} INFO - [2026-05-18T06:01:14.619+0000] {override.py:1911} INFO - Created Permission View: can delete on DAG Run:example_branch_operator
[2026-05-18T06:01:14.632+0000] {logging_mixin.py:190} INFO - [2026-05-18T06:01:14.631+0000] {override.py:1911} INFO - Created Permission View: menu access on DAG Run:example_branch_operator
[2026-05-18T06:01:14.645+0000] {logging_mixin.py:190} INFO - [2026-05-18T06:01:14.644+0000] {override.py:1911} INFO - Created Permission View: can create on DAG Run:example_branch_operator
[2026-05-18T06:01:14.658+0000] {logging_mixin.py:190} INFO - [2026-05-18T06:01:14.658+0000] {override.py:1911} INFO - Created Permission View: can read on DAG Run:example_branch_operator
[2026-05-18T06:01:14.659+0000] {logging_mixin.py:190} INFO - [2026-05-18T06:01:14.659+0000] {dag.py:3239} INFO - Sync 1 DAGs
[2026-05-18T06:01:14.674+0000] {logging_mixin.py:190} INFO - [2026-05-18T06:01:14.674+0000] {dag.py:3262} INFO - Creating ORM DAG for example_branch_operator
[2026-05-18T06:01:14.686+0000] {logging_mixin.py:190} INFO - [2026-05-18T06:01:14.686+0000] {dag.py:4180} INFO - Setting next_dagrun for example_branch_operator to 2026-05-17 00:00:00+00:00, run_after=2026-05-18 00:00:00+00:00
[2026-05-18T06:01:14.716+0000] {processor.py:208} INFO - Processing /home/noelsdavid/airflow_venv/lib/python3.12/site-packages/airflow/example_dags/example_branch_operator.py took 0.344 seconds
[2026-05-18T06:02:21.090+0000] {processor.py:186} INFO - Started process (PID=7012) to work on /home/noelsdavid/airflow_venv/lib/python3.12/site-packages/airflow/example_dags/example_branch_operator.py
[2026-05-18T06:02:21.093+0000] {processor.py:914} INFO - Processing file /home/noelsdavid/airflow_venv/lib/python3.12/site-packages/airflow/example_dags/example_branch_operator.py for tasks to queue
[2026-05-18T06:02:21.096+0000] {logging_mixin.py:190} INFO - [2026-05-18T06:02:21.095+0000] {dagbag.py:588} INFO - Filling up the DagBag from /home/noelsdavid/airflow_venv/lib/python3.12/site-packages/airflow/example_dags/example_branch_operator.py
[2026-05-18T06:02:21.119+0000] {processor.py:925} INFO - DAG(s) 'example_branch_operator' retrieved from /home/noelsdavid/airflow_venv/lib/python3.12/site-packages/airflow/example_dags/example_branch_operator.py
[2026-05-18T06:02:21.149+0000] {logging_mixin.py:190} INFO - [2026-05-18T06:02:21.148+0000] {dag.py:3239} INFO - Sync 1 DAGs
[2026-05-18T06:02:21.176+0000] {logging_mixin.py:190} INFO - [2026-05-18T06:02:21.176+0000] {dag.py:4180} INFO - Setting next_dagrun for example_branch_operator to 2026-05-17 00:00:00+00:00, run_after=2026-05-18 00:00:00+00:00
[2026-05-18T06:02:21.209+0000] {processor.py:208} INFO - Processing /home/noelsdavid/airflow_venv/lib/python3.12/site-packages/airflow/example_dags/example_branch_operator.py took 0.126 seconds
[2026-05-18T06:03:21.005+0000] {processor.py:186} INFO - Started process (PID=7069) to work on /home/noelsdavid/airflow_venv/lib/python3.12/site-packages/airflow/example_dags/example_branch_operator.py
[2026-05-18T06:03:21.008+0000] {processor.py:914} INFO - Processing file /home/noelsdavid/airflow_venv/lib/python3.12/site-packages/airflow/example_dags/example_branch_operator.py for tasks to queue
[2026-05-18T06:03:21.011+0000] {logging_mixin.py:190} INFO - [2026-05-18T06:03:21.010+0000] {dagbag.py:588} INFO - Filling up the DagBag from /home/noelsdavid/airflow_venv/lib/python3.12/site-packages/airflow/example_dags/example_branch_operator.py
[2026-05-18T06:03:21.034+0000] {processor.py:925} INFO - DAG(s) 'example_branch_operator' retrieved from /home/noelsdavid/airflow_venv/lib/python3.12/site-packages/airflow/example_dags/example_branch_operator.py
[2026-05-18T06:03:21.063+0000] {logging_mixin.py:190} INFO - [2026-05-18T06:03:21.063+0000] {dag.py:3239} INFO - Sync 1 DAGs
[2026-05-18T06:03:21.090+0000] {logging_mixin.py:190} INFO - [2026-05-18T06:03:21.090+0000] {dag.py:4180} INFO - Setting next_dagrun for example_branch_operator to 2026-05-17 00:00:00+00:00, run_after=2026-05-18 00:00:00+00:00
[2026-05-18T06:03:21.118+0000] {processor.py:208} INFO - Processing /home/noelsdavid/airflow_venv/lib/python3.12/site-packages/airflow/example_dags/example_branch_operator.py took 0.122 seconds
[2026-05-18T06:04:21.017+0000] {processor.py:186} INFO - Started process (PID=7129) to work on /home/noelsdavid/airflow_venv/lib/python3.12/site-packages/airflow/example_dags/example_branch_operator.py
[2026-05-18T06:04:21.020+0000] {processor.py:914} INFO - Processing file /home/noelsdavid/airflow_venv/lib/python3.12/site-packages/airflow/example_dags/example_branch_operator.py for tasks to queue
[2026-05-18T06:04:21.023+0000] {logging_mixin.py:190} INFO - [2026-05-18T06:04:21.022+0000] {dagbag.py:588} INFO - Filling up the DagBag from /home/noelsdavid/airflow_venv/lib/python3.12/site-packages/airflow/example_dags/example_branch_operator.py
[2026-05-18T06:04:21.046+0000] {processor.py:925} INFO - DAG(s) 'example_branch_operator' retrieved from /home/noelsdavid/airflow_venv/lib/python3.12/site-packages/airflow/example_dags/example_branch_operator.py
[2026-05-18T06:04:21.077+0000] {logging_mixin.py:190} INFO - [2026-05-18T06:04:21.077+0000] {dag.py:3239} INFO - Sync 1 DAGs
[2026-05-18T06:04:21.103+0000] {logging_mixin.py:190} INFO - [2026-05-18T06:04:21.103+0000] {dag.py:4180} INFO - Setting next_dagrun for example_branch_operator to 2026-05-17 00:00:00+00:00, run_after=2026-05-18 00:00:00+00:00
[2026-05-18T06:04:21.132+0000] {processor.py:208} INFO - Processing /home/noelsdavid/airflow_venv/lib/python3.12/site-packages/airflow/example_dags/example_branch_operator.py took 0.122 seconds
[2026-05-18T06:05:27.105+0000] {processor.py:186} INFO - Started process (PID=7216) to work on /home/noelsdavid/airflow_venv/lib/python3.12/site-packages/airflow/example_dags/example_branch_operator.py
[2026-05-18T06:05:27.108+0000] {processor.py:914} INFO - Processing file /home/noelsdavid/airflow_venv/lib/python3.12/site-packages/airflow/example_dags/example_branch_operator.py for tasks to queue
[2026-05-18T06:05:27.111+0000] {logging_mixin.py:190} INFO - [2026-05-18T06:05:27.111+0000] {dagbag.py:588} INFO - Filling up the DagBag from /home/noelsdavid/airflow_venv/lib/python3.12/site-packages/airflow/example_dags/example_branch_operator.py
[2026-05-18T06:05:27.137+0000] {processor.py:925} INFO - DAG(s) 'example_branch_operator' retrieved from /home/noelsdavid/airflow_venv/lib/python3.12/site-packages/airflow/example_dags/example_branch_operator.py
[2026-05-18T06:05:27.332+0000] {logging_mixin.py:190} INFO - [2026-05-18T06:05:27.332+0000] {dag.py:3239} INFO - Sync 1 DAGs
[2026-05-18T06:05:27.355+0000] {logging_mixin.py:190} INFO - [2026-05-18T06:05:27.354+0000] {dag.py:4180} INFO - Setting next_dagrun for example_branch_operator to 2026-05-17 00:00:00+00:00, run_after=2026-05-18 00:00:00+00:00
[2026-05-18T06:05:27.382+0000] {processor.py:208} INFO - Processing /home/noelsdavid/airflow_venv/lib/python3.12/site-packages/airflow/example_dags/example_branch_operator.py took 0.285 seconds
[2026-05-18T06:06:36.144+0000] {processor.py:186} INFO - Started process (PID=7282) to work on /home/noelsdavid/airflow_venv/lib/python3.12/site-packages/airflow/example_dags/example_branch_operator.py
[2026-05-18T06:06:36.147+0000] {processor.py:914} INFO - Processing file /home/noelsdavid/airflow_venv/lib/python3.12/site-packages/airflow/example_dags/example_branch_operator.py for tasks to queue
[2026-05-18T06:06:36.150+0000] {logging_mixin.py:190} INFO - [2026-05-18T06:06:36.149+0000] {dagbag.py:588} INFO - Filling up the DagBag from /home/noelsdavid/airflow_venv/lib/python3.12/site-packages/airflow/example_dags/example_branch_operator.py
[2026-05-18T06:06:36.176+0000] {processor.py:925} INFO - DAG(s) 'example_branch_operator' retrieved from /home/noelsdavid/airflow_venv/lib/python3.12/site-packages/airflow/example_dags/example_branch_operator.py
[2026-05-18T06:06:36.208+0000] {logging_mixin.py:190} INFO - [2026-05-18T06:06:36.208+0000] {dag.py:3239} INFO - Sync 1 DAGs
[2026-05-18T06:06:36.235+0000] {logging_mixin.py:190} INFO - [2026-05-18T06:06:36.235+0000] {dag.py:4180} INFO - Setting next_dagrun for example_branch_operator to 2026-05-17 00:00:00+00:00, run_after=2026-05-18 00:00:00+00:00
[2026-05-18T06:06:36.265+0000] {processor.py:208} INFO - Processing /home/noelsdavid/airflow_venv/lib/python3.12/site-packages/airflow/example_dags/example_branch_operator.py took 0.128 seconds
[2026-05-18T06:07:32.991+0000] {processor.py:186} INFO - Started process (PID=7341) to work on /home/noelsdavid/airflow_venv/lib/python3.12/site-packages/airflow/example_dags/example_branch_operator.py
[2026-05-18T06:07:32.993+0000] {processor.py:914} INFO - Processing file /home/noelsdavid/airflow_venv/lib/python3.12/site-packages/airflow/example_dags/example_branch_operator.py for tasks to queue
[2026-05-18T06:07:32.997+0000] {logging_mixin.py:190} INFO - [2026-05-18T06:07:32.996+0000] {dagbag.py:588} INFO - Filling up the DagBag from /home/noelsdavid/airflow_venv/lib/python3.12/site-packages/airflow/example_dags/example_branch_operator.py
[2026-05-18T06:07:33.024+0000] {processor.py:925} INFO - DAG(s) 'example_branch_operator' retrieved from /home/noelsdavid/airflow_venv/lib/python3.12/site-packages/airflow/example_dags/example_branch_operator.py
[2026-05-18T06:07:33.059+0000] {logging_mixin.py:190} INFO - [2026-05-18T06:07:33.059+0000] {dag.py:3239} INFO - Sync 1 DAGs
[2026-05-18T06:07:33.090+0000] {logging_mixin.py:190} INFO - [2026-05-18T06:07:33.089+0000] {dag.py:4180} INFO - Setting next_dagrun for example_branch_operator to 2026-05-17 00:00:00+00:00, run_after=2026-05-18 00:00:00+00:00
[2026-05-18T06:07:33.127+0000] {processor.py:208} INFO - Processing /home/noelsdavid/airflow_venv/lib/python3.12/site-packages/airflow/example_dags/example_branch_operator.py took 0.144 seconds
[2026-05-18T06:08:36.446+0000] {processor.py:186} INFO - Started process (PID=7398) to work on /home/noelsdavid/airflow_venv/lib/python3.12/site-packages/airflow/example_dags/example_branch_operator.py
[2026-05-18T06:08:36.465+0000] {processor.py:914} INFO - Processing file /home/noelsdavid/airflow_venv/lib/python3.12/site-packages/airflow/example_dags/example_branch_operator.py for tasks to queue
[2026-05-18T06:08:36.469+0000] {logging_mixin.py:190} INFO - [2026-05-18T06:08:36.468+0000] {dagbag.py:588} INFO - Filling up the DagBag from /home/noelsdavid/airflow_venv/lib/python3.12/site-packages/airflow/example_dags/example_branch_operator.py
[2026-05-18T06:08:36.495+0000] {processor.py:925} INFO - DAG(s) 'example_branch_operator' retrieved from /home/noelsdavid/airflow_venv/lib/python3.12/site-packages/airflow/example_dags/example_branch_operator.py
[2026-05-18T06:08:36.527+0000] {logging_mixin.py:190} INFO - [2026-05-18T06:08:36.527+0000] {dag.py:3239} INFO - Sync 1 DAGs
[2026-05-18T06:08:36.556+0000] {logging_mixin.py:190} INFO - [2026-05-18T06:08:36.556+0000] {dag.py:4180} INFO - Setting next_dagrun for example_branch_operator to 2026-05-17 00:00:00+00:00, run_after=2026-05-18 00:00:00+00:00
[2026-05-18T06:08:36.587+0000] {processor.py:208} INFO - Processing /home/noelsdavid/airflow_venv/lib/python3.12/site-packages/airflow/example_dags/example_branch_operator.py took 0.150 seconds
[2026-05-18T06:09:40.205+0000] {processor.py:186} INFO - Started process (PID=7460) to work on /home/noelsdavid/airflow_venv/lib/python3.12/site-packages/airflow/example_dags/example_branch_operator.py
[2026-05-18T06:09:40.207+0000] {processor.py:914} INFO - Processing file /home/noelsdavid/airflow_venv/lib/python3.12/site-packages/airflow/example_dags/example_branch_operator.py for tasks to queue
[2026-05-18T06:09:40.210+0000] {logging_mixin.py:190} INFO - [2026-05-18T06:09:40.210+0000] {dagbag.py:588} INFO - Filling up the DagBag from /home/noelsdavid/airflow_venv/lib/python3.12/site-packages/airflow/example_dags/example_branch_operator.py
[2026-05-18T06:09:40.236+0000] {processor.py:925} INFO - DAG(s) 'example_branch_operator' retrieved from /home/noelsdavid/airflow_venv/lib/python3.12/site-packages/airflow/example_dags/example_branch_operator.py
[2026-05-18T06:09:40.267+0000] {logging_mixin.py:190} INFO - [2026-05-18T06:09:40.267+0000] {dag.py:3239} INFO - Sync 1 DAGs
[2026-05-18T06:09:40.295+0000] {logging_mixin.py:190} INFO - [2026-05-18T06:09:40.295+0000] {dag.py:4180} INFO - Setting next_dagrun for example_branch_operator to 2026-05-17 00:00:00+00:00, run_after=2026-05-18 00:00:00+00:00
[2026-05-18T06:09:40.329+0000] {processor.py:208} INFO - Processing /home/noelsdavid/airflow_venv/lib/python3.12/site-packages/airflow/example_dags/example_branch_operator.py took 0.132 seconds
[2026-05-18T06:10:41.689+0000] {processor.py:186} INFO - Started process (PID=7545) to work on /home/noelsdavid/airflow_venv/lib/python3.12/site-packages/airflow/example_dags/example_branch_operator.py
[2026-05-18T06:10:41.692+0000] {processor.py:914} INFO - Processing file /home/noelsdavid/airflow_venv/lib/python3.12/site-packages/airflow/example_dags/example_branch_operator.py for tasks to queue
[2026-05-18T06:10:41.696+0000] {logging_mixin.py:190} INFO - [2026-05-18T06:10:41.696+0000] {dagbag.py:588} INFO - Filling up the DagBag from /home/noelsdavid/airflow_venv/lib/python3.12/site-packages/airflow/example_dags/example_branch_operator.py
[2026-05-18T06:10:41.738+0000] {processor.py:925} INFO - DAG(s) 'example_branch_operator' retrieved from /home/noelsdavid/airflow_venv/lib/python3.12/site-packages/airflow/example_dags/example_branch_operator.py
[2026-05-18T06:10:41.782+0000] {logging_mixin.py:190} INFO - [2026-05-18T06:10:41.782+0000] {dag.py:3239} INFO - Sync 1 DAGs
[2026-05-18T06:10:41.810+0000] {logging_mixin.py:190} INFO - [2026-05-18T06:10:41.809+0000] {dag.py:4180} INFO - Setting next_dagrun for example_branch_operator to 2026-05-17 00:00:00+00:00, run_after=2026-05-18 00:00:00+00:00
[2026-05-18T06:10:41.844+0000] {processor.py:208} INFO - Processing /home/noelsdavid/airflow_venv/lib/python3.12/site-packages/airflow/example_dags/example_branch_operator.py took 0.168 seconds
[2026-05-18T06:11:41.852+0000] {processor.py:186} INFO - Started process (PID=7604) to work on /home/noelsdavid/airflow_venv/lib/python3.12/site-packages/airflow/example_dags/example_branch_operator.py
[2026-05-18T06:11:41.881+0000] {processor.py:914} INFO - Processing file /home/noelsdavid/airflow_venv/lib/python3.12/site-packages/airflow/example_dags/example_branch_operator.py for tasks to queue
[2026-05-18T06:11:41.884+0000] {logging_mixin.py:190} INFO - [2026-05-18T06:11:41.884+0000] {dagbag.py:588} INFO - Filling up the DagBag from /home/noelsdavid/airflow_venv/lib/python3.12/site-packages/airflow/example_dags/example_branch_operator.py
[2026-05-18T06:11:41.910+0000] {processor.py:925} INFO - DAG(s) 'example_branch_operator' retrieved from /home/noelsdavid/airflow_venv/lib/python3.12/site-packages/airflow/example_dags/example_branch_operator.py
[2026-05-18T06:11:41.941+0000] {logging_mixin.py:190} INFO - [2026-05-18T06:11:41.941+0000] {dag.py:3239} INFO - Sync 1 DAGs
[2026-05-18T06:11:41.969+0000] {logging_mixin.py:190} INFO - [2026-05-18T06:11:41.968+0000] {dag.py:4180} INFO - Setting next_dagrun for example_branch_operator to 2026-05-17 00:00:00+00:00, run_after=2026-05-18 00:00:00+00:00
[2026-05-18T06:11:42.001+0000] {processor.py:208} INFO - Processing /home/noelsdavid/airflow_venv/lib/python3.12/site-packages/airflow/example_dags/example_branch_operator.py took 0.158 seconds
[2026-05-18T06:12:40.539+0000] {processor.py:186} INFO - Started process (PID=7661) to work on /home/noelsdavid/airflow_venv/lib/python3.12/site-packages/airflow/example_dags/example_branch_operator.py
[2026-05-18T06:12:40.542+0000] {processor.py:914} INFO - Processing file /home/noelsdavid/airflow_venv/lib/python3.12/site-packages/airflow/example_dags/example_branch_operator.py for tasks to queue
[2026-05-18T06:12:40.545+0000] {logging_mixin.py:190} INFO - [2026-05-18T06:12:40.544+0000] {dagbag.py:588} INFO - Filling up the DagBag from /home/noelsdavid/airflow_venv/lib/python3.12/site-packages/airflow/example_dags/example_branch_operator.py
[2026-05-18T06:12:40.572+0000] {processor.py:925} INFO - DAG(s) 'example_branch_operator' retrieved from /home/noelsdavid/airflow_venv/lib/python3.12/site-packages/airflow/example_dags/example_branch_operator.py
[2026-05-18T06:12:40.606+0000] {logging_mixin.py:190} INFO - [2026-05-18T06:12:40.606+0000] {dag.py:3239} INFO - Sync 1 DAGs
[2026-05-18T06:12:40.634+0000] {logging_mixin.py:190} INFO - [2026-05-18T06:12:40.634+0000] {dag.py:4180} INFO - Setting next_dagrun for example_branch_operator to 2026-05-17 00:00:00+00:00, run_after=2026-05-18 00:00:00+00:00
[2026-05-18T06:12:40.665+0000] {processor.py:208} INFO - Processing /home/noelsdavid/airflow_venv/lib/python3.12/site-packages/airflow/example_dags/example_branch_operator.py took 0.135 seconds
[2026-05-18T06:13:41.525+0000] {processor.py:186} INFO - Started process (PID=7720) to work on /home/noelsdavid/airflow_venv/lib/python3.12/site-packages/airflow/example_dags/example_branch_operator.py
[2026-05-18T06:13:41.540+0000] {processor.py:914} INFO - Processing file /home/noelsdavid/airflow_venv/lib/python3.12/site-packages/airflow/example_dags/example_branch_operator.py for tasks to queue
[2026-05-18T06:13:41.543+0000] {logging_mixin.py:190} INFO - [2026-05-18T06:13:41.543+0000] {dagbag.py:588} INFO - Filling up the DagBag from /home/noelsdavid/airflow_venv/lib/python3.12/site-packages/airflow/example_dags/example_branch_operator.py
[2026-05-18T06:13:41.572+0000] {processor.py:925} INFO - DAG(s) 'example_branch_operator' retrieved from /home/noelsdavid/airflow_venv/lib/python3.12/site-packages/airflow/example_dags/example_branch_operator.py
[2026-05-18T06:13:41.604+0000] {logging_mixin.py:190} INFO - [2026-05-18T06:13:41.604+0000] {dag.py:3239} INFO - Sync 1 DAGs
[2026-05-18T06:13:41.636+0000] {logging_mixin.py:190} INFO - [2026-05-18T06:13:41.636+0000] {dag.py:4180} INFO - Setting next_dagrun for example_branch_operator to 2026-05-17 00:00:00+00:00, run_after=2026-05-18 00:00:00+00:00
[2026-05-18T06:13:41.688+0000] {processor.py:208} INFO - Processing /home/noelsdavid/airflow_venv/lib/python3.12/site-packages/airflow/example_dags/example_branch_operator.py took 0.173 seconds
[2026-05-18T06:14:42.618+0000] {processor.py:186} INFO - Started process (PID=7780) to work on /home/noelsdavid/airflow_venv/lib/python3.12/site-packages/airflow/example_dags/example_branch_operator.py
[2026-05-18T06:14:42.638+0000] {processor.py:914} INFO - Processing file /home/noelsdavid/airflow_venv/lib/python3.12/site-packages/airflow/example_dags/example_branch_operator.py for tasks to queue
[2026-05-18T06:14:42.642+0000] {logging_mixin.py:190} INFO - [2026-05-18T06:14:42.641+0000] {dagbag.py:588} INFO - Filling up the DagBag from /home/noelsdavid/airflow_venv/lib/python3.12/site-packages/airflow/example_dags/example_branch_operator.py
[2026-05-18T06:14:42.669+0000] {processor.py:925} INFO - DAG(s) 'example_branch_operator' retrieved from /home/noelsdavid/airflow_venv/lib/python3.12/site-packages/airflow/example_dags/example_branch_operator.py
[2026-05-18T06:14:42.703+0000] {logging_mixin.py:190} INFO - [2026-05-18T06:14:42.703+0000] {dag.py:3239} INFO - Sync 1 DAGs
[2026-05-18T06:14:42.734+0000] {logging_mixin.py:190} INFO - [2026-05-18T06:14:42.734+0000] {dag.py:4180} INFO - Setting next_dagrun for example_branch_operator to 2026-05-17 00:00:00+00:00, run_after=2026-05-18 00:00:00+00:00
[2026-05-18T06:14:42.771+0000] {processor.py:208} INFO - Processing /home/noelsdavid/airflow_venv/lib/python3.12/site-packages/airflow/example_dags/example_branch_operator.py took 0.161 seconds
[2026-05-18T06:15:46.529+0000] {processor.py:186} INFO - Started process (PID=7980) to work on /home/noelsdavid/airflow_venv/lib/python3.12/site-packages/airflow/example_dags/example_branch_operator.py
[2026-05-18T06:15:46.556+0000] {processor.py:914} INFO - Processing file /home/noelsdavid/airflow_venv/lib/python3.12/site-packages/airflow/example_dags/example_branch_operator.py for tasks to queue
[2026-05-18T06:15:46.560+0000] {logging_mixin.py:190} INFO - [2026-05-18T06:15:46.559+0000] {dagbag.py:588} INFO - Filling up the DagBag from /home/noelsdavid/airflow_venv/lib/python3.12/site-packages/airflow/example_dags/example_branch_operator.py
[2026-05-18T06:15:46.587+0000] {processor.py:925} INFO - DAG(s) 'example_branch_operator' retrieved from /home/noelsdavid/airflow_venv/lib/python3.12/site-packages/airflow/example_dags/example_branch_operator.py
[2026-05-18T06:15:46.621+0000] {logging_mixin.py:190} INFO - [2026-05-18T06:15:46.620+0000] {dag.py:3239} INFO - Sync 1 DAGs
[2026-05-18T06:15:46.652+0000] {logging_mixin.py:190} INFO - [2026-05-18T06:15:46.652+0000] {dag.py:4180} INFO - Setting next_dagrun for example_branch_operator to 2026-05-17 00:00:00+00:00, run_after=2026-05-18 00:00:00+00:00
[2026-05-18T06:15:46.683+0000] {processor.py:208} INFO - Processing /home/noelsdavid/airflow_venv/lib/python3.12/site-packages/airflow/example_dags/example_branch_operator.py took 0.164 seconds
[2026-05-18T06:16:50.117+0000] {processor.py:186} INFO - Started process (PID=8120) to work on /home/noelsdavid/airflow_venv/lib/python3.12/site-packages/airflow/example_dags/example_branch_operator.py
[2026-05-18T06:16:50.120+0000] {processor.py:914} INFO - Processing file /home/noelsdavid/airflow_venv/lib/python3.12/site-packages/airflow/example_dags/example_branch_operator.py for tasks to queue
[2026-05-18T06:16:50.124+0000] {logging_mixin.py:190} INFO - [2026-05-18T06:16:50.123+0000] {dagbag.py:588} INFO - Filling up the DagBag from /home/noelsdavid/airflow_venv/lib/python3.12/site-packages/airflow/example_dags/example_branch_operator.py
[2026-05-18T06:16:50.154+0000] {processor.py:925} INFO - DAG(s) 'example_branch_operator' retrieved from /home/noelsdavid/airflow_venv/lib/python3.12/site-packages/airflow/example_dags/example_branch_operator.py
[2026-05-18T06:16:50.186+0000] {logging_mixin.py:190} INFO - [2026-05-18T06:16:50.186+0000] {dag.py:3239} INFO - Sync 1 DAGs
[2026-05-18T06:16:50.213+0000] {logging_mixin.py:190} INFO - [2026-05-18T06:16:50.213+0000] {dag.py:4180} INFO - Setting next_dagrun for example_branch_operator to 2026-05-17 00:00:00+00:00, run_after=2026-05-18 00:00:00+00:00
[2026-05-18T06:16:50.244+0000] {processor.py:208} INFO - Processing /home/noelsdavid/airflow_venv/lib/python3.12/site-packages/airflow/example_dags/example_branch_operator.py took 0.136 seconds
[2026-05-18T06:17:53.353+0000] {processor.py:186} INFO - Started process (PID=8381) to work on /home/noelsdavid/airflow_venv/lib/python3.12/site-packages/airflow/example_dags/example_branch_operator.py
[2026-05-18T06:17:53.367+0000] {processor.py:914} INFO - Processing file /home/noelsdavid/airflow_venv/lib/python3.12/site-packages/airflow/example_dags/example_branch_operator.py for tasks to queue
[2026-05-18T06:17:53.370+0000] {logging_mixin.py:190} INFO - [2026-05-18T06:17:53.370+0000] {dagbag.py:588} INFO - Filling up the DagBag from /home/noelsdavid/airflow_venv/lib/python3.12/site-packages/airflow/example_dags/example_branch_operator.py
[2026-05-18T06:17:53.395+0000] {processor.py:925} INFO - DAG(s) 'example_branch_operator' retrieved from /home/noelsdavid/airflow_venv/lib/python3.12/site-packages/airflow/example_dags/example_branch_operator.py
[2026-05-18T06:17:53.426+0000] {logging_mixin.py:190} INFO - [2026-05-18T06:17:53.426+0000] {dag.py:3239} INFO - Sync 1 DAGs
[2026-05-18T06:17:53.452+0000] {logging_mixin.py:190} INFO - [2026-05-18T06:17:53.452+0000] {dag.py:4180} INFO - Setting next_dagrun for example_branch_operator to 2026-05-17 00:00:00+00:00, run_after=2026-05-18 00:00:00+00:00
[2026-05-18T06:17:53.482+0000] {processor.py:208} INFO - Processing /home/noelsdavid/airflow_venv/lib/python3.12/site-packages/airflow/example_dags/example_branch_operator.py took 0.137 seconds
[2026-05-18T06:18:51.356+0000] {processor.py:186} INFO - Started process (PID=8494) to work on /home/noelsdavid/airflow_venv/lib/python3.12/site-packages/airflow/example_dags/example_branch_operator.py
[2026-05-18T06:18:51.359+0000] {processor.py:914} INFO - Processing file /home/noelsdavid/airflow_venv/lib/python3.12/site-packages/airflow/example_dags/example_branch_operator.py for tasks to queue
[2026-05-18T06:18:51.363+0000] {logging_mixin.py:190} INFO - [2026-05-18T06:18:51.362+0000] {dagbag.py:588} INFO - Filling up the DagBag from /home/noelsdavid/airflow_venv/lib/python3.12/site-packages/airflow/example_dags/example_branch_operator.py
[2026-05-18T06:18:51.400+0000] {processor.py:925} INFO - DAG(s) 'example_branch_operator' retrieved from /home/noelsdavid/airflow_venv/lib/python3.12/site-packages/airflow/example_dags/example_branch_operator.py
[2026-05-18T06:18:51.446+0000] {logging_mixin.py:190} INFO - [2026-05-18T06:18:51.446+0000] {dag.py:3239} INFO - Sync 1 DAGs
[2026-05-18T06:18:51.482+0000] {logging_mixin.py:190} INFO - [2026-05-18T06:18:51.481+0000] {dag.py:4180} INFO - Setting next_dagrun for example_branch_operator to 2026-05-17 00:00:00+00:00, run_after=2026-05-18 00:00:00+00:00
[2026-05-18T06:18:51.519+0000] {processor.py:208} INFO - Processing /home/noelsdavid/airflow_venv/lib/python3.12/site-packages/airflow/example_dags/example_branch_operator.py took 0.171 seconds
[2026-05-18T06:19:52.202+0000] {processor.py:186} INFO - Started process (PID=8553) to work on /home/noelsdavid/airflow_venv/lib/python3.12/site-packages/airflow/example_dags/example_branch_operator.py
[2026-05-18T06:19:52.204+0000] {processor.py:914} INFO - Processing file /home/noelsdavid/airflow_venv/lib/python3.12/site-packages/airflow/example_dags/example_branch_operator.py for tasks to queue
[2026-05-18T06:19:52.208+0000] {logging_mixin.py:190} INFO - [2026-05-18T06:19:52.207+0000] {dagbag.py:588} INFO - Filling up the DagBag from /home/noelsdavid/airflow_venv/lib/python3.12/site-packages/airflow/example_dags/example_branch_operator.py
[2026-05-18T06:19:52.233+0000] {processor.py:925} INFO - DAG(s) 'example_branch_operator' retrieved from /home/noelsdavid/airflow_venv/lib/python3.12/site-packages/airflow/example_dags/example_branch_operator.py
[2026-05-18T06:19:52.263+0000] {logging_mixin.py:190} INFO - [2026-05-18T06:19:52.262+0000] {dag.py:3239} INFO - Sync 1 DAGs
[2026-05-18T06:19:52.289+0000] {logging_mixin.py:190} INFO - [2026-05-18T06:19:52.289+0000] {dag.py:4180} INFO - Setting next_dagrun for example_branch_operator to 2026-05-17 00:00:00+00:00, run_after=2026-05-18 00:00:00+00:00
[2026-05-18T06:19:52.317+0000] {processor.py:208} INFO - Processing /home/noelsdavid/airflow_venv/lib/python3.12/site-packages/airflow/example_dags/example_branch_operator.py took 0.123 seconds
[2026-05-18T06:20:55.971+0000] {processor.py:186} INFO - Started process (PID=8642) to work on /home/noelsdavid/airflow_venv/lib/python3.12/site-packages/airflow/example_dags/example_branch_operator.py
[2026-05-18T06:20:55.974+0000] {processor.py:914} INFO - Processing file /home/noelsdavid/airflow_venv/lib/python3.12/site-packages/airflow/example_dags/example_branch_operator.py for tasks to queue
[2026-05-18T06:20:55.976+0000] {logging_mixin.py:190} INFO - [2026-05-18T06:20:55.975+0000] {dagbag.py:588} INFO - Filling up the DagBag from /home/noelsdavid/airflow_venv/lib/python3.12/site-packages/airflow/example_dags/example_branch_operator.py
[2026-05-18T06:20:56.003+0000] {processor.py:925} INFO - DAG(s) 'example_branch_operator' retrieved from /home/noelsdavid/airflow_venv/lib/python3.12/site-packages/airflow/example_dags/example_branch_operator.py
[2026-05-18T06:20:56.036+0000] {logging_mixin.py:190} INFO - [2026-05-18T06:20:56.035+0000] {dag.py:3239} INFO - Sync 1 DAGs
[2026-05-18T06:20:56.063+0000] {logging_mixin.py:190} INFO - [2026-05-18T06:20:56.063+0000] {dag.py:4180} INFO - Setting next_dagrun for example_branch_operator to 2026-05-17 00:00:00+00:00, run_after=2026-05-18 00:00:00+00:00
[2026-05-18T06:20:56.098+0000] {processor.py:208} INFO - Processing /home/noelsdavid/airflow_venv/lib/python3.12/site-packages/airflow/example_dags/example_branch_operator.py took 0.134 seconds
[2026-05-18T06:21:59.971+0000] {processor.py:186} INFO - Started process (PID=8704) to work on /home/noelsdavid/airflow_venv/lib/python3.12/site-packages/airflow/example_dags/example_branch_operator.py
[2026-05-18T06:21:59.987+0000] {processor.py:914} INFO - Processing file /home/noelsdavid/airflow_venv/lib/python3.12/site-packages/airflow/example_dags/example_branch_operator.py for tasks to queue
[2026-05-18T06:21:59.989+0000] {logging_mixin.py:190} INFO - [2026-05-18T06:21:59.989+0000] {dagbag.py:588} INFO - Filling up the DagBag from /home/noelsdavid/airflow_venv/lib/python3.12/site-packages/airflow/example_dags/example_branch_operator.py
[2026-05-18T06:22:00.019+0000] {processor.py:925} INFO - DAG(s) 'example_branch_operator' retrieved from /home/noelsdavid/airflow_venv/lib/python3.12/site-packages/airflow/example_dags/example_branch_operator.py
[2026-05-18T06:22:00.050+0000] {logging_mixin.py:190} INFO - [2026-05-18T06:22:00.050+0000] {dag.py:3239} INFO - Sync 1 DAGs
[2026-05-18T06:22:00.078+0000] {logging_mixin.py:190} INFO - [2026-05-18T06:22:00.078+0000] {dag.py:4180} INFO - Setting next_dagrun for example_branch_operator to 2026-05-17 00:00:00+00:00, run_after=2026-05-18 00:00:00+00:00
[2026-05-18T06:22:00.108+0000] {processor.py:208} INFO - Processing /home/noelsdavid/airflow_venv/lib/python3.12/site-packages/airflow/example_dags/example_branch_operator.py took 0.145 seconds
[2026-05-18T06:23:03.459+0000] {processor.py:186} INFO - Started process (PID=8765) to work on /home/noelsdavid/airflow_venv/lib/python3.12/site-packages/airflow/example_dags/example_branch_operator.py
[2026-05-18T06:23:03.461+0000] {processor.py:914} INFO - Processing file /home/noelsdavid/airflow_venv/lib/python3.12/site-packages/airflow/example_dags/example_branch_operator.py for tasks to queue
[2026-05-18T06:23:03.463+0000] {logging_mixin.py:190} INFO - [2026-05-18T06:23:03.463+0000] {dagbag.py:588} INFO - Filling up the DagBag from /home/noelsdavid/airflow_venv/lib/python3.12/site-packages/airflow/example_dags/example_branch_operator.py
[2026-05-18T06:23:03.492+0000] {processor.py:925} INFO - DAG(s) 'example_branch_operator' retrieved from /home/noelsdavid/airflow_venv/lib/python3.12/site-packages/airflow/example_dags/example_branch_operator.py
[2026-05-18T06:23:03.524+0000] {logging_mixin.py:190} INFO - [2026-05-18T06:23:03.523+0000] {dag.py:3239} INFO - Sync 1 DAGs
[2026-05-18T06:23:03.550+0000] {logging_mixin.py:190} INFO - [2026-05-18T06:23:03.550+0000] {dag.py:4180} INFO - Setting next_dagrun for example_branch_operator to 2026-05-17 00:00:00+00:00, run_after=2026-05-18 00:00:00+00:00
[2026-05-18T06:23:03.581+0000] {processor.py:208} INFO - Processing /home/noelsdavid/airflow_venv/lib/python3.12/site-packages/airflow/example_dags/example_branch_operator.py took 0.130 seconds
[2026-05-18T06:24:08.147+0000] {processor.py:186} INFO - Started process (PID=8827) to work on /home/noelsdavid/airflow_venv/lib/python3.12/site-packages/airflow/example_dags/example_branch_operator.py
[2026-05-18T06:24:08.186+0000] {processor.py:914} INFO - Processing file /home/noelsdavid/airflow_venv/lib/python3.12/site-packages/airflow/example_dags/example_branch_operator.py for tasks to queue
[2026-05-18T06:24:08.188+0000] {logging_mixin.py:190} INFO - [2026-05-18T06:24:08.187+0000] {dagbag.py:588} INFO - Filling up the DagBag from /home/noelsdavid/airflow_venv/lib/python3.12/site-packages/airflow/example_dags/example_branch_operator.py
[2026-05-18T06:24:08.215+0000] {processor.py:925} INFO - DAG(s) 'example_branch_operator' retrieved from /home/noelsdavid/airflow_venv/lib/python3.12/site-packages/airflow/example_dags/example_branch_operator.py
[2026-05-18T06:24:08.246+0000] {logging_mixin.py:190} INFO - [2026-05-18T06:24:08.246+0000] {dag.py:3239} INFO - Sync 1 DAGs
[2026-05-18T06:24:08.274+0000] {logging_mixin.py:190} INFO - [2026-05-18T06:24:08.273+0000] {dag.py:4180} INFO - Setting next_dagrun for example_branch_operator to 2026-05-17 00:00:00+00:00, run_after=2026-05-18 00:00:00+00:00
[2026-05-18T06:24:08.304+0000] {processor.py:208} INFO - Processing /home/noelsdavid/airflow_venv/lib/python3.12/site-packages/airflow/example_dags/example_branch_operator.py took 0.165 seconds
[2026-05-18T06:25:13.553+0000] {processor.py:186} INFO - Started process (PID=8915) to work on /home/noelsdavid/airflow_venv/lib/python3.12/site-packages/airflow/example_dags/example_branch_operator.py
[2026-05-18T06:25:13.556+0000] {processor.py:914} INFO - Processing file /home/noelsdavid/airflow_venv/lib/python3.12/site-packages/airflow/example_dags/example_branch_operator.py for tasks to queue
[2026-05-18T06:25:13.558+0000] {logging_mixin.py:190} INFO - [2026-05-18T06:25:13.557+0000] {dagbag.py:588} INFO - Filling up the DagBag from /home/noelsdavid/airflow_venv/lib/python3.12/site-packages/airflow/example_dags/example_branch_operator.py
[2026-05-18T06:25:13.585+0000] {processor.py:925} INFO - DAG(s) 'example_branch_operator' retrieved from /home/noelsdavid/airflow_venv/lib/python3.12/site-packages/airflow/example_dags/example_branch_operator.py
[2026-05-18T06:25:13.621+0000] {logging_mixin.py:190} INFO - [2026-05-18T06:25:13.620+0000] {dag.py:3239} INFO - Sync 1 DAGs
[2026-05-18T06:25:13.648+0000] {logging_mixin.py:190} INFO - [2026-05-18T06:25:13.648+0000] {dag.py:4180} INFO - Setting next_dagrun for example_branch_operator to 2026-05-17 00:00:00+00:00, run_after=2026-05-18 00:00:00+00:00
[2026-05-18T06:25:13.679+0000] {processor.py:208} INFO - Processing /home/noelsdavid/airflow_venv/lib/python3.12/site-packages/airflow/example_dags/example_branch_operator.py took 0.134 seconds
[2026-05-18T06:26:17.939+0000] {processor.py:186} INFO - Started process (PID=9032) to work on /home/noelsdavid/airflow_venv/lib/python3.12/site-packages/airflow/example_dags/example_branch_operator.py
[2026-05-18T06:26:17.941+0000] {processor.py:914} INFO - Processing file /home/noelsdavid/airflow_venv/lib/python3.12/site-packages/airflow/example_dags/example_branch_operator.py for tasks to queue
[2026-05-18T06:26:17.943+0000] {logging_mixin.py:190} INFO - [2026-05-18T06:26:17.942+0000] {dagbag.py:588} INFO - Filling up the DagBag from /home/noelsdavid/airflow_venv/lib/python3.12/site-packages/airflow/example_dags/example_branch_operator.py
[2026-05-18T06:26:17.970+0000] {processor.py:925} INFO - DAG(s) 'example_branch_operator' retrieved from /home/noelsdavid/airflow_venv/lib/python3.12/site-packages/airflow/example_dags/example_branch_operator.py
[2026-05-18T06:26:18.003+0000] {logging_mixin.py:190} INFO - [2026-05-18T06:26:18.003+0000] {dag.py:3239} INFO - Sync 1 DAGs
[2026-05-18T06:26:18.036+0000] {logging_mixin.py:190} INFO - [2026-05-18T06:26:18.036+0000] {dag.py:4180} INFO - Setting next_dagrun for example_branch_operator to 2026-05-17 00:00:00+00:00, run_after=2026-05-18 00:00:00+00:00
[2026-05-18T06:26:18.067+0000] {processor.py:208} INFO - Processing /home/noelsdavid/airflow_venv/lib/python3.12/site-packages/airflow/example_dags/example_branch_operator.py took 0.138 seconds
[2026-05-18T06:27:37.056+0000] {processor.py:186} INFO - Started process (PID=9546) to work on /home/noelsdavid/airflow_venv/lib/python3.12/site-packages/airflow/example_dags/example_branch_operator.py
[2026-05-18T06:27:37.066+0000] {processor.py:914} INFO - Processing file /home/noelsdavid/airflow_venv/lib/python3.12/site-packages/airflow/example_dags/example_branch_operator.py for tasks to queue
[2026-05-18T06:27:37.068+0000] {logging_mixin.py:190} INFO - [2026-05-18T06:27:37.068+0000] {dagbag.py:588} INFO - Filling up the DagBag from /home/noelsdavid/airflow_venv/lib/python3.12/site-packages/airflow/example_dags/example_branch_operator.py
[2026-05-18T06:27:37.093+0000] {processor.py:925} INFO - DAG(s) 'example_branch_operator' retrieved from /home/noelsdavid/airflow_venv/lib/python3.12/site-packages/airflow/example_dags/example_branch_operator.py
[2026-05-18T06:27:37.124+0000] {logging_mixin.py:190} INFO - [2026-05-18T06:27:37.124+0000] {dag.py:3239} INFO - Sync 1 DAGs
[2026-05-18T06:27:37.152+0000] {logging_mixin.py:190} INFO - [2026-05-18T06:27:37.152+0000] {dag.py:4180} INFO - Setting next_dagrun for example_branch_operator to 2026-05-17 00:00:00+00:00, run_after=2026-05-18 00:00:00+00:00
[2026-05-18T06:27:37.184+0000] {processor.py:208} INFO - Processing /home/noelsdavid/airflow_venv/lib/python3.12/site-packages/airflow/example_dags/example_branch_operator.py took 0.137 seconds
[2026-05-18T06:28:50.378+0000] {processor.py:186} INFO - Started process (PID=9740) to work on /home/noelsdavid/airflow_venv/lib/python3.12/site-packages/airflow/example_dags/example_branch_operator.py
[2026-05-18T06:28:50.382+0000] {processor.py:914} INFO - Processing file /home/noelsdavid/airflow_venv/lib/python3.12/site-packages/airflow/example_dags/example_branch_operator.py for tasks to queue
[2026-05-18T06:28:50.385+0000] {logging_mixin.py:190} INFO - [2026-05-18T06:28:50.384+0000] {dagbag.py:588} INFO - Filling up the DagBag from /home/noelsdavid/airflow_venv/lib/python3.12/site-packages/airflow/example_dags/example_branch_operator.py
[2026-05-18T06:28:50.415+0000] {processor.py:925} INFO - DAG(s) 'example_branch_operator' retrieved from /home/noelsdavid/airflow_venv/lib/python3.12/site-packages/airflow/example_dags/example_branch_operator.py
[2026-05-18T06:28:50.459+0000] {logging_mixin.py:190} INFO - [2026-05-18T06:28:50.459+0000] {dag.py:3239} INFO - Sync 1 DAGs
[2026-05-18T06:28:50.496+0000] {logging_mixin.py:190} INFO - [2026-05-18T06:28:50.496+0000] {dag.py:4180} INFO - Setting next_dagrun for example_branch_operator to 2026-05-17 00:00:00+00:00, run_after=2026-05-18 00:00:00+00:00
[2026-05-18T06:28:50.544+0000] {processor.py:208} INFO - Processing /home/noelsdavid/airflow_venv/lib/python3.12/site-packages/airflow/example_dags/example_branch_operator.py took 0.177 seconds
[2026-05-18T06:30:00.212+0000] {processor.py:186} INFO - Started process (PID=9806) to work on /home/noelsdavid/airflow_venv/lib/python3.12/site-packages/airflow/example_dags/example_branch_operator.py
[2026-05-18T06:30:00.215+0000] {processor.py:914} INFO - Processing file /home/noelsdavid/airflow_venv/lib/python3.12/site-packages/airflow/example_dags/example_branch_operator.py for tasks to queue
[2026-05-18T06:30:00.217+0000] {logging_mixin.py:190} INFO - [2026-05-18T06:30:00.216+0000] {dagbag.py:588} INFO - Filling up the DagBag from /home/noelsdavid/airflow_venv/lib/python3.12/site-packages/airflow/example_dags/example_branch_operator.py
[2026-05-18T06:30:00.247+0000] {processor.py:925} INFO - DAG(s) 'example_branch_operator' retrieved from /home/noelsdavid/airflow_venv/lib/python3.12/site-packages/airflow/example_dags/example_branch_operator.py
[2026-05-18T06:30:00.282+0000] {logging_mixin.py:190} INFO - [2026-05-18T06:30:00.281+0000] {dag.py:3239} INFO - Sync 1 DAGs
[2026-05-18T06:30:00.311+0000] {logging_mixin.py:190} INFO - [2026-05-18T06:30:00.311+0000] {dag.py:4180} INFO - Setting next_dagrun for example_branch_operator to 2026-05-17 00:00:00+00:00, run_after=2026-05-18 00:00:00+00:00
[2026-05-18T06:30:00.354+0000] {processor.py:208} INFO - Processing /home/noelsdavid/airflow_venv/lib/python3.12/site-packages/airflow/example_dags/example_branch_operator.py took 0.150 seconds
[2026-05-18T06:31:05.774+0000] {processor.py:186} INFO - Started process (PID=9891) to work on /home/noelsdavid/airflow_venv/lib/python3.12/site-packages/airflow/example_dags/example_branch_operator.py
[2026-05-18T06:31:05.777+0000] {processor.py:914} INFO - Processing file /home/noelsdavid/airflow_venv/lib/python3.12/site-packages/airflow/example_dags/example_branch_operator.py for tasks to queue
[2026-05-18T06:31:05.779+0000] {logging_mixin.py:190} INFO - [2026-05-18T06:31:05.778+0000] {dagbag.py:588} INFO - Filling up the DagBag from /home/noelsdavid/airflow_venv/lib/python3.12/site-packages/airflow/example_dags/example_branch_operator.py
[2026-05-18T06:31:05.807+0000] {processor.py:925} INFO - DAG(s) 'example_branch_operator' retrieved from /home/noelsdavid/airflow_venv/lib/python3.12/site-packages/airflow/example_dags/example_branch_operator.py
[2026-05-18T06:31:05.837+0000] {logging_mixin.py:190} INFO - [2026-05-18T06:31:05.837+0000] {dag.py:3239} INFO - Sync 1 DAGs
[2026-05-18T06:31:05.864+0000] {logging_mixin.py:190} INFO - [2026-05-18T06:31:05.864+0000] {dag.py:4180} INFO - Setting next_dagrun for example_branch_operator to 2026-05-17 00:00:00+00:00, run_after=2026-05-18 00:00:00+00:00
[2026-05-18T06:31:05.893+0000] {processor.py:208} INFO - Processing /home/noelsdavid/airflow_venv/lib/python3.12/site-packages/airflow/example_dags/example_branch_operator.py took 0.127 seconds
[2026-05-18T06:32:09.569+0000] {processor.py:186} INFO - Started process (PID=9954) to work on /home/noelsdavid/airflow_venv/lib/python3.12/site-packages/airflow/example_dags/example_branch_operator.py
[2026-05-18T06:32:09.572+0000] {processor.py:914} INFO - Processing file /home/noelsdavid/airflow_venv/lib/python3.12/site-packages/airflow/example_dags/example_branch_operator.py for tasks to queue
[2026-05-18T06:32:09.574+0000] {logging_mixin.py:190} INFO - [2026-05-18T06:32:09.573+0000] {dagbag.py:588} INFO - Filling up the DagBag from /home/noelsdavid/airflow_venv/lib/python3.12/site-packages/airflow/example_dags/example_branch_operator.py
[2026-05-18T06:32:09.599+0000] {processor.py:925} INFO - DAG(s) 'example_branch_operator' retrieved from /home/noelsdavid/airflow_venv/lib/python3.12/site-packages/airflow/example_dags/example_branch_operator.py
[2026-05-18T06:32:09.632+0000] {logging_mixin.py:190} INFO - [2026-05-18T06:32:09.632+0000] {dag.py:3239} INFO - Sync 1 DAGs
[2026-05-18T06:32:09.659+0000] {logging_mixin.py:190} INFO - [2026-05-18T06:32:09.658+0000] {dag.py:4180} INFO - Setting next_dagrun for example_branch_operator to 2026-05-17 00:00:00+00:00, run_after=2026-05-18 00:00:00+00:00
[2026-05-18T06:32:09.688+0000] {processor.py:208} INFO - Processing /home/noelsdavid/airflow_venv/lib/python3.12/site-packages/airflow/example_dags/example_branch_operator.py took 0.128 seconds
[2026-05-18T06:33:08.494+0000] {processor.py:186} INFO - Started process (PID=10014) to work on /home/noelsdavid/airflow_venv/lib/python3.12/site-packages/airflow/example_dags/example_branch_operator.py
[2026-05-18T06:33:08.496+0000] {processor.py:914} INFO - Processing file /home/noelsdavid/airflow_venv/lib/python3.12/site-packages/airflow/example_dags/example_branch_operator.py for tasks to queue
[2026-05-18T06:33:08.498+0000] {logging_mixin.py:190} INFO - [2026-05-18T06:33:08.498+0000] {dagbag.py:588} INFO - Filling up the DagBag from /home/noelsdavid/airflow_venv/lib/python3.12/site-packages/airflow/example_dags/example_branch_operator.py
[2026-05-18T06:33:08.525+0000] {processor.py:925} INFO - DAG(s) 'example_branch_operator' retrieved from /home/noelsdavid/airflow_venv/lib/python3.12/site-packages/airflow/example_dags/example_branch_operator.py
[2026-05-18T06:33:08.557+0000] {logging_mixin.py:190} INFO - [2026-05-18T06:33:08.557+0000] {dag.py:3239} INFO - Sync 1 DAGs
[2026-05-18T06:33:08.586+0000] {logging_mixin.py:190} INFO - [2026-05-18T06:33:08.586+0000] {dag.py:4180} INFO - Setting next_dagrun for example_branch_operator to 2026-05-17 00:00:00+00:00, run_after=2026-05-18 00:00:00+00:00
[2026-05-18T06:33:08.615+0000] {processor.py:208} INFO - Processing /home/noelsdavid/airflow_venv/lib/python3.12/site-packages/airflow/example_dags/example_branch_operator.py took 0.129 seconds
[2026-05-18T06:34:15.487+0000] {processor.py:186} INFO - Started process (PID=10149) to work on /home/noelsdavid/airflow_venv/lib/python3.12/site-packages/airflow/example_dags/example_branch_operator.py
[2026-05-18T06:34:15.490+0000] {processor.py:914} INFO - Processing file /home/noelsdavid/airflow_venv/lib/python3.12/site-packages/airflow/example_dags/example_branch_operator.py for tasks to queue
[2026-05-18T06:34:15.492+0000] {logging_mixin.py:190} INFO - [2026-05-18T06:34:15.491+0000] {dagbag.py:588} INFO - Filling up the DagBag from /home/noelsdavid/airflow_venv/lib/python3.12/site-packages/airflow/example_dags/example_branch_operator.py
[2026-05-18T06:34:15.520+0000] {processor.py:925} INFO - DAG(s) 'example_branch_operator' retrieved from /home/noelsdavid/airflow_venv/lib/python3.12/site-packages/airflow/example_dags/example_branch_operator.py
[2026-05-18T06:34:15.552+0000] {logging_mixin.py:190} INFO - [2026-05-18T06:34:15.552+0000] {dag.py:3239} INFO - Sync 1 DAGs
[2026-05-18T06:34:15.584+0000] {logging_mixin.py:190} INFO - [2026-05-18T06:34:15.584+0000] {dag.py:4180} INFO - Setting next_dagrun for example_branch_operator to 2026-05-17 00:00:00+00:00, run_after=2026-05-18 00:00:00+00:00
[2026-05-18T06:34:15.617+0000] {processor.py:208} INFO - Processing /home/noelsdavid/airflow_venv/lib/python3.12/site-packages/airflow/example_dags/example_branch_operator.py took 0.137 seconds
[2026-05-18T06:35:19.295+0000] {processor.py:186} INFO - Started process (PID=10356) to work on /home/noelsdavid/airflow_venv/lib/python3.12/site-packages/airflow/example_dags/example_branch_operator.py
[2026-05-18T06:35:19.298+0000] {processor.py:914} INFO - Processing file /home/noelsdavid/airflow_venv/lib/python3.12/site-packages/airflow/example_dags/example_branch_operator.py for tasks to queue
[2026-05-18T06:35:19.299+0000] {logging_mixin.py:190} INFO - [2026-05-18T06:35:19.299+0000] {dagbag.py:588} INFO - Filling up the DagBag from /home/noelsdavid/airflow_venv/lib/python3.12/site-packages/airflow/example_dags/example_branch_operator.py
[2026-05-18T06:35:19.325+0000] {processor.py:925} INFO - DAG(s) 'example_branch_operator' retrieved from /home/noelsdavid/airflow_venv/lib/python3.12/site-packages/airflow/example_dags/example_branch_operator.py
[2026-05-18T06:35:19.356+0000] {logging_mixin.py:190} INFO - [2026-05-18T06:35:19.356+0000] {dag.py:3239} INFO - Sync 1 DAGs
[2026-05-18T06:35:19.383+0000] {logging_mixin.py:190} INFO - [2026-05-18T06:35:19.382+0000] {dag.py:4180} INFO - Setting next_dagrun for example_branch_operator to 2026-05-17 00:00:00+00:00, run_after=2026-05-18 00:00:00+00:00
[2026-05-18T06:35:19.414+0000] {processor.py:208} INFO - Processing /home/noelsdavid/airflow_venv/lib/python3.12/site-packages/airflow/example_dags/example_branch_operator.py took 0.127 seconds
[2026-05-18T06:36:23.508+0000] {processor.py:186} INFO - Started process (PID=10486) to work on /home/noelsdavid/airflow_venv/lib/python3.12/site-packages/airflow/example_dags/example_branch_operator.py
[2026-05-18T06:36:23.510+0000] {processor.py:914} INFO - Processing file /home/noelsdavid/airflow_venv/lib/python3.12/site-packages/airflow/example_dags/example_branch_operator.py for tasks to queue
[2026-05-18T06:36:23.512+0000] {logging_mixin.py:190} INFO - [2026-05-18T06:36:23.512+0000] {dagbag.py:588} INFO - Filling up the DagBag from /home/noelsdavid/airflow_venv/lib/python3.12/site-packages/airflow/example_dags/example_branch_operator.py
[2026-05-18T06:36:23.539+0000] {processor.py:925} INFO - DAG(s) 'example_branch_operator' retrieved from /home/noelsdavid/airflow_venv/lib/python3.12/site-packages/airflow/example_dags/example_branch_operator.py
[2026-05-18T06:36:23.572+0000] {logging_mixin.py:190} INFO - [2026-05-18T06:36:23.571+0000] {dag.py:3239} INFO - Sync 1 DAGs
[2026-05-18T06:36:23.600+0000] {logging_mixin.py:190} INFO - [2026-05-18T06:36:23.600+0000] {dag.py:4180} INFO - Setting next_dagrun for example_branch_operator to 2026-05-17 00:00:00+00:00, run_after=2026-05-18 00:00:00+00:00
[2026-05-18T06:36:23.630+0000] {processor.py:208} INFO - Processing /home/noelsdavid/airflow_venv/lib/python3.12/site-packages/airflow/example_dags/example_branch_operator.py took 0.130 seconds
[2026-05-18T06:37:24.955+0000] {processor.py:186} INFO - Started process (PID=10838) to work on /home/noelsdavid/airflow_venv/lib/python3.12/site-packages/airflow/example_dags/example_branch_operator.py
[2026-05-18T06:37:24.987+0000] {processor.py:914} INFO - Processing file /home/noelsdavid/airflow_venv/lib/python3.12/site-packages/airflow/example_dags/example_branch_operator.py for tasks to queue
[2026-05-18T06:37:24.989+0000] {logging_mixin.py:190} INFO - [2026-05-18T06:37:24.988+0000] {dagbag.py:588} INFO - Filling up the DagBag from /home/noelsdavid/airflow_venv/lib/python3.12/site-packages/airflow/example_dags/example_branch_operator.py
[2026-05-18T06:37:25.015+0000] {processor.py:925} INFO - DAG(s) 'example_branch_operator' retrieved from /home/noelsdavid/airflow_venv/lib/python3.12/site-packages/airflow/example_dags/example_branch_operator.py
[2026-05-18T06:37:25.045+0000] {logging_mixin.py:190} INFO - [2026-05-18T06:37:25.045+0000] {dag.py:3239} INFO - Sync 1 DAGs
[2026-05-18T06:37:25.074+0000] {logging_mixin.py:190} INFO - [2026-05-18T06:37:25.074+0000] {dag.py:4180} INFO - Setting next_dagrun for example_branch_operator to 2026-05-17 00:00:00+00:00, run_after=2026-05-18 00:00:00+00:00
[2026-05-18T06:37:25.104+0000] {processor.py:208} INFO - Processing /home/noelsdavid/airflow_venv/lib/python3.12/site-packages/airflow/example_dags/example_branch_operator.py took 0.157 seconds
[2026-05-18T06:38:31.819+0000] {processor.py:186} INFO - Started process (PID=11066) to work on /home/noelsdavid/airflow_venv/lib/python3.12/site-packages/airflow/example_dags/example_branch_operator.py
[2026-05-18T06:38:31.821+0000] {processor.py:914} INFO - Processing file /home/noelsdavid/airflow_venv/lib/python3.12/site-packages/airflow/example_dags/example_branch_operator.py for tasks to queue
[2026-05-18T06:38:31.824+0000] {logging_mixin.py:190} INFO - [2026-05-18T06:38:31.823+0000] {dagbag.py:588} INFO - Filling up the DagBag from /home/noelsdavid/airflow_venv/lib/python3.12/site-packages/airflow/example_dags/example_branch_operator.py
[2026-05-18T06:38:31.849+0000] {processor.py:925} INFO - DAG(s) 'example_branch_operator' retrieved from /home/noelsdavid/airflow_venv/lib/python3.12/site-packages/airflow/example_dags/example_branch_operator.py
[2026-05-18T06:38:31.880+0000] {logging_mixin.py:190} INFO - [2026-05-18T06:38:31.879+0000] {dag.py:3239} INFO - Sync 1 DAGs
[2026-05-18T06:38:31.907+0000] {logging_mixin.py:190} INFO - [2026-05-18T06:38:31.907+0000] {dag.py:4180} INFO - Setting next_dagrun for example_branch_operator to 2026-05-17 00:00:00+00:00, run_after=2026-05-18 00:00:00+00:00
[2026-05-18T06:38:31.939+0000] {processor.py:208} INFO - Processing /home/noelsdavid/airflow_venv/lib/python3.12/site-packages/airflow/example_dags/example_branch_operator.py took 0.127 seconds
[2026-05-18T06:39:35.379+0000] {processor.py:186} INFO - Started process (PID=11291) to work on /home/noelsdavid/airflow_venv/lib/python3.12/site-packages/airflow/example_dags/example_branch_operator.py
[2026-05-18T06:39:35.398+0000] {processor.py:914} INFO - Processing file /home/noelsdavid/airflow_venv/lib/python3.12/site-packages/airflow/example_dags/example_branch_operator.py for tasks to queue
[2026-05-18T06:39:35.400+0000] {logging_mixin.py:190} INFO - [2026-05-18T06:39:35.399+0000] {dagbag.py:588} INFO - Filling up the DagBag from /home/noelsdavid/airflow_venv/lib/python3.12/site-packages/airflow/example_dags/example_branch_operator.py
[2026-05-18T06:39:35.430+0000] {processor.py:925} INFO - DAG(s) 'example_branch_operator' retrieved from /home/noelsdavid/airflow_venv/lib/python3.12/site-packages/airflow/example_dags/example_branch_operator.py
[2026-05-18T06:39:35.477+0000] {logging_mixin.py:190} INFO - [2026-05-18T06:39:35.477+0000] {dag.py:3239} INFO - Sync 1 DAGs
[2026-05-18T06:39:35.516+0000] {logging_mixin.py:190} INFO - [2026-05-18T06:39:35.514+0000] {dag.py:4180} INFO - Setting next_dagrun for example_branch_operator to 2026-05-17 00:00:00+00:00, run_after=2026-05-18 00:00:00+00:00
[2026-05-18T06:39:35.572+0000] {processor.py:208} INFO - Processing /home/noelsdavid/airflow_venv/lib/python3.12/site-packages/airflow/example_dags/example_branch_operator.py took 0.202 seconds
[2026-05-18T06:40:46.658+0000] {processor.py:186} INFO - Started process (PID=11603) to work on /home/noelsdavid/airflow_venv/lib/python3.12/site-packages/airflow/example_dags/example_branch_operator.py
[2026-05-18T06:40:46.661+0000] {processor.py:914} INFO - Processing file /home/noelsdavid/airflow_venv/lib/python3.12/site-packages/airflow/example_dags/example_branch_operator.py for tasks to queue
[2026-05-18T06:40:46.663+0000] {logging_mixin.py:190} INFO - [2026-05-18T06:40:46.662+0000] {dagbag.py:588} INFO - Filling up the DagBag from /home/noelsdavid/airflow_venv/lib/python3.12/site-packages/airflow/example_dags/example_branch_operator.py
[2026-05-18T06:40:46.690+0000] {processor.py:925} INFO - DAG(s) 'example_branch_operator' retrieved from /home/noelsdavid/airflow_venv/lib/python3.12/site-packages/airflow/example_dags/example_branch_operator.py
[2026-05-18T06:40:46.724+0000] {logging_mixin.py:190} INFO - [2026-05-18T06:40:46.723+0000] {dag.py:3239} INFO - Sync 1 DAGs
[2026-05-18T06:40:46.752+0000] {logging_mixin.py:190} INFO - [2026-05-18T06:40:46.751+0000] {dag.py:4180} INFO - Setting next_dagrun for example_branch_operator to 2026-05-17 00:00:00+00:00, run_after=2026-05-18 00:00:00+00:00
[2026-05-18T06:40:46.796+0000] {processor.py:208} INFO - Processing /home/noelsdavid/airflow_venv/lib/python3.12/site-packages/airflow/example_dags/example_branch_operator.py took 0.145 seconds
[2026-05-18T06:41:59.226+0000] {processor.py:186} INFO - Started process (PID=12277) to work on /home/noelsdavid/airflow_venv/lib/python3.12/site-packages/airflow/example_dags/example_branch_operator.py
[2026-05-18T06:41:59.229+0000] {processor.py:914} INFO - Processing file /home/noelsdavid/airflow_venv/lib/python3.12/site-packages/airflow/example_dags/example_branch_operator.py for tasks to queue
[2026-05-18T06:41:59.231+0000] {logging_mixin.py:190} INFO - [2026-05-18T06:41:59.230+0000] {dagbag.py:588} INFO - Filling up the DagBag from /home/noelsdavid/airflow_venv/lib/python3.12/site-packages/airflow/example_dags/example_branch_operator.py
[2026-05-18T06:41:59.257+0000] {processor.py:925} INFO - DAG(s) 'example_branch_operator' retrieved from /home/noelsdavid/airflow_venv/lib/python3.12/site-packages/airflow/example_dags/example_branch_operator.py
[2026-05-18T06:41:59.289+0000] {logging_mixin.py:190} INFO - [2026-05-18T06:41:59.289+0000] {dag.py:3239} INFO - Sync 1 DAGs
[2026-05-18T06:41:59.321+0000] {logging_mixin.py:190} INFO - [2026-05-18T06:41:59.320+0000] {dag.py:4180} INFO - Setting next_dagrun for example_branch_operator to 2026-05-17 00:00:00+00:00, run_after=2026-05-18 00:00:00+00:00
[2026-05-18T06:41:59.356+0000] {processor.py:208} INFO - Processing /home/noelsdavid/airflow_venv/lib/python3.12/site-packages/airflow/example_dags/example_branch_operator.py took 0.138 seconds
[2026-05-18T06:43:12.155+0000] {processor.py:186} INFO - Started process (PID=12654) to work on /home/noelsdavid/airflow_venv/lib/python3.12/site-packages/airflow/example_dags/example_branch_operator.py
[2026-05-18T06:43:12.158+0000] {processor.py:914} INFO - Processing file /home/noelsdavid/airflow_venv/lib/python3.12/site-packages/airflow/example_dags/example_branch_operator.py for tasks to queue
[2026-05-18T06:43:12.160+0000] {logging_mixin.py:190} INFO - [2026-05-18T06:43:12.159+0000] {dagbag.py:588} INFO - Filling up the DagBag from /home/noelsdavid/airflow_venv/lib/python3.12/site-packages/airflow/example_dags/example_branch_operator.py
[2026-05-18T06:43:12.186+0000] {processor.py:925} INFO - DAG(s) 'example_branch_operator' retrieved from /home/noelsdavid/airflow_venv/lib/python3.12/site-packages/airflow/example_dags/example_branch_operator.py
[2026-05-18T06:43:12.225+0000] {logging_mixin.py:190} INFO - [2026-05-18T06:43:12.224+0000] {dag.py:3239} INFO - Sync 1 DAGs
[2026-05-18T06:43:12.261+0000] {logging_mixin.py:190} INFO - [2026-05-18T06:43:12.260+0000] {dag.py:4180} INFO - Setting next_dagrun for example_branch_operator to 2026-05-17 00:00:00+00:00, run_after=2026-05-18 00:00:00+00:00
[2026-05-18T06:43:12.305+0000] {processor.py:208} INFO - Processing /home/noelsdavid/airflow_venv/lib/python3.12/site-packages/airflow/example_dags/example_branch_operator.py took 0.159 seconds
[2026-05-18T06:44:49.937+0000] {processor.py:186} INFO - Started process (PID=13064) to work on /home/noelsdavid/airflow_venv/lib/python3.12/site-packages/airflow/example_dags/example_branch_operator.py
[2026-05-18T06:44:49.940+0000] {processor.py:914} INFO - Processing file /home/noelsdavid/airflow_venv/lib/python3.12/site-packages/airflow/example_dags/example_branch_operator.py for tasks to queue
[2026-05-18T06:44:49.942+0000] {logging_mixin.py:190} INFO - [2026-05-18T06:44:49.941+0000] {dagbag.py:588} INFO - Filling up the DagBag from /home/noelsdavid/airflow_venv/lib/python3.12/site-packages/airflow/example_dags/example_branch_operator.py
[2026-05-18T06:44:49.973+0000] {processor.py:925} INFO - DAG(s) 'example_branch_operator' retrieved from /home/noelsdavid/airflow_venv/lib/python3.12/site-packages/airflow/example_dags/example_branch_operator.py
[2026-05-18T06:44:50.017+0000] {logging_mixin.py:190} INFO - [2026-05-18T06:44:50.016+0000] {dag.py:3239} INFO - Sync 1 DAGs
[2026-05-18T06:44:50.048+0000] {logging_mixin.py:190} INFO - [2026-05-18T06:44:50.048+0000] {dag.py:4180} INFO - Setting next_dagrun for example_branch_operator to 2026-05-17 00:00:00+00:00, run_after=2026-05-18 00:00:00+00:00
[2026-05-18T06:44:50.105+0000] {processor.py:208} INFO - Processing /home/noelsdavid/airflow_venv/lib/python3.12/site-packages/airflow/example_dags/example_branch_operator.py took 0.177 seconds
[2026-05-18T06:46:02.349+0000] {processor.py:186} INFO - Started process (PID=13166) to work on /home/noelsdavid/airflow_venv/lib/python3.12/site-packages/airflow/example_dags/example_branch_operator.py
[2026-05-18T06:46:02.375+0000] {processor.py:914} INFO - Processing file /home/noelsdavid/airflow_venv/lib/python3.12/site-packages/airflow/example_dags/example_branch_operator.py for tasks to queue
[2026-05-18T06:46:02.378+0000] {logging_mixin.py:190} INFO - [2026-05-18T06:46:02.377+0000] {dagbag.py:588} INFO - Filling up the DagBag from /home/noelsdavid/airflow_venv/lib/python3.12/site-packages/airflow/example_dags/example_branch_operator.py
[2026-05-18T06:46:02.403+0000] {processor.py:925} INFO - DAG(s) 'example_branch_operator' retrieved from /home/noelsdavid/airflow_venv/lib/python3.12/site-packages/airflow/example_dags/example_branch_operator.py
[2026-05-18T06:46:02.441+0000] {logging_mixin.py:190} INFO - [2026-05-18T06:46:02.441+0000] {dag.py:3239} INFO - Sync 1 DAGs
[2026-05-18T06:46:02.471+0000] {logging_mixin.py:190} INFO - [2026-05-18T06:46:02.471+0000] {dag.py:4180} INFO - Setting next_dagrun for example_branch_operator to 2026-05-17 00:00:00+00:00, run_after=2026-05-18 00:00:00+00:00
[2026-05-18T06:46:02.504+0000] {processor.py:208} INFO - Processing /home/noelsdavid/airflow_venv/lib/python3.12/site-packages/airflow/example_dags/example_branch_operator.py took 0.165 seconds
[2026-05-18T06:47:11.003+0000] {processor.py:186} INFO - Started process (PID=13243) to work on /home/noelsdavid/airflow_venv/lib/python3.12/site-packages/airflow/example_dags/example_branch_operator.py
[2026-05-18T06:47:11.005+0000] {processor.py:914} INFO - Processing file /home/noelsdavid/airflow_venv/lib/python3.12/site-packages/airflow/example_dags/example_branch_operator.py for tasks to queue
[2026-05-18T06:47:11.007+0000] {logging_mixin.py:190} INFO - [2026-05-18T06:47:11.007+0000] {dagbag.py:588} INFO - Filling up the DagBag from /home/noelsdavid/airflow_venv/lib/python3.12/site-packages/airflow/example_dags/example_branch_operator.py
[2026-05-18T06:47:11.035+0000] {processor.py:925} INFO - DAG(s) 'example_branch_operator' retrieved from /home/noelsdavid/airflow_venv/lib/python3.12/site-packages/airflow/example_dags/example_branch_operator.py
[2026-05-18T06:47:11.069+0000] {logging_mixin.py:190} INFO - [2026-05-18T06:47:11.069+0000] {dag.py:3239} INFO - Sync 1 DAGs
[2026-05-18T06:47:11.098+0000] {logging_mixin.py:190} INFO - [2026-05-18T06:47:11.098+0000] {dag.py:4180} INFO - Setting next_dagrun for example_branch_operator to 2026-05-17 00:00:00+00:00, run_after=2026-05-18 00:00:00+00:00
[2026-05-18T06:47:11.132+0000] {processor.py:208} INFO - Processing /home/noelsdavid/airflow_venv/lib/python3.12/site-packages/airflow/example_dags/example_branch_operator.py took 0.138 seconds
[2026-05-18T06:48:16.674+0000] {processor.py:186} INFO - Started process (PID=13315) to work on /home/noelsdavid/airflow_venv/lib/python3.12/site-packages/airflow/example_dags/example_branch_operator.py
[2026-05-18T06:48:16.677+0000] {processor.py:914} INFO - Processing file /home/noelsdavid/airflow_venv/lib/python3.12/site-packages/airflow/example_dags/example_branch_operator.py for tasks to queue
[2026-05-18T06:48:16.679+0000] {logging_mixin.py:190} INFO - [2026-05-18T06:48:16.679+0000] {dagbag.py:588} INFO - Filling up the DagBag from /home/noelsdavid/airflow_venv/lib/python3.12/site-packages/airflow/example_dags/example_branch_operator.py
[2026-05-18T06:48:16.709+0000] {processor.py:925} INFO - DAG(s) 'example_branch_operator' retrieved from /home/noelsdavid/airflow_venv/lib/python3.12/site-packages/airflow/example_dags/example_branch_operator.py
[2026-05-18T06:48:16.743+0000] {logging_mixin.py:190} INFO - [2026-05-18T06:48:16.742+0000] {dag.py:3239} INFO - Sync 1 DAGs
[2026-05-18T06:48:16.770+0000] {logging_mixin.py:190} INFO - [2026-05-18T06:48:16.770+0000] {dag.py:4180} INFO - Setting next_dagrun for example_branch_operator to 2026-05-17 00:00:00+00:00, run_after=2026-05-18 00:00:00+00:00
[2026-05-18T06:48:16.801+0000] {processor.py:208} INFO - Processing /home/noelsdavid/airflow_venv/lib/python3.12/site-packages/airflow/example_dags/example_branch_operator.py took 0.136 seconds
[2026-05-18T06:49:21.761+0000] {processor.py:186} INFO - Started process (PID=13389) to work on /home/noelsdavid/airflow_venv/lib/python3.12/site-packages/airflow/example_dags/example_branch_operator.py
[2026-05-18T06:49:21.764+0000] {processor.py:914} INFO - Processing file /home/noelsdavid/airflow_venv/lib/python3.12/site-packages/airflow/example_dags/example_branch_operator.py for tasks to queue
[2026-05-18T06:49:21.766+0000] {logging_mixin.py:190} INFO - [2026-05-18T06:49:21.765+0000] {dagbag.py:588} INFO - Filling up the DagBag from /home/noelsdavid/airflow_venv/lib/python3.12/site-packages/airflow/example_dags/example_branch_operator.py
[2026-05-18T06:49:21.796+0000] {processor.py:925} INFO - DAG(s) 'example_branch_operator' retrieved from /home/noelsdavid/airflow_venv/lib/python3.12/site-packages/airflow/example_dags/example_branch_operator.py
[2026-05-18T06:49:21.828+0000] {logging_mixin.py:190} INFO - [2026-05-18T06:49:21.827+0000] {dag.py:3239} INFO - Sync 1 DAGs
[2026-05-18T06:49:21.854+0000] {logging_mixin.py:190} INFO - [2026-05-18T06:49:21.854+0000] {dag.py:4180} INFO - Setting next_dagrun for example_branch_operator to 2026-05-17 00:00:00+00:00, run_after=2026-05-18 00:00:00+00:00
[2026-05-18T06:49:21.885+0000] {processor.py:208} INFO - Processing /home/noelsdavid/airflow_venv/lib/python3.12/site-packages/airflow/example_dags/example_branch_operator.py took 0.142 seconds
[2026-05-18T06:50:28.895+0000] {processor.py:186} INFO - Started process (PID=13958) to work on /home/noelsdavid/airflow_venv/lib/python3.12/site-packages/airflow/example_dags/example_branch_operator.py
[2026-05-18T06:50:28.897+0000] {processor.py:914} INFO - Processing file /home/noelsdavid/airflow_venv/lib/python3.12/site-packages/airflow/example_dags/example_branch_operator.py for tasks to queue
[2026-05-18T06:50:28.899+0000] {logging_mixin.py:190} INFO - [2026-05-18T06:50:28.898+0000] {dagbag.py:588} INFO - Filling up the DagBag from /home/noelsdavid/airflow_venv/lib/python3.12/site-packages/airflow/example_dags/example_branch_operator.py
[2026-05-18T06:50:28.924+0000] {processor.py:925} INFO - DAG(s) 'example_branch_operator' retrieved from /home/noelsdavid/airflow_venv/lib/python3.12/site-packages/airflow/example_dags/example_branch_operator.py
[2026-05-18T06:50:28.955+0000] {logging_mixin.py:190} INFO - [2026-05-18T06:50:28.954+0000] {dag.py:3239} INFO - Sync 1 DAGs
[2026-05-18T06:50:28.982+0000] {logging_mixin.py:190} INFO - [2026-05-18T06:50:28.981+0000] {dag.py:4180} INFO - Setting next_dagrun for example_branch_operator to 2026-05-17 00:00:00+00:00, run_after=2026-05-18 00:00:00+00:00
[2026-05-18T06:50:29.013+0000] {processor.py:208} INFO - Processing /home/noelsdavid/airflow_venv/lib/python3.12/site-packages/airflow/example_dags/example_branch_operator.py took 0.127 seconds
