[2026-05-18T06:00:44.975+0000] {processor.py:186} INFO - Started process (PID=6922) to work on /home/noelsdavid/airflow_venv/lib/python3.12/site-packages/airflow/example_dags/example_local_kubernetes_executor.py
[2026-05-18T06:00:44.976+0000] {processor.py:914} INFO - Processing file /home/noelsdavid/airflow_venv/lib/python3.12/site-packages/airflow/example_dags/example_local_kubernetes_executor.py for tasks to queue
[2026-05-18T06:00:44.979+0000] {logging_mixin.py:190} INFO - [2026-05-18T06:00:44.978+0000] {dagbag.py:588} INFO - Filling up the DagBag from /home/noelsdavid/airflow_venv/lib/python3.12/site-packages/airflow/example_dags/example_local_kubernetes_executor.py
[2026-05-18T06:00:44.984+0000] {logging_mixin.py:190} INFO - [2026-05-18T06:00:44.983+0000] {example_local_kubernetes_executor.py:40} WARNING - Could not import DAGs in example_local_kubernetes_executor.py
Traceback (most recent call last):
  File "/home/noelsdavid/airflow_venv/lib/python3.12/site-packages/airflow/example_dags/example_local_kubernetes_executor.py", line 38, in <module>
    from kubernetes.client import models as k8s
ModuleNotFoundError: No module named 'kubernetes'
[2026-05-18T06:00:44.984+0000] {logging_mixin.py:190} INFO - [2026-05-18T06:00:44.984+0000] {example_local_kubernetes_executor.py:41} WARNING - Install Kubernetes dependencies with: pip install apache-airflow[cncf.kubernetes]
[2026-05-18T06:00:44.984+0000] {processor.py:927} WARNING - No viable dags retrieved from /home/noelsdavid/airflow_venv/lib/python3.12/site-packages/airflow/example_dags/example_local_kubernetes_executor.py
[2026-05-18T06:00:44.998+0000] {processor.py:208} INFO - Processing /home/noelsdavid/airflow_venv/lib/python3.12/site-packages/airflow/example_dags/example_local_kubernetes_executor.py took 0.030 seconds
[2026-05-18T06:01:52.216+0000] {processor.py:186} INFO - Started process (PID=6981) to work on /home/noelsdavid/airflow_venv/lib/python3.12/site-packages/airflow/example_dags/example_local_kubernetes_executor.py
[2026-05-18T06:01:52.219+0000] {processor.py:914} INFO - Processing file /home/noelsdavid/airflow_venv/lib/python3.12/site-packages/airflow/example_dags/example_local_kubernetes_executor.py for tasks to queue
[2026-05-18T06:01:52.222+0000] {logging_mixin.py:190} INFO - [2026-05-18T06:01:52.221+0000] {dagbag.py:588} INFO - Filling up the DagBag from /home/noelsdavid/airflow_venv/lib/python3.12/site-packages/airflow/example_dags/example_local_kubernetes_executor.py
[2026-05-18T06:01:52.226+0000] {logging_mixin.py:190} INFO - [2026-05-18T06:01:52.225+0000] {example_local_kubernetes_executor.py:40} WARNING - Could not import DAGs in example_local_kubernetes_executor.py
Traceback (most recent call last):
  File "/home/noelsdavid/airflow_venv/lib/python3.12/site-packages/airflow/example_dags/example_local_kubernetes_executor.py", line 38, in <module>
    from kubernetes.client import models as k8s
ModuleNotFoundError: No module named 'kubernetes'
[2026-05-18T06:01:52.227+0000] {logging_mixin.py:190} INFO - [2026-05-18T06:01:52.226+0000] {example_local_kubernetes_executor.py:41} WARNING - Install Kubernetes dependencies with: pip install apache-airflow[cncf.kubernetes]
[2026-05-18T06:01:52.227+0000] {processor.py:927} WARNING - No viable dags retrieved from /home/noelsdavid/airflow_venv/lib/python3.12/site-packages/airflow/example_dags/example_local_kubernetes_executor.py
[2026-05-18T06:01:52.242+0000] {processor.py:208} INFO - Processing /home/noelsdavid/airflow_venv/lib/python3.12/site-packages/airflow/example_dags/example_local_kubernetes_executor.py took 0.033 seconds
[2026-05-18T06:02:52.286+0000] {processor.py:186} INFO - Started process (PID=7041) to work on /home/noelsdavid/airflow_venv/lib/python3.12/site-packages/airflow/example_dags/example_local_kubernetes_executor.py
[2026-05-18T06:02:52.288+0000] {processor.py:914} INFO - Processing file /home/noelsdavid/airflow_venv/lib/python3.12/site-packages/airflow/example_dags/example_local_kubernetes_executor.py for tasks to queue
[2026-05-18T06:02:52.291+0000] {logging_mixin.py:190} INFO - [2026-05-18T06:02:52.291+0000] {dagbag.py:588} INFO - Filling up the DagBag from /home/noelsdavid/airflow_venv/lib/python3.12/site-packages/airflow/example_dags/example_local_kubernetes_executor.py
[2026-05-18T06:02:52.296+0000] {logging_mixin.py:190} INFO - [2026-05-18T06:02:52.295+0000] {example_local_kubernetes_executor.py:40} WARNING - Could not import DAGs in example_local_kubernetes_executor.py
Traceback (most recent call last):
  File "/home/noelsdavid/airflow_venv/lib/python3.12/site-packages/airflow/example_dags/example_local_kubernetes_executor.py", line 38, in <module>
    from kubernetes.client import models as k8s
ModuleNotFoundError: No module named 'kubernetes'
[2026-05-18T06:02:52.296+0000] {logging_mixin.py:190} INFO - [2026-05-18T06:02:52.296+0000] {example_local_kubernetes_executor.py:41} WARNING - Install Kubernetes dependencies with: pip install apache-airflow[cncf.kubernetes]
[2026-05-18T06:02:52.297+0000] {processor.py:927} WARNING - No viable dags retrieved from /home/noelsdavid/airflow_venv/lib/python3.12/site-packages/airflow/example_dags/example_local_kubernetes_executor.py
[2026-05-18T06:02:52.310+0000] {processor.py:208} INFO - Processing /home/noelsdavid/airflow_venv/lib/python3.12/site-packages/airflow/example_dags/example_local_kubernetes_executor.py took 0.032 seconds
[2026-05-18T06:03:52.215+0000] {processor.py:186} INFO - Started process (PID=7100) to work on /home/noelsdavid/airflow_venv/lib/python3.12/site-packages/airflow/example_dags/example_local_kubernetes_executor.py
[2026-05-18T06:03:52.217+0000] {processor.py:914} INFO - Processing file /home/noelsdavid/airflow_venv/lib/python3.12/site-packages/airflow/example_dags/example_local_kubernetes_executor.py for tasks to queue
[2026-05-18T06:03:52.220+0000] {logging_mixin.py:190} INFO - [2026-05-18T06:03:52.219+0000] {dagbag.py:588} INFO - Filling up the DagBag from /home/noelsdavid/airflow_venv/lib/python3.12/site-packages/airflow/example_dags/example_local_kubernetes_executor.py
[2026-05-18T06:03:52.225+0000] {logging_mixin.py:190} INFO - [2026-05-18T06:03:52.224+0000] {example_local_kubernetes_executor.py:40} WARNING - Could not import DAGs in example_local_kubernetes_executor.py
Traceback (most recent call last):
  File "/home/noelsdavid/airflow_venv/lib/python3.12/site-packages/airflow/example_dags/example_local_kubernetes_executor.py", line 38, in <module>
    from kubernetes.client import models as k8s
ModuleNotFoundError: No module named 'kubernetes'
[2026-05-18T06:03:52.225+0000] {logging_mixin.py:190} INFO - [2026-05-18T06:03:52.225+0000] {example_local_kubernetes_executor.py:41} WARNING - Install Kubernetes dependencies with: pip install apache-airflow[cncf.kubernetes]
[2026-05-18T06:03:52.226+0000] {processor.py:927} WARNING - No viable dags retrieved from /home/noelsdavid/airflow_venv/lib/python3.12/site-packages/airflow/example_dags/example_local_kubernetes_executor.py
[2026-05-18T06:03:52.241+0000] {processor.py:208} INFO - Processing /home/noelsdavid/airflow_venv/lib/python3.12/site-packages/airflow/example_dags/example_local_kubernetes_executor.py took 0.034 seconds
[2026-05-18T06:04:52.230+0000] {processor.py:186} INFO - Started process (PID=7160) to work on /home/noelsdavid/airflow_venv/lib/python3.12/site-packages/airflow/example_dags/example_local_kubernetes_executor.py
[2026-05-18T06:04:52.246+0000] {processor.py:914} INFO - Processing file /home/noelsdavid/airflow_venv/lib/python3.12/site-packages/airflow/example_dags/example_local_kubernetes_executor.py for tasks to queue
[2026-05-18T06:04:52.249+0000] {logging_mixin.py:190} INFO - [2026-05-18T06:04:52.248+0000] {dagbag.py:588} INFO - Filling up the DagBag from /home/noelsdavid/airflow_venv/lib/python3.12/site-packages/airflow/example_dags/example_local_kubernetes_executor.py
[2026-05-18T06:04:52.254+0000] {logging_mixin.py:190} INFO - [2026-05-18T06:04:52.253+0000] {example_local_kubernetes_executor.py:40} WARNING - Could not import DAGs in example_local_kubernetes_executor.py
Traceback (most recent call last):
  File "/home/noelsdavid/airflow_venv/lib/python3.12/site-packages/airflow/example_dags/example_local_kubernetes_executor.py", line 38, in <module>
    from kubernetes.client import models as k8s
ModuleNotFoundError: No module named 'kubernetes'
[2026-05-18T06:04:52.255+0000] {logging_mixin.py:190} INFO - [2026-05-18T06:04:52.254+0000] {example_local_kubernetes_executor.py:41} WARNING - Install Kubernetes dependencies with: pip install apache-airflow[cncf.kubernetes]
[2026-05-18T06:04:52.255+0000] {processor.py:927} WARNING - No viable dags retrieved from /home/noelsdavid/airflow_venv/lib/python3.12/site-packages/airflow/example_dags/example_local_kubernetes_executor.py
[2026-05-18T06:04:52.270+0000] {processor.py:208} INFO - Processing /home/noelsdavid/airflow_venv/lib/python3.12/site-packages/airflow/example_dags/example_local_kubernetes_executor.py took 0.048 seconds
[2026-05-18T06:06:05.941+0000] {processor.py:186} INFO - Started process (PID=7249) to work on /home/noelsdavid/airflow_venv/lib/python3.12/site-packages/airflow/example_dags/example_local_kubernetes_executor.py
[2026-05-18T06:06:05.943+0000] {processor.py:914} INFO - Processing file /home/noelsdavid/airflow_venv/lib/python3.12/site-packages/airflow/example_dags/example_local_kubernetes_executor.py for tasks to queue
[2026-05-18T06:06:05.947+0000] {logging_mixin.py:190} INFO - [2026-05-18T06:06:05.946+0000] {dagbag.py:588} INFO - Filling up the DagBag from /home/noelsdavid/airflow_venv/lib/python3.12/site-packages/airflow/example_dags/example_local_kubernetes_executor.py
[2026-05-18T06:06:05.952+0000] {logging_mixin.py:190} INFO - [2026-05-18T06:06:05.951+0000] {example_local_kubernetes_executor.py:40} WARNING - Could not import DAGs in example_local_kubernetes_executor.py
Traceback (most recent call last):
  File "/home/noelsdavid/airflow_venv/lib/python3.12/site-packages/airflow/example_dags/example_local_kubernetes_executor.py", line 38, in <module>
    from kubernetes.client import models as k8s
ModuleNotFoundError: No module named 'kubernetes'
[2026-05-18T06:06:05.952+0000] {logging_mixin.py:190} INFO - [2026-05-18T06:06:05.952+0000] {example_local_kubernetes_executor.py:41} WARNING - Install Kubernetes dependencies with: pip install apache-airflow[cncf.kubernetes]
[2026-05-18T06:06:05.953+0000] {processor.py:927} WARNING - No viable dags retrieved from /home/noelsdavid/airflow_venv/lib/python3.12/site-packages/airflow/example_dags/example_local_kubernetes_executor.py
[2026-05-18T06:06:05.968+0000] {processor.py:208} INFO - Processing /home/noelsdavid/airflow_venv/lib/python3.12/site-packages/airflow/example_dags/example_local_kubernetes_executor.py took 0.035 seconds
[2026-05-18T06:07:03.960+0000] {processor.py:186} INFO - Started process (PID=7310) to work on /home/noelsdavid/airflow_venv/lib/python3.12/site-packages/airflow/example_dags/example_local_kubernetes_executor.py
[2026-05-18T06:07:03.978+0000] {processor.py:914} INFO - Processing file /home/noelsdavid/airflow_venv/lib/python3.12/site-packages/airflow/example_dags/example_local_kubernetes_executor.py for tasks to queue
[2026-05-18T06:07:03.981+0000] {logging_mixin.py:190} INFO - [2026-05-18T06:07:03.980+0000] {dagbag.py:588} INFO - Filling up the DagBag from /home/noelsdavid/airflow_venv/lib/python3.12/site-packages/airflow/example_dags/example_local_kubernetes_executor.py
[2026-05-18T06:07:03.986+0000] {logging_mixin.py:190} INFO - [2026-05-18T06:07:03.985+0000] {example_local_kubernetes_executor.py:40} WARNING - Could not import DAGs in example_local_kubernetes_executor.py
Traceback (most recent call last):
  File "/home/noelsdavid/airflow_venv/lib/python3.12/site-packages/airflow/example_dags/example_local_kubernetes_executor.py", line 38, in <module>
    from kubernetes.client import models as k8s
ModuleNotFoundError: No module named 'kubernetes'
[2026-05-18T06:07:03.987+0000] {logging_mixin.py:190} INFO - [2026-05-18T06:07:03.987+0000] {example_local_kubernetes_executor.py:41} WARNING - Install Kubernetes dependencies with: pip install apache-airflow[cncf.kubernetes]
[2026-05-18T06:07:03.987+0000] {processor.py:927} WARNING - No viable dags retrieved from /home/noelsdavid/airflow_venv/lib/python3.12/site-packages/airflow/example_dags/example_local_kubernetes_executor.py
[2026-05-18T06:07:04.003+0000] {processor.py:208} INFO - Processing /home/noelsdavid/airflow_venv/lib/python3.12/site-packages/airflow/example_dags/example_local_kubernetes_executor.py took 0.051 seconds
[2026-05-18T06:08:03.244+0000] {processor.py:186} INFO - Started process (PID=7368) to work on /home/noelsdavid/airflow_venv/lib/python3.12/site-packages/airflow/example_dags/example_local_kubernetes_executor.py
[2026-05-18T06:08:03.247+0000] {processor.py:914} INFO - Processing file /home/noelsdavid/airflow_venv/lib/python3.12/site-packages/airflow/example_dags/example_local_kubernetes_executor.py for tasks to queue
[2026-05-18T06:08:03.250+0000] {logging_mixin.py:190} INFO - [2026-05-18T06:08:03.249+0000] {dagbag.py:588} INFO - Filling up the DagBag from /home/noelsdavid/airflow_venv/lib/python3.12/site-packages/airflow/example_dags/example_local_kubernetes_executor.py
[2026-05-18T06:08:03.255+0000] {logging_mixin.py:190} INFO - [2026-05-18T06:08:03.254+0000] {example_local_kubernetes_executor.py:40} WARNING - Could not import DAGs in example_local_kubernetes_executor.py
Traceback (most recent call last):
  File "/home/noelsdavid/airflow_venv/lib/python3.12/site-packages/airflow/example_dags/example_local_kubernetes_executor.py", line 38, in <module>
    from kubernetes.client import models as k8s
ModuleNotFoundError: No module named 'kubernetes'
[2026-05-18T06:08:03.256+0000] {logging_mixin.py:190} INFO - [2026-05-18T06:08:03.255+0000] {example_local_kubernetes_executor.py:41} WARNING - Install Kubernetes dependencies with: pip install apache-airflow[cncf.kubernetes]
[2026-05-18T06:08:03.256+0000] {processor.py:927} WARNING - No viable dags retrieved from /home/noelsdavid/airflow_venv/lib/python3.12/site-packages/airflow/example_dags/example_local_kubernetes_executor.py
[2026-05-18T06:08:03.272+0000] {processor.py:208} INFO - Processing /home/noelsdavid/airflow_venv/lib/python3.12/site-packages/airflow/example_dags/example_local_kubernetes_executor.py took 0.035 seconds
[2026-05-18T06:09:09.124+0000] {processor.py:186} INFO - Started process (PID=7431) to work on /home/noelsdavid/airflow_venv/lib/python3.12/site-packages/airflow/example_dags/example_local_kubernetes_executor.py
[2026-05-18T06:09:09.126+0000] {processor.py:914} INFO - Processing file /home/noelsdavid/airflow_venv/lib/python3.12/site-packages/airflow/example_dags/example_local_kubernetes_executor.py for tasks to queue
[2026-05-18T06:09:09.130+0000] {logging_mixin.py:190} INFO - [2026-05-18T06:09:09.129+0000] {dagbag.py:588} INFO - Filling up the DagBag from /home/noelsdavid/airflow_venv/lib/python3.12/site-packages/airflow/example_dags/example_local_kubernetes_executor.py
[2026-05-18T06:09:09.135+0000] {logging_mixin.py:190} INFO - [2026-05-18T06:09:09.134+0000] {example_local_kubernetes_executor.py:40} WARNING - Could not import DAGs in example_local_kubernetes_executor.py
Traceback (most recent call last):
  File "/home/noelsdavid/airflow_venv/lib/python3.12/site-packages/airflow/example_dags/example_local_kubernetes_executor.py", line 38, in <module>
    from kubernetes.client import models as k8s
ModuleNotFoundError: No module named 'kubernetes'
[2026-05-18T06:09:09.135+0000] {logging_mixin.py:190} INFO - [2026-05-18T06:09:09.135+0000] {example_local_kubernetes_executor.py:41} WARNING - Install Kubernetes dependencies with: pip install apache-airflow[cncf.kubernetes]
[2026-05-18T06:09:09.136+0000] {processor.py:927} WARNING - No viable dags retrieved from /home/noelsdavid/airflow_venv/lib/python3.12/site-packages/airflow/example_dags/example_local_kubernetes_executor.py
[2026-05-18T06:09:09.151+0000] {processor.py:208} INFO - Processing /home/noelsdavid/airflow_venv/lib/python3.12/site-packages/airflow/example_dags/example_local_kubernetes_executor.py took 0.036 seconds
[2026-05-18T06:10:11.746+0000] {processor.py:186} INFO - Started process (PID=7516) to work on /home/noelsdavid/airflow_venv/lib/python3.12/site-packages/airflow/example_dags/example_local_kubernetes_executor.py
[2026-05-18T06:10:11.749+0000] {processor.py:914} INFO - Processing file /home/noelsdavid/airflow_venv/lib/python3.12/site-packages/airflow/example_dags/example_local_kubernetes_executor.py for tasks to queue
[2026-05-18T06:10:11.754+0000] {logging_mixin.py:190} INFO - [2026-05-18T06:10:11.753+0000] {dagbag.py:588} INFO - Filling up the DagBag from /home/noelsdavid/airflow_venv/lib/python3.12/site-packages/airflow/example_dags/example_local_kubernetes_executor.py
[2026-05-18T06:10:11.762+0000] {logging_mixin.py:190} INFO - [2026-05-18T06:10:11.760+0000] {example_local_kubernetes_executor.py:40} WARNING - Could not import DAGs in example_local_kubernetes_executor.py
Traceback (most recent call last):
  File "/home/noelsdavid/airflow_venv/lib/python3.12/site-packages/airflow/example_dags/example_local_kubernetes_executor.py", line 38, in <module>
    from kubernetes.client import models as k8s
ModuleNotFoundError: No module named 'kubernetes'
[2026-05-18T06:10:11.762+0000] {logging_mixin.py:190} INFO - [2026-05-18T06:10:11.762+0000] {example_local_kubernetes_executor.py:41} WARNING - Install Kubernetes dependencies with: pip install apache-airflow[cncf.kubernetes]
[2026-05-18T06:10:11.762+0000] {processor.py:927} WARNING - No viable dags retrieved from /home/noelsdavid/airflow_venv/lib/python3.12/site-packages/airflow/example_dags/example_local_kubernetes_executor.py
[2026-05-18T06:10:11.778+0000] {processor.py:208} INFO - Processing /home/noelsdavid/airflow_venv/lib/python3.12/site-packages/airflow/example_dags/example_local_kubernetes_executor.py took 0.044 seconds
[2026-05-18T06:11:10.730+0000] {processor.py:186} INFO - Started process (PID=7573) to work on /home/noelsdavid/airflow_venv/lib/python3.12/site-packages/airflow/example_dags/example_local_kubernetes_executor.py
[2026-05-18T06:11:10.742+0000] {processor.py:914} INFO - Processing file /home/noelsdavid/airflow_venv/lib/python3.12/site-packages/airflow/example_dags/example_local_kubernetes_executor.py for tasks to queue
[2026-05-18T06:11:10.745+0000] {logging_mixin.py:190} INFO - [2026-05-18T06:11:10.744+0000] {dagbag.py:588} INFO - Filling up the DagBag from /home/noelsdavid/airflow_venv/lib/python3.12/site-packages/airflow/example_dags/example_local_kubernetes_executor.py
[2026-05-18T06:11:10.750+0000] {logging_mixin.py:190} INFO - [2026-05-18T06:11:10.749+0000] {example_local_kubernetes_executor.py:40} WARNING - Could not import DAGs in example_local_kubernetes_executor.py
Traceback (most recent call last):
  File "/home/noelsdavid/airflow_venv/lib/python3.12/site-packages/airflow/example_dags/example_local_kubernetes_executor.py", line 38, in <module>
    from kubernetes.client import models as k8s
ModuleNotFoundError: No module named 'kubernetes'
[2026-05-18T06:11:10.750+0000] {logging_mixin.py:190} INFO - [2026-05-18T06:11:10.750+0000] {example_local_kubernetes_executor.py:41} WARNING - Install Kubernetes dependencies with: pip install apache-airflow[cncf.kubernetes]
[2026-05-18T06:11:10.750+0000] {processor.py:927} WARNING - No viable dags retrieved from /home/noelsdavid/airflow_venv/lib/python3.12/site-packages/airflow/example_dags/example_local_kubernetes_executor.py
[2026-05-18T06:11:10.766+0000] {processor.py:208} INFO - Processing /home/noelsdavid/airflow_venv/lib/python3.12/site-packages/airflow/example_dags/example_local_kubernetes_executor.py took 0.045 seconds
[2026-05-18T06:12:10.879+0000] {processor.py:186} INFO - Started process (PID=7633) to work on /home/noelsdavid/airflow_venv/lib/python3.12/site-packages/airflow/example_dags/example_local_kubernetes_executor.py
[2026-05-18T06:12:10.882+0000] {processor.py:914} INFO - Processing file /home/noelsdavid/airflow_venv/lib/python3.12/site-packages/airflow/example_dags/example_local_kubernetes_executor.py for tasks to queue
[2026-05-18T06:12:10.885+0000] {logging_mixin.py:190} INFO - [2026-05-18T06:12:10.885+0000] {dagbag.py:588} INFO - Filling up the DagBag from /home/noelsdavid/airflow_venv/lib/python3.12/site-packages/airflow/example_dags/example_local_kubernetes_executor.py
[2026-05-18T06:12:10.891+0000] {logging_mixin.py:190} INFO - [2026-05-18T06:12:10.889+0000] {example_local_kubernetes_executor.py:40} WARNING - Could not import DAGs in example_local_kubernetes_executor.py
Traceback (most recent call last):
  File "/home/noelsdavid/airflow_venv/lib/python3.12/site-packages/airflow/example_dags/example_local_kubernetes_executor.py", line 38, in <module>
    from kubernetes.client import models as k8s
ModuleNotFoundError: No module named 'kubernetes'
[2026-05-18T06:12:10.891+0000] {logging_mixin.py:190} INFO - [2026-05-18T06:12:10.891+0000] {example_local_kubernetes_executor.py:41} WARNING - Install Kubernetes dependencies with: pip install apache-airflow[cncf.kubernetes]
[2026-05-18T06:12:10.892+0000] {processor.py:927} WARNING - No viable dags retrieved from /home/noelsdavid/airflow_venv/lib/python3.12/site-packages/airflow/example_dags/example_local_kubernetes_executor.py
[2026-05-18T06:12:10.908+0000] {processor.py:208} INFO - Processing /home/noelsdavid/airflow_venv/lib/python3.12/site-packages/airflow/example_dags/example_local_kubernetes_executor.py took 0.037 seconds
[2026-05-18T06:13:10.407+0000] {processor.py:186} INFO - Started process (PID=7691) to work on /home/noelsdavid/airflow_venv/lib/python3.12/site-packages/airflow/example_dags/example_local_kubernetes_executor.py
[2026-05-18T06:13:10.409+0000] {processor.py:914} INFO - Processing file /home/noelsdavid/airflow_venv/lib/python3.12/site-packages/airflow/example_dags/example_local_kubernetes_executor.py for tasks to queue
[2026-05-18T06:13:10.413+0000] {logging_mixin.py:190} INFO - [2026-05-18T06:13:10.412+0000] {dagbag.py:588} INFO - Filling up the DagBag from /home/noelsdavid/airflow_venv/lib/python3.12/site-packages/airflow/example_dags/example_local_kubernetes_executor.py
[2026-05-18T06:13:10.419+0000] {logging_mixin.py:190} INFO - [2026-05-18T06:13:10.418+0000] {example_local_kubernetes_executor.py:40} WARNING - Could not import DAGs in example_local_kubernetes_executor.py
Traceback (most recent call last):
  File "/home/noelsdavid/airflow_venv/lib/python3.12/site-packages/airflow/example_dags/example_local_kubernetes_executor.py", line 38, in <module>
    from kubernetes.client import models as k8s
ModuleNotFoundError: No module named 'kubernetes'
[2026-05-18T06:13:10.419+0000] {logging_mixin.py:190} INFO - [2026-05-18T06:13:10.419+0000] {example_local_kubernetes_executor.py:41} WARNING - Install Kubernetes dependencies with: pip install apache-airflow[cncf.kubernetes]
[2026-05-18T06:13:10.420+0000] {processor.py:927} WARNING - No viable dags retrieved from /home/noelsdavid/airflow_venv/lib/python3.12/site-packages/airflow/example_dags/example_local_kubernetes_executor.py
[2026-05-18T06:13:10.435+0000] {processor.py:208} INFO - Processing /home/noelsdavid/airflow_venv/lib/python3.12/site-packages/airflow/example_dags/example_local_kubernetes_executor.py took 0.036 seconds
[2026-05-18T06:14:14.888+0000] {processor.py:186} INFO - Started process (PID=7753) to work on /home/noelsdavid/airflow_venv/lib/python3.12/site-packages/airflow/example_dags/example_local_kubernetes_executor.py
[2026-05-18T06:14:14.891+0000] {processor.py:914} INFO - Processing file /home/noelsdavid/airflow_venv/lib/python3.12/site-packages/airflow/example_dags/example_local_kubernetes_executor.py for tasks to queue
[2026-05-18T06:14:14.894+0000] {logging_mixin.py:190} INFO - [2026-05-18T06:14:14.893+0000] {dagbag.py:588} INFO - Filling up the DagBag from /home/noelsdavid/airflow_venv/lib/python3.12/site-packages/airflow/example_dags/example_local_kubernetes_executor.py
[2026-05-18T06:14:14.899+0000] {logging_mixin.py:190} INFO - [2026-05-18T06:14:14.898+0000] {example_local_kubernetes_executor.py:40} WARNING - Could not import DAGs in example_local_kubernetes_executor.py
Traceback (most recent call last):
  File "/home/noelsdavid/airflow_venv/lib/python3.12/site-packages/airflow/example_dags/example_local_kubernetes_executor.py", line 38, in <module>
    from kubernetes.client import models as k8s
ModuleNotFoundError: No module named 'kubernetes'
[2026-05-18T06:14:14.899+0000] {logging_mixin.py:190} INFO - [2026-05-18T06:14:14.899+0000] {example_local_kubernetes_executor.py:41} WARNING - Install Kubernetes dependencies with: pip install apache-airflow[cncf.kubernetes]
[2026-05-18T06:14:14.900+0000] {processor.py:927} WARNING - No viable dags retrieved from /home/noelsdavid/airflow_venv/lib/python3.12/site-packages/airflow/example_dags/example_local_kubernetes_executor.py
[2026-05-18T06:14:14.915+0000] {processor.py:208} INFO - Processing /home/noelsdavid/airflow_venv/lib/python3.12/site-packages/airflow/example_dags/example_local_kubernetes_executor.py took 0.035 seconds
[2026-05-18T06:15:15.091+0000] {processor.py:186} INFO - Started process (PID=7840) to work on /home/noelsdavid/airflow_venv/lib/python3.12/site-packages/airflow/example_dags/example_local_kubernetes_executor.py
[2026-05-18T06:15:15.093+0000] {processor.py:914} INFO - Processing file /home/noelsdavid/airflow_venv/lib/python3.12/site-packages/airflow/example_dags/example_local_kubernetes_executor.py for tasks to queue
[2026-05-18T06:15:15.097+0000] {logging_mixin.py:190} INFO - [2026-05-18T06:15:15.096+0000] {dagbag.py:588} INFO - Filling up the DagBag from /home/noelsdavid/airflow_venv/lib/python3.12/site-packages/airflow/example_dags/example_local_kubernetes_executor.py
[2026-05-18T06:15:15.102+0000] {logging_mixin.py:190} INFO - [2026-05-18T06:15:15.101+0000] {example_local_kubernetes_executor.py:40} WARNING - Could not import DAGs in example_local_kubernetes_executor.py
Traceback (most recent call last):
  File "/home/noelsdavid/airflow_venv/lib/python3.12/site-packages/airflow/example_dags/example_local_kubernetes_executor.py", line 38, in <module>
    from kubernetes.client import models as k8s
ModuleNotFoundError: No module named 'kubernetes'
[2026-05-18T06:15:15.103+0000] {logging_mixin.py:190} INFO - [2026-05-18T06:15:15.102+0000] {example_local_kubernetes_executor.py:41} WARNING - Install Kubernetes dependencies with: pip install apache-airflow[cncf.kubernetes]
[2026-05-18T06:15:15.103+0000] {processor.py:927} WARNING - No viable dags retrieved from /home/noelsdavid/airflow_venv/lib/python3.12/site-packages/airflow/example_dags/example_local_kubernetes_executor.py
[2026-05-18T06:15:15.120+0000] {processor.py:208} INFO - Processing /home/noelsdavid/airflow_venv/lib/python3.12/site-packages/airflow/example_dags/example_local_kubernetes_executor.py took 0.038 seconds
[2026-05-18T06:16:20.086+0000] {processor.py:186} INFO - Started process (PID=8039) to work on /home/noelsdavid/airflow_venv/lib/python3.12/site-packages/airflow/example_dags/example_local_kubernetes_executor.py
[2026-05-18T06:16:20.088+0000] {processor.py:914} INFO - Processing file /home/noelsdavid/airflow_venv/lib/python3.12/site-packages/airflow/example_dags/example_local_kubernetes_executor.py for tasks to queue
[2026-05-18T06:16:20.091+0000] {logging_mixin.py:190} INFO - [2026-05-18T06:16:20.091+0000] {dagbag.py:588} INFO - Filling up the DagBag from /home/noelsdavid/airflow_venv/lib/python3.12/site-packages/airflow/example_dags/example_local_kubernetes_executor.py
[2026-05-18T06:16:20.096+0000] {logging_mixin.py:190} INFO - [2026-05-18T06:16:20.095+0000] {example_local_kubernetes_executor.py:40} WARNING - Could not import DAGs in example_local_kubernetes_executor.py
Traceback (most recent call last):
  File "/home/noelsdavid/airflow_venv/lib/python3.12/site-packages/airflow/example_dags/example_local_kubernetes_executor.py", line 38, in <module>
    from kubernetes.client import models as k8s
ModuleNotFoundError: No module named 'kubernetes'
[2026-05-18T06:16:20.096+0000] {logging_mixin.py:190} INFO - [2026-05-18T06:16:20.096+0000] {example_local_kubernetes_executor.py:41} WARNING - Install Kubernetes dependencies with: pip install apache-airflow[cncf.kubernetes]
[2026-05-18T06:16:20.097+0000] {processor.py:927} WARNING - No viable dags retrieved from /home/noelsdavid/airflow_venv/lib/python3.12/site-packages/airflow/example_dags/example_local_kubernetes_executor.py
[2026-05-18T06:16:20.111+0000] {processor.py:208} INFO - Processing /home/noelsdavid/airflow_venv/lib/python3.12/site-packages/airflow/example_dags/example_local_kubernetes_executor.py took 0.034 seconds
[2026-05-18T06:17:22.655+0000] {processor.py:186} INFO - Started process (PID=8271) to work on /home/noelsdavid/airflow_venv/lib/python3.12/site-packages/airflow/example_dags/example_local_kubernetes_executor.py
[2026-05-18T06:17:22.658+0000] {processor.py:914} INFO - Processing file /home/noelsdavid/airflow_venv/lib/python3.12/site-packages/airflow/example_dags/example_local_kubernetes_executor.py for tasks to queue
[2026-05-18T06:17:22.662+0000] {logging_mixin.py:190} INFO - [2026-05-18T06:17:22.661+0000] {dagbag.py:588} INFO - Filling up the DagBag from /home/noelsdavid/airflow_venv/lib/python3.12/site-packages/airflow/example_dags/example_local_kubernetes_executor.py
[2026-05-18T06:17:22.666+0000] {logging_mixin.py:190} INFO - [2026-05-18T06:17:22.665+0000] {example_local_kubernetes_executor.py:40} WARNING - Could not import DAGs in example_local_kubernetes_executor.py
Traceback (most recent call last):
  File "/home/noelsdavid/airflow_venv/lib/python3.12/site-packages/airflow/example_dags/example_local_kubernetes_executor.py", line 38, in <module>
    from kubernetes.client import models as k8s
ModuleNotFoundError: No module named 'kubernetes'
[2026-05-18T06:17:22.667+0000] {logging_mixin.py:190} INFO - [2026-05-18T06:17:22.667+0000] {example_local_kubernetes_executor.py:41} WARNING - Install Kubernetes dependencies with: pip install apache-airflow[cncf.kubernetes]
[2026-05-18T06:17:22.667+0000] {processor.py:927} WARNING - No viable dags retrieved from /home/noelsdavid/airflow_venv/lib/python3.12/site-packages/airflow/example_dags/example_local_kubernetes_executor.py
[2026-05-18T06:17:22.683+0000] {processor.py:208} INFO - Processing /home/noelsdavid/airflow_venv/lib/python3.12/site-packages/airflow/example_dags/example_local_kubernetes_executor.py took 0.038 seconds
[2026-05-18T06:18:22.853+0000] {processor.py:186} INFO - Started process (PID=8467) to work on /home/noelsdavid/airflow_venv/lib/python3.12/site-packages/airflow/example_dags/example_local_kubernetes_executor.py
[2026-05-18T06:18:22.856+0000] {processor.py:914} INFO - Processing file /home/noelsdavid/airflow_venv/lib/python3.12/site-packages/airflow/example_dags/example_local_kubernetes_executor.py for tasks to queue
[2026-05-18T06:18:22.859+0000] {logging_mixin.py:190} INFO - [2026-05-18T06:18:22.859+0000] {dagbag.py:588} INFO - Filling up the DagBag from /home/noelsdavid/airflow_venv/lib/python3.12/site-packages/airflow/example_dags/example_local_kubernetes_executor.py
[2026-05-18T06:18:22.864+0000] {logging_mixin.py:190} INFO - [2026-05-18T06:18:22.863+0000] {example_local_kubernetes_executor.py:40} WARNING - Could not import DAGs in example_local_kubernetes_executor.py
Traceback (most recent call last):
  File "/home/noelsdavid/airflow_venv/lib/python3.12/site-packages/airflow/example_dags/example_local_kubernetes_executor.py", line 38, in <module>
    from kubernetes.client import models as k8s
ModuleNotFoundError: No module named 'kubernetes'
[2026-05-18T06:18:22.864+0000] {logging_mixin.py:190} INFO - [2026-05-18T06:18:22.864+0000] {example_local_kubernetes_executor.py:41} WARNING - Install Kubernetes dependencies with: pip install apache-airflow[cncf.kubernetes]
[2026-05-18T06:18:22.865+0000] {processor.py:927} WARNING - No viable dags retrieved from /home/noelsdavid/airflow_venv/lib/python3.12/site-packages/airflow/example_dags/example_local_kubernetes_executor.py
[2026-05-18T06:18:22.879+0000] {processor.py:208} INFO - Processing /home/noelsdavid/airflow_venv/lib/python3.12/site-packages/airflow/example_dags/example_local_kubernetes_executor.py took 0.034 seconds
[2026-05-18T06:19:22.342+0000] {processor.py:186} INFO - Started process (PID=8526) to work on /home/noelsdavid/airflow_venv/lib/python3.12/site-packages/airflow/example_dags/example_local_kubernetes_executor.py
[2026-05-18T06:19:22.345+0000] {processor.py:914} INFO - Processing file /home/noelsdavid/airflow_venv/lib/python3.12/site-packages/airflow/example_dags/example_local_kubernetes_executor.py for tasks to queue
[2026-05-18T06:19:22.348+0000] {logging_mixin.py:190} INFO - [2026-05-18T06:19:22.347+0000] {dagbag.py:588} INFO - Filling up the DagBag from /home/noelsdavid/airflow_venv/lib/python3.12/site-packages/airflow/example_dags/example_local_kubernetes_executor.py
[2026-05-18T06:19:22.353+0000] {logging_mixin.py:190} INFO - [2026-05-18T06:19:22.352+0000] {example_local_kubernetes_executor.py:40} WARNING - Could not import DAGs in example_local_kubernetes_executor.py
Traceback (most recent call last):
  File "/home/noelsdavid/airflow_venv/lib/python3.12/site-packages/airflow/example_dags/example_local_kubernetes_executor.py", line 38, in <module>
    from kubernetes.client import models as k8s
ModuleNotFoundError: No module named 'kubernetes'
[2026-05-18T06:19:22.353+0000] {logging_mixin.py:190} INFO - [2026-05-18T06:19:22.353+0000] {example_local_kubernetes_executor.py:41} WARNING - Install Kubernetes dependencies with: pip install apache-airflow[cncf.kubernetes]
[2026-05-18T06:19:22.353+0000] {processor.py:927} WARNING - No viable dags retrieved from /home/noelsdavid/airflow_venv/lib/python3.12/site-packages/airflow/example_dags/example_local_kubernetes_executor.py
[2026-05-18T06:19:22.368+0000] {processor.py:208} INFO - Processing /home/noelsdavid/airflow_venv/lib/python3.12/site-packages/airflow/example_dags/example_local_kubernetes_executor.py took 0.034 seconds
[2026-05-18T06:20:25.633+0000] {processor.py:186} INFO - Started process (PID=8612) to work on /home/noelsdavid/airflow_venv/lib/python3.12/site-packages/airflow/example_dags/example_local_kubernetes_executor.py
[2026-05-18T06:20:25.636+0000] {processor.py:914} INFO - Processing file /home/noelsdavid/airflow_venv/lib/python3.12/site-packages/airflow/example_dags/example_local_kubernetes_executor.py for tasks to queue
[2026-05-18T06:20:25.638+0000] {logging_mixin.py:190} INFO - [2026-05-18T06:20:25.637+0000] {dagbag.py:588} INFO - Filling up the DagBag from /home/noelsdavid/airflow_venv/lib/python3.12/site-packages/airflow/example_dags/example_local_kubernetes_executor.py
[2026-05-18T06:20:25.644+0000] {logging_mixin.py:190} INFO - [2026-05-18T06:20:25.643+0000] {example_local_kubernetes_executor.py:40} WARNING - Could not import DAGs in example_local_kubernetes_executor.py
Traceback (most recent call last):
  File "/home/noelsdavid/airflow_venv/lib/python3.12/site-packages/airflow/example_dags/example_local_kubernetes_executor.py", line 38, in <module>
    from kubernetes.client import models as k8s
ModuleNotFoundError: No module named 'kubernetes'
[2026-05-18T06:20:25.644+0000] {logging_mixin.py:190} INFO - [2026-05-18T06:20:25.644+0000] {example_local_kubernetes_executor.py:41} WARNING - Install Kubernetes dependencies with: pip install apache-airflow[cncf.kubernetes]
[2026-05-18T06:20:25.645+0000] {processor.py:927} WARNING - No viable dags retrieved from /home/noelsdavid/airflow_venv/lib/python3.12/site-packages/airflow/example_dags/example_local_kubernetes_executor.py
[2026-05-18T06:20:25.660+0000] {processor.py:208} INFO - Processing /home/noelsdavid/airflow_venv/lib/python3.12/site-packages/airflow/example_dags/example_local_kubernetes_executor.py took 0.036 seconds
[2026-05-18T06:21:27.141+0000] {processor.py:186} INFO - Started process (PID=8672) to work on /home/noelsdavid/airflow_venv/lib/python3.12/site-packages/airflow/example_dags/example_local_kubernetes_executor.py
[2026-05-18T06:21:27.143+0000] {processor.py:914} INFO - Processing file /home/noelsdavid/airflow_venv/lib/python3.12/site-packages/airflow/example_dags/example_local_kubernetes_executor.py for tasks to queue
[2026-05-18T06:21:27.145+0000] {logging_mixin.py:190} INFO - [2026-05-18T06:21:27.144+0000] {dagbag.py:588} INFO - Filling up the DagBag from /home/noelsdavid/airflow_venv/lib/python3.12/site-packages/airflow/example_dags/example_local_kubernetes_executor.py
[2026-05-18T06:21:27.149+0000] {logging_mixin.py:190} INFO - [2026-05-18T06:21:27.148+0000] {example_local_kubernetes_executor.py:40} WARNING - Could not import DAGs in example_local_kubernetes_executor.py
Traceback (most recent call last):
  File "/home/noelsdavid/airflow_venv/lib/python3.12/site-packages/airflow/example_dags/example_local_kubernetes_executor.py", line 38, in <module>
    from kubernetes.client import models as k8s
ModuleNotFoundError: No module named 'kubernetes'
[2026-05-18T06:21:27.150+0000] {logging_mixin.py:190} INFO - [2026-05-18T06:21:27.150+0000] {example_local_kubernetes_executor.py:41} WARNING - Install Kubernetes dependencies with: pip install apache-airflow[cncf.kubernetes]
[2026-05-18T06:21:27.150+0000] {processor.py:927} WARNING - No viable dags retrieved from /home/noelsdavid/airflow_venv/lib/python3.12/site-packages/airflow/example_dags/example_local_kubernetes_executor.py
[2026-05-18T06:21:27.166+0000] {processor.py:208} INFO - Processing /home/noelsdavid/airflow_venv/lib/python3.12/site-packages/airflow/example_dags/example_local_kubernetes_executor.py took 0.033 seconds
[2026-05-18T06:22:33.222+0000] {processor.py:186} INFO - Started process (PID=8736) to work on /home/noelsdavid/airflow_venv/lib/python3.12/site-packages/airflow/example_dags/example_local_kubernetes_executor.py
[2026-05-18T06:22:33.224+0000] {processor.py:914} INFO - Processing file /home/noelsdavid/airflow_venv/lib/python3.12/site-packages/airflow/example_dags/example_local_kubernetes_executor.py for tasks to queue
[2026-05-18T06:22:33.226+0000] {logging_mixin.py:190} INFO - [2026-05-18T06:22:33.226+0000] {dagbag.py:588} INFO - Filling up the DagBag from /home/noelsdavid/airflow_venv/lib/python3.12/site-packages/airflow/example_dags/example_local_kubernetes_executor.py
[2026-05-18T06:22:33.231+0000] {logging_mixin.py:190} INFO - [2026-05-18T06:22:33.230+0000] {example_local_kubernetes_executor.py:40} WARNING - Could not import DAGs in example_local_kubernetes_executor.py
Traceback (most recent call last):
  File "/home/noelsdavid/airflow_venv/lib/python3.12/site-packages/airflow/example_dags/example_local_kubernetes_executor.py", line 38, in <module>
    from kubernetes.client import models as k8s
ModuleNotFoundError: No module named 'kubernetes'
[2026-05-18T06:22:33.232+0000] {logging_mixin.py:190} INFO - [2026-05-18T06:22:33.232+0000] {example_local_kubernetes_executor.py:41} WARNING - Install Kubernetes dependencies with: pip install apache-airflow[cncf.kubernetes]
[2026-05-18T06:22:33.232+0000] {processor.py:927} WARNING - No viable dags retrieved from /home/noelsdavid/airflow_venv/lib/python3.12/site-packages/airflow/example_dags/example_local_kubernetes_executor.py
[2026-05-18T06:22:33.247+0000] {processor.py:208} INFO - Processing /home/noelsdavid/airflow_venv/lib/python3.12/site-packages/airflow/example_dags/example_local_kubernetes_executor.py took 0.032 seconds
[2026-05-18T06:23:35.577+0000] {processor.py:186} INFO - Started process (PID=8797) to work on /home/noelsdavid/airflow_venv/lib/python3.12/site-packages/airflow/example_dags/example_local_kubernetes_executor.py
[2026-05-18T06:23:35.612+0000] {processor.py:914} INFO - Processing file /home/noelsdavid/airflow_venv/lib/python3.12/site-packages/airflow/example_dags/example_local_kubernetes_executor.py for tasks to queue
[2026-05-18T06:23:35.614+0000] {logging_mixin.py:190} INFO - [2026-05-18T06:23:35.613+0000] {dagbag.py:588} INFO - Filling up the DagBag from /home/noelsdavid/airflow_venv/lib/python3.12/site-packages/airflow/example_dags/example_local_kubernetes_executor.py
[2026-05-18T06:23:35.619+0000] {logging_mixin.py:190} INFO - [2026-05-18T06:23:35.618+0000] {example_local_kubernetes_executor.py:40} WARNING - Could not import DAGs in example_local_kubernetes_executor.py
Traceback (most recent call last):
  File "/home/noelsdavid/airflow_venv/lib/python3.12/site-packages/airflow/example_dags/example_local_kubernetes_executor.py", line 38, in <module>
    from kubernetes.client import models as k8s
ModuleNotFoundError: No module named 'kubernetes'
[2026-05-18T06:23:35.620+0000] {logging_mixin.py:190} INFO - [2026-05-18T06:23:35.619+0000] {example_local_kubernetes_executor.py:41} WARNING - Install Kubernetes dependencies with: pip install apache-airflow[cncf.kubernetes]
[2026-05-18T06:23:35.620+0000] {processor.py:927} WARNING - No viable dags retrieved from /home/noelsdavid/airflow_venv/lib/python3.12/site-packages/airflow/example_dags/example_local_kubernetes_executor.py
[2026-05-18T06:23:35.636+0000] {processor.py:208} INFO - Processing /home/noelsdavid/airflow_venv/lib/python3.12/site-packages/airflow/example_dags/example_local_kubernetes_executor.py took 0.068 seconds
[2026-05-18T06:24:41.493+0000] {processor.py:186} INFO - Started process (PID=8860) to work on /home/noelsdavid/airflow_venv/lib/python3.12/site-packages/airflow/example_dags/example_local_kubernetes_executor.py
[2026-05-18T06:24:41.495+0000] {processor.py:914} INFO - Processing file /home/noelsdavid/airflow_venv/lib/python3.12/site-packages/airflow/example_dags/example_local_kubernetes_executor.py for tasks to queue
[2026-05-18T06:24:41.497+0000] {logging_mixin.py:190} INFO - [2026-05-18T06:24:41.497+0000] {dagbag.py:588} INFO - Filling up the DagBag from /home/noelsdavid/airflow_venv/lib/python3.12/site-packages/airflow/example_dags/example_local_kubernetes_executor.py
[2026-05-18T06:24:41.503+0000] {logging_mixin.py:190} INFO - [2026-05-18T06:24:41.502+0000] {example_local_kubernetes_executor.py:40} WARNING - Could not import DAGs in example_local_kubernetes_executor.py
Traceback (most recent call last):
  File "/home/noelsdavid/airflow_venv/lib/python3.12/site-packages/airflow/example_dags/example_local_kubernetes_executor.py", line 38, in <module>
    from kubernetes.client import models as k8s
ModuleNotFoundError: No module named 'kubernetes'
[2026-05-18T06:24:41.504+0000] {logging_mixin.py:190} INFO - [2026-05-18T06:24:41.504+0000] {example_local_kubernetes_executor.py:41} WARNING - Install Kubernetes dependencies with: pip install apache-airflow[cncf.kubernetes]
[2026-05-18T06:24:41.504+0000] {processor.py:927} WARNING - No viable dags retrieved from /home/noelsdavid/airflow_venv/lib/python3.12/site-packages/airflow/example_dags/example_local_kubernetes_executor.py
[2026-05-18T06:24:41.521+0000] {processor.py:208} INFO - Processing /home/noelsdavid/airflow_venv/lib/python3.12/site-packages/airflow/example_dags/example_local_kubernetes_executor.py took 0.035 seconds
[2026-05-18T06:25:46.659+0000] {processor.py:186} INFO - Started process (PID=8945) to work on /home/noelsdavid/airflow_venv/lib/python3.12/site-packages/airflow/example_dags/example_local_kubernetes_executor.py
[2026-05-18T06:25:46.662+0000] {processor.py:914} INFO - Processing file /home/noelsdavid/airflow_venv/lib/python3.12/site-packages/airflow/example_dags/example_local_kubernetes_executor.py for tasks to queue
[2026-05-18T06:25:46.664+0000] {logging_mixin.py:190} INFO - [2026-05-18T06:25:46.663+0000] {dagbag.py:588} INFO - Filling up the DagBag from /home/noelsdavid/airflow_venv/lib/python3.12/site-packages/airflow/example_dags/example_local_kubernetes_executor.py
[2026-05-18T06:25:46.669+0000] {logging_mixin.py:190} INFO - [2026-05-18T06:25:46.668+0000] {example_local_kubernetes_executor.py:40} WARNING - Could not import DAGs in example_local_kubernetes_executor.py
Traceback (most recent call last):
  File "/home/noelsdavid/airflow_venv/lib/python3.12/site-packages/airflow/example_dags/example_local_kubernetes_executor.py", line 38, in <module>
    from kubernetes.client import models as k8s
ModuleNotFoundError: No module named 'kubernetes'
[2026-05-18T06:25:46.669+0000] {logging_mixin.py:190} INFO - [2026-05-18T06:25:46.669+0000] {example_local_kubernetes_executor.py:41} WARNING - Install Kubernetes dependencies with: pip install apache-airflow[cncf.kubernetes]
[2026-05-18T06:25:46.669+0000] {processor.py:927} WARNING - No viable dags retrieved from /home/noelsdavid/airflow_venv/lib/python3.12/site-packages/airflow/example_dags/example_local_kubernetes_executor.py
[2026-05-18T06:25:46.686+0000] {processor.py:208} INFO - Processing /home/noelsdavid/airflow_venv/lib/python3.12/site-packages/airflow/example_dags/example_local_kubernetes_executor.py took 0.034 seconds
[2026-05-18T06:26:50.294+0000] {processor.py:186} INFO - Started process (PID=9115) to work on /home/noelsdavid/airflow_venv/lib/python3.12/site-packages/airflow/example_dags/example_local_kubernetes_executor.py
[2026-05-18T06:26:50.297+0000] {processor.py:914} INFO - Processing file /home/noelsdavid/airflow_venv/lib/python3.12/site-packages/airflow/example_dags/example_local_kubernetes_executor.py for tasks to queue
[2026-05-18T06:26:50.300+0000] {logging_mixin.py:190} INFO - [2026-05-18T06:26:50.299+0000] {dagbag.py:588} INFO - Filling up the DagBag from /home/noelsdavid/airflow_venv/lib/python3.12/site-packages/airflow/example_dags/example_local_kubernetes_executor.py
[2026-05-18T06:26:50.305+0000] {logging_mixin.py:190} INFO - [2026-05-18T06:26:50.304+0000] {example_local_kubernetes_executor.py:40} WARNING - Could not import DAGs in example_local_kubernetes_executor.py
Traceback (most recent call last):
  File "/home/noelsdavid/airflow_venv/lib/python3.12/site-packages/airflow/example_dags/example_local_kubernetes_executor.py", line 38, in <module>
    from kubernetes.client import models as k8s
ModuleNotFoundError: No module named 'kubernetes'
[2026-05-18T06:26:50.305+0000] {logging_mixin.py:190} INFO - [2026-05-18T06:26:50.305+0000] {example_local_kubernetes_executor.py:41} WARNING - Install Kubernetes dependencies with: pip install apache-airflow[cncf.kubernetes]
[2026-05-18T06:26:50.306+0000] {processor.py:927} WARNING - No viable dags retrieved from /home/noelsdavid/airflow_venv/lib/python3.12/site-packages/airflow/example_dags/example_local_kubernetes_executor.py
[2026-05-18T06:26:50.322+0000] {processor.py:208} INFO - Processing /home/noelsdavid/airflow_venv/lib/python3.12/site-packages/airflow/example_dags/example_local_kubernetes_executor.py took 0.037 seconds
[2026-05-18T06:28:11.341+0000] {processor.py:186} INFO - Started process (PID=9703) to work on /home/noelsdavid/airflow_venv/lib/python3.12/site-packages/airflow/example_dags/example_local_kubernetes_executor.py
[2026-05-18T06:28:11.344+0000] {processor.py:914} INFO - Processing file /home/noelsdavid/airflow_venv/lib/python3.12/site-packages/airflow/example_dags/example_local_kubernetes_executor.py for tasks to queue
[2026-05-18T06:28:11.346+0000] {logging_mixin.py:190} INFO - [2026-05-18T06:28:11.345+0000] {dagbag.py:588} INFO - Filling up the DagBag from /home/noelsdavid/airflow_venv/lib/python3.12/site-packages/airflow/example_dags/example_local_kubernetes_executor.py
[2026-05-18T06:28:11.351+0000] {logging_mixin.py:190} INFO - [2026-05-18T06:28:11.350+0000] {example_local_kubernetes_executor.py:40} WARNING - Could not import DAGs in example_local_kubernetes_executor.py
Traceback (most recent call last):
  File "/home/noelsdavid/airflow_venv/lib/python3.12/site-packages/airflow/example_dags/example_local_kubernetes_executor.py", line 38, in <module>
    from kubernetes.client import models as k8s
ModuleNotFoundError: No module named 'kubernetes'
[2026-05-18T06:28:11.351+0000] {logging_mixin.py:190} INFO - [2026-05-18T06:28:11.351+0000] {example_local_kubernetes_executor.py:41} WARNING - Install Kubernetes dependencies with: pip install apache-airflow[cncf.kubernetes]
[2026-05-18T06:28:11.351+0000] {processor.py:927} WARNING - No viable dags retrieved from /home/noelsdavid/airflow_venv/lib/python3.12/site-packages/airflow/example_dags/example_local_kubernetes_executor.py
[2026-05-18T06:28:11.367+0000] {processor.py:208} INFO - Processing /home/noelsdavid/airflow_venv/lib/python3.12/site-packages/airflow/example_dags/example_local_kubernetes_executor.py took 0.033 seconds
[2026-05-18T06:29:19.323+0000] {processor.py:186} INFO - Started process (PID=9766) to work on /home/noelsdavid/airflow_venv/lib/python3.12/site-packages/airflow/example_dags/example_local_kubernetes_executor.py
[2026-05-18T06:29:19.337+0000] {processor.py:914} INFO - Processing file /home/noelsdavid/airflow_venv/lib/python3.12/site-packages/airflow/example_dags/example_local_kubernetes_executor.py for tasks to queue
[2026-05-18T06:29:19.339+0000] {logging_mixin.py:190} INFO - [2026-05-18T06:29:19.338+0000] {dagbag.py:588} INFO - Filling up the DagBag from /home/noelsdavid/airflow_venv/lib/python3.12/site-packages/airflow/example_dags/example_local_kubernetes_executor.py
[2026-05-18T06:29:19.344+0000] {logging_mixin.py:190} INFO - [2026-05-18T06:29:19.343+0000] {example_local_kubernetes_executor.py:40} WARNING - Could not import DAGs in example_local_kubernetes_executor.py
Traceback (most recent call last):
  File "/home/noelsdavid/airflow_venv/lib/python3.12/site-packages/airflow/example_dags/example_local_kubernetes_executor.py", line 38, in <module>
    from kubernetes.client import models as k8s
ModuleNotFoundError: No module named 'kubernetes'
[2026-05-18T06:29:19.344+0000] {logging_mixin.py:190} INFO - [2026-05-18T06:29:19.344+0000] {example_local_kubernetes_executor.py:41} WARNING - Install Kubernetes dependencies with: pip install apache-airflow[cncf.kubernetes]
[2026-05-18T06:29:19.344+0000] {processor.py:927} WARNING - No viable dags retrieved from /home/noelsdavid/airflow_venv/lib/python3.12/site-packages/airflow/example_dags/example_local_kubernetes_executor.py
[2026-05-18T06:29:19.359+0000] {processor.py:208} INFO - Processing /home/noelsdavid/airflow_venv/lib/python3.12/site-packages/airflow/example_dags/example_local_kubernetes_executor.py took 0.044 seconds
[2026-05-18T06:30:26.651+0000] {processor.py:186} INFO - Started process (PID=9855) to work on /home/noelsdavid/airflow_venv/lib/python3.12/site-packages/airflow/example_dags/example_local_kubernetes_executor.py
[2026-05-18T06:30:26.654+0000] {processor.py:914} INFO - Processing file /home/noelsdavid/airflow_venv/lib/python3.12/site-packages/airflow/example_dags/example_local_kubernetes_executor.py for tasks to queue
[2026-05-18T06:30:26.656+0000] {logging_mixin.py:190} INFO - [2026-05-18T06:30:26.655+0000] {dagbag.py:588} INFO - Filling up the DagBag from /home/noelsdavid/airflow_venv/lib/python3.12/site-packages/airflow/example_dags/example_local_kubernetes_executor.py
[2026-05-18T06:30:26.661+0000] {logging_mixin.py:190} INFO - [2026-05-18T06:30:26.660+0000] {example_local_kubernetes_executor.py:40} WARNING - Could not import DAGs in example_local_kubernetes_executor.py
Traceback (most recent call last):
  File "/home/noelsdavid/airflow_venv/lib/python3.12/site-packages/airflow/example_dags/example_local_kubernetes_executor.py", line 38, in <module>
    from kubernetes.client import models as k8s
ModuleNotFoundError: No module named 'kubernetes'
[2026-05-18T06:30:26.661+0000] {logging_mixin.py:190} INFO - [2026-05-18T06:30:26.661+0000] {example_local_kubernetes_executor.py:41} WARNING - Install Kubernetes dependencies with: pip install apache-airflow[cncf.kubernetes]
[2026-05-18T06:30:26.661+0000] {processor.py:927} WARNING - No viable dags retrieved from /home/noelsdavid/airflow_venv/lib/python3.12/site-packages/airflow/example_dags/example_local_kubernetes_executor.py
[2026-05-18T06:30:26.675+0000] {processor.py:208} INFO - Processing /home/noelsdavid/airflow_venv/lib/python3.12/site-packages/airflow/example_dags/example_local_kubernetes_executor.py took 0.032 seconds
[2026-05-18T06:31:30.885+0000] {processor.py:186} INFO - Started process (PID=9918) to work on /home/noelsdavid/airflow_venv/lib/python3.12/site-packages/airflow/example_dags/example_local_kubernetes_executor.py
[2026-05-18T06:31:30.888+0000] {processor.py:914} INFO - Processing file /home/noelsdavid/airflow_venv/lib/python3.12/site-packages/airflow/example_dags/example_local_kubernetes_executor.py for tasks to queue
[2026-05-18T06:31:30.890+0000] {logging_mixin.py:190} INFO - [2026-05-18T06:31:30.889+0000] {dagbag.py:588} INFO - Filling up the DagBag from /home/noelsdavid/airflow_venv/lib/python3.12/site-packages/airflow/example_dags/example_local_kubernetes_executor.py
[2026-05-18T06:31:30.895+0000] {logging_mixin.py:190} INFO - [2026-05-18T06:31:30.894+0000] {example_local_kubernetes_executor.py:40} WARNING - Could not import DAGs in example_local_kubernetes_executor.py
Traceback (most recent call last):
  File "/home/noelsdavid/airflow_venv/lib/python3.12/site-packages/airflow/example_dags/example_local_kubernetes_executor.py", line 38, in <module>
    from kubernetes.client import models as k8s
ModuleNotFoundError: No module named 'kubernetes'
[2026-05-18T06:31:30.896+0000] {logging_mixin.py:190} INFO - [2026-05-18T06:31:30.895+0000] {example_local_kubernetes_executor.py:41} WARNING - Install Kubernetes dependencies with: pip install apache-airflow[cncf.kubernetes]
[2026-05-18T06:31:30.896+0000] {processor.py:927} WARNING - No viable dags retrieved from /home/noelsdavid/airflow_venv/lib/python3.12/site-packages/airflow/example_dags/example_local_kubernetes_executor.py
[2026-05-18T06:31:30.911+0000] {processor.py:208} INFO - Processing /home/noelsdavid/airflow_venv/lib/python3.12/site-packages/airflow/example_dags/example_local_kubernetes_executor.py took 0.034 seconds
[2026-05-18T06:32:32.129+0000] {processor.py:186} INFO - Started process (PID=9977) to work on /home/noelsdavid/airflow_venv/lib/python3.12/site-packages/airflow/example_dags/example_local_kubernetes_executor.py
[2026-05-18T06:32:32.131+0000] {processor.py:914} INFO - Processing file /home/noelsdavid/airflow_venv/lib/python3.12/site-packages/airflow/example_dags/example_local_kubernetes_executor.py for tasks to queue
[2026-05-18T06:32:32.133+0000] {logging_mixin.py:190} INFO - [2026-05-18T06:32:32.133+0000] {dagbag.py:588} INFO - Filling up the DagBag from /home/noelsdavid/airflow_venv/lib/python3.12/site-packages/airflow/example_dags/example_local_kubernetes_executor.py
[2026-05-18T06:32:32.138+0000] {logging_mixin.py:190} INFO - [2026-05-18T06:32:32.137+0000] {example_local_kubernetes_executor.py:40} WARNING - Could not import DAGs in example_local_kubernetes_executor.py
Traceback (most recent call last):
  File "/home/noelsdavid/airflow_venv/lib/python3.12/site-packages/airflow/example_dags/example_local_kubernetes_executor.py", line 38, in <module>
    from kubernetes.client import models as k8s
ModuleNotFoundError: No module named 'kubernetes'
[2026-05-18T06:32:32.138+0000] {logging_mixin.py:190} INFO - [2026-05-18T06:32:32.138+0000] {example_local_kubernetes_executor.py:41} WARNING - Install Kubernetes dependencies with: pip install apache-airflow[cncf.kubernetes]
[2026-05-18T06:32:32.139+0000] {processor.py:927} WARNING - No viable dags retrieved from /home/noelsdavid/airflow_venv/lib/python3.12/site-packages/airflow/example_dags/example_local_kubernetes_executor.py
[2026-05-18T06:32:32.153+0000] {processor.py:208} INFO - Processing /home/noelsdavid/airflow_venv/lib/python3.12/site-packages/airflow/example_dags/example_local_kubernetes_executor.py took 0.032 seconds
[2026-05-18T06:33:32.128+0000] {processor.py:186} INFO - Started process (PID=10044) to work on /home/noelsdavid/airflow_venv/lib/python3.12/site-packages/airflow/example_dags/example_local_kubernetes_executor.py
[2026-05-18T06:33:32.131+0000] {processor.py:914} INFO - Processing file /home/noelsdavid/airflow_venv/lib/python3.12/site-packages/airflow/example_dags/example_local_kubernetes_executor.py for tasks to queue
[2026-05-18T06:33:32.132+0000] {logging_mixin.py:190} INFO - [2026-05-18T06:33:32.132+0000] {dagbag.py:588} INFO - Filling up the DagBag from /home/noelsdavid/airflow_venv/lib/python3.12/site-packages/airflow/example_dags/example_local_kubernetes_executor.py
[2026-05-18T06:33:32.137+0000] {logging_mixin.py:190} INFO - [2026-05-18T06:33:32.136+0000] {example_local_kubernetes_executor.py:40} WARNING - Could not import DAGs in example_local_kubernetes_executor.py
Traceback (most recent call last):
  File "/home/noelsdavid/airflow_venv/lib/python3.12/site-packages/airflow/example_dags/example_local_kubernetes_executor.py", line 38, in <module>
    from kubernetes.client import models as k8s
ModuleNotFoundError: No module named 'kubernetes'
[2026-05-18T06:33:32.138+0000] {logging_mixin.py:190} INFO - [2026-05-18T06:33:32.138+0000] {example_local_kubernetes_executor.py:41} WARNING - Install Kubernetes dependencies with: pip install apache-airflow[cncf.kubernetes]
[2026-05-18T06:33:32.138+0000] {processor.py:927} WARNING - No viable dags retrieved from /home/noelsdavid/airflow_venv/lib/python3.12/site-packages/airflow/example_dags/example_local_kubernetes_executor.py
[2026-05-18T06:33:32.153+0000] {processor.py:208} INFO - Processing /home/noelsdavid/airflow_venv/lib/python3.12/site-packages/airflow/example_dags/example_local_kubernetes_executor.py took 0.032 seconds
[2026-05-18T06:34:38.867+0000] {processor.py:186} INFO - Started process (PID=10202) to work on /home/noelsdavid/airflow_venv/lib/python3.12/site-packages/airflow/example_dags/example_local_kubernetes_executor.py
[2026-05-18T06:34:38.869+0000] {processor.py:914} INFO - Processing file /home/noelsdavid/airflow_venv/lib/python3.12/site-packages/airflow/example_dags/example_local_kubernetes_executor.py for tasks to queue
[2026-05-18T06:34:38.872+0000] {logging_mixin.py:190} INFO - [2026-05-18T06:34:38.871+0000] {dagbag.py:588} INFO - Filling up the DagBag from /home/noelsdavid/airflow_venv/lib/python3.12/site-packages/airflow/example_dags/example_local_kubernetes_executor.py
[2026-05-18T06:34:38.878+0000] {logging_mixin.py:190} INFO - [2026-05-18T06:34:38.877+0000] {example_local_kubernetes_executor.py:40} WARNING - Could not import DAGs in example_local_kubernetes_executor.py
Traceback (most recent call last):
  File "/home/noelsdavid/airflow_venv/lib/python3.12/site-packages/airflow/example_dags/example_local_kubernetes_executor.py", line 38, in <module>
    from kubernetes.client import models as k8s
ModuleNotFoundError: No module named 'kubernetes'
[2026-05-18T06:34:38.878+0000] {logging_mixin.py:190} INFO - [2026-05-18T06:34:38.878+0000] {example_local_kubernetes_executor.py:41} WARNING - Install Kubernetes dependencies with: pip install apache-airflow[cncf.kubernetes]
[2026-05-18T06:34:38.879+0000] {processor.py:927} WARNING - No viable dags retrieved from /home/noelsdavid/airflow_venv/lib/python3.12/site-packages/airflow/example_dags/example_local_kubernetes_executor.py
[2026-05-18T06:34:38.899+0000] {processor.py:208} INFO - Processing /home/noelsdavid/airflow_venv/lib/python3.12/site-packages/airflow/example_dags/example_local_kubernetes_executor.py took 0.043 seconds
[2026-05-18T06:35:44.025+0000] {processor.py:186} INFO - Started process (PID=10413) to work on /home/noelsdavid/airflow_venv/lib/python3.12/site-packages/airflow/example_dags/example_local_kubernetes_executor.py
[2026-05-18T06:35:44.027+0000] {processor.py:914} INFO - Processing file /home/noelsdavid/airflow_venv/lib/python3.12/site-packages/airflow/example_dags/example_local_kubernetes_executor.py for tasks to queue
[2026-05-18T06:35:44.029+0000] {logging_mixin.py:190} INFO - [2026-05-18T06:35:44.029+0000] {dagbag.py:588} INFO - Filling up the DagBag from /home/noelsdavid/airflow_venv/lib/python3.12/site-packages/airflow/example_dags/example_local_kubernetes_executor.py
[2026-05-18T06:35:44.034+0000] {logging_mixin.py:190} INFO - [2026-05-18T06:35:44.033+0000] {example_local_kubernetes_executor.py:40} WARNING - Could not import DAGs in example_local_kubernetes_executor.py
Traceback (most recent call last):
  File "/home/noelsdavid/airflow_venv/lib/python3.12/site-packages/airflow/example_dags/example_local_kubernetes_executor.py", line 38, in <module>
    from kubernetes.client import models as k8s
ModuleNotFoundError: No module named 'kubernetes'
[2026-05-18T06:35:44.034+0000] {logging_mixin.py:190} INFO - [2026-05-18T06:35:44.034+0000] {example_local_kubernetes_executor.py:41} WARNING - Install Kubernetes dependencies with: pip install apache-airflow[cncf.kubernetes]
[2026-05-18T06:35:44.035+0000] {processor.py:927} WARNING - No viable dags retrieved from /home/noelsdavid/airflow_venv/lib/python3.12/site-packages/airflow/example_dags/example_local_kubernetes_executor.py
[2026-05-18T06:35:44.049+0000] {processor.py:208} INFO - Processing /home/noelsdavid/airflow_venv/lib/python3.12/site-packages/airflow/example_dags/example_local_kubernetes_executor.py took 0.032 seconds
[2026-05-18T06:36:45.604+0000] {processor.py:186} INFO - Started process (PID=10596) to work on /home/noelsdavid/airflow_venv/lib/python3.12/site-packages/airflow/example_dags/example_local_kubernetes_executor.py
[2026-05-18T06:36:45.606+0000] {processor.py:914} INFO - Processing file /home/noelsdavid/airflow_venv/lib/python3.12/site-packages/airflow/example_dags/example_local_kubernetes_executor.py for tasks to queue
[2026-05-18T06:36:45.608+0000] {logging_mixin.py:190} INFO - [2026-05-18T06:36:45.608+0000] {dagbag.py:588} INFO - Filling up the DagBag from /home/noelsdavid/airflow_venv/lib/python3.12/site-packages/airflow/example_dags/example_local_kubernetes_executor.py
[2026-05-18T06:36:45.613+0000] {logging_mixin.py:190} INFO - [2026-05-18T06:36:45.612+0000] {example_local_kubernetes_executor.py:40} WARNING - Could not import DAGs in example_local_kubernetes_executor.py
Traceback (most recent call last):
  File "/home/noelsdavid/airflow_venv/lib/python3.12/site-packages/airflow/example_dags/example_local_kubernetes_executor.py", line 38, in <module>
    from kubernetes.client import models as k8s
ModuleNotFoundError: No module named 'kubernetes'
[2026-05-18T06:36:45.614+0000] {logging_mixin.py:190} INFO - [2026-05-18T06:36:45.614+0000] {example_local_kubernetes_executor.py:41} WARNING - Install Kubernetes dependencies with: pip install apache-airflow[cncf.kubernetes]
[2026-05-18T06:36:45.614+0000] {processor.py:927} WARNING - No viable dags retrieved from /home/noelsdavid/airflow_venv/lib/python3.12/site-packages/airflow/example_dags/example_local_kubernetes_executor.py
[2026-05-18T06:36:45.629+0000] {processor.py:208} INFO - Processing /home/noelsdavid/airflow_venv/lib/python3.12/site-packages/airflow/example_dags/example_local_kubernetes_executor.py took 0.032 seconds
[2026-05-18T06:37:49.747+0000] {processor.py:186} INFO - Started process (PID=10943) to work on /home/noelsdavid/airflow_venv/lib/python3.12/site-packages/airflow/example_dags/example_local_kubernetes_executor.py
[2026-05-18T06:37:49.750+0000] {processor.py:914} INFO - Processing file /home/noelsdavid/airflow_venv/lib/python3.12/site-packages/airflow/example_dags/example_local_kubernetes_executor.py for tasks to queue
[2026-05-18T06:37:49.752+0000] {logging_mixin.py:190} INFO - [2026-05-18T06:37:49.751+0000] {dagbag.py:588} INFO - Filling up the DagBag from /home/noelsdavid/airflow_venv/lib/python3.12/site-packages/airflow/example_dags/example_local_kubernetes_executor.py
[2026-05-18T06:37:49.756+0000] {logging_mixin.py:190} INFO - [2026-05-18T06:37:49.755+0000] {example_local_kubernetes_executor.py:40} WARNING - Could not import DAGs in example_local_kubernetes_executor.py
Traceback (most recent call last):
  File "/home/noelsdavid/airflow_venv/lib/python3.12/site-packages/airflow/example_dags/example_local_kubernetes_executor.py", line 38, in <module>
    from kubernetes.client import models as k8s
ModuleNotFoundError: No module named 'kubernetes'
[2026-05-18T06:37:49.757+0000] {logging_mixin.py:190} INFO - [2026-05-18T06:37:49.757+0000] {example_local_kubernetes_executor.py:41} WARNING - Install Kubernetes dependencies with: pip install apache-airflow[cncf.kubernetes]
[2026-05-18T06:37:49.757+0000] {processor.py:927} WARNING - No viable dags retrieved from /home/noelsdavid/airflow_venv/lib/python3.12/site-packages/airflow/example_dags/example_local_kubernetes_executor.py
[2026-05-18T06:37:49.772+0000] {processor.py:208} INFO - Processing /home/noelsdavid/airflow_venv/lib/python3.12/site-packages/airflow/example_dags/example_local_kubernetes_executor.py took 0.033 seconds
[2026-05-18T06:38:54.754+0000] {processor.py:186} INFO - Started process (PID=11169) to work on /home/noelsdavid/airflow_venv/lib/python3.12/site-packages/airflow/example_dags/example_local_kubernetes_executor.py
[2026-05-18T06:38:54.757+0000] {processor.py:914} INFO - Processing file /home/noelsdavid/airflow_venv/lib/python3.12/site-packages/airflow/example_dags/example_local_kubernetes_executor.py for tasks to queue
[2026-05-18T06:38:54.758+0000] {logging_mixin.py:190} INFO - [2026-05-18T06:38:54.758+0000] {dagbag.py:588} INFO - Filling up the DagBag from /home/noelsdavid/airflow_venv/lib/python3.12/site-packages/airflow/example_dags/example_local_kubernetes_executor.py
[2026-05-18T06:38:54.763+0000] {logging_mixin.py:190} INFO - [2026-05-18T06:38:54.762+0000] {example_local_kubernetes_executor.py:40} WARNING - Could not import DAGs in example_local_kubernetes_executor.py
Traceback (most recent call last):
  File "/home/noelsdavid/airflow_venv/lib/python3.12/site-packages/airflow/example_dags/example_local_kubernetes_executor.py", line 38, in <module>
    from kubernetes.client import models as k8s
ModuleNotFoundError: No module named 'kubernetes'
[2026-05-18T06:38:54.764+0000] {logging_mixin.py:190} INFO - [2026-05-18T06:38:54.763+0000] {example_local_kubernetes_executor.py:41} WARNING - Install Kubernetes dependencies with: pip install apache-airflow[cncf.kubernetes]
[2026-05-18T06:38:54.764+0000] {processor.py:927} WARNING - No viable dags retrieved from /home/noelsdavid/airflow_venv/lib/python3.12/site-packages/airflow/example_dags/example_local_kubernetes_executor.py
[2026-05-18T06:38:54.779+0000] {processor.py:208} INFO - Processing /home/noelsdavid/airflow_venv/lib/python3.12/site-packages/airflow/example_dags/example_local_kubernetes_executor.py took 0.034 seconds
[2026-05-18T06:40:01.083+0000] {processor.py:186} INFO - Started process (PID=11395) to work on /home/noelsdavid/airflow_venv/lib/python3.12/site-packages/airflow/example_dags/example_local_kubernetes_executor.py
[2026-05-18T06:40:01.086+0000] {processor.py:914} INFO - Processing file /home/noelsdavid/airflow_venv/lib/python3.12/site-packages/airflow/example_dags/example_local_kubernetes_executor.py for tasks to queue
[2026-05-18T06:40:01.088+0000] {logging_mixin.py:190} INFO - [2026-05-18T06:40:01.087+0000] {dagbag.py:588} INFO - Filling up the DagBag from /home/noelsdavid/airflow_venv/lib/python3.12/site-packages/airflow/example_dags/example_local_kubernetes_executor.py
[2026-05-18T06:40:01.092+0000] {logging_mixin.py:190} INFO - [2026-05-18T06:40:01.091+0000] {example_local_kubernetes_executor.py:40} WARNING - Could not import DAGs in example_local_kubernetes_executor.py
Traceback (most recent call last):
  File "/home/noelsdavid/airflow_venv/lib/python3.12/site-packages/airflow/example_dags/example_local_kubernetes_executor.py", line 38, in <module>
    from kubernetes.client import models as k8s
ModuleNotFoundError: No module named 'kubernetes'
[2026-05-18T06:40:01.093+0000] {logging_mixin.py:190} INFO - [2026-05-18T06:40:01.093+0000] {example_local_kubernetes_executor.py:41} WARNING - Install Kubernetes dependencies with: pip install apache-airflow[cncf.kubernetes]
[2026-05-18T06:40:01.093+0000] {processor.py:927} WARNING - No viable dags retrieved from /home/noelsdavid/airflow_venv/lib/python3.12/site-packages/airflow/example_dags/example_local_kubernetes_executor.py
[2026-05-18T06:40:01.109+0000] {processor.py:208} INFO - Processing /home/noelsdavid/airflow_venv/lib/python3.12/site-packages/airflow/example_dags/example_local_kubernetes_executor.py took 0.034 seconds
[2026-05-18T06:41:15.097+0000] {processor.py:186} INFO - Started process (PID=11746) to work on /home/noelsdavid/airflow_venv/lib/python3.12/site-packages/airflow/example_dags/example_local_kubernetes_executor.py
[2026-05-18T06:41:15.116+0000] {processor.py:914} INFO - Processing file /home/noelsdavid/airflow_venv/lib/python3.12/site-packages/airflow/example_dags/example_local_kubernetes_executor.py for tasks to queue
[2026-05-18T06:41:15.118+0000] {logging_mixin.py:190} INFO - [2026-05-18T06:41:15.117+0000] {dagbag.py:588} INFO - Filling up the DagBag from /home/noelsdavid/airflow_venv/lib/python3.12/site-packages/airflow/example_dags/example_local_kubernetes_executor.py
[2026-05-18T06:41:15.124+0000] {logging_mixin.py:190} INFO - [2026-05-18T06:41:15.122+0000] {example_local_kubernetes_executor.py:40} WARNING - Could not import DAGs in example_local_kubernetes_executor.py
Traceback (most recent call last):
  File "/home/noelsdavid/airflow_venv/lib/python3.12/site-packages/airflow/example_dags/example_local_kubernetes_executor.py", line 38, in <module>
    from kubernetes.client import models as k8s
ModuleNotFoundError: No module named 'kubernetes'
[2026-05-18T06:41:15.124+0000] {logging_mixin.py:190} INFO - [2026-05-18T06:41:15.124+0000] {example_local_kubernetes_executor.py:41} WARNING - Install Kubernetes dependencies with: pip install apache-airflow[cncf.kubernetes]
[2026-05-18T06:41:15.125+0000] {processor.py:927} WARNING - No viable dags retrieved from /home/noelsdavid/airflow_venv/lib/python3.12/site-packages/airflow/example_dags/example_local_kubernetes_executor.py
[2026-05-18T06:41:15.142+0000] {processor.py:208} INFO - Processing /home/noelsdavid/airflow_venv/lib/python3.12/site-packages/airflow/example_dags/example_local_kubernetes_executor.py took 0.054 seconds
[2026-05-18T06:42:26.762+0000] {processor.py:186} INFO - Started process (PID=12423) to work on /home/noelsdavid/airflow_venv/lib/python3.12/site-packages/airflow/example_dags/example_local_kubernetes_executor.py
[2026-05-18T06:42:26.789+0000] {processor.py:914} INFO - Processing file /home/noelsdavid/airflow_venv/lib/python3.12/site-packages/airflow/example_dags/example_local_kubernetes_executor.py for tasks to queue
[2026-05-18T06:42:26.792+0000] {logging_mixin.py:190} INFO - [2026-05-18T06:42:26.791+0000] {dagbag.py:588} INFO - Filling up the DagBag from /home/noelsdavid/airflow_venv/lib/python3.12/site-packages/airflow/example_dags/example_local_kubernetes_executor.py
[2026-05-18T06:42:26.799+0000] {logging_mixin.py:190} INFO - [2026-05-18T06:42:26.797+0000] {example_local_kubernetes_executor.py:40} WARNING - Could not import DAGs in example_local_kubernetes_executor.py
Traceback (most recent call last):
  File "/home/noelsdavid/airflow_venv/lib/python3.12/site-packages/airflow/example_dags/example_local_kubernetes_executor.py", line 38, in <module>
    from kubernetes.client import models as k8s
ModuleNotFoundError: No module named 'kubernetes'
[2026-05-18T06:42:26.799+0000] {logging_mixin.py:190} INFO - [2026-05-18T06:42:26.799+0000] {example_local_kubernetes_executor.py:41} WARNING - Install Kubernetes dependencies with: pip install apache-airflow[cncf.kubernetes]
[2026-05-18T06:42:26.800+0000] {processor.py:927} WARNING - No viable dags retrieved from /home/noelsdavid/airflow_venv/lib/python3.12/site-packages/airflow/example_dags/example_local_kubernetes_executor.py
[2026-05-18T06:42:26.817+0000] {processor.py:208} INFO - Processing /home/noelsdavid/airflow_venv/lib/python3.12/site-packages/airflow/example_dags/example_local_kubernetes_executor.py took 0.067 seconds
[2026-05-18T06:44:00.251+0000] {processor.py:186} INFO - Started process (PID=13010) to work on /home/noelsdavid/airflow_venv/lib/python3.12/site-packages/airflow/example_dags/example_local_kubernetes_executor.py
[2026-05-18T06:44:00.254+0000] {processor.py:914} INFO - Processing file /home/noelsdavid/airflow_venv/lib/python3.12/site-packages/airflow/example_dags/example_local_kubernetes_executor.py for tasks to queue
[2026-05-18T06:44:00.256+0000] {logging_mixin.py:190} INFO - [2026-05-18T06:44:00.255+0000] {dagbag.py:588} INFO - Filling up the DagBag from /home/noelsdavid/airflow_venv/lib/python3.12/site-packages/airflow/example_dags/example_local_kubernetes_executor.py
[2026-05-18T06:44:00.262+0000] {logging_mixin.py:190} INFO - [2026-05-18T06:44:00.260+0000] {example_local_kubernetes_executor.py:40} WARNING - Could not import DAGs in example_local_kubernetes_executor.py
Traceback (most recent call last):
  File "/home/noelsdavid/airflow_venv/lib/python3.12/site-packages/airflow/example_dags/example_local_kubernetes_executor.py", line 38, in <module>
    from kubernetes.client import models as k8s
ModuleNotFoundError: No module named 'kubernetes'
[2026-05-18T06:44:00.263+0000] {logging_mixin.py:190} INFO - [2026-05-18T06:44:00.262+0000] {example_local_kubernetes_executor.py:41} WARNING - Install Kubernetes dependencies with: pip install apache-airflow[cncf.kubernetes]
[2026-05-18T06:44:00.263+0000] {processor.py:927} WARNING - No viable dags retrieved from /home/noelsdavid/airflow_venv/lib/python3.12/site-packages/airflow/example_dags/example_local_kubernetes_executor.py
[2026-05-18T06:44:00.281+0000] {processor.py:208} INFO - Processing /home/noelsdavid/airflow_venv/lib/python3.12/site-packages/airflow/example_dags/example_local_kubernetes_executor.py took 0.041 seconds
[2026-05-18T06:45:16.980+0000] {processor.py:186} INFO - Started process (PID=13118) to work on /home/noelsdavid/airflow_venv/lib/python3.12/site-packages/airflow/example_dags/example_local_kubernetes_executor.py
[2026-05-18T06:45:16.982+0000] {processor.py:914} INFO - Processing file /home/noelsdavid/airflow_venv/lib/python3.12/site-packages/airflow/example_dags/example_local_kubernetes_executor.py for tasks to queue
[2026-05-18T06:45:16.985+0000] {logging_mixin.py:190} INFO - [2026-05-18T06:45:16.984+0000] {dagbag.py:588} INFO - Filling up the DagBag from /home/noelsdavid/airflow_venv/lib/python3.12/site-packages/airflow/example_dags/example_local_kubernetes_executor.py
[2026-05-18T06:45:16.991+0000] {logging_mixin.py:190} INFO - [2026-05-18T06:45:16.990+0000] {example_local_kubernetes_executor.py:40} WARNING - Could not import DAGs in example_local_kubernetes_executor.py
Traceback (most recent call last):
  File "/home/noelsdavid/airflow_venv/lib/python3.12/site-packages/airflow/example_dags/example_local_kubernetes_executor.py", line 38, in <module>
    from kubernetes.client import models as k8s
ModuleNotFoundError: No module named 'kubernetes'
[2026-05-18T06:45:16.991+0000] {logging_mixin.py:190} INFO - [2026-05-18T06:45:16.991+0000] {example_local_kubernetes_executor.py:41} WARNING - Install Kubernetes dependencies with: pip install apache-airflow[cncf.kubernetes]
[2026-05-18T06:45:16.992+0000] {processor.py:927} WARNING - No viable dags retrieved from /home/noelsdavid/airflow_venv/lib/python3.12/site-packages/airflow/example_dags/example_local_kubernetes_executor.py
[2026-05-18T06:45:17.007+0000] {processor.py:208} INFO - Processing /home/noelsdavid/airflow_venv/lib/python3.12/site-packages/airflow/example_dags/example_local_kubernetes_executor.py took 0.036 seconds
[2026-05-18T06:46:28.669+0000] {processor.py:186} INFO - Started process (PID=13196) to work on /home/noelsdavid/airflow_venv/lib/python3.12/site-packages/airflow/example_dags/example_local_kubernetes_executor.py
[2026-05-18T06:46:28.673+0000] {processor.py:914} INFO - Processing file /home/noelsdavid/airflow_venv/lib/python3.12/site-packages/airflow/example_dags/example_local_kubernetes_executor.py for tasks to queue
[2026-05-18T06:46:28.675+0000] {logging_mixin.py:190} INFO - [2026-05-18T06:46:28.674+0000] {dagbag.py:588} INFO - Filling up the DagBag from /home/noelsdavid/airflow_venv/lib/python3.12/site-packages/airflow/example_dags/example_local_kubernetes_executor.py
[2026-05-18T06:46:28.681+0000] {logging_mixin.py:190} INFO - [2026-05-18T06:46:28.679+0000] {example_local_kubernetes_executor.py:40} WARNING - Could not import DAGs in example_local_kubernetes_executor.py
Traceback (most recent call last):
  File "/home/noelsdavid/airflow_venv/lib/python3.12/site-packages/airflow/example_dags/example_local_kubernetes_executor.py", line 38, in <module>
    from kubernetes.client import models as k8s
ModuleNotFoundError: No module named 'kubernetes'
[2026-05-18T06:46:28.682+0000] {logging_mixin.py:190} INFO - [2026-05-18T06:46:28.681+0000] {example_local_kubernetes_executor.py:41} WARNING - Install Kubernetes dependencies with: pip install apache-airflow[cncf.kubernetes]
[2026-05-18T06:46:28.682+0000] {processor.py:927} WARNING - No viable dags retrieved from /home/noelsdavid/airflow_venv/lib/python3.12/site-packages/airflow/example_dags/example_local_kubernetes_executor.py
[2026-05-18T06:46:28.698+0000] {processor.py:208} INFO - Processing /home/noelsdavid/airflow_venv/lib/python3.12/site-packages/airflow/example_dags/example_local_kubernetes_executor.py took 0.039 seconds
[2026-05-18T06:47:36.710+0000] {processor.py:186} INFO - Started process (PID=13272) to work on /home/noelsdavid/airflow_venv/lib/python3.12/site-packages/airflow/example_dags/example_local_kubernetes_executor.py
[2026-05-18T06:47:36.712+0000] {processor.py:914} INFO - Processing file /home/noelsdavid/airflow_venv/lib/python3.12/site-packages/airflow/example_dags/example_local_kubernetes_executor.py for tasks to queue
[2026-05-18T06:47:36.715+0000] {logging_mixin.py:190} INFO - [2026-05-18T06:47:36.714+0000] {dagbag.py:588} INFO - Filling up the DagBag from /home/noelsdavid/airflow_venv/lib/python3.12/site-packages/airflow/example_dags/example_local_kubernetes_executor.py
[2026-05-18T06:47:36.721+0000] {logging_mixin.py:190} INFO - [2026-05-18T06:47:36.719+0000] {example_local_kubernetes_executor.py:40} WARNING - Could not import DAGs in example_local_kubernetes_executor.py
Traceback (most recent call last):
  File "/home/noelsdavid/airflow_venv/lib/python3.12/site-packages/airflow/example_dags/example_local_kubernetes_executor.py", line 38, in <module>
    from kubernetes.client import models as k8s
ModuleNotFoundError: No module named 'kubernetes'
[2026-05-18T06:47:36.721+0000] {logging_mixin.py:190} INFO - [2026-05-18T06:47:36.721+0000] {example_local_kubernetes_executor.py:41} WARNING - Install Kubernetes dependencies with: pip install apache-airflow[cncf.kubernetes]
[2026-05-18T06:47:36.721+0000] {processor.py:927} WARNING - No viable dags retrieved from /home/noelsdavid/airflow_venv/lib/python3.12/site-packages/airflow/example_dags/example_local_kubernetes_executor.py
[2026-05-18T06:47:36.736+0000] {processor.py:208} INFO - Processing /home/noelsdavid/airflow_venv/lib/python3.12/site-packages/airflow/example_dags/example_local_kubernetes_executor.py took 0.036 seconds
[2026-05-18T06:48:41.982+0000] {processor.py:186} INFO - Started process (PID=13344) to work on /home/noelsdavid/airflow_venv/lib/python3.12/site-packages/airflow/example_dags/example_local_kubernetes_executor.py
[2026-05-18T06:48:41.995+0000] {processor.py:914} INFO - Processing file /home/noelsdavid/airflow_venv/lib/python3.12/site-packages/airflow/example_dags/example_local_kubernetes_executor.py for tasks to queue
[2026-05-18T06:48:41.997+0000] {logging_mixin.py:190} INFO - [2026-05-18T06:48:41.996+0000] {dagbag.py:588} INFO - Filling up the DagBag from /home/noelsdavid/airflow_venv/lib/python3.12/site-packages/airflow/example_dags/example_local_kubernetes_executor.py
[2026-05-18T06:48:42.003+0000] {logging_mixin.py:190} INFO - [2026-05-18T06:48:42.001+0000] {example_local_kubernetes_executor.py:40} WARNING - Could not import DAGs in example_local_kubernetes_executor.py
Traceback (most recent call last):
  File "/home/noelsdavid/airflow_venv/lib/python3.12/site-packages/airflow/example_dags/example_local_kubernetes_executor.py", line 38, in <module>
    from kubernetes.client import models as k8s
ModuleNotFoundError: No module named 'kubernetes'
[2026-05-18T06:48:42.003+0000] {logging_mixin.py:190} INFO - [2026-05-18T06:48:42.003+0000] {example_local_kubernetes_executor.py:41} WARNING - Install Kubernetes dependencies with: pip install apache-airflow[cncf.kubernetes]
[2026-05-18T06:48:42.003+0000] {processor.py:927} WARNING - No viable dags retrieved from /home/noelsdavid/airflow_venv/lib/python3.12/site-packages/airflow/example_dags/example_local_kubernetes_executor.py
[2026-05-18T06:48:42.018+0000] {processor.py:208} INFO - Processing /home/noelsdavid/airflow_venv/lib/python3.12/site-packages/airflow/example_dags/example_local_kubernetes_executor.py took 0.045 seconds
[2026-05-18T06:49:45.770+0000] {processor.py:186} INFO - Started process (PID=13443) to work on /home/noelsdavid/airflow_venv/lib/python3.12/site-packages/airflow/example_dags/example_local_kubernetes_executor.py
[2026-05-18T06:49:45.773+0000] {processor.py:914} INFO - Processing file /home/noelsdavid/airflow_venv/lib/python3.12/site-packages/airflow/example_dags/example_local_kubernetes_executor.py for tasks to queue
[2026-05-18T06:49:45.775+0000] {logging_mixin.py:190} INFO - [2026-05-18T06:49:45.774+0000] {dagbag.py:588} INFO - Filling up the DagBag from /home/noelsdavid/airflow_venv/lib/python3.12/site-packages/airflow/example_dags/example_local_kubernetes_executor.py
[2026-05-18T06:49:45.781+0000] {logging_mixin.py:190} INFO - [2026-05-18T06:49:45.780+0000] {example_local_kubernetes_executor.py:40} WARNING - Could not import DAGs in example_local_kubernetes_executor.py
Traceback (most recent call last):
  File "/home/noelsdavid/airflow_venv/lib/python3.12/site-packages/airflow/example_dags/example_local_kubernetes_executor.py", line 38, in <module>
    from kubernetes.client import models as k8s
ModuleNotFoundError: No module named 'kubernetes'
[2026-05-18T06:49:45.782+0000] {logging_mixin.py:190} INFO - [2026-05-18T06:49:45.782+0000] {example_local_kubernetes_executor.py:41} WARNING - Install Kubernetes dependencies with: pip install apache-airflow[cncf.kubernetes]
[2026-05-18T06:49:45.782+0000] {processor.py:927} WARNING - No viable dags retrieved from /home/noelsdavid/airflow_venv/lib/python3.12/site-packages/airflow/example_dags/example_local_kubernetes_executor.py
[2026-05-18T06:49:45.797+0000] {processor.py:208} INFO - Processing /home/noelsdavid/airflow_venv/lib/python3.12/site-packages/airflow/example_dags/example_local_kubernetes_executor.py took 0.038 seconds
