[2026-05-18T06:00:23.427+0000] {processor.py:186} INFO - Started process (PID=6904) to work on /home/noelsdavid/airflow_venv/lib/python3.12/site-packages/airflow/example_dags/example_xcom.py
[2026-05-18T06:00:23.428+0000] {processor.py:914} INFO - Processing file /home/noelsdavid/airflow_venv/lib/python3.12/site-packages/airflow/example_dags/example_xcom.py for tasks to queue
[2026-05-18T06:00:23.431+0000] {logging_mixin.py:190} INFO - [2026-05-18T06:00:23.430+0000] {dagbag.py:588} INFO - Filling up the DagBag from /home/noelsdavid/airflow_venv/lib/python3.12/site-packages/airflow/example_dags/example_xcom.py
[2026-05-18T06:00:23.443+0000] {processor.py:925} INFO - DAG(s) 'example_xcom' retrieved from /home/noelsdavid/airflow_venv/lib/python3.12/site-packages/airflow/example_dags/example_xcom.py
[2026-05-18T06:00:23.586+0000] {logging_mixin.py:190} INFO - [2026-05-18T06:00:23.585+0000] {override.py:1911} INFO - Created Permission View: can edit on DAG:example_xcom
[2026-05-18T06:00:23.602+0000] {logging_mixin.py:190} INFO - [2026-05-18T06:00:23.602+0000] {override.py:1911} INFO - Created Permission View: can delete on DAG:example_xcom
[2026-05-18T06:00:23.616+0000] {logging_mixin.py:190} INFO - [2026-05-18T06:00:23.615+0000] {override.py:1911} INFO - Created Permission View: can read on DAG:example_xcom
[2026-05-18T06:00:23.637+0000] {logging_mixin.py:190} INFO - [2026-05-18T06:00:23.636+0000] {override.py:1911} INFO - Created Permission View: can delete on DAG Run:example_xcom
[2026-05-18T06:00:23.649+0000] {logging_mixin.py:190} INFO - [2026-05-18T06:00:23.648+0000] {override.py:1911} INFO - Created Permission View: menu access on DAG Run:example_xcom
[2026-05-18T06:00:23.662+0000] {logging_mixin.py:190} INFO - [2026-05-18T06:00:23.661+0000] {override.py:1911} INFO - Created Permission View: can create on DAG Run:example_xcom
[2026-05-18T06:00:23.674+0000] {logging_mixin.py:190} INFO - [2026-05-18T06:00:23.674+0000] {override.py:1911} INFO - Created Permission View: can read on DAG Run:example_xcom
[2026-05-18T06:00:23.675+0000] {logging_mixin.py:190} INFO - [2026-05-18T06:00:23.674+0000] {dag.py:3239} INFO - Sync 1 DAGs
[2026-05-18T06:00:23.689+0000] {logging_mixin.py:190} INFO - [2026-05-18T06:00:23.689+0000] {dag.py:3262} INFO - Creating ORM DAG for example_xcom
[2026-05-18T06:00:23.698+0000] {logging_mixin.py:190} INFO - [2026-05-18T06:00:23.698+0000] {dag.py:4180} INFO - Setting next_dagrun for example_xcom to 2021-01-01 00:00:00+00:00, run_after=2021-01-01 00:00:00+00:00
[2026-05-18T06:00:23.725+0000] {processor.py:208} INFO - Processing /home/noelsdavid/airflow_venv/lib/python3.12/site-packages/airflow/example_dags/example_xcom.py took 0.305 seconds
[2026-05-18T06:01:33.764+0000] {processor.py:186} INFO - Started process (PID=6963) to work on /home/noelsdavid/airflow_venv/lib/python3.12/site-packages/airflow/example_dags/example_xcom.py
[2026-05-18T06:01:33.767+0000] {processor.py:914} INFO - Processing file /home/noelsdavid/airflow_venv/lib/python3.12/site-packages/airflow/example_dags/example_xcom.py for tasks to queue
[2026-05-18T06:01:33.770+0000] {logging_mixin.py:190} INFO - [2026-05-18T06:01:33.769+0000] {dagbag.py:588} INFO - Filling up the DagBag from /home/noelsdavid/airflow_venv/lib/python3.12/site-packages/airflow/example_dags/example_xcom.py
[2026-05-18T06:01:33.783+0000] {processor.py:925} INFO - DAG(s) 'example_xcom' retrieved from /home/noelsdavid/airflow_venv/lib/python3.12/site-packages/airflow/example_dags/example_xcom.py
[2026-05-18T06:01:33.809+0000] {logging_mixin.py:190} INFO - [2026-05-18T06:01:33.809+0000] {dag.py:3239} INFO - Sync 1 DAGs
[2026-05-18T06:01:33.836+0000] {logging_mixin.py:190} INFO - [2026-05-18T06:01:33.836+0000] {dag.py:4180} INFO - Setting next_dagrun for example_xcom to 2021-01-01 00:00:00+00:00, run_after=2021-01-01 00:00:00+00:00
[2026-05-18T06:01:33.864+0000] {processor.py:208} INFO - Processing /home/noelsdavid/airflow_venv/lib/python3.12/site-packages/airflow/example_dags/example_xcom.py took 0.108 seconds
[2026-05-18T06:02:32.868+0000] {processor.py:186} INFO - Started process (PID=7023) to work on /home/noelsdavid/airflow_venv/lib/python3.12/site-packages/airflow/example_dags/example_xcom.py
[2026-05-18T06:02:32.871+0000] {processor.py:914} INFO - Processing file /home/noelsdavid/airflow_venv/lib/python3.12/site-packages/airflow/example_dags/example_xcom.py for tasks to queue
[2026-05-18T06:02:32.874+0000] {logging_mixin.py:190} INFO - [2026-05-18T06:02:32.873+0000] {dagbag.py:588} INFO - Filling up the DagBag from /home/noelsdavid/airflow_venv/lib/python3.12/site-packages/airflow/example_dags/example_xcom.py
[2026-05-18T06:02:32.886+0000] {processor.py:925} INFO - DAG(s) 'example_xcom' retrieved from /home/noelsdavid/airflow_venv/lib/python3.12/site-packages/airflow/example_dags/example_xcom.py
[2026-05-18T06:02:32.907+0000] {logging_mixin.py:190} INFO - [2026-05-18T06:02:32.907+0000] {dag.py:3239} INFO - Sync 1 DAGs
[2026-05-18T06:02:32.930+0000] {logging_mixin.py:190} INFO - [2026-05-18T06:02:32.930+0000] {dag.py:4180} INFO - Setting next_dagrun for example_xcom to 2021-01-01 00:00:00+00:00, run_after=2021-01-01 00:00:00+00:00
[2026-05-18T06:02:32.959+0000] {processor.py:208} INFO - Processing /home/noelsdavid/airflow_venv/lib/python3.12/site-packages/airflow/example_dags/example_xcom.py took 0.097 seconds
[2026-05-18T06:03:32.575+0000] {processor.py:186} INFO - Started process (PID=7080) to work on /home/noelsdavid/airflow_venv/lib/python3.12/site-packages/airflow/example_dags/example_xcom.py
[2026-05-18T06:03:32.578+0000] {processor.py:914} INFO - Processing file /home/noelsdavid/airflow_venv/lib/python3.12/site-packages/airflow/example_dags/example_xcom.py for tasks to queue
[2026-05-18T06:03:32.580+0000] {logging_mixin.py:190} INFO - [2026-05-18T06:03:32.580+0000] {dagbag.py:588} INFO - Filling up the DagBag from /home/noelsdavid/airflow_venv/lib/python3.12/site-packages/airflow/example_dags/example_xcom.py
[2026-05-18T06:03:32.594+0000] {processor.py:925} INFO - DAG(s) 'example_xcom' retrieved from /home/noelsdavid/airflow_venv/lib/python3.12/site-packages/airflow/example_dags/example_xcom.py
[2026-05-18T06:03:32.617+0000] {logging_mixin.py:190} INFO - [2026-05-18T06:03:32.617+0000] {dag.py:3239} INFO - Sync 1 DAGs
[2026-05-18T06:03:32.642+0000] {logging_mixin.py:190} INFO - [2026-05-18T06:03:32.641+0000] {dag.py:4180} INFO - Setting next_dagrun for example_xcom to 2021-01-01 00:00:00+00:00, run_after=2021-01-01 00:00:00+00:00
[2026-05-18T06:03:32.672+0000] {processor.py:208} INFO - Processing /home/noelsdavid/airflow_venv/lib/python3.12/site-packages/airflow/example_dags/example_xcom.py took 0.104 seconds
[2026-05-18T06:04:32.803+0000] {processor.py:186} INFO - Started process (PID=7140) to work on /home/noelsdavid/airflow_venv/lib/python3.12/site-packages/airflow/example_dags/example_xcom.py
[2026-05-18T06:04:32.805+0000] {processor.py:914} INFO - Processing file /home/noelsdavid/airflow_venv/lib/python3.12/site-packages/airflow/example_dags/example_xcom.py for tasks to queue
[2026-05-18T06:04:32.808+0000] {logging_mixin.py:190} INFO - [2026-05-18T06:04:32.808+0000] {dagbag.py:588} INFO - Filling up the DagBag from /home/noelsdavid/airflow_venv/lib/python3.12/site-packages/airflow/example_dags/example_xcom.py
[2026-05-18T06:04:32.821+0000] {processor.py:925} INFO - DAG(s) 'example_xcom' retrieved from /home/noelsdavid/airflow_venv/lib/python3.12/site-packages/airflow/example_dags/example_xcom.py
[2026-05-18T06:04:32.844+0000] {logging_mixin.py:190} INFO - [2026-05-18T06:04:32.844+0000] {dag.py:3239} INFO - Sync 1 DAGs
[2026-05-18T06:04:32.868+0000] {logging_mixin.py:190} INFO - [2026-05-18T06:04:32.868+0000] {dag.py:4180} INFO - Setting next_dagrun for example_xcom to 2021-01-01 00:00:00+00:00, run_after=2021-01-01 00:00:00+00:00
[2026-05-18T06:04:32.897+0000] {processor.py:208} INFO - Processing /home/noelsdavid/airflow_venv/lib/python3.12/site-packages/airflow/example_dags/example_xcom.py took 0.102 seconds
[2026-05-18T06:05:43.504+0000] {processor.py:186} INFO - Started process (PID=7231) to work on /home/noelsdavid/airflow_venv/lib/python3.12/site-packages/airflow/example_dags/example_xcom.py
[2026-05-18T06:05:43.507+0000] {processor.py:914} INFO - Processing file /home/noelsdavid/airflow_venv/lib/python3.12/site-packages/airflow/example_dags/example_xcom.py for tasks to queue
[2026-05-18T06:05:43.511+0000] {logging_mixin.py:190} INFO - [2026-05-18T06:05:43.510+0000] {dagbag.py:588} INFO - Filling up the DagBag from /home/noelsdavid/airflow_venv/lib/python3.12/site-packages/airflow/example_dags/example_xcom.py
[2026-05-18T06:05:43.700+0000] {processor.py:925} INFO - DAG(s) 'example_xcom' retrieved from /home/noelsdavid/airflow_venv/lib/python3.12/site-packages/airflow/example_dags/example_xcom.py
[2026-05-18T06:05:43.717+0000] {logging_mixin.py:190} INFO - [2026-05-18T06:05:43.717+0000] {dag.py:3239} INFO - Sync 1 DAGs
[2026-05-18T06:05:43.739+0000] {logging_mixin.py:190} INFO - [2026-05-18T06:05:43.739+0000] {dag.py:4180} INFO - Setting next_dagrun for example_xcom to 2021-01-01 00:00:00+00:00, run_after=2021-01-01 00:00:00+00:00
[2026-05-18T06:05:43.769+0000] {processor.py:208} INFO - Processing /home/noelsdavid/airflow_venv/lib/python3.12/site-packages/airflow/example_dags/example_xcom.py took 0.273 seconds
[2026-05-18T06:06:45.854+0000] {processor.py:186} INFO - Started process (PID=7292) to work on /home/noelsdavid/airflow_venv/lib/python3.12/site-packages/airflow/example_dags/example_xcom.py
[2026-05-18T06:06:45.857+0000] {processor.py:914} INFO - Processing file /home/noelsdavid/airflow_venv/lib/python3.12/site-packages/airflow/example_dags/example_xcom.py for tasks to queue
[2026-05-18T06:06:45.861+0000] {logging_mixin.py:190} INFO - [2026-05-18T06:06:45.860+0000] {dagbag.py:588} INFO - Filling up the DagBag from /home/noelsdavid/airflow_venv/lib/python3.12/site-packages/airflow/example_dags/example_xcom.py
[2026-05-18T06:06:45.876+0000] {processor.py:925} INFO - DAG(s) 'example_xcom' retrieved from /home/noelsdavid/airflow_venv/lib/python3.12/site-packages/airflow/example_dags/example_xcom.py
[2026-05-18T06:06:45.899+0000] {logging_mixin.py:190} INFO - [2026-05-18T06:06:45.898+0000] {dag.py:3239} INFO - Sync 1 DAGs
[2026-05-18T06:06:45.924+0000] {logging_mixin.py:190} INFO - [2026-05-18T06:06:45.924+0000] {dag.py:4180} INFO - Setting next_dagrun for example_xcom to 2021-01-01 00:00:00+00:00, run_after=2021-01-01 00:00:00+00:00
[2026-05-18T06:06:45.956+0000] {processor.py:208} INFO - Processing /home/noelsdavid/airflow_venv/lib/python3.12/site-packages/airflow/example_dags/example_xcom.py took 0.109 seconds
[2026-05-18T06:07:42.819+0000] {processor.py:186} INFO - Started process (PID=7350) to work on /home/noelsdavid/airflow_venv/lib/python3.12/site-packages/airflow/example_dags/example_xcom.py
[2026-05-18T06:07:42.822+0000] {processor.py:914} INFO - Processing file /home/noelsdavid/airflow_venv/lib/python3.12/site-packages/airflow/example_dags/example_xcom.py for tasks to queue
[2026-05-18T06:07:42.825+0000] {logging_mixin.py:190} INFO - [2026-05-18T06:07:42.825+0000] {dagbag.py:588} INFO - Filling up the DagBag from /home/noelsdavid/airflow_venv/lib/python3.12/site-packages/airflow/example_dags/example_xcom.py
[2026-05-18T06:07:42.840+0000] {processor.py:925} INFO - DAG(s) 'example_xcom' retrieved from /home/noelsdavid/airflow_venv/lib/python3.12/site-packages/airflow/example_dags/example_xcom.py
[2026-05-18T06:07:42.863+0000] {logging_mixin.py:190} INFO - [2026-05-18T06:07:42.863+0000] {dag.py:3239} INFO - Sync 1 DAGs
[2026-05-18T06:07:42.889+0000] {logging_mixin.py:190} INFO - [2026-05-18T06:07:42.889+0000] {dag.py:4180} INFO - Setting next_dagrun for example_xcom to 2021-01-01 00:00:00+00:00, run_after=2021-01-01 00:00:00+00:00
[2026-05-18T06:07:42.922+0000] {processor.py:208} INFO - Processing /home/noelsdavid/airflow_venv/lib/python3.12/site-packages/airflow/example_dags/example_xcom.py took 0.110 seconds
[2026-05-18T06:08:50.590+0000] {processor.py:186} INFO - Started process (PID=7413) to work on /home/noelsdavid/airflow_venv/lib/python3.12/site-packages/airflow/example_dags/example_xcom.py
[2026-05-18T06:08:50.615+0000] {processor.py:914} INFO - Processing file /home/noelsdavid/airflow_venv/lib/python3.12/site-packages/airflow/example_dags/example_xcom.py for tasks to queue
[2026-05-18T06:08:50.619+0000] {logging_mixin.py:190} INFO - [2026-05-18T06:08:50.618+0000] {dagbag.py:588} INFO - Filling up the DagBag from /home/noelsdavid/airflow_venv/lib/python3.12/site-packages/airflow/example_dags/example_xcom.py
[2026-05-18T06:08:50.634+0000] {processor.py:925} INFO - DAG(s) 'example_xcom' retrieved from /home/noelsdavid/airflow_venv/lib/python3.12/site-packages/airflow/example_dags/example_xcom.py
[2026-05-18T06:08:50.657+0000] {logging_mixin.py:190} INFO - [2026-05-18T06:08:50.657+0000] {dag.py:3239} INFO - Sync 1 DAGs
[2026-05-18T06:08:50.685+0000] {logging_mixin.py:190} INFO - [2026-05-18T06:08:50.684+0000] {dag.py:4180} INFO - Setting next_dagrun for example_xcom to 2021-01-01 00:00:00+00:00, run_after=2021-01-01 00:00:00+00:00
[2026-05-18T06:08:50.716+0000] {processor.py:208} INFO - Processing /home/noelsdavid/airflow_venv/lib/python3.12/site-packages/airflow/example_dags/example_xcom.py took 0.134 seconds
[2026-05-18T06:09:52.655+0000] {processor.py:186} INFO - Started process (PID=7472) to work on /home/noelsdavid/airflow_venv/lib/python3.12/site-packages/airflow/example_dags/example_xcom.py
[2026-05-18T06:09:52.658+0000] {processor.py:914} INFO - Processing file /home/noelsdavid/airflow_venv/lib/python3.12/site-packages/airflow/example_dags/example_xcom.py for tasks to queue
[2026-05-18T06:09:52.661+0000] {logging_mixin.py:190} INFO - [2026-05-18T06:09:52.661+0000] {dagbag.py:588} INFO - Filling up the DagBag from /home/noelsdavid/airflow_venv/lib/python3.12/site-packages/airflow/example_dags/example_xcom.py
[2026-05-18T06:09:52.676+0000] {processor.py:925} INFO - DAG(s) 'example_xcom' retrieved from /home/noelsdavid/airflow_venv/lib/python3.12/site-packages/airflow/example_dags/example_xcom.py
[2026-05-18T06:09:52.701+0000] {logging_mixin.py:190} INFO - [2026-05-18T06:09:52.700+0000] {dag.py:3239} INFO - Sync 1 DAGs
[2026-05-18T06:09:52.728+0000] {logging_mixin.py:190} INFO - [2026-05-18T06:09:52.727+0000] {dag.py:4180} INFO - Setting next_dagrun for example_xcom to 2021-01-01 00:00:00+00:00, run_after=2021-01-01 00:00:00+00:00
[2026-05-18T06:09:52.759+0000] {processor.py:208} INFO - Processing /home/noelsdavid/airflow_venv/lib/python3.12/site-packages/airflow/example_dags/example_xcom.py took 0.112 seconds
[2026-05-18T06:10:52.203+0000] {processor.py:186} INFO - Started process (PID=7555) to work on /home/noelsdavid/airflow_venv/lib/python3.12/site-packages/airflow/example_dags/example_xcom.py
[2026-05-18T06:10:52.206+0000] {processor.py:914} INFO - Processing file /home/noelsdavid/airflow_venv/lib/python3.12/site-packages/airflow/example_dags/example_xcom.py for tasks to queue
[2026-05-18T06:10:52.209+0000] {logging_mixin.py:190} INFO - [2026-05-18T06:10:52.208+0000] {dagbag.py:588} INFO - Filling up the DagBag from /home/noelsdavid/airflow_venv/lib/python3.12/site-packages/airflow/example_dags/example_xcom.py
[2026-05-18T06:10:52.224+0000] {processor.py:925} INFO - DAG(s) 'example_xcom' retrieved from /home/noelsdavid/airflow_venv/lib/python3.12/site-packages/airflow/example_dags/example_xcom.py
[2026-05-18T06:10:52.247+0000] {logging_mixin.py:190} INFO - [2026-05-18T06:10:52.246+0000] {dag.py:3239} INFO - Sync 1 DAGs
[2026-05-18T06:10:52.272+0000] {logging_mixin.py:190} INFO - [2026-05-18T06:10:52.272+0000] {dag.py:4180} INFO - Setting next_dagrun for example_xcom to 2021-01-01 00:00:00+00:00, run_after=2021-01-01 00:00:00+00:00
[2026-05-18T06:10:52.304+0000] {processor.py:208} INFO - Processing /home/noelsdavid/airflow_venv/lib/python3.12/site-packages/airflow/example_dags/example_xcom.py took 0.109 seconds
[2026-05-18T06:11:52.276+0000] {processor.py:186} INFO - Started process (PID=7615) to work on /home/noelsdavid/airflow_venv/lib/python3.12/site-packages/airflow/example_dags/example_xcom.py
[2026-05-18T06:11:52.278+0000] {processor.py:914} INFO - Processing file /home/noelsdavid/airflow_venv/lib/python3.12/site-packages/airflow/example_dags/example_xcom.py for tasks to queue
[2026-05-18T06:11:52.282+0000] {logging_mixin.py:190} INFO - [2026-05-18T06:11:52.281+0000] {dagbag.py:588} INFO - Filling up the DagBag from /home/noelsdavid/airflow_venv/lib/python3.12/site-packages/airflow/example_dags/example_xcom.py
[2026-05-18T06:11:52.297+0000] {processor.py:925} INFO - DAG(s) 'example_xcom' retrieved from /home/noelsdavid/airflow_venv/lib/python3.12/site-packages/airflow/example_dags/example_xcom.py
[2026-05-18T06:11:52.320+0000] {logging_mixin.py:190} INFO - [2026-05-18T06:11:52.320+0000] {dag.py:3239} INFO - Sync 1 DAGs
[2026-05-18T06:11:52.346+0000] {logging_mixin.py:190} INFO - [2026-05-18T06:11:52.346+0000] {dag.py:4180} INFO - Setting next_dagrun for example_xcom to 2021-01-01 00:00:00+00:00, run_after=2021-01-01 00:00:00+00:00
[2026-05-18T06:11:52.377+0000] {processor.py:208} INFO - Processing /home/noelsdavid/airflow_venv/lib/python3.12/site-packages/airflow/example_dags/example_xcom.py took 0.109 seconds
[2026-05-18T06:12:49.980+0000] {processor.py:186} INFO - Started process (PID=7673) to work on /home/noelsdavid/airflow_venv/lib/python3.12/site-packages/airflow/example_dags/example_xcom.py
[2026-05-18T06:12:49.982+0000] {processor.py:914} INFO - Processing file /home/noelsdavid/airflow_venv/lib/python3.12/site-packages/airflow/example_dags/example_xcom.py for tasks to queue
[2026-05-18T06:12:49.985+0000] {logging_mixin.py:190} INFO - [2026-05-18T06:12:49.985+0000] {dagbag.py:588} INFO - Filling up the DagBag from /home/noelsdavid/airflow_venv/lib/python3.12/site-packages/airflow/example_dags/example_xcom.py
[2026-05-18T06:12:50.001+0000] {processor.py:925} INFO - DAG(s) 'example_xcom' retrieved from /home/noelsdavid/airflow_venv/lib/python3.12/site-packages/airflow/example_dags/example_xcom.py
[2026-05-18T06:12:50.027+0000] {logging_mixin.py:190} INFO - [2026-05-18T06:12:50.027+0000] {dag.py:3239} INFO - Sync 1 DAGs
[2026-05-18T06:12:50.054+0000] {logging_mixin.py:190} INFO - [2026-05-18T06:12:50.053+0000] {dag.py:4180} INFO - Setting next_dagrun for example_xcom to 2021-01-01 00:00:00+00:00, run_after=2021-01-01 00:00:00+00:00
[2026-05-18T06:12:50.089+0000] {processor.py:208} INFO - Processing /home/noelsdavid/airflow_venv/lib/python3.12/site-packages/airflow/example_dags/example_xcom.py took 0.117 seconds
[2026-05-18T06:13:55.714+0000] {processor.py:186} INFO - Started process (PID=7733) to work on /home/noelsdavid/airflow_venv/lib/python3.12/site-packages/airflow/example_dags/example_xcom.py
[2026-05-18T06:13:55.716+0000] {processor.py:914} INFO - Processing file /home/noelsdavid/airflow_venv/lib/python3.12/site-packages/airflow/example_dags/example_xcom.py for tasks to queue
[2026-05-18T06:13:55.719+0000] {logging_mixin.py:190} INFO - [2026-05-18T06:13:55.719+0000] {dagbag.py:588} INFO - Filling up the DagBag from /home/noelsdavid/airflow_venv/lib/python3.12/site-packages/airflow/example_dags/example_xcom.py
[2026-05-18T06:13:55.735+0000] {processor.py:925} INFO - DAG(s) 'example_xcom' retrieved from /home/noelsdavid/airflow_venv/lib/python3.12/site-packages/airflow/example_dags/example_xcom.py
[2026-05-18T06:13:55.760+0000] {logging_mixin.py:190} INFO - [2026-05-18T06:13:55.760+0000] {dag.py:3239} INFO - Sync 1 DAGs
[2026-05-18T06:13:55.788+0000] {logging_mixin.py:190} INFO - [2026-05-18T06:13:55.787+0000] {dag.py:4180} INFO - Setting next_dagrun for example_xcom to 2021-01-01 00:00:00+00:00, run_after=2021-01-01 00:00:00+00:00
[2026-05-18T06:13:55.819+0000] {processor.py:208} INFO - Processing /home/noelsdavid/airflow_venv/lib/python3.12/site-packages/airflow/example_dags/example_xcom.py took 0.113 seconds
[2026-05-18T06:14:55.540+0000] {processor.py:186} INFO - Started process (PID=7792) to work on /home/noelsdavid/airflow_venv/lib/python3.12/site-packages/airflow/example_dags/example_xcom.py
[2026-05-18T06:14:55.543+0000] {processor.py:914} INFO - Processing file /home/noelsdavid/airflow_venv/lib/python3.12/site-packages/airflow/example_dags/example_xcom.py for tasks to queue
[2026-05-18T06:14:55.546+0000] {logging_mixin.py:190} INFO - [2026-05-18T06:14:55.545+0000] {dagbag.py:588} INFO - Filling up the DagBag from /home/noelsdavid/airflow_venv/lib/python3.12/site-packages/airflow/example_dags/example_xcom.py
[2026-05-18T06:14:55.560+0000] {processor.py:925} INFO - DAG(s) 'example_xcom' retrieved from /home/noelsdavid/airflow_venv/lib/python3.12/site-packages/airflow/example_dags/example_xcom.py
[2026-05-18T06:14:55.583+0000] {logging_mixin.py:190} INFO - [2026-05-18T06:14:55.583+0000] {dag.py:3239} INFO - Sync 1 DAGs
[2026-05-18T06:14:55.609+0000] {logging_mixin.py:190} INFO - [2026-05-18T06:14:55.609+0000] {dag.py:4180} INFO - Setting next_dagrun for example_xcom to 2021-01-01 00:00:00+00:00, run_after=2021-01-01 00:00:00+00:00
[2026-05-18T06:14:55.643+0000] {processor.py:208} INFO - Processing /home/noelsdavid/airflow_venv/lib/python3.12/site-packages/airflow/example_dags/example_xcom.py took 0.110 seconds
[2026-05-18T06:15:59.559+0000] {processor.py:186} INFO - Started process (PID=8021) to work on /home/noelsdavid/airflow_venv/lib/python3.12/site-packages/airflow/example_dags/example_xcom.py
[2026-05-18T06:15:59.574+0000] {processor.py:914} INFO - Processing file /home/noelsdavid/airflow_venv/lib/python3.12/site-packages/airflow/example_dags/example_xcom.py for tasks to queue
[2026-05-18T06:15:59.577+0000] {logging_mixin.py:190} INFO - [2026-05-18T06:15:59.576+0000] {dagbag.py:588} INFO - Filling up the DagBag from /home/noelsdavid/airflow_venv/lib/python3.12/site-packages/airflow/example_dags/example_xcom.py
[2026-05-18T06:15:59.593+0000] {processor.py:925} INFO - DAG(s) 'example_xcom' retrieved from /home/noelsdavid/airflow_venv/lib/python3.12/site-packages/airflow/example_dags/example_xcom.py
[2026-05-18T06:15:59.616+0000] {logging_mixin.py:190} INFO - [2026-05-18T06:15:59.616+0000] {dag.py:3239} INFO - Sync 1 DAGs
[2026-05-18T06:15:59.641+0000] {logging_mixin.py:190} INFO - [2026-05-18T06:15:59.640+0000] {dag.py:4180} INFO - Setting next_dagrun for example_xcom to 2021-01-01 00:00:00+00:00, run_after=2021-01-01 00:00:00+00:00
[2026-05-18T06:15:59.672+0000] {processor.py:208} INFO - Processing /home/noelsdavid/airflow_venv/lib/python3.12/site-packages/airflow/example_dags/example_xcom.py took 0.121 seconds
[2026-05-18T06:17:02.136+0000] {processor.py:186} INFO - Started process (PID=8183) to work on /home/noelsdavid/airflow_venv/lib/python3.12/site-packages/airflow/example_dags/example_xcom.py
[2026-05-18T06:17:02.138+0000] {processor.py:914} INFO - Processing file /home/noelsdavid/airflow_venv/lib/python3.12/site-packages/airflow/example_dags/example_xcom.py for tasks to queue
[2026-05-18T06:17:02.141+0000] {logging_mixin.py:190} INFO - [2026-05-18T06:17:02.141+0000] {dagbag.py:588} INFO - Filling up the DagBag from /home/noelsdavid/airflow_venv/lib/python3.12/site-packages/airflow/example_dags/example_xcom.py
[2026-05-18T06:17:02.157+0000] {processor.py:925} INFO - DAG(s) 'example_xcom' retrieved from /home/noelsdavid/airflow_venv/lib/python3.12/site-packages/airflow/example_dags/example_xcom.py
[2026-05-18T06:17:02.180+0000] {logging_mixin.py:190} INFO - [2026-05-18T06:17:02.179+0000] {dag.py:3239} INFO - Sync 1 DAGs
[2026-05-18T06:17:02.208+0000] {logging_mixin.py:190} INFO - [2026-05-18T06:17:02.208+0000] {dag.py:4180} INFO - Setting next_dagrun for example_xcom to 2021-01-01 00:00:00+00:00, run_after=2021-01-01 00:00:00+00:00
[2026-05-18T06:17:02.238+0000] {processor.py:208} INFO - Processing /home/noelsdavid/airflow_venv/lib/python3.12/site-packages/airflow/example_dags/example_xcom.py took 0.111 seconds
[2026-05-18T06:18:05.728+0000] {processor.py:186} INFO - Started process (PID=8395) to work on /home/noelsdavid/airflow_venv/lib/python3.12/site-packages/airflow/example_dags/example_xcom.py
[2026-05-18T06:18:05.731+0000] {processor.py:914} INFO - Processing file /home/noelsdavid/airflow_venv/lib/python3.12/site-packages/airflow/example_dags/example_xcom.py for tasks to queue
[2026-05-18T06:18:05.734+0000] {logging_mixin.py:190} INFO - [2026-05-18T06:18:05.734+0000] {dagbag.py:588} INFO - Filling up the DagBag from /home/noelsdavid/airflow_venv/lib/python3.12/site-packages/airflow/example_dags/example_xcom.py
[2026-05-18T06:18:05.748+0000] {processor.py:925} INFO - DAG(s) 'example_xcom' retrieved from /home/noelsdavid/airflow_venv/lib/python3.12/site-packages/airflow/example_dags/example_xcom.py
[2026-05-18T06:18:05.771+0000] {logging_mixin.py:190} INFO - [2026-05-18T06:18:05.771+0000] {dag.py:3239} INFO - Sync 1 DAGs
[2026-05-18T06:18:05.797+0000] {logging_mixin.py:190} INFO - [2026-05-18T06:18:05.796+0000] {dag.py:4180} INFO - Setting next_dagrun for example_xcom to 2021-01-01 00:00:00+00:00, run_after=2021-01-01 00:00:00+00:00
[2026-05-18T06:18:05.830+0000] {processor.py:208} INFO - Processing /home/noelsdavid/airflow_venv/lib/python3.12/site-packages/airflow/example_dags/example_xcom.py took 0.109 seconds
[2026-05-18T06:19:03.854+0000] {processor.py:186} INFO - Started process (PID=8506) to work on /home/noelsdavid/airflow_venv/lib/python3.12/site-packages/airflow/example_dags/example_xcom.py
[2026-05-18T06:19:03.856+0000] {processor.py:914} INFO - Processing file /home/noelsdavid/airflow_venv/lib/python3.12/site-packages/airflow/example_dags/example_xcom.py for tasks to queue
[2026-05-18T06:19:03.860+0000] {logging_mixin.py:190} INFO - [2026-05-18T06:19:03.859+0000] {dagbag.py:588} INFO - Filling up the DagBag from /home/noelsdavid/airflow_venv/lib/python3.12/site-packages/airflow/example_dags/example_xcom.py
[2026-05-18T06:19:03.875+0000] {processor.py:925} INFO - DAG(s) 'example_xcom' retrieved from /home/noelsdavid/airflow_venv/lib/python3.12/site-packages/airflow/example_dags/example_xcom.py
[2026-05-18T06:19:03.898+0000] {logging_mixin.py:190} INFO - [2026-05-18T06:19:03.898+0000] {dag.py:3239} INFO - Sync 1 DAGs
[2026-05-18T06:19:03.924+0000] {logging_mixin.py:190} INFO - [2026-05-18T06:19:03.923+0000] {dag.py:4180} INFO - Setting next_dagrun for example_xcom to 2021-01-01 00:00:00+00:00, run_after=2021-01-01 00:00:00+00:00
[2026-05-18T06:19:03.964+0000] {processor.py:208} INFO - Processing /home/noelsdavid/airflow_venv/lib/python3.12/site-packages/airflow/example_dags/example_xcom.py took 0.118 seconds
[2026-05-18T06:20:06.377+0000] {processor.py:186} INFO - Started process (PID=8567) to work on /home/noelsdavid/airflow_venv/lib/python3.12/site-packages/airflow/example_dags/example_xcom.py
[2026-05-18T06:20:06.379+0000] {processor.py:914} INFO - Processing file /home/noelsdavid/airflow_venv/lib/python3.12/site-packages/airflow/example_dags/example_xcom.py for tasks to queue
[2026-05-18T06:20:06.383+0000] {logging_mixin.py:190} INFO - [2026-05-18T06:20:06.382+0000] {dagbag.py:588} INFO - Filling up the DagBag from /home/noelsdavid/airflow_venv/lib/python3.12/site-packages/airflow/example_dags/example_xcom.py
[2026-05-18T06:20:06.399+0000] {processor.py:925} INFO - DAG(s) 'example_xcom' retrieved from /home/noelsdavid/airflow_venv/lib/python3.12/site-packages/airflow/example_dags/example_xcom.py
[2026-05-18T06:20:06.425+0000] {logging_mixin.py:190} INFO - [2026-05-18T06:20:06.425+0000] {dag.py:3239} INFO - Sync 1 DAGs
[2026-05-18T06:20:06.454+0000] {logging_mixin.py:190} INFO - [2026-05-18T06:20:06.454+0000] {dag.py:4180} INFO - Setting next_dagrun for example_xcom to 2021-01-01 00:00:00+00:00, run_after=2021-01-01 00:00:00+00:00
[2026-05-18T06:20:06.484+0000] {processor.py:208} INFO - Processing /home/noelsdavid/airflow_venv/lib/python3.12/site-packages/airflow/example_dags/example_xcom.py took 0.114 seconds
[2026-05-18T06:21:07.975+0000] {processor.py:186} INFO - Started process (PID=8654) to work on /home/noelsdavid/airflow_venv/lib/python3.12/site-packages/airflow/example_dags/example_xcom.py
[2026-05-18T06:21:07.978+0000] {processor.py:914} INFO - Processing file /home/noelsdavid/airflow_venv/lib/python3.12/site-packages/airflow/example_dags/example_xcom.py for tasks to queue
[2026-05-18T06:21:07.980+0000] {logging_mixin.py:190} INFO - [2026-05-18T06:21:07.979+0000] {dagbag.py:588} INFO - Filling up the DagBag from /home/noelsdavid/airflow_venv/lib/python3.12/site-packages/airflow/example_dags/example_xcom.py
[2026-05-18T06:21:07.994+0000] {processor.py:925} INFO - DAG(s) 'example_xcom' retrieved from /home/noelsdavid/airflow_venv/lib/python3.12/site-packages/airflow/example_dags/example_xcom.py
[2026-05-18T06:21:08.017+0000] {logging_mixin.py:190} INFO - [2026-05-18T06:21:08.017+0000] {dag.py:3239} INFO - Sync 1 DAGs
[2026-05-18T06:21:08.042+0000] {logging_mixin.py:190} INFO - [2026-05-18T06:21:08.042+0000] {dag.py:4180} INFO - Setting next_dagrun for example_xcom to 2021-01-01 00:00:00+00:00, run_after=2021-01-01 00:00:00+00:00
[2026-05-18T06:21:08.075+0000] {processor.py:208} INFO - Processing /home/noelsdavid/airflow_venv/lib/python3.12/site-packages/airflow/example_dags/example_xcom.py took 0.108 seconds
[2026-05-18T06:22:13.067+0000] {processor.py:186} INFO - Started process (PID=8718) to work on /home/noelsdavid/airflow_venv/lib/python3.12/site-packages/airflow/example_dags/example_xcom.py
[2026-05-18T06:22:13.070+0000] {processor.py:914} INFO - Processing file /home/noelsdavid/airflow_venv/lib/python3.12/site-packages/airflow/example_dags/example_xcom.py for tasks to queue
[2026-05-18T06:22:13.072+0000] {logging_mixin.py:190} INFO - [2026-05-18T06:22:13.071+0000] {dagbag.py:588} INFO - Filling up the DagBag from /home/noelsdavid/airflow_venv/lib/python3.12/site-packages/airflow/example_dags/example_xcom.py
[2026-05-18T06:22:13.087+0000] {processor.py:925} INFO - DAG(s) 'example_xcom' retrieved from /home/noelsdavid/airflow_venv/lib/python3.12/site-packages/airflow/example_dags/example_xcom.py
[2026-05-18T06:22:13.109+0000] {logging_mixin.py:190} INFO - [2026-05-18T06:22:13.109+0000] {dag.py:3239} INFO - Sync 1 DAGs
[2026-05-18T06:22:13.137+0000] {logging_mixin.py:190} INFO - [2026-05-18T06:22:13.136+0000] {dag.py:4180} INFO - Setting next_dagrun for example_xcom to 2021-01-01 00:00:00+00:00, run_after=2021-01-01 00:00:00+00:00
[2026-05-18T06:22:13.168+0000] {processor.py:208} INFO - Processing /home/noelsdavid/airflow_venv/lib/python3.12/site-packages/airflow/example_dags/example_xcom.py took 0.109 seconds
[2026-05-18T06:23:14.971+0000] {processor.py:186} INFO - Started process (PID=8777) to work on /home/noelsdavid/airflow_venv/lib/python3.12/site-packages/airflow/example_dags/example_xcom.py
[2026-05-18T06:23:14.973+0000] {processor.py:914} INFO - Processing file /home/noelsdavid/airflow_venv/lib/python3.12/site-packages/airflow/example_dags/example_xcom.py for tasks to queue
[2026-05-18T06:23:14.975+0000] {logging_mixin.py:190} INFO - [2026-05-18T06:23:14.974+0000] {dagbag.py:588} INFO - Filling up the DagBag from /home/noelsdavid/airflow_venv/lib/python3.12/site-packages/airflow/example_dags/example_xcom.py
[2026-05-18T06:23:14.989+0000] {processor.py:925} INFO - DAG(s) 'example_xcom' retrieved from /home/noelsdavid/airflow_venv/lib/python3.12/site-packages/airflow/example_dags/example_xcom.py
[2026-05-18T06:23:15.015+0000] {logging_mixin.py:190} INFO - [2026-05-18T06:23:15.014+0000] {dag.py:3239} INFO - Sync 1 DAGs
[2026-05-18T06:23:15.041+0000] {logging_mixin.py:190} INFO - [2026-05-18T06:23:15.041+0000] {dag.py:4180} INFO - Setting next_dagrun for example_xcom to 2021-01-01 00:00:00+00:00, run_after=2021-01-01 00:00:00+00:00
[2026-05-18T06:23:15.072+0000] {processor.py:208} INFO - Processing /home/noelsdavid/airflow_venv/lib/python3.12/site-packages/airflow/example_dags/example_xcom.py took 0.109 seconds
[2026-05-18T06:24:22.239+0000] {processor.py:186} INFO - Started process (PID=8840) to work on /home/noelsdavid/airflow_venv/lib/python3.12/site-packages/airflow/example_dags/example_xcom.py
[2026-05-18T06:24:22.242+0000] {processor.py:914} INFO - Processing file /home/noelsdavid/airflow_venv/lib/python3.12/site-packages/airflow/example_dags/example_xcom.py for tasks to queue
[2026-05-18T06:24:22.244+0000] {logging_mixin.py:190} INFO - [2026-05-18T06:24:22.243+0000] {dagbag.py:588} INFO - Filling up the DagBag from /home/noelsdavid/airflow_venv/lib/python3.12/site-packages/airflow/example_dags/example_xcom.py
[2026-05-18T06:24:22.259+0000] {processor.py:925} INFO - DAG(s) 'example_xcom' retrieved from /home/noelsdavid/airflow_venv/lib/python3.12/site-packages/airflow/example_dags/example_xcom.py
[2026-05-18T06:24:22.282+0000] {logging_mixin.py:190} INFO - [2026-05-18T06:24:22.282+0000] {dag.py:3239} INFO - Sync 1 DAGs
[2026-05-18T06:24:22.307+0000] {logging_mixin.py:190} INFO - [2026-05-18T06:24:22.307+0000] {dag.py:4180} INFO - Setting next_dagrun for example_xcom to 2021-01-01 00:00:00+00:00, run_after=2021-01-01 00:00:00+00:00
[2026-05-18T06:24:22.341+0000] {processor.py:208} INFO - Processing /home/noelsdavid/airflow_venv/lib/python3.12/site-packages/airflow/example_dags/example_xcom.py took 0.110 seconds
[2026-05-18T06:25:26.091+0000] {processor.py:186} INFO - Started process (PID=8927) to work on /home/noelsdavid/airflow_venv/lib/python3.12/site-packages/airflow/example_dags/example_xcom.py
[2026-05-18T06:25:26.094+0000] {processor.py:914} INFO - Processing file /home/noelsdavid/airflow_venv/lib/python3.12/site-packages/airflow/example_dags/example_xcom.py for tasks to queue
[2026-05-18T06:25:26.096+0000] {logging_mixin.py:190} INFO - [2026-05-18T06:25:26.095+0000] {dagbag.py:588} INFO - Filling up the DagBag from /home/noelsdavid/airflow_venv/lib/python3.12/site-packages/airflow/example_dags/example_xcom.py
[2026-05-18T06:25:26.110+0000] {processor.py:925} INFO - DAG(s) 'example_xcom' retrieved from /home/noelsdavid/airflow_venv/lib/python3.12/site-packages/airflow/example_dags/example_xcom.py
[2026-05-18T06:25:26.133+0000] {logging_mixin.py:190} INFO - [2026-05-18T06:25:26.133+0000] {dag.py:3239} INFO - Sync 1 DAGs
[2026-05-18T06:25:26.158+0000] {logging_mixin.py:190} INFO - [2026-05-18T06:25:26.158+0000] {dag.py:4180} INFO - Setting next_dagrun for example_xcom to 2021-01-01 00:00:00+00:00, run_after=2021-01-01 00:00:00+00:00
[2026-05-18T06:25:26.196+0000] {processor.py:208} INFO - Processing /home/noelsdavid/airflow_venv/lib/python3.12/site-packages/airflow/example_dags/example_xcom.py took 0.112 seconds
[2026-05-18T06:26:30.728+0000] {processor.py:186} INFO - Started process (PID=9043) to work on /home/noelsdavid/airflow_venv/lib/python3.12/site-packages/airflow/example_dags/example_xcom.py
[2026-05-18T06:26:30.732+0000] {processor.py:914} INFO - Processing file /home/noelsdavid/airflow_venv/lib/python3.12/site-packages/airflow/example_dags/example_xcom.py for tasks to queue
[2026-05-18T06:26:30.733+0000] {logging_mixin.py:190} INFO - [2026-05-18T06:26:30.733+0000] {dagbag.py:588} INFO - Filling up the DagBag from /home/noelsdavid/airflow_venv/lib/python3.12/site-packages/airflow/example_dags/example_xcom.py
[2026-05-18T06:26:30.749+0000] {processor.py:925} INFO - DAG(s) 'example_xcom' retrieved from /home/noelsdavid/airflow_venv/lib/python3.12/site-packages/airflow/example_dags/example_xcom.py
[2026-05-18T06:26:30.771+0000] {logging_mixin.py:190} INFO - [2026-05-18T06:26:30.771+0000] {dag.py:3239} INFO - Sync 1 DAGs
[2026-05-18T06:26:30.802+0000] {logging_mixin.py:190} INFO - [2026-05-18T06:26:30.802+0000] {dag.py:4180} INFO - Setting next_dagrun for example_xcom to 2021-01-01 00:00:00+00:00, run_after=2021-01-01 00:00:00+00:00
[2026-05-18T06:26:30.833+0000] {processor.py:208} INFO - Processing /home/noelsdavid/airflow_venv/lib/python3.12/site-packages/airflow/example_dags/example_xcom.py took 0.113 seconds
[2026-05-18T06:27:53.828+0000] {processor.py:186} INFO - Started process (PID=9604) to work on /home/noelsdavid/airflow_venv/lib/python3.12/site-packages/airflow/example_dags/example_xcom.py
[2026-05-18T06:27:53.843+0000] {processor.py:914} INFO - Processing file /home/noelsdavid/airflow_venv/lib/python3.12/site-packages/airflow/example_dags/example_xcom.py for tasks to queue
[2026-05-18T06:27:53.845+0000] {logging_mixin.py:190} INFO - [2026-05-18T06:27:53.844+0000] {dagbag.py:588} INFO - Filling up the DagBag from /home/noelsdavid/airflow_venv/lib/python3.12/site-packages/airflow/example_dags/example_xcom.py
[2026-05-18T06:27:53.860+0000] {processor.py:925} INFO - DAG(s) 'example_xcom' retrieved from /home/noelsdavid/airflow_venv/lib/python3.12/site-packages/airflow/example_dags/example_xcom.py
[2026-05-18T06:27:53.884+0000] {logging_mixin.py:190} INFO - [2026-05-18T06:27:53.884+0000] {dag.py:3239} INFO - Sync 1 DAGs
[2026-05-18T06:27:53.911+0000] {logging_mixin.py:190} INFO - [2026-05-18T06:27:53.911+0000] {dag.py:4180} INFO - Setting next_dagrun for example_xcom to 2021-01-01 00:00:00+00:00, run_after=2021-01-01 00:00:00+00:00
[2026-05-18T06:27:53.943+0000] {processor.py:208} INFO - Processing /home/noelsdavid/airflow_venv/lib/python3.12/site-packages/airflow/example_dags/example_xcom.py took 0.123 seconds
[2026-05-18T06:28:58.812+0000] {processor.py:186} INFO - Started process (PID=9748) to work on /home/noelsdavid/airflow_venv/lib/python3.12/site-packages/airflow/example_dags/example_xcom.py
[2026-05-18T06:28:58.815+0000] {processor.py:914} INFO - Processing file /home/noelsdavid/airflow_venv/lib/python3.12/site-packages/airflow/example_dags/example_xcom.py for tasks to queue
[2026-05-18T06:28:58.817+0000] {logging_mixin.py:190} INFO - [2026-05-18T06:28:58.816+0000] {dagbag.py:588} INFO - Filling up the DagBag from /home/noelsdavid/airflow_venv/lib/python3.12/site-packages/airflow/example_dags/example_xcom.py
[2026-05-18T06:28:58.832+0000] {processor.py:925} INFO - DAG(s) 'example_xcom' retrieved from /home/noelsdavid/airflow_venv/lib/python3.12/site-packages/airflow/example_dags/example_xcom.py
[2026-05-18T06:28:58.855+0000] {logging_mixin.py:190} INFO - [2026-05-18T06:28:58.854+0000] {dag.py:3239} INFO - Sync 1 DAGs
[2026-05-18T06:28:58.881+0000] {logging_mixin.py:190} INFO - [2026-05-18T06:28:58.881+0000] {dag.py:4180} INFO - Setting next_dagrun for example_xcom to 2021-01-01 00:00:00+00:00, run_after=2021-01-01 00:00:00+00:00
[2026-05-18T06:28:58.914+0000] {processor.py:208} INFO - Processing /home/noelsdavid/airflow_venv/lib/python3.12/site-packages/airflow/example_dags/example_xcom.py took 0.110 seconds
[2026-05-18T06:29:42.692+0000] {processor.py:186} INFO - Started process (PID=9788) to work on /home/noelsdavid/airflow_venv/lib/python3.12/site-packages/airflow/example_dags/example_xcom.py
[2026-05-18T06:29:42.695+0000] {processor.py:914} INFO - Processing file /home/noelsdavid/airflow_venv/lib/python3.12/site-packages/airflow/example_dags/example_xcom.py for tasks to queue
[2026-05-18T06:29:42.697+0000] {logging_mixin.py:190} INFO - [2026-05-18T06:29:42.697+0000] {dagbag.py:588} INFO - Filling up the DagBag from /home/noelsdavid/airflow_venv/lib/python3.12/site-packages/airflow/example_dags/example_xcom.py
[2026-05-18T06:29:42.714+0000] {processor.py:925} INFO - DAG(s) 'example_xcom' retrieved from /home/noelsdavid/airflow_venv/lib/python3.12/site-packages/airflow/example_dags/example_xcom.py
[2026-05-18T06:29:42.737+0000] {logging_mixin.py:190} INFO - [2026-05-18T06:29:42.736+0000] {dag.py:3239} INFO - Sync 1 DAGs
[2026-05-18T06:29:42.762+0000] {logging_mixin.py:190} INFO - [2026-05-18T06:29:42.761+0000] {dag.py:4180} INFO - Setting next_dagrun for example_xcom to 2021-01-01 00:00:00+00:00, run_after=2021-01-01 00:00:00+00:00
[2026-05-18T06:29:42.793+0000] {processor.py:208} INFO - Processing /home/noelsdavid/airflow_venv/lib/python3.12/site-packages/airflow/example_dags/example_xcom.py took 0.110 seconds
[2026-05-18T06:30:47.623+0000] {processor.py:186} INFO - Started process (PID=9875) to work on /home/noelsdavid/airflow_venv/lib/python3.12/site-packages/airflow/example_dags/example_xcom.py
[2026-05-18T06:30:47.626+0000] {processor.py:914} INFO - Processing file /home/noelsdavid/airflow_venv/lib/python3.12/site-packages/airflow/example_dags/example_xcom.py for tasks to queue
[2026-05-18T06:30:47.628+0000] {logging_mixin.py:190} INFO - [2026-05-18T06:30:47.627+0000] {dagbag.py:588} INFO - Filling up the DagBag from /home/noelsdavid/airflow_venv/lib/python3.12/site-packages/airflow/example_dags/example_xcom.py
[2026-05-18T06:30:47.642+0000] {processor.py:925} INFO - DAG(s) 'example_xcom' retrieved from /home/noelsdavid/airflow_venv/lib/python3.12/site-packages/airflow/example_dags/example_xcom.py
[2026-05-18T06:30:47.666+0000] {logging_mixin.py:190} INFO - [2026-05-18T06:30:47.666+0000] {dag.py:3239} INFO - Sync 1 DAGs
[2026-05-18T06:30:47.691+0000] {logging_mixin.py:190} INFO - [2026-05-18T06:30:47.691+0000] {dag.py:4180} INFO - Setting next_dagrun for example_xcom to 2021-01-01 00:00:00+00:00, run_after=2021-01-01 00:00:00+00:00
[2026-05-18T06:30:47.723+0000] {processor.py:208} INFO - Processing /home/noelsdavid/airflow_venv/lib/python3.12/site-packages/airflow/example_dags/example_xcom.py took 0.107 seconds
[2026-05-18T06:31:52.407+0000] {processor.py:186} INFO - Started process (PID=9938) to work on /home/noelsdavid/airflow_venv/lib/python3.12/site-packages/airflow/example_dags/example_xcom.py
[2026-05-18T06:31:52.409+0000] {processor.py:914} INFO - Processing file /home/noelsdavid/airflow_venv/lib/python3.12/site-packages/airflow/example_dags/example_xcom.py for tasks to queue
[2026-05-18T06:31:52.411+0000] {logging_mixin.py:190} INFO - [2026-05-18T06:31:52.411+0000] {dagbag.py:588} INFO - Filling up the DagBag from /home/noelsdavid/airflow_venv/lib/python3.12/site-packages/airflow/example_dags/example_xcom.py
[2026-05-18T06:31:52.426+0000] {processor.py:925} INFO - DAG(s) 'example_xcom' retrieved from /home/noelsdavid/airflow_venv/lib/python3.12/site-packages/airflow/example_dags/example_xcom.py
[2026-05-18T06:31:52.448+0000] {logging_mixin.py:190} INFO - [2026-05-18T06:31:52.448+0000] {dag.py:3239} INFO - Sync 1 DAGs
[2026-05-18T06:31:52.474+0000] {logging_mixin.py:190} INFO - [2026-05-18T06:31:52.473+0000] {dag.py:4180} INFO - Setting next_dagrun for example_xcom to 2021-01-01 00:00:00+00:00, run_after=2021-01-01 00:00:00+00:00
[2026-05-18T06:31:52.503+0000] {processor.py:208} INFO - Processing /home/noelsdavid/airflow_venv/lib/python3.12/site-packages/airflow/example_dags/example_xcom.py took 0.104 seconds
[2026-05-18T06:32:51.468+0000] {processor.py:186} INFO - Started process (PID=9998) to work on /home/noelsdavid/airflow_venv/lib/python3.12/site-packages/airflow/example_dags/example_xcom.py
[2026-05-18T06:32:51.470+0000] {processor.py:914} INFO - Processing file /home/noelsdavid/airflow_venv/lib/python3.12/site-packages/airflow/example_dags/example_xcom.py for tasks to queue
[2026-05-18T06:32:51.473+0000] {logging_mixin.py:190} INFO - [2026-05-18T06:32:51.472+0000] {dagbag.py:588} INFO - Filling up the DagBag from /home/noelsdavid/airflow_venv/lib/python3.12/site-packages/airflow/example_dags/example_xcom.py
[2026-05-18T06:32:51.486+0000] {processor.py:925} INFO - DAG(s) 'example_xcom' retrieved from /home/noelsdavid/airflow_venv/lib/python3.12/site-packages/airflow/example_dags/example_xcom.py
[2026-05-18T06:32:51.509+0000] {logging_mixin.py:190} INFO - [2026-05-18T06:32:51.509+0000] {dag.py:3239} INFO - Sync 1 DAGs
[2026-05-18T06:32:51.536+0000] {logging_mixin.py:190} INFO - [2026-05-18T06:32:51.536+0000] {dag.py:4180} INFO - Setting next_dagrun for example_xcom to 2021-01-01 00:00:00+00:00, run_after=2021-01-01 00:00:00+00:00
[2026-05-18T06:32:51.565+0000] {processor.py:208} INFO - Processing /home/noelsdavid/airflow_venv/lib/python3.12/site-packages/airflow/example_dags/example_xcom.py took 0.105 seconds
[2026-05-18T06:33:57.011+0000] {processor.py:186} INFO - Started process (PID=10071) to work on /home/noelsdavid/airflow_venv/lib/python3.12/site-packages/airflow/example_dags/example_xcom.py
[2026-05-18T06:33:57.014+0000] {processor.py:914} INFO - Processing file /home/noelsdavid/airflow_venv/lib/python3.12/site-packages/airflow/example_dags/example_xcom.py for tasks to queue
[2026-05-18T06:33:57.015+0000] {logging_mixin.py:190} INFO - [2026-05-18T06:33:57.015+0000] {dagbag.py:588} INFO - Filling up the DagBag from /home/noelsdavid/airflow_venv/lib/python3.12/site-packages/airflow/example_dags/example_xcom.py
[2026-05-18T06:33:57.030+0000] {processor.py:925} INFO - DAG(s) 'example_xcom' retrieved from /home/noelsdavid/airflow_venv/lib/python3.12/site-packages/airflow/example_dags/example_xcom.py
[2026-05-18T06:33:57.053+0000] {logging_mixin.py:190} INFO - [2026-05-18T06:33:57.053+0000] {dag.py:3239} INFO - Sync 1 DAGs
[2026-05-18T06:33:57.083+0000] {logging_mixin.py:190} INFO - [2026-05-18T06:33:57.082+0000] {dag.py:4180} INFO - Setting next_dagrun for example_xcom to 2021-01-01 00:00:00+00:00, run_after=2021-01-01 00:00:00+00:00
[2026-05-18T06:33:57.112+0000] {processor.py:208} INFO - Processing /home/noelsdavid/airflow_venv/lib/python3.12/site-packages/airflow/example_dags/example_xcom.py took 0.108 seconds
[2026-05-18T06:34:59.907+0000] {processor.py:186} INFO - Started process (PID=10255) to work on /home/noelsdavid/airflow_venv/lib/python3.12/site-packages/airflow/example_dags/example_xcom.py
[2026-05-18T06:34:59.910+0000] {processor.py:914} INFO - Processing file /home/noelsdavid/airflow_venv/lib/python3.12/site-packages/airflow/example_dags/example_xcom.py for tasks to queue
[2026-05-18T06:34:59.911+0000] {logging_mixin.py:190} INFO - [2026-05-18T06:34:59.911+0000] {dagbag.py:588} INFO - Filling up the DagBag from /home/noelsdavid/airflow_venv/lib/python3.12/site-packages/airflow/example_dags/example_xcom.py
[2026-05-18T06:34:59.927+0000] {processor.py:925} INFO - DAG(s) 'example_xcom' retrieved from /home/noelsdavid/airflow_venv/lib/python3.12/site-packages/airflow/example_dags/example_xcom.py
[2026-05-18T06:34:59.951+0000] {logging_mixin.py:190} INFO - [2026-05-18T06:34:59.950+0000] {dag.py:3239} INFO - Sync 1 DAGs
[2026-05-18T06:34:59.979+0000] {logging_mixin.py:190} INFO - [2026-05-18T06:34:59.978+0000] {dag.py:4180} INFO - Setting next_dagrun for example_xcom to 2021-01-01 00:00:00+00:00, run_after=2021-01-01 00:00:00+00:00
[2026-05-18T06:35:00.013+0000] {processor.py:208} INFO - Processing /home/noelsdavid/airflow_venv/lib/python3.12/site-packages/airflow/example_dags/example_xcom.py took 0.114 seconds
[2026-05-18T06:36:06.454+0000] {processor.py:186} INFO - Started process (PID=10467) to work on /home/noelsdavid/airflow_venv/lib/python3.12/site-packages/airflow/example_dags/example_xcom.py
[2026-05-18T06:36:06.463+0000] {processor.py:914} INFO - Processing file /home/noelsdavid/airflow_venv/lib/python3.12/site-packages/airflow/example_dags/example_xcom.py for tasks to queue
[2026-05-18T06:36:06.466+0000] {logging_mixin.py:190} INFO - [2026-05-18T06:36:06.465+0000] {dagbag.py:588} INFO - Filling up the DagBag from /home/noelsdavid/airflow_venv/lib/python3.12/site-packages/airflow/example_dags/example_xcom.py
[2026-05-18T06:36:06.480+0000] {processor.py:925} INFO - DAG(s) 'example_xcom' retrieved from /home/noelsdavid/airflow_venv/lib/python3.12/site-packages/airflow/example_dags/example_xcom.py
[2026-05-18T06:36:06.503+0000] {logging_mixin.py:190} INFO - [2026-05-18T06:36:06.502+0000] {dag.py:3239} INFO - Sync 1 DAGs
[2026-05-18T06:36:06.529+0000] {logging_mixin.py:190} INFO - [2026-05-18T06:36:06.529+0000] {dag.py:4180} INFO - Setting next_dagrun for example_xcom to 2021-01-01 00:00:00+00:00, run_after=2021-01-01 00:00:00+00:00
[2026-05-18T06:36:06.559+0000] {processor.py:208} INFO - Processing /home/noelsdavid/airflow_venv/lib/python3.12/site-packages/airflow/example_dags/example_xcom.py took 0.113 seconds
[2026-05-18T06:37:06.643+0000] {processor.py:186} INFO - Started process (PID=10725) to work on /home/noelsdavid/airflow_venv/lib/python3.12/site-packages/airflow/example_dags/example_xcom.py
[2026-05-18T06:37:06.645+0000] {processor.py:914} INFO - Processing file /home/noelsdavid/airflow_venv/lib/python3.12/site-packages/airflow/example_dags/example_xcom.py for tasks to queue
[2026-05-18T06:37:06.647+0000] {logging_mixin.py:190} INFO - [2026-05-18T06:37:06.647+0000] {dagbag.py:588} INFO - Filling up the DagBag from /home/noelsdavid/airflow_venv/lib/python3.12/site-packages/airflow/example_dags/example_xcom.py
[2026-05-18T06:37:06.662+0000] {processor.py:925} INFO - DAG(s) 'example_xcom' retrieved from /home/noelsdavid/airflow_venv/lib/python3.12/site-packages/airflow/example_dags/example_xcom.py
[2026-05-18T06:37:06.684+0000] {logging_mixin.py:190} INFO - [2026-05-18T06:37:06.684+0000] {dag.py:3239} INFO - Sync 1 DAGs
[2026-05-18T06:37:06.714+0000] {logging_mixin.py:190} INFO - [2026-05-18T06:37:06.713+0000] {dag.py:4180} INFO - Setting next_dagrun for example_xcom to 2021-01-01 00:00:00+00:00, run_after=2021-01-01 00:00:00+00:00
[2026-05-18T06:37:06.746+0000] {processor.py:208} INFO - Processing /home/noelsdavid/airflow_venv/lib/python3.12/site-packages/airflow/example_dags/example_xcom.py took 0.111 seconds
[2026-05-18T06:38:14.813+0000] {processor.py:186} INFO - Started process (PID=10980) to work on /home/noelsdavid/airflow_venv/lib/python3.12/site-packages/airflow/example_dags/example_xcom.py
[2026-05-18T06:38:14.815+0000] {processor.py:914} INFO - Processing file /home/noelsdavid/airflow_venv/lib/python3.12/site-packages/airflow/example_dags/example_xcom.py for tasks to queue
[2026-05-18T06:38:14.817+0000] {logging_mixin.py:190} INFO - [2026-05-18T06:38:14.816+0000] {dagbag.py:588} INFO - Filling up the DagBag from /home/noelsdavid/airflow_venv/lib/python3.12/site-packages/airflow/example_dags/example_xcom.py
[2026-05-18T06:38:14.832+0000] {processor.py:925} INFO - DAG(s) 'example_xcom' retrieved from /home/noelsdavid/airflow_venv/lib/python3.12/site-packages/airflow/example_dags/example_xcom.py
[2026-05-18T06:38:14.855+0000] {logging_mixin.py:190} INFO - [2026-05-18T06:38:14.855+0000] {dag.py:3239} INFO - Sync 1 DAGs
[2026-05-18T06:38:14.880+0000] {logging_mixin.py:190} INFO - [2026-05-18T06:38:14.880+0000] {dag.py:4180} INFO - Setting next_dagrun for example_xcom to 2021-01-01 00:00:00+00:00, run_after=2021-01-01 00:00:00+00:00
[2026-05-18T06:38:14.911+0000] {processor.py:208} INFO - Processing /home/noelsdavid/airflow_venv/lib/python3.12/site-packages/airflow/example_dags/example_xcom.py took 0.107 seconds
[2026-05-18T06:39:18.080+0000] {processor.py:186} INFO - Started process (PID=11274) to work on /home/noelsdavid/airflow_venv/lib/python3.12/site-packages/airflow/example_dags/example_xcom.py
[2026-05-18T06:39:18.083+0000] {processor.py:914} INFO - Processing file /home/noelsdavid/airflow_venv/lib/python3.12/site-packages/airflow/example_dags/example_xcom.py for tasks to queue
[2026-05-18T06:39:18.085+0000] {logging_mixin.py:190} INFO - [2026-05-18T06:39:18.084+0000] {dagbag.py:588} INFO - Filling up the DagBag from /home/noelsdavid/airflow_venv/lib/python3.12/site-packages/airflow/example_dags/example_xcom.py
[2026-05-18T06:39:18.100+0000] {processor.py:925} INFO - DAG(s) 'example_xcom' retrieved from /home/noelsdavid/airflow_venv/lib/python3.12/site-packages/airflow/example_dags/example_xcom.py
[2026-05-18T06:39:18.123+0000] {logging_mixin.py:190} INFO - [2026-05-18T06:39:18.123+0000] {dag.py:3239} INFO - Sync 1 DAGs
[2026-05-18T06:39:18.148+0000] {logging_mixin.py:190} INFO - [2026-05-18T06:39:18.148+0000] {dag.py:4180} INFO - Setting next_dagrun for example_xcom to 2021-01-01 00:00:00+00:00, run_after=2021-01-01 00:00:00+00:00
[2026-05-18T06:39:18.179+0000] {processor.py:208} INFO - Processing /home/noelsdavid/airflow_venv/lib/python3.12/site-packages/airflow/example_dags/example_xcom.py took 0.107 seconds
[2026-05-18T06:40:26.925+0000] {processor.py:186} INFO - Started process (PID=11551) to work on /home/noelsdavid/airflow_venv/lib/python3.12/site-packages/airflow/example_dags/example_xcom.py
[2026-05-18T06:40:26.953+0000] {processor.py:914} INFO - Processing file /home/noelsdavid/airflow_venv/lib/python3.12/site-packages/airflow/example_dags/example_xcom.py for tasks to queue
[2026-05-18T06:40:26.955+0000] {logging_mixin.py:190} INFO - [2026-05-18T06:40:26.954+0000] {dagbag.py:588} INFO - Filling up the DagBag from /home/noelsdavid/airflow_venv/lib/python3.12/site-packages/airflow/example_dags/example_xcom.py
[2026-05-18T06:40:26.970+0000] {processor.py:925} INFO - DAG(s) 'example_xcom' retrieved from /home/noelsdavid/airflow_venv/lib/python3.12/site-packages/airflow/example_dags/example_xcom.py
[2026-05-18T06:40:26.993+0000] {logging_mixin.py:190} INFO - [2026-05-18T06:40:26.993+0000] {dag.py:3239} INFO - Sync 1 DAGs
[2026-05-18T06:40:27.023+0000] {logging_mixin.py:190} INFO - [2026-05-18T06:40:27.023+0000] {dag.py:4180} INFO - Setting next_dagrun for example_xcom to 2021-01-01 00:00:00+00:00, run_after=2021-01-01 00:00:00+00:00
[2026-05-18T06:40:27.058+0000] {processor.py:208} INFO - Processing /home/noelsdavid/airflow_venv/lib/python3.12/site-packages/airflow/example_dags/example_xcom.py took 0.141 seconds
[2026-05-18T06:41:39.768+0000] {processor.py:186} INFO - Started process (PID=12201) to work on /home/noelsdavid/airflow_venv/lib/python3.12/site-packages/airflow/example_dags/example_xcom.py
[2026-05-18T06:41:39.771+0000] {processor.py:914} INFO - Processing file /home/noelsdavid/airflow_venv/lib/python3.12/site-packages/airflow/example_dags/example_xcom.py for tasks to queue
[2026-05-18T06:41:39.773+0000] {logging_mixin.py:190} INFO - [2026-05-18T06:41:39.772+0000] {dagbag.py:588} INFO - Filling up the DagBag from /home/noelsdavid/airflow_venv/lib/python3.12/site-packages/airflow/example_dags/example_xcom.py
[2026-05-18T06:41:39.788+0000] {processor.py:925} INFO - DAG(s) 'example_xcom' retrieved from /home/noelsdavid/airflow_venv/lib/python3.12/site-packages/airflow/example_dags/example_xcom.py
[2026-05-18T06:41:39.811+0000] {logging_mixin.py:190} INFO - [2026-05-18T06:41:39.811+0000] {dag.py:3239} INFO - Sync 1 DAGs
[2026-05-18T06:41:39.836+0000] {logging_mixin.py:190} INFO - [2026-05-18T06:41:39.836+0000] {dag.py:4180} INFO - Setting next_dagrun for example_xcom to 2021-01-01 00:00:00+00:00, run_after=2021-01-01 00:00:00+00:00
[2026-05-18T06:41:39.870+0000] {processor.py:208} INFO - Processing /home/noelsdavid/airflow_venv/lib/python3.12/site-packages/airflow/example_dags/example_xcom.py took 0.111 seconds
[2026-05-18T06:42:52.450+0000] {processor.py:186} INFO - Started process (PID=12572) to work on /home/noelsdavid/airflow_venv/lib/python3.12/site-packages/airflow/example_dags/example_xcom.py
[2026-05-18T06:42:52.453+0000] {processor.py:914} INFO - Processing file /home/noelsdavid/airflow_venv/lib/python3.12/site-packages/airflow/example_dags/example_xcom.py for tasks to queue
[2026-05-18T06:42:52.456+0000] {logging_mixin.py:190} INFO - [2026-05-18T06:42:52.455+0000] {dagbag.py:588} INFO - Filling up the DagBag from /home/noelsdavid/airflow_venv/lib/python3.12/site-packages/airflow/example_dags/example_xcom.py
[2026-05-18T06:42:52.477+0000] {processor.py:925} INFO - DAG(s) 'example_xcom' retrieved from /home/noelsdavid/airflow_venv/lib/python3.12/site-packages/airflow/example_dags/example_xcom.py
[2026-05-18T06:42:52.521+0000] {logging_mixin.py:190} INFO - [2026-05-18T06:42:52.520+0000] {dag.py:3239} INFO - Sync 1 DAGs
[2026-05-18T06:42:52.581+0000] {logging_mixin.py:190} INFO - [2026-05-18T06:42:52.580+0000] {dag.py:4180} INFO - Setting next_dagrun for example_xcom to 2021-01-01 00:00:00+00:00, run_after=2021-01-01 00:00:00+00:00
[2026-05-18T06:42:52.645+0000] {processor.py:208} INFO - Processing /home/noelsdavid/airflow_venv/lib/python3.12/site-packages/airflow/example_dags/example_xcom.py took 0.206 seconds
[2026-05-18T06:44:26.503+0000] {processor.py:186} INFO - Started process (PID=13042) to work on /home/noelsdavid/airflow_venv/lib/python3.12/site-packages/airflow/example_dags/example_xcom.py
[2026-05-18T06:44:26.506+0000] {processor.py:914} INFO - Processing file /home/noelsdavid/airflow_venv/lib/python3.12/site-packages/airflow/example_dags/example_xcom.py for tasks to queue
[2026-05-18T06:44:26.508+0000] {logging_mixin.py:190} INFO - [2026-05-18T06:44:26.508+0000] {dagbag.py:588} INFO - Filling up the DagBag from /home/noelsdavid/airflow_venv/lib/python3.12/site-packages/airflow/example_dags/example_xcom.py
[2026-05-18T06:44:26.523+0000] {processor.py:925} INFO - DAG(s) 'example_xcom' retrieved from /home/noelsdavid/airflow_venv/lib/python3.12/site-packages/airflow/example_dags/example_xcom.py
[2026-05-18T06:44:26.546+0000] {logging_mixin.py:190} INFO - [2026-05-18T06:44:26.546+0000] {dag.py:3239} INFO - Sync 1 DAGs
[2026-05-18T06:44:26.572+0000] {logging_mixin.py:190} INFO - [2026-05-18T06:44:26.572+0000] {dag.py:4180} INFO - Setting next_dagrun for example_xcom to 2021-01-01 00:00:00+00:00, run_after=2021-01-01 00:00:00+00:00
[2026-05-18T06:44:26.604+0000] {processor.py:208} INFO - Processing /home/noelsdavid/airflow_venv/lib/python3.12/site-packages/airflow/example_dags/example_xcom.py took 0.112 seconds
[2026-05-18T06:45:38.701+0000] {processor.py:186} INFO - Started process (PID=13144) to work on /home/noelsdavid/airflow_venv/lib/python3.12/site-packages/airflow/example_dags/example_xcom.py
[2026-05-18T06:45:38.717+0000] {processor.py:914} INFO - Processing file /home/noelsdavid/airflow_venv/lib/python3.12/site-packages/airflow/example_dags/example_xcom.py for tasks to queue
[2026-05-18T06:45:38.720+0000] {logging_mixin.py:190} INFO - [2026-05-18T06:45:38.719+0000] {dagbag.py:588} INFO - Filling up the DagBag from /home/noelsdavid/airflow_venv/lib/python3.12/site-packages/airflow/example_dags/example_xcom.py
[2026-05-18T06:45:38.734+0000] {processor.py:925} INFO - DAG(s) 'example_xcom' retrieved from /home/noelsdavid/airflow_venv/lib/python3.12/site-packages/airflow/example_dags/example_xcom.py
[2026-05-18T06:45:38.758+0000] {logging_mixin.py:190} INFO - [2026-05-18T06:45:38.757+0000] {dag.py:3239} INFO - Sync 1 DAGs
[2026-05-18T06:45:38.784+0000] {logging_mixin.py:190} INFO - [2026-05-18T06:45:38.783+0000] {dag.py:4180} INFO - Setting next_dagrun for example_xcom to 2021-01-01 00:00:00+00:00, run_after=2021-01-01 00:00:00+00:00
[2026-05-18T06:45:38.816+0000] {processor.py:208} INFO - Processing /home/noelsdavid/airflow_venv/lib/python3.12/site-packages/airflow/example_dags/example_xcom.py took 0.124 seconds
[2026-05-18T06:46:48.327+0000] {processor.py:186} INFO - Started process (PID=13219) to work on /home/noelsdavid/airflow_venv/lib/python3.12/site-packages/airflow/example_dags/example_xcom.py
[2026-05-18T06:46:48.377+0000] {processor.py:914} INFO - Processing file /home/noelsdavid/airflow_venv/lib/python3.12/site-packages/airflow/example_dags/example_xcom.py for tasks to queue
[2026-05-18T06:46:48.380+0000] {logging_mixin.py:190} INFO - [2026-05-18T06:46:48.379+0000] {dagbag.py:588} INFO - Filling up the DagBag from /home/noelsdavid/airflow_venv/lib/python3.12/site-packages/airflow/example_dags/example_xcom.py
[2026-05-18T06:46:48.396+0000] {processor.py:925} INFO - DAG(s) 'example_xcom' retrieved from /home/noelsdavid/airflow_venv/lib/python3.12/site-packages/airflow/example_dags/example_xcom.py
[2026-05-18T06:46:48.421+0000] {logging_mixin.py:190} INFO - [2026-05-18T06:46:48.421+0000] {dag.py:3239} INFO - Sync 1 DAGs
[2026-05-18T06:46:48.448+0000] {logging_mixin.py:190} INFO - [2026-05-18T06:46:48.447+0000] {dag.py:4180} INFO - Setting next_dagrun for example_xcom to 2021-01-01 00:00:00+00:00, run_after=2021-01-01 00:00:00+00:00
[2026-05-18T06:46:48.482+0000] {processor.py:208} INFO - Processing /home/noelsdavid/airflow_venv/lib/python3.12/site-packages/airflow/example_dags/example_xcom.py took 0.165 seconds
[2026-05-18T06:47:53.015+0000] {processor.py:186} INFO - Started process (PID=13291) to work on /home/noelsdavid/airflow_venv/lib/python3.12/site-packages/airflow/example_dags/example_xcom.py
[2026-05-18T06:47:53.018+0000] {processor.py:914} INFO - Processing file /home/noelsdavid/airflow_venv/lib/python3.12/site-packages/airflow/example_dags/example_xcom.py for tasks to queue
[2026-05-18T06:47:53.020+0000] {logging_mixin.py:190} INFO - [2026-05-18T06:47:53.019+0000] {dagbag.py:588} INFO - Filling up the DagBag from /home/noelsdavid/airflow_venv/lib/python3.12/site-packages/airflow/example_dags/example_xcom.py
[2026-05-18T06:47:53.033+0000] {processor.py:925} INFO - DAG(s) 'example_xcom' retrieved from /home/noelsdavid/airflow_venv/lib/python3.12/site-packages/airflow/example_dags/example_xcom.py
[2026-05-18T06:47:53.057+0000] {logging_mixin.py:190} INFO - [2026-05-18T06:47:53.057+0000] {dag.py:3239} INFO - Sync 1 DAGs
[2026-05-18T06:47:53.085+0000] {logging_mixin.py:190} INFO - [2026-05-18T06:47:53.084+0000] {dag.py:4180} INFO - Setting next_dagrun for example_xcom to 2021-01-01 00:00:00+00:00, run_after=2021-01-01 00:00:00+00:00
[2026-05-18T06:47:53.117+0000] {processor.py:208} INFO - Processing /home/noelsdavid/airflow_venv/lib/python3.12/site-packages/airflow/example_dags/example_xcom.py took 0.112 seconds
[2026-05-18T06:48:59.525+0000] {processor.py:186} INFO - Started process (PID=13367) to work on /home/noelsdavid/airflow_venv/lib/python3.12/site-packages/airflow/example_dags/example_xcom.py
[2026-05-18T06:48:59.527+0000] {processor.py:914} INFO - Processing file /home/noelsdavid/airflow_venv/lib/python3.12/site-packages/airflow/example_dags/example_xcom.py for tasks to queue
[2026-05-18T06:48:59.530+0000] {logging_mixin.py:190} INFO - [2026-05-18T06:48:59.530+0000] {dagbag.py:588} INFO - Filling up the DagBag from /home/noelsdavid/airflow_venv/lib/python3.12/site-packages/airflow/example_dags/example_xcom.py
[2026-05-18T06:48:59.543+0000] {processor.py:925} INFO - DAG(s) 'example_xcom' retrieved from /home/noelsdavid/airflow_venv/lib/python3.12/site-packages/airflow/example_dags/example_xcom.py
[2026-05-18T06:48:59.567+0000] {logging_mixin.py:190} INFO - [2026-05-18T06:48:59.566+0000] {dag.py:3239} INFO - Sync 1 DAGs
[2026-05-18T06:48:59.592+0000] {logging_mixin.py:190} INFO - [2026-05-18T06:48:59.592+0000] {dag.py:4180} INFO - Setting next_dagrun for example_xcom to 2021-01-01 00:00:00+00:00, run_after=2021-01-01 00:00:00+00:00
[2026-05-18T06:48:59.622+0000] {processor.py:208} INFO - Processing /home/noelsdavid/airflow_venv/lib/python3.12/site-packages/airflow/example_dags/example_xcom.py took 0.106 seconds
[2026-05-18T06:50:07.366+0000] {processor.py:186} INFO - Started process (PID=13467) to work on /home/noelsdavid/airflow_venv/lib/python3.12/site-packages/airflow/example_dags/example_xcom.py
[2026-05-18T06:50:07.368+0000] {processor.py:914} INFO - Processing file /home/noelsdavid/airflow_venv/lib/python3.12/site-packages/airflow/example_dags/example_xcom.py for tasks to queue
[2026-05-18T06:50:07.371+0000] {logging_mixin.py:190} INFO - [2026-05-18T06:50:07.370+0000] {dagbag.py:588} INFO - Filling up the DagBag from /home/noelsdavid/airflow_venv/lib/python3.12/site-packages/airflow/example_dags/example_xcom.py
[2026-05-18T06:50:07.384+0000] {processor.py:925} INFO - DAG(s) 'example_xcom' retrieved from /home/noelsdavid/airflow_venv/lib/python3.12/site-packages/airflow/example_dags/example_xcom.py
[2026-05-18T06:50:07.407+0000] {logging_mixin.py:190} INFO - [2026-05-18T06:50:07.407+0000] {dag.py:3239} INFO - Sync 1 DAGs
[2026-05-18T06:50:07.434+0000] {logging_mixin.py:190} INFO - [2026-05-18T06:50:07.434+0000] {dag.py:4180} INFO - Setting next_dagrun for example_xcom to 2021-01-01 00:00:00+00:00, run_after=2021-01-01 00:00:00+00:00
[2026-05-18T06:50:07.466+0000] {processor.py:208} INFO - Processing /home/noelsdavid/airflow_venv/lib/python3.12/site-packages/airflow/example_dags/example_xcom.py took 0.111 seconds
