[2026-05-18T06:01:09.665+0000] {processor.py:186} INFO - Started process (PID=6942) to work on /home/noelsdavid/airflow_venv/lib/python3.12/site-packages/airflow/example_dags/example_branch_datetime_operator.py
[2026-05-18T06:01:09.666+0000] {processor.py:914} INFO - Processing file /home/noelsdavid/airflow_venv/lib/python3.12/site-packages/airflow/example_dags/example_branch_datetime_operator.py for tasks to queue
[2026-05-18T06:01:09.669+0000] {logging_mixin.py:190} INFO - [2026-05-18T06:01:09.668+0000] {dagbag.py:588} INFO - Filling up the DagBag from /home/noelsdavid/airflow_venv/lib/python3.12/site-packages/airflow/example_dags/example_branch_datetime_operator.py
[2026-05-18T06:01:09.684+0000] {processor.py:925} INFO - DAG(s) 'example_branch_datetime_operator_3', 'example_branch_datetime_operator', 'example_branch_datetime_operator_2' retrieved from /home/noelsdavid/airflow_venv/lib/python3.12/site-packages/airflow/example_dags/example_branch_datetime_operator.py
[2026-05-18T06:01:09.813+0000] {logging_mixin.py:190} INFO - [2026-05-18T06:01:09.812+0000] {override.py:1911} INFO - Created Permission View: can edit on DAG:example_branch_datetime_operator_3
[2026-05-18T06:01:09.830+0000] {logging_mixin.py:190} INFO - [2026-05-18T06:01:09.829+0000] {override.py:1911} INFO - Created Permission View: can delete on DAG:example_branch_datetime_operator_3
[2026-05-18T06:01:09.843+0000] {logging_mixin.py:190} INFO - [2026-05-18T06:01:09.843+0000] {override.py:1911} INFO - Created Permission View: can read on DAG:example_branch_datetime_operator_3
[2026-05-18T06:01:09.863+0000] {logging_mixin.py:190} INFO - [2026-05-18T06:01:09.863+0000] {override.py:1911} INFO - Created Permission View: can delete on DAG Run:example_branch_datetime_operator_3
[2026-05-18T06:01:09.877+0000] {logging_mixin.py:190} INFO - [2026-05-18T06:01:09.876+0000] {override.py:1911} INFO - Created Permission View: menu access on DAG Run:example_branch_datetime_operator_3
[2026-05-18T06:01:09.890+0000] {logging_mixin.py:190} INFO - [2026-05-18T06:01:09.889+0000] {override.py:1911} INFO - Created Permission View: can create on DAG Run:example_branch_datetime_operator_3
[2026-05-18T06:01:09.903+0000] {logging_mixin.py:190} INFO - [2026-05-18T06:01:09.902+0000] {override.py:1911} INFO - Created Permission View: can read on DAG Run:example_branch_datetime_operator_3
[2026-05-18T06:01:09.931+0000] {logging_mixin.py:190} INFO - [2026-05-18T06:01:09.930+0000] {override.py:1911} INFO - Created Permission View: can edit on DAG:example_branch_datetime_operator
[2026-05-18T06:01:09.945+0000] {logging_mixin.py:190} INFO - [2026-05-18T06:01:09.944+0000] {override.py:1911} INFO - Created Permission View: can delete on DAG:example_branch_datetime_operator
[2026-05-18T06:01:09.958+0000] {logging_mixin.py:190} INFO - [2026-05-18T06:01:09.957+0000] {override.py:1911} INFO - Created Permission View: can read on DAG:example_branch_datetime_operator
[2026-05-18T06:01:09.980+0000] {logging_mixin.py:190} INFO - [2026-05-18T06:01:09.980+0000] {override.py:1911} INFO - Created Permission View: can delete on DAG Run:example_branch_datetime_operator
[2026-05-18T06:01:09.993+0000] {logging_mixin.py:190} INFO - [2026-05-18T06:01:09.993+0000] {override.py:1911} INFO - Created Permission View: menu access on DAG Run:example_branch_datetime_operator
[2026-05-18T06:01:10.008+0000] {logging_mixin.py:190} INFO - [2026-05-18T06:01:10.007+0000] {override.py:1911} INFO - Created Permission View: can create on DAG Run:example_branch_datetime_operator
[2026-05-18T06:01:10.020+0000] {logging_mixin.py:190} INFO - [2026-05-18T06:01:10.020+0000] {override.py:1911} INFO - Created Permission View: can read on DAG Run:example_branch_datetime_operator
[2026-05-18T06:01:10.049+0000] {logging_mixin.py:190} INFO - [2026-05-18T06:01:10.048+0000] {override.py:1911} INFO - Created Permission View: can edit on DAG:example_branch_datetime_operator_2
[2026-05-18T06:01:10.063+0000] {logging_mixin.py:190} INFO - [2026-05-18T06:01:10.062+0000] {override.py:1911} INFO - Created Permission View: can delete on DAG:example_branch_datetime_operator_2
[2026-05-18T06:01:10.077+0000] {logging_mixin.py:190} INFO - [2026-05-18T06:01:10.077+0000] {override.py:1911} INFO - Created Permission View: can read on DAG:example_branch_datetime_operator_2
[2026-05-18T06:01:10.101+0000] {logging_mixin.py:190} INFO - [2026-05-18T06:01:10.100+0000] {override.py:1911} INFO - Created Permission View: can delete on DAG Run:example_branch_datetime_operator_2
[2026-05-18T06:01:10.114+0000] {logging_mixin.py:190} INFO - [2026-05-18T06:01:10.113+0000] {override.py:1911} INFO - Created Permission View: menu access on DAG Run:example_branch_datetime_operator_2
[2026-05-18T06:01:10.127+0000] {logging_mixin.py:190} INFO - [2026-05-18T06:01:10.126+0000] {override.py:1911} INFO - Created Permission View: can create on DAG Run:example_branch_datetime_operator_2
[2026-05-18T06:01:10.140+0000] {logging_mixin.py:190} INFO - [2026-05-18T06:01:10.139+0000] {override.py:1911} INFO - Created Permission View: can read on DAG Run:example_branch_datetime_operator_2
[2026-05-18T06:01:10.140+0000] {logging_mixin.py:190} INFO - [2026-05-18T06:01:10.140+0000] {dag.py:3239} INFO - Sync 3 DAGs
[2026-05-18T06:01:10.154+0000] {logging_mixin.py:190} INFO - [2026-05-18T06:01:10.153+0000] {dag.py:3262} INFO - Creating ORM DAG for example_branch_datetime_operator_3
[2026-05-18T06:01:10.154+0000] {logging_mixin.py:190} INFO - [2026-05-18T06:01:10.154+0000] {dag.py:3262} INFO - Creating ORM DAG for example_branch_datetime_operator_2
[2026-05-18T06:01:10.155+0000] {logging_mixin.py:190} INFO - [2026-05-18T06:01:10.155+0000] {dag.py:3262} INFO - Creating ORM DAG for example_branch_datetime_operator
[2026-05-18T06:01:10.166+0000] {logging_mixin.py:190} INFO - [2026-05-18T06:01:10.166+0000] {dag.py:4180} INFO - Setting next_dagrun for example_branch_datetime_operator to 2026-05-17 00:00:00+00:00, run_after=2026-05-18 00:00:00+00:00
[2026-05-18T06:01:10.169+0000] {logging_mixin.py:190} INFO - [2026-05-18T06:01:10.168+0000] {dag.py:4180} INFO - Setting next_dagrun for example_branch_datetime_operator_2 to 2026-05-17 00:00:00+00:00, run_after=2026-05-18 00:00:00+00:00
[2026-05-18T06:01:10.170+0000] {logging_mixin.py:190} INFO - [2026-05-18T06:01:10.170+0000] {dag.py:4180} INFO - Setting next_dagrun for example_branch_datetime_operator_3 to 2026-05-17 00:00:00+00:00, run_after=2026-05-18 00:00:00+00:00
[2026-05-18T06:01:10.202+0000] {processor.py:208} INFO - Processing /home/noelsdavid/airflow_venv/lib/python3.12/site-packages/airflow/example_dags/example_branch_datetime_operator.py took 0.543 seconds
[2026-05-18T06:02:17.091+0000] {processor.py:186} INFO - Started process (PID=7006) to work on /home/noelsdavid/airflow_venv/lib/python3.12/site-packages/airflow/example_dags/example_branch_datetime_operator.py
[2026-05-18T06:02:17.094+0000] {processor.py:914} INFO - Processing file /home/noelsdavid/airflow_venv/lib/python3.12/site-packages/airflow/example_dags/example_branch_datetime_operator.py for tasks to queue
[2026-05-18T06:02:17.096+0000] {logging_mixin.py:190} INFO - [2026-05-18T06:02:17.096+0000] {dagbag.py:588} INFO - Filling up the DagBag from /home/noelsdavid/airflow_venv/lib/python3.12/site-packages/airflow/example_dags/example_branch_datetime_operator.py
[2026-05-18T06:02:17.112+0000] {processor.py:925} INFO - DAG(s) 'example_branch_datetime_operator', 'example_branch_datetime_operator_2', 'example_branch_datetime_operator_3' retrieved from /home/noelsdavid/airflow_venv/lib/python3.12/site-packages/airflow/example_dags/example_branch_datetime_operator.py
[2026-05-18T06:02:17.141+0000] {logging_mixin.py:190} INFO - [2026-05-18T06:02:17.140+0000] {dag.py:3239} INFO - Sync 3 DAGs
[2026-05-18T06:02:17.168+0000] {logging_mixin.py:190} INFO - [2026-05-18T06:02:17.168+0000] {dag.py:4180} INFO - Setting next_dagrun for example_branch_datetime_operator to 2026-05-17 00:00:00+00:00, run_after=2026-05-18 00:00:00+00:00
[2026-05-18T06:02:17.174+0000] {logging_mixin.py:190} INFO - [2026-05-18T06:02:17.174+0000] {dag.py:4180} INFO - Setting next_dagrun for example_branch_datetime_operator_2 to 2026-05-17 00:00:00+00:00, run_after=2026-05-18 00:00:00+00:00
[2026-05-18T06:02:17.177+0000] {logging_mixin.py:190} INFO - [2026-05-18T06:02:17.176+0000] {dag.py:4180} INFO - Setting next_dagrun for example_branch_datetime_operator_3 to 2026-05-17 00:00:00+00:00, run_after=2026-05-18 00:00:00+00:00
[2026-05-18T06:02:17.204+0000] {processor.py:208} INFO - Processing /home/noelsdavid/airflow_venv/lib/python3.12/site-packages/airflow/example_dags/example_branch_datetime_operator.py took 0.121 seconds
[2026-05-18T06:03:16.028+0000] {processor.py:186} INFO - Started process (PID=7065) to work on /home/noelsdavid/airflow_venv/lib/python3.12/site-packages/airflow/example_dags/example_branch_datetime_operator.py
[2026-05-18T06:03:16.031+0000] {processor.py:914} INFO - Processing file /home/noelsdavid/airflow_venv/lib/python3.12/site-packages/airflow/example_dags/example_branch_datetime_operator.py for tasks to queue
[2026-05-18T06:03:16.034+0000] {logging_mixin.py:190} INFO - [2026-05-18T06:03:16.033+0000] {dagbag.py:588} INFO - Filling up the DagBag from /home/noelsdavid/airflow_venv/lib/python3.12/site-packages/airflow/example_dags/example_branch_datetime_operator.py
[2026-05-18T06:03:16.049+0000] {processor.py:925} INFO - DAG(s) 'example_branch_datetime_operator_2', 'example_branch_datetime_operator', 'example_branch_datetime_operator_3' retrieved from /home/noelsdavid/airflow_venv/lib/python3.12/site-packages/airflow/example_dags/example_branch_datetime_operator.py
[2026-05-18T06:03:16.077+0000] {logging_mixin.py:190} INFO - [2026-05-18T06:03:16.077+0000] {dag.py:3239} INFO - Sync 3 DAGs
[2026-05-18T06:03:16.103+0000] {logging_mixin.py:190} INFO - [2026-05-18T06:03:16.103+0000] {dag.py:4180} INFO - Setting next_dagrun for example_branch_datetime_operator to 2026-05-17 00:00:00+00:00, run_after=2026-05-18 00:00:00+00:00
[2026-05-18T06:03:16.109+0000] {logging_mixin.py:190} INFO - [2026-05-18T06:03:16.109+0000] {dag.py:4180} INFO - Setting next_dagrun for example_branch_datetime_operator_2 to 2026-05-17 00:00:00+00:00, run_after=2026-05-18 00:00:00+00:00
[2026-05-18T06:03:16.112+0000] {logging_mixin.py:190} INFO - [2026-05-18T06:03:16.112+0000] {dag.py:4180} INFO - Setting next_dagrun for example_branch_datetime_operator_3 to 2026-05-17 00:00:00+00:00, run_after=2026-05-18 00:00:00+00:00
[2026-05-18T06:03:16.139+0000] {processor.py:208} INFO - Processing /home/noelsdavid/airflow_venv/lib/python3.12/site-packages/airflow/example_dags/example_branch_datetime_operator.py took 0.118 seconds
[2026-05-18T06:04:17.016+0000] {processor.py:186} INFO - Started process (PID=7125) to work on /home/noelsdavid/airflow_venv/lib/python3.12/site-packages/airflow/example_dags/example_branch_datetime_operator.py
[2026-05-18T06:04:17.019+0000] {processor.py:914} INFO - Processing file /home/noelsdavid/airflow_venv/lib/python3.12/site-packages/airflow/example_dags/example_branch_datetime_operator.py for tasks to queue
[2026-05-18T06:04:17.022+0000] {logging_mixin.py:190} INFO - [2026-05-18T06:04:17.021+0000] {dagbag.py:588} INFO - Filling up the DagBag from /home/noelsdavid/airflow_venv/lib/python3.12/site-packages/airflow/example_dags/example_branch_datetime_operator.py
[2026-05-18T06:04:17.038+0000] {processor.py:925} INFO - DAG(s) 'example_branch_datetime_operator_2', 'example_branch_datetime_operator', 'example_branch_datetime_operator_3' retrieved from /home/noelsdavid/airflow_venv/lib/python3.12/site-packages/airflow/example_dags/example_branch_datetime_operator.py
[2026-05-18T06:04:17.065+0000] {logging_mixin.py:190} INFO - [2026-05-18T06:04:17.065+0000] {dag.py:3239} INFO - Sync 3 DAGs
[2026-05-18T06:04:17.092+0000] {logging_mixin.py:190} INFO - [2026-05-18T06:04:17.092+0000] {dag.py:4180} INFO - Setting next_dagrun for example_branch_datetime_operator to 2026-05-17 00:00:00+00:00, run_after=2026-05-18 00:00:00+00:00
[2026-05-18T06:04:17.098+0000] {logging_mixin.py:190} INFO - [2026-05-18T06:04:17.097+0000] {dag.py:4180} INFO - Setting next_dagrun for example_branch_datetime_operator_2 to 2026-05-17 00:00:00+00:00, run_after=2026-05-18 00:00:00+00:00
[2026-05-18T06:04:17.100+0000] {logging_mixin.py:190} INFO - [2026-05-18T06:04:17.100+0000] {dag.py:4180} INFO - Setting next_dagrun for example_branch_datetime_operator_3 to 2026-05-17 00:00:00+00:00, run_after=2026-05-18 00:00:00+00:00
[2026-05-18T06:04:17.127+0000] {processor.py:208} INFO - Processing /home/noelsdavid/airflow_venv/lib/python3.12/site-packages/airflow/example_dags/example_branch_datetime_operator.py took 0.118 seconds
[2026-05-18T06:05:22.356+0000] {processor.py:186} INFO - Started process (PID=7212) to work on /home/noelsdavid/airflow_venv/lib/python3.12/site-packages/airflow/example_dags/example_branch_datetime_operator.py
[2026-05-18T06:05:22.359+0000] {processor.py:914} INFO - Processing file /home/noelsdavid/airflow_venv/lib/python3.12/site-packages/airflow/example_dags/example_branch_datetime_operator.py for tasks to queue
[2026-05-18T06:05:22.362+0000] {logging_mixin.py:190} INFO - [2026-05-18T06:05:22.361+0000] {dagbag.py:588} INFO - Filling up the DagBag from /home/noelsdavid/airflow_venv/lib/python3.12/site-packages/airflow/example_dags/example_branch_datetime_operator.py
[2026-05-18T06:05:22.378+0000] {processor.py:925} INFO - DAG(s) 'example_branch_datetime_operator', 'example_branch_datetime_operator_3', 'example_branch_datetime_operator_2' retrieved from /home/noelsdavid/airflow_venv/lib/python3.12/site-packages/airflow/example_dags/example_branch_datetime_operator.py
[2026-05-18T06:05:22.409+0000] {logging_mixin.py:190} INFO - [2026-05-18T06:05:22.409+0000] {dag.py:3239} INFO - Sync 3 DAGs
[2026-05-18T06:05:22.606+0000] {logging_mixin.py:190} INFO - [2026-05-18T06:05:22.606+0000] {dag.py:4180} INFO - Setting next_dagrun for example_branch_datetime_operator to 2026-05-17 00:00:00+00:00, run_after=2026-05-18 00:00:00+00:00
[2026-05-18T06:05:22.612+0000] {logging_mixin.py:190} INFO - [2026-05-18T06:05:22.611+0000] {dag.py:4180} INFO - Setting next_dagrun for example_branch_datetime_operator_2 to 2026-05-17 00:00:00+00:00, run_after=2026-05-18 00:00:00+00:00
[2026-05-18T06:05:22.614+0000] {logging_mixin.py:190} INFO - [2026-05-18T06:05:22.614+0000] {dag.py:4180} INFO - Setting next_dagrun for example_branch_datetime_operator_3 to 2026-05-17 00:00:00+00:00, run_after=2026-05-18 00:00:00+00:00
[2026-05-18T06:05:22.640+0000] {processor.py:208} INFO - Processing /home/noelsdavid/airflow_venv/lib/python3.12/site-packages/airflow/example_dags/example_branch_datetime_operator.py took 0.292 seconds
[2026-05-18T06:06:31.852+0000] {processor.py:186} INFO - Started process (PID=7278) to work on /home/noelsdavid/airflow_venv/lib/python3.12/site-packages/airflow/example_dags/example_branch_datetime_operator.py
[2026-05-18T06:06:31.854+0000] {processor.py:914} INFO - Processing file /home/noelsdavid/airflow_venv/lib/python3.12/site-packages/airflow/example_dags/example_branch_datetime_operator.py for tasks to queue
[2026-05-18T06:06:31.857+0000] {logging_mixin.py:190} INFO - [2026-05-18T06:06:31.857+0000] {dagbag.py:588} INFO - Filling up the DagBag from /home/noelsdavid/airflow_venv/lib/python3.12/site-packages/airflow/example_dags/example_branch_datetime_operator.py
[2026-05-18T06:06:31.874+0000] {processor.py:925} INFO - DAG(s) 'example_branch_datetime_operator', 'example_branch_datetime_operator_3', 'example_branch_datetime_operator_2' retrieved from /home/noelsdavid/airflow_venv/lib/python3.12/site-packages/airflow/example_dags/example_branch_datetime_operator.py
[2026-05-18T06:06:31.903+0000] {logging_mixin.py:190} INFO - [2026-05-18T06:06:31.902+0000] {dag.py:3239} INFO - Sync 3 DAGs
[2026-05-18T06:06:31.935+0000] {logging_mixin.py:190} INFO - [2026-05-18T06:06:31.934+0000] {dag.py:4180} INFO - Setting next_dagrun for example_branch_datetime_operator to 2026-05-17 00:00:00+00:00, run_after=2026-05-18 00:00:00+00:00
[2026-05-18T06:06:31.940+0000] {logging_mixin.py:190} INFO - [2026-05-18T06:06:31.940+0000] {dag.py:4180} INFO - Setting next_dagrun for example_branch_datetime_operator_2 to 2026-05-17 00:00:00+00:00, run_after=2026-05-18 00:00:00+00:00
[2026-05-18T06:06:31.943+0000] {logging_mixin.py:190} INFO - [2026-05-18T06:06:31.943+0000] {dag.py:4180} INFO - Setting next_dagrun for example_branch_datetime_operator_3 to 2026-05-17 00:00:00+00:00, run_after=2026-05-18 00:00:00+00:00
[2026-05-18T06:06:31.972+0000] {processor.py:208} INFO - Processing /home/noelsdavid/airflow_venv/lib/python3.12/site-packages/airflow/example_dags/example_branch_datetime_operator.py took 0.128 seconds
[2026-05-18T06:07:29.772+0000] {processor.py:186} INFO - Started process (PID=7337) to work on /home/noelsdavid/airflow_venv/lib/python3.12/site-packages/airflow/example_dags/example_branch_datetime_operator.py
[2026-05-18T06:07:29.790+0000] {processor.py:914} INFO - Processing file /home/noelsdavid/airflow_venv/lib/python3.12/site-packages/airflow/example_dags/example_branch_datetime_operator.py for tasks to queue
[2026-05-18T06:07:29.793+0000] {logging_mixin.py:190} INFO - [2026-05-18T06:07:29.792+0000] {dagbag.py:588} INFO - Filling up the DagBag from /home/noelsdavid/airflow_venv/lib/python3.12/site-packages/airflow/example_dags/example_branch_datetime_operator.py
[2026-05-18T06:07:29.813+0000] {processor.py:925} INFO - DAG(s) 'example_branch_datetime_operator_2', 'example_branch_datetime_operator_3', 'example_branch_datetime_operator' retrieved from /home/noelsdavid/airflow_venv/lib/python3.12/site-packages/airflow/example_dags/example_branch_datetime_operator.py
[2026-05-18T06:07:29.851+0000] {logging_mixin.py:190} INFO - [2026-05-18T06:07:29.851+0000] {dag.py:3239} INFO - Sync 3 DAGs
[2026-05-18T06:07:29.886+0000] {logging_mixin.py:190} INFO - [2026-05-18T06:07:29.885+0000] {dag.py:4180} INFO - Setting next_dagrun for example_branch_datetime_operator to 2026-05-17 00:00:00+00:00, run_after=2026-05-18 00:00:00+00:00
[2026-05-18T06:07:29.893+0000] {logging_mixin.py:190} INFO - [2026-05-18T06:07:29.893+0000] {dag.py:4180} INFO - Setting next_dagrun for example_branch_datetime_operator_2 to 2026-05-17 00:00:00+00:00, run_after=2026-05-18 00:00:00+00:00
[2026-05-18T06:07:29.897+0000] {logging_mixin.py:190} INFO - [2026-05-18T06:07:29.897+0000] {dag.py:4180} INFO - Setting next_dagrun for example_branch_datetime_operator_3 to 2026-05-17 00:00:00+00:00, run_after=2026-05-18 00:00:00+00:00
[2026-05-18T06:07:29.929+0000] {processor.py:208} INFO - Processing /home/noelsdavid/airflow_venv/lib/python3.12/site-packages/airflow/example_dags/example_branch_datetime_operator.py took 0.166 seconds
[2026-05-18T06:08:32.442+0000] {processor.py:186} INFO - Started process (PID=7394) to work on /home/noelsdavid/airflow_venv/lib/python3.12/site-packages/airflow/example_dags/example_branch_datetime_operator.py
[2026-05-18T06:08:32.463+0000] {processor.py:914} INFO - Processing file /home/noelsdavid/airflow_venv/lib/python3.12/site-packages/airflow/example_dags/example_branch_datetime_operator.py for tasks to queue
[2026-05-18T06:08:32.466+0000] {logging_mixin.py:190} INFO - [2026-05-18T06:08:32.465+0000] {dagbag.py:588} INFO - Filling up the DagBag from /home/noelsdavid/airflow_venv/lib/python3.12/site-packages/airflow/example_dags/example_branch_datetime_operator.py
[2026-05-18T06:08:32.484+0000] {processor.py:925} INFO - DAG(s) 'example_branch_datetime_operator_2', 'example_branch_datetime_operator_3', 'example_branch_datetime_operator' retrieved from /home/noelsdavid/airflow_venv/lib/python3.12/site-packages/airflow/example_dags/example_branch_datetime_operator.py
[2026-05-18T06:08:32.515+0000] {logging_mixin.py:190} INFO - [2026-05-18T06:08:32.515+0000] {dag.py:3239} INFO - Sync 3 DAGs
[2026-05-18T06:08:32.545+0000] {logging_mixin.py:190} INFO - [2026-05-18T06:08:32.544+0000] {dag.py:4180} INFO - Setting next_dagrun for example_branch_datetime_operator to 2026-05-17 00:00:00+00:00, run_after=2026-05-18 00:00:00+00:00
[2026-05-18T06:08:32.551+0000] {logging_mixin.py:190} INFO - [2026-05-18T06:08:32.551+0000] {dag.py:4180} INFO - Setting next_dagrun for example_branch_datetime_operator_2 to 2026-05-17 00:00:00+00:00, run_after=2026-05-18 00:00:00+00:00
[2026-05-18T06:08:32.554+0000] {logging_mixin.py:190} INFO - [2026-05-18T06:08:32.553+0000] {dag.py:4180} INFO - Setting next_dagrun for example_branch_datetime_operator_3 to 2026-05-17 00:00:00+00:00, run_after=2026-05-18 00:00:00+00:00
[2026-05-18T06:08:32.585+0000] {processor.py:208} INFO - Processing /home/noelsdavid/airflow_venv/lib/python3.12/site-packages/airflow/example_dags/example_branch_datetime_operator.py took 0.151 seconds
[2026-05-18T06:09:36.193+0000] {processor.py:186} INFO - Started process (PID=7456) to work on /home/noelsdavid/airflow_venv/lib/python3.12/site-packages/airflow/example_dags/example_branch_datetime_operator.py
[2026-05-18T06:09:36.196+0000] {processor.py:914} INFO - Processing file /home/noelsdavid/airflow_venv/lib/python3.12/site-packages/airflow/example_dags/example_branch_datetime_operator.py for tasks to queue
[2026-05-18T06:09:36.199+0000] {logging_mixin.py:190} INFO - [2026-05-18T06:09:36.198+0000] {dagbag.py:588} INFO - Filling up the DagBag from /home/noelsdavid/airflow_venv/lib/python3.12/site-packages/airflow/example_dags/example_branch_datetime_operator.py
[2026-05-18T06:09:36.217+0000] {processor.py:925} INFO - DAG(s) 'example_branch_datetime_operator_2', 'example_branch_datetime_operator', 'example_branch_datetime_operator_3' retrieved from /home/noelsdavid/airflow_venv/lib/python3.12/site-packages/airflow/example_dags/example_branch_datetime_operator.py
[2026-05-18T06:09:36.246+0000] {logging_mixin.py:190} INFO - [2026-05-18T06:09:36.246+0000] {dag.py:3239} INFO - Sync 3 DAGs
[2026-05-18T06:09:36.275+0000] {logging_mixin.py:190} INFO - [2026-05-18T06:09:36.275+0000] {dag.py:4180} INFO - Setting next_dagrun for example_branch_datetime_operator to 2026-05-17 00:00:00+00:00, run_after=2026-05-18 00:00:00+00:00
[2026-05-18T06:09:36.281+0000] {logging_mixin.py:190} INFO - [2026-05-18T06:09:36.281+0000] {dag.py:4180} INFO - Setting next_dagrun for example_branch_datetime_operator_2 to 2026-05-17 00:00:00+00:00, run_after=2026-05-18 00:00:00+00:00
[2026-05-18T06:09:36.284+0000] {logging_mixin.py:190} INFO - [2026-05-18T06:09:36.283+0000] {dag.py:4180} INFO - Setting next_dagrun for example_branch_datetime_operator_3 to 2026-05-17 00:00:00+00:00, run_after=2026-05-18 00:00:00+00:00
[2026-05-18T06:09:36.312+0000] {processor.py:208} INFO - Processing /home/noelsdavid/airflow_venv/lib/python3.12/site-packages/airflow/example_dags/example_branch_datetime_operator.py took 0.127 seconds
[2026-05-18T06:10:36.673+0000] {processor.py:186} INFO - Started process (PID=7541) to work on /home/noelsdavid/airflow_venv/lib/python3.12/site-packages/airflow/example_dags/example_branch_datetime_operator.py
[2026-05-18T06:10:36.675+0000] {processor.py:914} INFO - Processing file /home/noelsdavid/airflow_venv/lib/python3.12/site-packages/airflow/example_dags/example_branch_datetime_operator.py for tasks to queue
[2026-05-18T06:10:36.678+0000] {logging_mixin.py:190} INFO - [2026-05-18T06:10:36.678+0000] {dagbag.py:588} INFO - Filling up the DagBag from /home/noelsdavid/airflow_venv/lib/python3.12/site-packages/airflow/example_dags/example_branch_datetime_operator.py
[2026-05-18T06:10:36.695+0000] {processor.py:925} INFO - DAG(s) 'example_branch_datetime_operator_3', 'example_branch_datetime_operator_2', 'example_branch_datetime_operator' retrieved from /home/noelsdavid/airflow_venv/lib/python3.12/site-packages/airflow/example_dags/example_branch_datetime_operator.py
[2026-05-18T06:10:36.723+0000] {logging_mixin.py:190} INFO - [2026-05-18T06:10:36.723+0000] {dag.py:3239} INFO - Sync 3 DAGs
[2026-05-18T06:10:36.751+0000] {logging_mixin.py:190} INFO - [2026-05-18T06:10:36.751+0000] {dag.py:4180} INFO - Setting next_dagrun for example_branch_datetime_operator to 2026-05-17 00:00:00+00:00, run_after=2026-05-18 00:00:00+00:00
[2026-05-18T06:10:36.756+0000] {logging_mixin.py:190} INFO - [2026-05-18T06:10:36.756+0000] {dag.py:4180} INFO - Setting next_dagrun for example_branch_datetime_operator_2 to 2026-05-17 00:00:00+00:00, run_after=2026-05-18 00:00:00+00:00
[2026-05-18T06:10:36.759+0000] {logging_mixin.py:190} INFO - [2026-05-18T06:10:36.759+0000] {dag.py:4180} INFO - Setting next_dagrun for example_branch_datetime_operator_3 to 2026-05-17 00:00:00+00:00, run_after=2026-05-18 00:00:00+00:00
[2026-05-18T06:10:36.785+0000] {processor.py:208} INFO - Processing /home/noelsdavid/airflow_venv/lib/python3.12/site-packages/airflow/example_dags/example_branch_datetime_operator.py took 0.120 seconds
[2026-05-18T06:11:37.193+0000] {processor.py:186} INFO - Started process (PID=7600) to work on /home/noelsdavid/airflow_venv/lib/python3.12/site-packages/airflow/example_dags/example_branch_datetime_operator.py
[2026-05-18T06:11:37.196+0000] {processor.py:914} INFO - Processing file /home/noelsdavid/airflow_venv/lib/python3.12/site-packages/airflow/example_dags/example_branch_datetime_operator.py for tasks to queue
[2026-05-18T06:11:37.199+0000] {logging_mixin.py:190} INFO - [2026-05-18T06:11:37.199+0000] {dagbag.py:588} INFO - Filling up the DagBag from /home/noelsdavid/airflow_venv/lib/python3.12/site-packages/airflow/example_dags/example_branch_datetime_operator.py
[2026-05-18T06:11:37.218+0000] {processor.py:925} INFO - DAG(s) 'example_branch_datetime_operator_2', 'example_branch_datetime_operator_3', 'example_branch_datetime_operator' retrieved from /home/noelsdavid/airflow_venv/lib/python3.12/site-packages/airflow/example_dags/example_branch_datetime_operator.py
[2026-05-18T06:11:37.248+0000] {logging_mixin.py:190} INFO - [2026-05-18T06:11:37.248+0000] {dag.py:3239} INFO - Sync 3 DAGs
[2026-05-18T06:11:37.277+0000] {logging_mixin.py:190} INFO - [2026-05-18T06:11:37.277+0000] {dag.py:4180} INFO - Setting next_dagrun for example_branch_datetime_operator to 2026-05-17 00:00:00+00:00, run_after=2026-05-18 00:00:00+00:00
[2026-05-18T06:11:37.283+0000] {logging_mixin.py:190} INFO - [2026-05-18T06:11:37.283+0000] {dag.py:4180} INFO - Setting next_dagrun for example_branch_datetime_operator_2 to 2026-05-17 00:00:00+00:00, run_after=2026-05-18 00:00:00+00:00
[2026-05-18T06:11:37.286+0000] {logging_mixin.py:190} INFO - [2026-05-18T06:11:37.286+0000] {dag.py:4180} INFO - Setting next_dagrun for example_branch_datetime_operator_3 to 2026-05-17 00:00:00+00:00, run_after=2026-05-18 00:00:00+00:00
[2026-05-18T06:11:37.314+0000] {processor.py:208} INFO - Processing /home/noelsdavid/airflow_venv/lib/python3.12/site-packages/airflow/example_dags/example_branch_datetime_operator.py took 0.129 seconds
[2026-05-18T06:12:35.951+0000] {processor.py:186} INFO - Started process (PID=7657) to work on /home/noelsdavid/airflow_venv/lib/python3.12/site-packages/airflow/example_dags/example_branch_datetime_operator.py
[2026-05-18T06:12:35.954+0000] {processor.py:914} INFO - Processing file /home/noelsdavid/airflow_venv/lib/python3.12/site-packages/airflow/example_dags/example_branch_datetime_operator.py for tasks to queue
[2026-05-18T06:12:35.957+0000] {logging_mixin.py:190} INFO - [2026-05-18T06:12:35.956+0000] {dagbag.py:588} INFO - Filling up the DagBag from /home/noelsdavid/airflow_venv/lib/python3.12/site-packages/airflow/example_dags/example_branch_datetime_operator.py
[2026-05-18T06:12:35.974+0000] {processor.py:925} INFO - DAG(s) 'example_branch_datetime_operator', 'example_branch_datetime_operator_3', 'example_branch_datetime_operator_2' retrieved from /home/noelsdavid/airflow_venv/lib/python3.12/site-packages/airflow/example_dags/example_branch_datetime_operator.py
[2026-05-18T06:12:36.007+0000] {logging_mixin.py:190} INFO - [2026-05-18T06:12:36.006+0000] {dag.py:3239} INFO - Sync 3 DAGs
[2026-05-18T06:12:36.037+0000] {logging_mixin.py:190} INFO - [2026-05-18T06:12:36.037+0000] {dag.py:4180} INFO - Setting next_dagrun for example_branch_datetime_operator to 2026-05-17 00:00:00+00:00, run_after=2026-05-18 00:00:00+00:00
[2026-05-18T06:12:36.043+0000] {logging_mixin.py:190} INFO - [2026-05-18T06:12:36.043+0000] {dag.py:4180} INFO - Setting next_dagrun for example_branch_datetime_operator_2 to 2026-05-17 00:00:00+00:00, run_after=2026-05-18 00:00:00+00:00
[2026-05-18T06:12:36.046+0000] {logging_mixin.py:190} INFO - [2026-05-18T06:12:36.045+0000] {dag.py:4180} INFO - Setting next_dagrun for example_branch_datetime_operator_3 to 2026-05-17 00:00:00+00:00, run_after=2026-05-18 00:00:00+00:00
[2026-05-18T06:12:36.077+0000] {processor.py:208} INFO - Processing /home/noelsdavid/airflow_venv/lib/python3.12/site-packages/airflow/example_dags/example_branch_datetime_operator.py took 0.133 seconds
[2026-05-18T06:13:36.986+0000] {processor.py:186} INFO - Started process (PID=7716) to work on /home/noelsdavid/airflow_venv/lib/python3.12/site-packages/airflow/example_dags/example_branch_datetime_operator.py
[2026-05-18T06:13:36.988+0000] {processor.py:914} INFO - Processing file /home/noelsdavid/airflow_venv/lib/python3.12/site-packages/airflow/example_dags/example_branch_datetime_operator.py for tasks to queue
[2026-05-18T06:13:36.991+0000] {logging_mixin.py:190} INFO - [2026-05-18T06:13:36.991+0000] {dagbag.py:588} INFO - Filling up the DagBag from /home/noelsdavid/airflow_venv/lib/python3.12/site-packages/airflow/example_dags/example_branch_datetime_operator.py
[2026-05-18T06:13:37.010+0000] {processor.py:925} INFO - DAG(s) 'example_branch_datetime_operator_3', 'example_branch_datetime_operator', 'example_branch_datetime_operator_2' retrieved from /home/noelsdavid/airflow_venv/lib/python3.12/site-packages/airflow/example_dags/example_branch_datetime_operator.py
[2026-05-18T06:13:37.038+0000] {logging_mixin.py:190} INFO - [2026-05-18T06:13:37.038+0000] {dag.py:3239} INFO - Sync 3 DAGs
[2026-05-18T06:13:37.066+0000] {logging_mixin.py:190} INFO - [2026-05-18T06:13:37.066+0000] {dag.py:4180} INFO - Setting next_dagrun for example_branch_datetime_operator to 2026-05-17 00:00:00+00:00, run_after=2026-05-18 00:00:00+00:00
[2026-05-18T06:13:37.072+0000] {logging_mixin.py:190} INFO - [2026-05-18T06:13:37.072+0000] {dag.py:4180} INFO - Setting next_dagrun for example_branch_datetime_operator_2 to 2026-05-17 00:00:00+00:00, run_after=2026-05-18 00:00:00+00:00
[2026-05-18T06:13:37.075+0000] {logging_mixin.py:190} INFO - [2026-05-18T06:13:37.074+0000] {dag.py:4180} INFO - Setting next_dagrun for example_branch_datetime_operator_3 to 2026-05-17 00:00:00+00:00, run_after=2026-05-18 00:00:00+00:00
[2026-05-18T06:13:37.104+0000] {processor.py:208} INFO - Processing /home/noelsdavid/airflow_venv/lib/python3.12/site-packages/airflow/example_dags/example_branch_datetime_operator.py took 0.126 seconds
[2026-05-18T06:14:38.021+0000] {processor.py:186} INFO - Started process (PID=7776) to work on /home/noelsdavid/airflow_venv/lib/python3.12/site-packages/airflow/example_dags/example_branch_datetime_operator.py
[2026-05-18T06:14:38.024+0000] {processor.py:914} INFO - Processing file /home/noelsdavid/airflow_venv/lib/python3.12/site-packages/airflow/example_dags/example_branch_datetime_operator.py for tasks to queue
[2026-05-18T06:14:38.027+0000] {logging_mixin.py:190} INFO - [2026-05-18T06:14:38.026+0000] {dagbag.py:588} INFO - Filling up the DagBag from /home/noelsdavid/airflow_venv/lib/python3.12/site-packages/airflow/example_dags/example_branch_datetime_operator.py
[2026-05-18T06:14:38.045+0000] {processor.py:925} INFO - DAG(s) 'example_branch_datetime_operator', 'example_branch_datetime_operator_2', 'example_branch_datetime_operator_3' retrieved from /home/noelsdavid/airflow_venv/lib/python3.12/site-packages/airflow/example_dags/example_branch_datetime_operator.py
[2026-05-18T06:14:38.074+0000] {logging_mixin.py:190} INFO - [2026-05-18T06:14:38.073+0000] {dag.py:3239} INFO - Sync 3 DAGs
[2026-05-18T06:14:38.103+0000] {logging_mixin.py:190} INFO - [2026-05-18T06:14:38.102+0000] {dag.py:4180} INFO - Setting next_dagrun for example_branch_datetime_operator to 2026-05-17 00:00:00+00:00, run_after=2026-05-18 00:00:00+00:00
[2026-05-18T06:14:38.108+0000] {logging_mixin.py:190} INFO - [2026-05-18T06:14:38.108+0000] {dag.py:4180} INFO - Setting next_dagrun for example_branch_datetime_operator_2 to 2026-05-17 00:00:00+00:00, run_after=2026-05-18 00:00:00+00:00
[2026-05-18T06:14:38.111+0000] {logging_mixin.py:190} INFO - [2026-05-18T06:14:38.111+0000] {dag.py:4180} INFO - Setting next_dagrun for example_branch_datetime_operator_3 to 2026-05-17 00:00:00+00:00, run_after=2026-05-18 00:00:00+00:00
[2026-05-18T06:14:38.139+0000] {processor.py:208} INFO - Processing /home/noelsdavid/airflow_venv/lib/python3.12/site-packages/airflow/example_dags/example_branch_datetime_operator.py took 0.127 seconds
[2026-05-18T06:15:41.728+0000] {processor.py:186} INFO - Started process (PID=7949) to work on /home/noelsdavid/airflow_venv/lib/python3.12/site-packages/airflow/example_dags/example_branch_datetime_operator.py
[2026-05-18T06:15:41.731+0000] {processor.py:914} INFO - Processing file /home/noelsdavid/airflow_venv/lib/python3.12/site-packages/airflow/example_dags/example_branch_datetime_operator.py for tasks to queue
[2026-05-18T06:15:41.735+0000] {logging_mixin.py:190} INFO - [2026-05-18T06:15:41.735+0000] {dagbag.py:588} INFO - Filling up the DagBag from /home/noelsdavid/airflow_venv/lib/python3.12/site-packages/airflow/example_dags/example_branch_datetime_operator.py
[2026-05-18T06:15:41.766+0000] {processor.py:925} INFO - DAG(s) 'example_branch_datetime_operator_3', 'example_branch_datetime_operator', 'example_branch_datetime_operator_2' retrieved from /home/noelsdavid/airflow_venv/lib/python3.12/site-packages/airflow/example_dags/example_branch_datetime_operator.py
[2026-05-18T06:15:41.808+0000] {logging_mixin.py:190} INFO - [2026-05-18T06:15:41.807+0000] {dag.py:3239} INFO - Sync 3 DAGs
[2026-05-18T06:15:41.843+0000] {logging_mixin.py:190} INFO - [2026-05-18T06:15:41.842+0000] {dag.py:4180} INFO - Setting next_dagrun for example_branch_datetime_operator to 2026-05-17 00:00:00+00:00, run_after=2026-05-18 00:00:00+00:00
[2026-05-18T06:15:41.849+0000] {logging_mixin.py:190} INFO - [2026-05-18T06:15:41.848+0000] {dag.py:4180} INFO - Setting next_dagrun for example_branch_datetime_operator_2 to 2026-05-17 00:00:00+00:00, run_after=2026-05-18 00:00:00+00:00
[2026-05-18T06:15:41.852+0000] {logging_mixin.py:190} INFO - [2026-05-18T06:15:41.851+0000] {dag.py:4180} INFO - Setting next_dagrun for example_branch_datetime_operator_3 to 2026-05-17 00:00:00+00:00, run_after=2026-05-18 00:00:00+00:00
[2026-05-18T06:15:41.883+0000] {processor.py:208} INFO - Processing /home/noelsdavid/airflow_venv/lib/python3.12/site-packages/airflow/example_dags/example_branch_datetime_operator.py took 0.168 seconds
[2026-05-18T06:16:45.104+0000] {processor.py:186} INFO - Started process (PID=8065) to work on /home/noelsdavid/airflow_venv/lib/python3.12/site-packages/airflow/example_dags/example_branch_datetime_operator.py
[2026-05-18T06:16:45.107+0000] {processor.py:914} INFO - Processing file /home/noelsdavid/airflow_venv/lib/python3.12/site-packages/airflow/example_dags/example_branch_datetime_operator.py for tasks to queue
[2026-05-18T06:16:45.110+0000] {logging_mixin.py:190} INFO - [2026-05-18T06:16:45.109+0000] {dagbag.py:588} INFO - Filling up the DagBag from /home/noelsdavid/airflow_venv/lib/python3.12/site-packages/airflow/example_dags/example_branch_datetime_operator.py
[2026-05-18T06:16:45.128+0000] {processor.py:925} INFO - DAG(s) 'example_branch_datetime_operator_3', 'example_branch_datetime_operator_2', 'example_branch_datetime_operator' retrieved from /home/noelsdavid/airflow_venv/lib/python3.12/site-packages/airflow/example_dags/example_branch_datetime_operator.py
[2026-05-18T06:16:45.159+0000] {logging_mixin.py:190} INFO - [2026-05-18T06:16:45.159+0000] {dag.py:3239} INFO - Sync 3 DAGs
[2026-05-18T06:16:45.188+0000] {logging_mixin.py:190} INFO - [2026-05-18T06:16:45.188+0000] {dag.py:4180} INFO - Setting next_dagrun for example_branch_datetime_operator to 2026-05-17 00:00:00+00:00, run_after=2026-05-18 00:00:00+00:00
[2026-05-18T06:16:45.194+0000] {logging_mixin.py:190} INFO - [2026-05-18T06:16:45.194+0000] {dag.py:4180} INFO - Setting next_dagrun for example_branch_datetime_operator_2 to 2026-05-17 00:00:00+00:00, run_after=2026-05-18 00:00:00+00:00
[2026-05-18T06:16:45.197+0000] {logging_mixin.py:190} INFO - [2026-05-18T06:16:45.197+0000] {dag.py:4180} INFO - Setting next_dagrun for example_branch_datetime_operator_3 to 2026-05-17 00:00:00+00:00, run_after=2026-05-18 00:00:00+00:00
[2026-05-18T06:16:45.229+0000] {processor.py:208} INFO - Processing /home/noelsdavid/airflow_venv/lib/python3.12/site-packages/airflow/example_dags/example_branch_datetime_operator.py took 0.132 seconds
[2026-05-18T06:17:48.797+0000] {processor.py:186} INFO - Started process (PID=8377) to work on /home/noelsdavid/airflow_venv/lib/python3.12/site-packages/airflow/example_dags/example_branch_datetime_operator.py
[2026-05-18T06:17:48.810+0000] {processor.py:914} INFO - Processing file /home/noelsdavid/airflow_venv/lib/python3.12/site-packages/airflow/example_dags/example_branch_datetime_operator.py for tasks to queue
[2026-05-18T06:17:48.813+0000] {logging_mixin.py:190} INFO - [2026-05-18T06:17:48.812+0000] {dagbag.py:588} INFO - Filling up the DagBag from /home/noelsdavid/airflow_venv/lib/python3.12/site-packages/airflow/example_dags/example_branch_datetime_operator.py
[2026-05-18T06:17:48.830+0000] {processor.py:925} INFO - DAG(s) 'example_branch_datetime_operator_3', 'example_branch_datetime_operator', 'example_branch_datetime_operator_2' retrieved from /home/noelsdavid/airflow_venv/lib/python3.12/site-packages/airflow/example_dags/example_branch_datetime_operator.py
[2026-05-18T06:17:48.859+0000] {logging_mixin.py:190} INFO - [2026-05-18T06:17:48.859+0000] {dag.py:3239} INFO - Sync 3 DAGs
[2026-05-18T06:17:48.886+0000] {logging_mixin.py:190} INFO - [2026-05-18T06:17:48.886+0000] {dag.py:4180} INFO - Setting next_dagrun for example_branch_datetime_operator to 2026-05-17 00:00:00+00:00, run_after=2026-05-18 00:00:00+00:00
[2026-05-18T06:17:48.892+0000] {logging_mixin.py:190} INFO - [2026-05-18T06:17:48.892+0000] {dag.py:4180} INFO - Setting next_dagrun for example_branch_datetime_operator_2 to 2026-05-17 00:00:00+00:00, run_after=2026-05-18 00:00:00+00:00
[2026-05-18T06:17:48.895+0000] {logging_mixin.py:190} INFO - [2026-05-18T06:17:48.894+0000] {dag.py:4180} INFO - Setting next_dagrun for example_branch_datetime_operator_3 to 2026-05-17 00:00:00+00:00, run_after=2026-05-18 00:00:00+00:00
[2026-05-18T06:17:48.921+0000] {processor.py:208} INFO - Processing /home/noelsdavid/airflow_venv/lib/python3.12/site-packages/airflow/example_dags/example_branch_datetime_operator.py took 0.134 seconds
[2026-05-18T06:18:46.347+0000] {processor.py:186} INFO - Started process (PID=8490) to work on /home/noelsdavid/airflow_venv/lib/python3.12/site-packages/airflow/example_dags/example_branch_datetime_operator.py
[2026-05-18T06:18:46.349+0000] {processor.py:914} INFO - Processing file /home/noelsdavid/airflow_venv/lib/python3.12/site-packages/airflow/example_dags/example_branch_datetime_operator.py for tasks to queue
[2026-05-18T06:18:46.353+0000] {logging_mixin.py:190} INFO - [2026-05-18T06:18:46.352+0000] {dagbag.py:588} INFO - Filling up the DagBag from /home/noelsdavid/airflow_venv/lib/python3.12/site-packages/airflow/example_dags/example_branch_datetime_operator.py
[2026-05-18T06:18:46.369+0000] {processor.py:925} INFO - DAG(s) 'example_branch_datetime_operator_2', 'example_branch_datetime_operator_3', 'example_branch_datetime_operator' retrieved from /home/noelsdavid/airflow_venv/lib/python3.12/site-packages/airflow/example_dags/example_branch_datetime_operator.py
[2026-05-18T06:18:46.397+0000] {logging_mixin.py:190} INFO - [2026-05-18T06:18:46.396+0000] {dag.py:3239} INFO - Sync 3 DAGs
[2026-05-18T06:18:46.428+0000] {logging_mixin.py:190} INFO - [2026-05-18T06:18:46.427+0000] {dag.py:4180} INFO - Setting next_dagrun for example_branch_datetime_operator to 2026-05-17 00:00:00+00:00, run_after=2026-05-18 00:00:00+00:00
[2026-05-18T06:18:46.435+0000] {logging_mixin.py:190} INFO - [2026-05-18T06:18:46.435+0000] {dag.py:4180} INFO - Setting next_dagrun for example_branch_datetime_operator_2 to 2026-05-17 00:00:00+00:00, run_after=2026-05-18 00:00:00+00:00
[2026-05-18T06:18:46.438+0000] {logging_mixin.py:190} INFO - [2026-05-18T06:18:46.437+0000] {dag.py:4180} INFO - Setting next_dagrun for example_branch_datetime_operator_3 to 2026-05-17 00:00:00+00:00, run_after=2026-05-18 00:00:00+00:00
[2026-05-18T06:18:46.464+0000] {processor.py:208} INFO - Processing /home/noelsdavid/airflow_venv/lib/python3.12/site-packages/airflow/example_dags/example_branch_datetime_operator.py took 0.125 seconds
[2026-05-18T06:19:47.381+0000] {processor.py:186} INFO - Started process (PID=8549) to work on /home/noelsdavid/airflow_venv/lib/python3.12/site-packages/airflow/example_dags/example_branch_datetime_operator.py
[2026-05-18T06:19:47.384+0000] {processor.py:914} INFO - Processing file /home/noelsdavid/airflow_venv/lib/python3.12/site-packages/airflow/example_dags/example_branch_datetime_operator.py for tasks to queue
[2026-05-18T06:19:47.387+0000] {logging_mixin.py:190} INFO - [2026-05-18T06:19:47.386+0000] {dagbag.py:588} INFO - Filling up the DagBag from /home/noelsdavid/airflow_venv/lib/python3.12/site-packages/airflow/example_dags/example_branch_datetime_operator.py
[2026-05-18T06:19:47.405+0000] {processor.py:925} INFO - DAG(s) 'example_branch_datetime_operator', 'example_branch_datetime_operator_3', 'example_branch_datetime_operator_2' retrieved from /home/noelsdavid/airflow_venv/lib/python3.12/site-packages/airflow/example_dags/example_branch_datetime_operator.py
[2026-05-18T06:19:47.437+0000] {logging_mixin.py:190} INFO - [2026-05-18T06:19:47.437+0000] {dag.py:3239} INFO - Sync 3 DAGs
[2026-05-18T06:19:47.467+0000] {logging_mixin.py:190} INFO - [2026-05-18T06:19:47.466+0000] {dag.py:4180} INFO - Setting next_dagrun for example_branch_datetime_operator to 2026-05-17 00:00:00+00:00, run_after=2026-05-18 00:00:00+00:00
[2026-05-18T06:19:47.473+0000] {logging_mixin.py:190} INFO - [2026-05-18T06:19:47.472+0000] {dag.py:4180} INFO - Setting next_dagrun for example_branch_datetime_operator_2 to 2026-05-17 00:00:00+00:00, run_after=2026-05-18 00:00:00+00:00
[2026-05-18T06:19:47.475+0000] {logging_mixin.py:190} INFO - [2026-05-18T06:19:47.475+0000] {dag.py:4180} INFO - Setting next_dagrun for example_branch_datetime_operator_3 to 2026-05-17 00:00:00+00:00, run_after=2026-05-18 00:00:00+00:00
[2026-05-18T06:19:47.506+0000] {processor.py:208} INFO - Processing /home/noelsdavid/airflow_venv/lib/python3.12/site-packages/airflow/example_dags/example_branch_datetime_operator.py took 0.134 seconds
[2026-05-18T06:20:50.971+0000] {processor.py:186} INFO - Started process (PID=8638) to work on /home/noelsdavid/airflow_venv/lib/python3.12/site-packages/airflow/example_dags/example_branch_datetime_operator.py
[2026-05-18T06:20:50.974+0000] {processor.py:914} INFO - Processing file /home/noelsdavid/airflow_venv/lib/python3.12/site-packages/airflow/example_dags/example_branch_datetime_operator.py for tasks to queue
[2026-05-18T06:20:50.976+0000] {logging_mixin.py:190} INFO - [2026-05-18T06:20:50.975+0000] {dagbag.py:588} INFO - Filling up the DagBag from /home/noelsdavid/airflow_venv/lib/python3.12/site-packages/airflow/example_dags/example_branch_datetime_operator.py
[2026-05-18T06:20:50.993+0000] {processor.py:925} INFO - DAG(s) 'example_branch_datetime_operator_2', 'example_branch_datetime_operator', 'example_branch_datetime_operator_3' retrieved from /home/noelsdavid/airflow_venv/lib/python3.12/site-packages/airflow/example_dags/example_branch_datetime_operator.py
[2026-05-18T06:20:51.023+0000] {logging_mixin.py:190} INFO - [2026-05-18T06:20:51.023+0000] {dag.py:3239} INFO - Sync 3 DAGs
[2026-05-18T06:20:51.052+0000] {logging_mixin.py:190} INFO - [2026-05-18T06:20:51.051+0000] {dag.py:4180} INFO - Setting next_dagrun for example_branch_datetime_operator to 2026-05-17 00:00:00+00:00, run_after=2026-05-18 00:00:00+00:00
[2026-05-18T06:20:51.059+0000] {logging_mixin.py:190} INFO - [2026-05-18T06:20:51.058+0000] {dag.py:4180} INFO - Setting next_dagrun for example_branch_datetime_operator_2 to 2026-05-17 00:00:00+00:00, run_after=2026-05-18 00:00:00+00:00
[2026-05-18T06:20:51.062+0000] {logging_mixin.py:190} INFO - [2026-05-18T06:20:51.061+0000] {dag.py:4180} INFO - Setting next_dagrun for example_branch_datetime_operator_3 to 2026-05-17 00:00:00+00:00, run_after=2026-05-18 00:00:00+00:00
[2026-05-18T06:20:51.094+0000] {processor.py:208} INFO - Processing /home/noelsdavid/airflow_venv/lib/python3.12/site-packages/airflow/example_dags/example_branch_datetime_operator.py took 0.130 seconds
[2026-05-18T06:21:54.964+0000] {processor.py:186} INFO - Started process (PID=8700) to work on /home/noelsdavid/airflow_venv/lib/python3.12/site-packages/airflow/example_dags/example_branch_datetime_operator.py
[2026-05-18T06:21:54.986+0000] {processor.py:914} INFO - Processing file /home/noelsdavid/airflow_venv/lib/python3.12/site-packages/airflow/example_dags/example_branch_datetime_operator.py for tasks to queue
[2026-05-18T06:21:54.988+0000] {logging_mixin.py:190} INFO - [2026-05-18T06:21:54.987+0000] {dagbag.py:588} INFO - Filling up the DagBag from /home/noelsdavid/airflow_venv/lib/python3.12/site-packages/airflow/example_dags/example_branch_datetime_operator.py
[2026-05-18T06:21:55.006+0000] {processor.py:925} INFO - DAG(s) 'example_branch_datetime_operator_3', 'example_branch_datetime_operator_2', 'example_branch_datetime_operator' retrieved from /home/noelsdavid/airflow_venv/lib/python3.12/site-packages/airflow/example_dags/example_branch_datetime_operator.py
[2026-05-18T06:21:55.035+0000] {logging_mixin.py:190} INFO - [2026-05-18T06:21:55.035+0000] {dag.py:3239} INFO - Sync 3 DAGs
[2026-05-18T06:21:55.063+0000] {logging_mixin.py:190} INFO - [2026-05-18T06:21:55.062+0000] {dag.py:4180} INFO - Setting next_dagrun for example_branch_datetime_operator to 2026-05-17 00:00:00+00:00, run_after=2026-05-18 00:00:00+00:00
[2026-05-18T06:21:55.070+0000] {logging_mixin.py:190} INFO - [2026-05-18T06:21:55.069+0000] {dag.py:4180} INFO - Setting next_dagrun for example_branch_datetime_operator_2 to 2026-05-17 00:00:00+00:00, run_after=2026-05-18 00:00:00+00:00
[2026-05-18T06:21:55.073+0000] {logging_mixin.py:190} INFO - [2026-05-18T06:21:55.073+0000] {dag.py:4180} INFO - Setting next_dagrun for example_branch_datetime_operator_3 to 2026-05-17 00:00:00+00:00, run_after=2026-05-18 00:00:00+00:00
[2026-05-18T06:21:55.101+0000] {processor.py:208} INFO - Processing /home/noelsdavid/airflow_venv/lib/python3.12/site-packages/airflow/example_dags/example_branch_datetime_operator.py took 0.145 seconds
[2026-05-18T06:22:58.464+0000] {processor.py:186} INFO - Started process (PID=8761) to work on /home/noelsdavid/airflow_venv/lib/python3.12/site-packages/airflow/example_dags/example_branch_datetime_operator.py
[2026-05-18T06:22:58.467+0000] {processor.py:914} INFO - Processing file /home/noelsdavid/airflow_venv/lib/python3.12/site-packages/airflow/example_dags/example_branch_datetime_operator.py for tasks to queue
[2026-05-18T06:22:58.469+0000] {logging_mixin.py:190} INFO - [2026-05-18T06:22:58.468+0000] {dagbag.py:588} INFO - Filling up the DagBag from /home/noelsdavid/airflow_venv/lib/python3.12/site-packages/airflow/example_dags/example_branch_datetime_operator.py
[2026-05-18T06:22:58.485+0000] {processor.py:925} INFO - DAG(s) 'example_branch_datetime_operator_3', 'example_branch_datetime_operator', 'example_branch_datetime_operator_2' retrieved from /home/noelsdavid/airflow_venv/lib/python3.12/site-packages/airflow/example_dags/example_branch_datetime_operator.py
[2026-05-18T06:22:58.515+0000] {logging_mixin.py:190} INFO - [2026-05-18T06:22:58.515+0000] {dag.py:3239} INFO - Sync 3 DAGs
[2026-05-18T06:22:58.544+0000] {logging_mixin.py:190} INFO - [2026-05-18T06:22:58.543+0000] {dag.py:4180} INFO - Setting next_dagrun for example_branch_datetime_operator to 2026-05-17 00:00:00+00:00, run_after=2026-05-18 00:00:00+00:00
[2026-05-18T06:22:58.550+0000] {logging_mixin.py:190} INFO - [2026-05-18T06:22:58.550+0000] {dag.py:4180} INFO - Setting next_dagrun for example_branch_datetime_operator_2 to 2026-05-17 00:00:00+00:00, run_after=2026-05-18 00:00:00+00:00
[2026-05-18T06:22:58.554+0000] {logging_mixin.py:190} INFO - [2026-05-18T06:22:58.553+0000] {dag.py:4180} INFO - Setting next_dagrun for example_branch_datetime_operator_3 to 2026-05-17 00:00:00+00:00, run_after=2026-05-18 00:00:00+00:00
[2026-05-18T06:22:58.582+0000] {processor.py:208} INFO - Processing /home/noelsdavid/airflow_venv/lib/python3.12/site-packages/airflow/example_dags/example_branch_datetime_operator.py took 0.126 seconds
[2026-05-18T06:24:03.149+0000] {processor.py:186} INFO - Started process (PID=8823) to work on /home/noelsdavid/airflow_venv/lib/python3.12/site-packages/airflow/example_dags/example_branch_datetime_operator.py
[2026-05-18T06:24:03.152+0000] {processor.py:914} INFO - Processing file /home/noelsdavid/airflow_venv/lib/python3.12/site-packages/airflow/example_dags/example_branch_datetime_operator.py for tasks to queue
[2026-05-18T06:24:03.154+0000] {logging_mixin.py:190} INFO - [2026-05-18T06:24:03.153+0000] {dagbag.py:588} INFO - Filling up the DagBag from /home/noelsdavid/airflow_venv/lib/python3.12/site-packages/airflow/example_dags/example_branch_datetime_operator.py
[2026-05-18T06:24:03.172+0000] {processor.py:925} INFO - DAG(s) 'example_branch_datetime_operator_2', 'example_branch_datetime_operator_3', 'example_branch_datetime_operator' retrieved from /home/noelsdavid/airflow_venv/lib/python3.12/site-packages/airflow/example_dags/example_branch_datetime_operator.py
[2026-05-18T06:24:03.201+0000] {logging_mixin.py:190} INFO - [2026-05-18T06:24:03.201+0000] {dag.py:3239} INFO - Sync 3 DAGs
[2026-05-18T06:24:03.230+0000] {logging_mixin.py:190} INFO - [2026-05-18T06:24:03.229+0000] {dag.py:4180} INFO - Setting next_dagrun for example_branch_datetime_operator to 2026-05-17 00:00:00+00:00, run_after=2026-05-18 00:00:00+00:00
[2026-05-18T06:24:03.235+0000] {logging_mixin.py:190} INFO - [2026-05-18T06:24:03.235+0000] {dag.py:4180} INFO - Setting next_dagrun for example_branch_datetime_operator_2 to 2026-05-17 00:00:00+00:00, run_after=2026-05-18 00:00:00+00:00
[2026-05-18T06:24:03.238+0000] {logging_mixin.py:190} INFO - [2026-05-18T06:24:03.238+0000] {dag.py:4180} INFO - Setting next_dagrun for example_branch_datetime_operator_3 to 2026-05-17 00:00:00+00:00, run_after=2026-05-18 00:00:00+00:00
[2026-05-18T06:24:03.267+0000] {processor.py:208} INFO - Processing /home/noelsdavid/airflow_venv/lib/python3.12/site-packages/airflow/example_dags/example_branch_datetime_operator.py took 0.127 seconds
[2026-05-18T06:25:09.404+0000] {processor.py:186} INFO - Started process (PID=8887) to work on /home/noelsdavid/airflow_venv/lib/python3.12/site-packages/airflow/example_dags/example_branch_datetime_operator.py
[2026-05-18T06:25:09.408+0000] {processor.py:914} INFO - Processing file /home/noelsdavid/airflow_venv/lib/python3.12/site-packages/airflow/example_dags/example_branch_datetime_operator.py for tasks to queue
[2026-05-18T06:25:09.411+0000] {logging_mixin.py:190} INFO - [2026-05-18T06:25:09.410+0000] {dagbag.py:588} INFO - Filling up the DagBag from /home/noelsdavid/airflow_venv/lib/python3.12/site-packages/airflow/example_dags/example_branch_datetime_operator.py
[2026-05-18T06:25:09.431+0000] {processor.py:925} INFO - DAG(s) 'example_branch_datetime_operator_3', 'example_branch_datetime_operator', 'example_branch_datetime_operator_2' retrieved from /home/noelsdavid/airflow_venv/lib/python3.12/site-packages/airflow/example_dags/example_branch_datetime_operator.py
[2026-05-18T06:25:09.463+0000] {logging_mixin.py:190} INFO - [2026-05-18T06:25:09.463+0000] {dag.py:3239} INFO - Sync 3 DAGs
[2026-05-18T06:25:09.506+0000] {logging_mixin.py:190} INFO - [2026-05-18T06:25:09.506+0000] {dag.py:4180} INFO - Setting next_dagrun for example_branch_datetime_operator to 2026-05-17 00:00:00+00:00, run_after=2026-05-18 00:00:00+00:00
[2026-05-18T06:25:09.515+0000] {logging_mixin.py:190} INFO - [2026-05-18T06:25:09.515+0000] {dag.py:4180} INFO - Setting next_dagrun for example_branch_datetime_operator_2 to 2026-05-17 00:00:00+00:00, run_after=2026-05-18 00:00:00+00:00
[2026-05-18T06:25:09.518+0000] {logging_mixin.py:190} INFO - [2026-05-18T06:25:09.518+0000] {dag.py:4180} INFO - Setting next_dagrun for example_branch_datetime_operator_3 to 2026-05-17 00:00:00+00:00, run_after=2026-05-18 00:00:00+00:00
[2026-05-18T06:25:09.558+0000] {processor.py:208} INFO - Processing /home/noelsdavid/airflow_venv/lib/python3.12/site-packages/airflow/example_dags/example_branch_datetime_operator.py took 0.166 seconds
[2026-05-18T06:26:13.804+0000] {processor.py:186} INFO - Started process (PID=9028) to work on /home/noelsdavid/airflow_venv/lib/python3.12/site-packages/airflow/example_dags/example_branch_datetime_operator.py
[2026-05-18T06:26:13.807+0000] {processor.py:914} INFO - Processing file /home/noelsdavid/airflow_venv/lib/python3.12/site-packages/airflow/example_dags/example_branch_datetime_operator.py for tasks to queue
[2026-05-18T06:26:13.809+0000] {logging_mixin.py:190} INFO - [2026-05-18T06:26:13.808+0000] {dagbag.py:588} INFO - Filling up the DagBag from /home/noelsdavid/airflow_venv/lib/python3.12/site-packages/airflow/example_dags/example_branch_datetime_operator.py
[2026-05-18T06:26:13.825+0000] {processor.py:925} INFO - DAG(s) 'example_branch_datetime_operator_3', 'example_branch_datetime_operator', 'example_branch_datetime_operator_2' retrieved from /home/noelsdavid/airflow_venv/lib/python3.12/site-packages/airflow/example_dags/example_branch_datetime_operator.py
[2026-05-18T06:26:13.854+0000] {logging_mixin.py:190} INFO - [2026-05-18T06:26:13.854+0000] {dag.py:3239} INFO - Sync 3 DAGs
[2026-05-18T06:26:13.882+0000] {logging_mixin.py:190} INFO - [2026-05-18T06:26:13.882+0000] {dag.py:4180} INFO - Setting next_dagrun for example_branch_datetime_operator to 2026-05-17 00:00:00+00:00, run_after=2026-05-18 00:00:00+00:00
[2026-05-18T06:26:13.888+0000] {logging_mixin.py:190} INFO - [2026-05-18T06:26:13.888+0000] {dag.py:4180} INFO - Setting next_dagrun for example_branch_datetime_operator_2 to 2026-05-17 00:00:00+00:00, run_after=2026-05-18 00:00:00+00:00
[2026-05-18T06:26:13.893+0000] {logging_mixin.py:190} INFO - [2026-05-18T06:26:13.892+0000] {dag.py:4180} INFO - Setting next_dagrun for example_branch_datetime_operator_3 to 2026-05-17 00:00:00+00:00, run_after=2026-05-18 00:00:00+00:00
[2026-05-18T06:26:13.920+0000] {processor.py:208} INFO - Processing /home/noelsdavid/airflow_venv/lib/python3.12/site-packages/airflow/example_dags/example_branch_datetime_operator.py took 0.123 seconds
[2026-05-18T06:27:32.038+0000] {processor.py:186} INFO - Started process (PID=9515) to work on /home/noelsdavid/airflow_venv/lib/python3.12/site-packages/airflow/example_dags/example_branch_datetime_operator.py
[2026-05-18T06:27:32.040+0000] {processor.py:914} INFO - Processing file /home/noelsdavid/airflow_venv/lib/python3.12/site-packages/airflow/example_dags/example_branch_datetime_operator.py for tasks to queue
[2026-05-18T06:27:32.042+0000] {logging_mixin.py:190} INFO - [2026-05-18T06:27:32.042+0000] {dagbag.py:588} INFO - Filling up the DagBag from /home/noelsdavid/airflow_venv/lib/python3.12/site-packages/airflow/example_dags/example_branch_datetime_operator.py
[2026-05-18T06:27:32.059+0000] {processor.py:925} INFO - DAG(s) 'example_branch_datetime_operator_3', 'example_branch_datetime_operator', 'example_branch_datetime_operator_2' retrieved from /home/noelsdavid/airflow_venv/lib/python3.12/site-packages/airflow/example_dags/example_branch_datetime_operator.py
[2026-05-18T06:27:32.089+0000] {logging_mixin.py:190} INFO - [2026-05-18T06:27:32.089+0000] {dag.py:3239} INFO - Sync 3 DAGs
[2026-05-18T06:27:32.120+0000] {logging_mixin.py:190} INFO - [2026-05-18T06:27:32.119+0000] {dag.py:4180} INFO - Setting next_dagrun for example_branch_datetime_operator to 2026-05-17 00:00:00+00:00, run_after=2026-05-18 00:00:00+00:00
[2026-05-18T06:27:32.126+0000] {logging_mixin.py:190} INFO - [2026-05-18T06:27:32.126+0000] {dag.py:4180} INFO - Setting next_dagrun for example_branch_datetime_operator_2 to 2026-05-17 00:00:00+00:00, run_after=2026-05-18 00:00:00+00:00
[2026-05-18T06:27:32.129+0000] {logging_mixin.py:190} INFO - [2026-05-18T06:27:32.128+0000] {dag.py:4180} INFO - Setting next_dagrun for example_branch_datetime_operator_3 to 2026-05-17 00:00:00+00:00, run_after=2026-05-18 00:00:00+00:00
[2026-05-18T06:27:32.155+0000] {processor.py:208} INFO - Processing /home/noelsdavid/airflow_venv/lib/python3.12/site-packages/airflow/example_dags/example_branch_datetime_operator.py took 0.126 seconds
[2026-05-18T06:28:46.032+0000] {processor.py:186} INFO - Started process (PID=9736) to work on /home/noelsdavid/airflow_venv/lib/python3.12/site-packages/airflow/example_dags/example_branch_datetime_operator.py
[2026-05-18T06:28:46.034+0000] {processor.py:914} INFO - Processing file /home/noelsdavid/airflow_venv/lib/python3.12/site-packages/airflow/example_dags/example_branch_datetime_operator.py for tasks to queue
[2026-05-18T06:28:46.037+0000] {logging_mixin.py:190} INFO - [2026-05-18T06:28:46.036+0000] {dagbag.py:588} INFO - Filling up the DagBag from /home/noelsdavid/airflow_venv/lib/python3.12/site-packages/airflow/example_dags/example_branch_datetime_operator.py
[2026-05-18T06:28:46.059+0000] {processor.py:925} INFO - DAG(s) 'example_branch_datetime_operator_3', 'example_branch_datetime_operator', 'example_branch_datetime_operator_2' retrieved from /home/noelsdavid/airflow_venv/lib/python3.12/site-packages/airflow/example_dags/example_branch_datetime_operator.py
[2026-05-18T06:28:46.095+0000] {logging_mixin.py:190} INFO - [2026-05-18T06:28:46.095+0000] {dag.py:3239} INFO - Sync 3 DAGs
[2026-05-18T06:28:46.127+0000] {logging_mixin.py:190} INFO - [2026-05-18T06:28:46.126+0000] {dag.py:4180} INFO - Setting next_dagrun for example_branch_datetime_operator to 2026-05-17 00:00:00+00:00, run_after=2026-05-18 00:00:00+00:00
[2026-05-18T06:28:46.134+0000] {logging_mixin.py:190} INFO - [2026-05-18T06:28:46.133+0000] {dag.py:4180} INFO - Setting next_dagrun for example_branch_datetime_operator_2 to 2026-05-17 00:00:00+00:00, run_after=2026-05-18 00:00:00+00:00
[2026-05-18T06:28:46.139+0000] {logging_mixin.py:190} INFO - [2026-05-18T06:28:46.138+0000] {dag.py:4180} INFO - Setting next_dagrun for example_branch_datetime_operator_3 to 2026-05-17 00:00:00+00:00, run_after=2026-05-18 00:00:00+00:00
[2026-05-18T06:28:46.176+0000] {processor.py:208} INFO - Processing /home/noelsdavid/airflow_venv/lib/python3.12/site-packages/airflow/example_dags/example_branch_datetime_operator.py took 0.152 seconds
[2026-05-18T06:29:55.738+0000] {processor.py:186} INFO - Started process (PID=9802) to work on /home/noelsdavid/airflow_venv/lib/python3.12/site-packages/airflow/example_dags/example_branch_datetime_operator.py
[2026-05-18T06:29:55.741+0000] {processor.py:914} INFO - Processing file /home/noelsdavid/airflow_venv/lib/python3.12/site-packages/airflow/example_dags/example_branch_datetime_operator.py for tasks to queue
[2026-05-18T06:29:55.742+0000] {logging_mixin.py:190} INFO - [2026-05-18T06:29:55.742+0000] {dagbag.py:588} INFO - Filling up the DagBag from /home/noelsdavid/airflow_venv/lib/python3.12/site-packages/airflow/example_dags/example_branch_datetime_operator.py
[2026-05-18T06:29:55.759+0000] {processor.py:925} INFO - DAG(s) 'example_branch_datetime_operator', 'example_branch_datetime_operator_2', 'example_branch_datetime_operator_3' retrieved from /home/noelsdavid/airflow_venv/lib/python3.12/site-packages/airflow/example_dags/example_branch_datetime_operator.py
[2026-05-18T06:29:55.789+0000] {logging_mixin.py:190} INFO - [2026-05-18T06:29:55.788+0000] {dag.py:3239} INFO - Sync 3 DAGs
[2026-05-18T06:29:55.818+0000] {logging_mixin.py:190} INFO - [2026-05-18T06:29:55.818+0000] {dag.py:4180} INFO - Setting next_dagrun for example_branch_datetime_operator to 2026-05-17 00:00:00+00:00, run_after=2026-05-18 00:00:00+00:00
[2026-05-18T06:29:55.824+0000] {logging_mixin.py:190} INFO - [2026-05-18T06:29:55.823+0000] {dag.py:4180} INFO - Setting next_dagrun for example_branch_datetime_operator_2 to 2026-05-17 00:00:00+00:00, run_after=2026-05-18 00:00:00+00:00
[2026-05-18T06:29:55.826+0000] {logging_mixin.py:190} INFO - [2026-05-18T06:29:55.826+0000] {dag.py:4180} INFO - Setting next_dagrun for example_branch_datetime_operator_3 to 2026-05-17 00:00:00+00:00, run_after=2026-05-18 00:00:00+00:00
[2026-05-18T06:29:55.856+0000] {processor.py:208} INFO - Processing /home/noelsdavid/airflow_venv/lib/python3.12/site-packages/airflow/example_dags/example_branch_datetime_operator.py took 0.127 seconds
[2026-05-18T06:31:01.489+0000] {processor.py:186} INFO - Started process (PID=9887) to work on /home/noelsdavid/airflow_venv/lib/python3.12/site-packages/airflow/example_dags/example_branch_datetime_operator.py
[2026-05-18T06:31:01.492+0000] {processor.py:914} INFO - Processing file /home/noelsdavid/airflow_venv/lib/python3.12/site-packages/airflow/example_dags/example_branch_datetime_operator.py for tasks to queue
[2026-05-18T06:31:01.493+0000] {logging_mixin.py:190} INFO - [2026-05-18T06:31:01.493+0000] {dagbag.py:588} INFO - Filling up the DagBag from /home/noelsdavid/airflow_venv/lib/python3.12/site-packages/airflow/example_dags/example_branch_datetime_operator.py
[2026-05-18T06:31:01.512+0000] {processor.py:925} INFO - DAG(s) 'example_branch_datetime_operator', 'example_branch_datetime_operator_2', 'example_branch_datetime_operator_3' retrieved from /home/noelsdavid/airflow_venv/lib/python3.12/site-packages/airflow/example_dags/example_branch_datetime_operator.py
[2026-05-18T06:31:01.544+0000] {logging_mixin.py:190} INFO - [2026-05-18T06:31:01.543+0000] {dag.py:3239} INFO - Sync 3 DAGs
[2026-05-18T06:31:01.574+0000] {logging_mixin.py:190} INFO - [2026-05-18T06:31:01.573+0000] {dag.py:4180} INFO - Setting next_dagrun for example_branch_datetime_operator to 2026-05-17 00:00:00+00:00, run_after=2026-05-18 00:00:00+00:00
[2026-05-18T06:31:01.579+0000] {logging_mixin.py:190} INFO - [2026-05-18T06:31:01.579+0000] {dag.py:4180} INFO - Setting next_dagrun for example_branch_datetime_operator_2 to 2026-05-17 00:00:00+00:00, run_after=2026-05-18 00:00:00+00:00
[2026-05-18T06:31:01.582+0000] {logging_mixin.py:190} INFO - [2026-05-18T06:31:01.582+0000] {dag.py:4180} INFO - Setting next_dagrun for example_branch_datetime_operator_3 to 2026-05-17 00:00:00+00:00, run_after=2026-05-18 00:00:00+00:00
[2026-05-18T06:31:01.611+0000] {processor.py:208} INFO - Processing /home/noelsdavid/airflow_venv/lib/python3.12/site-packages/airflow/example_dags/example_branch_datetime_operator.py took 0.130 seconds
[2026-05-18T06:32:05.262+0000] {processor.py:186} INFO - Started process (PID=9950) to work on /home/noelsdavid/airflow_venv/lib/python3.12/site-packages/airflow/example_dags/example_branch_datetime_operator.py
[2026-05-18T06:32:05.264+0000] {processor.py:914} INFO - Processing file /home/noelsdavid/airflow_venv/lib/python3.12/site-packages/airflow/example_dags/example_branch_datetime_operator.py for tasks to queue
[2026-05-18T06:32:05.266+0000] {logging_mixin.py:190} INFO - [2026-05-18T06:32:05.265+0000] {dagbag.py:588} INFO - Filling up the DagBag from /home/noelsdavid/airflow_venv/lib/python3.12/site-packages/airflow/example_dags/example_branch_datetime_operator.py
[2026-05-18T06:32:05.282+0000] {processor.py:925} INFO - DAG(s) 'example_branch_datetime_operator', 'example_branch_datetime_operator_3', 'example_branch_datetime_operator_2' retrieved from /home/noelsdavid/airflow_venv/lib/python3.12/site-packages/airflow/example_dags/example_branch_datetime_operator.py
[2026-05-18T06:32:05.310+0000] {logging_mixin.py:190} INFO - [2026-05-18T06:32:05.310+0000] {dag.py:3239} INFO - Sync 3 DAGs
[2026-05-18T06:32:05.339+0000] {logging_mixin.py:190} INFO - [2026-05-18T06:32:05.338+0000] {dag.py:4180} INFO - Setting next_dagrun for example_branch_datetime_operator to 2026-05-17 00:00:00+00:00, run_after=2026-05-18 00:00:00+00:00
[2026-05-18T06:32:05.344+0000] {logging_mixin.py:190} INFO - [2026-05-18T06:32:05.344+0000] {dag.py:4180} INFO - Setting next_dagrun for example_branch_datetime_operator_2 to 2026-05-17 00:00:00+00:00, run_after=2026-05-18 00:00:00+00:00
[2026-05-18T06:32:05.346+0000] {logging_mixin.py:190} INFO - [2026-05-18T06:32:05.346+0000] {dag.py:4180} INFO - Setting next_dagrun for example_branch_datetime_operator_3 to 2026-05-17 00:00:00+00:00, run_after=2026-05-18 00:00:00+00:00
[2026-05-18T06:32:05.373+0000] {processor.py:208} INFO - Processing /home/noelsdavid/airflow_venv/lib/python3.12/site-packages/airflow/example_dags/example_branch_datetime_operator.py took 0.118 seconds
[2026-05-18T06:33:03.496+0000] {processor.py:186} INFO - Started process (PID=10010) to work on /home/noelsdavid/airflow_venv/lib/python3.12/site-packages/airflow/example_dags/example_branch_datetime_operator.py
[2026-05-18T06:33:03.498+0000] {processor.py:914} INFO - Processing file /home/noelsdavid/airflow_venv/lib/python3.12/site-packages/airflow/example_dags/example_branch_datetime_operator.py for tasks to queue
[2026-05-18T06:33:03.500+0000] {logging_mixin.py:190} INFO - [2026-05-18T06:33:03.500+0000] {dagbag.py:588} INFO - Filling up the DagBag from /home/noelsdavid/airflow_venv/lib/python3.12/site-packages/airflow/example_dags/example_branch_datetime_operator.py
[2026-05-18T06:33:03.517+0000] {processor.py:925} INFO - DAG(s) 'example_branch_datetime_operator_2', 'example_branch_datetime_operator_3', 'example_branch_datetime_operator' retrieved from /home/noelsdavid/airflow_venv/lib/python3.12/site-packages/airflow/example_dags/example_branch_datetime_operator.py
[2026-05-18T06:33:03.546+0000] {logging_mixin.py:190} INFO - [2026-05-18T06:33:03.545+0000] {dag.py:3239} INFO - Sync 3 DAGs
[2026-05-18T06:33:03.574+0000] {logging_mixin.py:190} INFO - [2026-05-18T06:33:03.574+0000] {dag.py:4180} INFO - Setting next_dagrun for example_branch_datetime_operator to 2026-05-17 00:00:00+00:00, run_after=2026-05-18 00:00:00+00:00
[2026-05-18T06:33:03.580+0000] {logging_mixin.py:190} INFO - [2026-05-18T06:33:03.579+0000] {dag.py:4180} INFO - Setting next_dagrun for example_branch_datetime_operator_2 to 2026-05-17 00:00:00+00:00, run_after=2026-05-18 00:00:00+00:00
[2026-05-18T06:33:03.583+0000] {logging_mixin.py:190} INFO - [2026-05-18T06:33:03.582+0000] {dag.py:4180} INFO - Setting next_dagrun for example_branch_datetime_operator_3 to 2026-05-17 00:00:00+00:00, run_after=2026-05-18 00:00:00+00:00
[2026-05-18T06:33:03.609+0000] {processor.py:208} INFO - Processing /home/noelsdavid/airflow_venv/lib/python3.12/site-packages/airflow/example_dags/example_branch_datetime_operator.py took 0.121 seconds
[2026-05-18T06:34:11.282+0000] {processor.py:186} INFO - Started process (PID=10145) to work on /home/noelsdavid/airflow_venv/lib/python3.12/site-packages/airflow/example_dags/example_branch_datetime_operator.py
[2026-05-18T06:34:11.285+0000] {processor.py:914} INFO - Processing file /home/noelsdavid/airflow_venv/lib/python3.12/site-packages/airflow/example_dags/example_branch_datetime_operator.py for tasks to queue
[2026-05-18T06:34:11.287+0000] {logging_mixin.py:190} INFO - [2026-05-18T06:34:11.286+0000] {dagbag.py:588} INFO - Filling up the DagBag from /home/noelsdavid/airflow_venv/lib/python3.12/site-packages/airflow/example_dags/example_branch_datetime_operator.py
[2026-05-18T06:34:11.303+0000] {processor.py:925} INFO - DAG(s) 'example_branch_datetime_operator', 'example_branch_datetime_operator_3', 'example_branch_datetime_operator_2' retrieved from /home/noelsdavid/airflow_venv/lib/python3.12/site-packages/airflow/example_dags/example_branch_datetime_operator.py
[2026-05-18T06:34:11.335+0000] {logging_mixin.py:190} INFO - [2026-05-18T06:34:11.335+0000] {dag.py:3239} INFO - Sync 3 DAGs
[2026-05-18T06:34:11.368+0000] {logging_mixin.py:190} INFO - [2026-05-18T06:34:11.368+0000] {dag.py:4180} INFO - Setting next_dagrun for example_branch_datetime_operator to 2026-05-17 00:00:00+00:00, run_after=2026-05-18 00:00:00+00:00
[2026-05-18T06:34:11.374+0000] {logging_mixin.py:190} INFO - [2026-05-18T06:34:11.374+0000] {dag.py:4180} INFO - Setting next_dagrun for example_branch_datetime_operator_2 to 2026-05-17 00:00:00+00:00, run_after=2026-05-18 00:00:00+00:00
[2026-05-18T06:34:11.377+0000] {logging_mixin.py:190} INFO - [2026-05-18T06:34:11.377+0000] {dag.py:4180} INFO - Setting next_dagrun for example_branch_datetime_operator_3 to 2026-05-17 00:00:00+00:00, run_after=2026-05-18 00:00:00+00:00
[2026-05-18T06:34:11.408+0000] {processor.py:208} INFO - Processing /home/noelsdavid/airflow_venv/lib/python3.12/site-packages/airflow/example_dags/example_branch_datetime_operator.py took 0.134 seconds
[2026-05-18T06:35:15.294+0000] {processor.py:186} INFO - Started process (PID=10325) to work on /home/noelsdavid/airflow_venv/lib/python3.12/site-packages/airflow/example_dags/example_branch_datetime_operator.py
[2026-05-18T06:35:15.297+0000] {processor.py:914} INFO - Processing file /home/noelsdavid/airflow_venv/lib/python3.12/site-packages/airflow/example_dags/example_branch_datetime_operator.py for tasks to queue
[2026-05-18T06:35:15.299+0000] {logging_mixin.py:190} INFO - [2026-05-18T06:35:15.298+0000] {dagbag.py:588} INFO - Filling up the DagBag from /home/noelsdavid/airflow_venv/lib/python3.12/site-packages/airflow/example_dags/example_branch_datetime_operator.py
[2026-05-18T06:35:15.316+0000] {processor.py:925} INFO - DAG(s) 'example_branch_datetime_operator_3', 'example_branch_datetime_operator', 'example_branch_datetime_operator_2' retrieved from /home/noelsdavid/airflow_venv/lib/python3.12/site-packages/airflow/example_dags/example_branch_datetime_operator.py
[2026-05-18T06:35:15.345+0000] {logging_mixin.py:190} INFO - [2026-05-18T06:35:15.345+0000] {dag.py:3239} INFO - Sync 3 DAGs
[2026-05-18T06:35:15.382+0000] {logging_mixin.py:190} INFO - [2026-05-18T06:35:15.381+0000] {dag.py:4180} INFO - Setting next_dagrun for example_branch_datetime_operator to 2026-05-17 00:00:00+00:00, run_after=2026-05-18 00:00:00+00:00
[2026-05-18T06:35:15.388+0000] {logging_mixin.py:190} INFO - [2026-05-18T06:35:15.387+0000] {dag.py:4180} INFO - Setting next_dagrun for example_branch_datetime_operator_2 to 2026-05-17 00:00:00+00:00, run_after=2026-05-18 00:00:00+00:00
[2026-05-18T06:35:15.392+0000] {logging_mixin.py:190} INFO - [2026-05-18T06:35:15.391+0000] {dag.py:4180} INFO - Setting next_dagrun for example_branch_datetime_operator_3 to 2026-05-17 00:00:00+00:00, run_after=2026-05-18 00:00:00+00:00
[2026-05-18T06:35:15.422+0000] {processor.py:208} INFO - Processing /home/noelsdavid/airflow_venv/lib/python3.12/site-packages/airflow/example_dags/example_branch_datetime_operator.py took 0.137 seconds
[2026-05-18T06:36:18.931+0000] {processor.py:186} INFO - Started process (PID=10480) to work on /home/noelsdavid/airflow_venv/lib/python3.12/site-packages/airflow/example_dags/example_branch_datetime_operator.py
[2026-05-18T06:36:18.933+0000] {processor.py:914} INFO - Processing file /home/noelsdavid/airflow_venv/lib/python3.12/site-packages/airflow/example_dags/example_branch_datetime_operator.py for tasks to queue
[2026-05-18T06:36:18.935+0000] {logging_mixin.py:190} INFO - [2026-05-18T06:36:18.935+0000] {dagbag.py:588} INFO - Filling up the DagBag from /home/noelsdavid/airflow_venv/lib/python3.12/site-packages/airflow/example_dags/example_branch_datetime_operator.py
[2026-05-18T06:36:18.954+0000] {processor.py:925} INFO - DAG(s) 'example_branch_datetime_operator_3', 'example_branch_datetime_operator', 'example_branch_datetime_operator_2' retrieved from /home/noelsdavid/airflow_venv/lib/python3.12/site-packages/airflow/example_dags/example_branch_datetime_operator.py
[2026-05-18T06:36:18.982+0000] {logging_mixin.py:190} INFO - [2026-05-18T06:36:18.981+0000] {dag.py:3239} INFO - Sync 3 DAGs
[2026-05-18T06:36:19.015+0000] {logging_mixin.py:190} INFO - [2026-05-18T06:36:19.014+0000] {dag.py:4180} INFO - Setting next_dagrun for example_branch_datetime_operator to 2026-05-17 00:00:00+00:00, run_after=2026-05-18 00:00:00+00:00
[2026-05-18T06:36:19.020+0000] {logging_mixin.py:190} INFO - [2026-05-18T06:36:19.020+0000] {dag.py:4180} INFO - Setting next_dagrun for example_branch_datetime_operator_2 to 2026-05-17 00:00:00+00:00, run_after=2026-05-18 00:00:00+00:00
[2026-05-18T06:36:19.023+0000] {logging_mixin.py:190} INFO - [2026-05-18T06:36:19.023+0000] {dag.py:4180} INFO - Setting next_dagrun for example_branch_datetime_operator_3 to 2026-05-17 00:00:00+00:00, run_after=2026-05-18 00:00:00+00:00
[2026-05-18T06:36:19.057+0000] {processor.py:208} INFO - Processing /home/noelsdavid/airflow_venv/lib/python3.12/site-packages/airflow/example_dags/example_branch_datetime_operator.py took 0.134 seconds
[2026-05-18T06:37:19.926+0000] {processor.py:186} INFO - Started process (PID=10813) to work on /home/noelsdavid/airflow_venv/lib/python3.12/site-packages/airflow/example_dags/example_branch_datetime_operator.py
[2026-05-18T06:37:19.944+0000] {processor.py:914} INFO - Processing file /home/noelsdavid/airflow_venv/lib/python3.12/site-packages/airflow/example_dags/example_branch_datetime_operator.py for tasks to queue
[2026-05-18T06:37:19.946+0000] {logging_mixin.py:190} INFO - [2026-05-18T06:37:19.945+0000] {dagbag.py:588} INFO - Filling up the DagBag from /home/noelsdavid/airflow_venv/lib/python3.12/site-packages/airflow/example_dags/example_branch_datetime_operator.py
[2026-05-18T06:37:19.963+0000] {processor.py:925} INFO - DAG(s) 'example_branch_datetime_operator', 'example_branch_datetime_operator_3', 'example_branch_datetime_operator_2' retrieved from /home/noelsdavid/airflow_venv/lib/python3.12/site-packages/airflow/example_dags/example_branch_datetime_operator.py
[2026-05-18T06:37:19.992+0000] {logging_mixin.py:190} INFO - [2026-05-18T06:37:19.992+0000] {dag.py:3239} INFO - Sync 3 DAGs
[2026-05-18T06:37:20.022+0000] {logging_mixin.py:190} INFO - [2026-05-18T06:37:20.022+0000] {dag.py:4180} INFO - Setting next_dagrun for example_branch_datetime_operator to 2026-05-17 00:00:00+00:00, run_after=2026-05-18 00:00:00+00:00
[2026-05-18T06:37:20.027+0000] {logging_mixin.py:190} INFO - [2026-05-18T06:37:20.027+0000] {dag.py:4180} INFO - Setting next_dagrun for example_branch_datetime_operator_2 to 2026-05-17 00:00:00+00:00, run_after=2026-05-18 00:00:00+00:00
[2026-05-18T06:37:20.030+0000] {logging_mixin.py:190} INFO - [2026-05-18T06:37:20.030+0000] {dag.py:4180} INFO - Setting next_dagrun for example_branch_datetime_operator_3 to 2026-05-17 00:00:00+00:00, run_after=2026-05-18 00:00:00+00:00
[2026-05-18T06:37:20.059+0000] {processor.py:208} INFO - Processing /home/noelsdavid/airflow_venv/lib/python3.12/site-packages/airflow/example_dags/example_branch_datetime_operator.py took 0.141 seconds
[2026-05-18T06:38:28.432+0000] {processor.py:186} INFO - Started process (PID=11062) to work on /home/noelsdavid/airflow_venv/lib/python3.12/site-packages/airflow/example_dags/example_branch_datetime_operator.py
[2026-05-18T06:38:28.470+0000] {processor.py:914} INFO - Processing file /home/noelsdavid/airflow_venv/lib/python3.12/site-packages/airflow/example_dags/example_branch_datetime_operator.py for tasks to queue
[2026-05-18T06:38:28.472+0000] {logging_mixin.py:190} INFO - [2026-05-18T06:38:28.471+0000] {dagbag.py:588} INFO - Filling up the DagBag from /home/noelsdavid/airflow_venv/lib/python3.12/site-packages/airflow/example_dags/example_branch_datetime_operator.py
[2026-05-18T06:38:28.488+0000] {processor.py:925} INFO - DAG(s) 'example_branch_datetime_operator_3', 'example_branch_datetime_operator', 'example_branch_datetime_operator_2' retrieved from /home/noelsdavid/airflow_venv/lib/python3.12/site-packages/airflow/example_dags/example_branch_datetime_operator.py
[2026-05-18T06:38:28.520+0000] {logging_mixin.py:190} INFO - [2026-05-18T06:38:28.519+0000] {dag.py:3239} INFO - Sync 3 DAGs
[2026-05-18T06:38:28.548+0000] {logging_mixin.py:190} INFO - [2026-05-18T06:38:28.548+0000] {dag.py:4180} INFO - Setting next_dagrun for example_branch_datetime_operator to 2026-05-17 00:00:00+00:00, run_after=2026-05-18 00:00:00+00:00
[2026-05-18T06:38:28.554+0000] {logging_mixin.py:190} INFO - [2026-05-18T06:38:28.554+0000] {dag.py:4180} INFO - Setting next_dagrun for example_branch_datetime_operator_2 to 2026-05-17 00:00:00+00:00, run_after=2026-05-18 00:00:00+00:00
[2026-05-18T06:38:28.557+0000] {logging_mixin.py:190} INFO - [2026-05-18T06:38:28.556+0000] {dag.py:4180} INFO - Setting next_dagrun for example_branch_datetime_operator_3 to 2026-05-17 00:00:00+00:00, run_after=2026-05-18 00:00:00+00:00
[2026-05-18T06:38:28.586+0000] {processor.py:208} INFO - Processing /home/noelsdavid/airflow_venv/lib/python3.12/site-packages/airflow/example_dags/example_branch_datetime_operator.py took 0.161 seconds
[2026-05-18T06:39:30.839+0000] {processor.py:186} INFO - Started process (PID=11287) to work on /home/noelsdavid/airflow_venv/lib/python3.12/site-packages/airflow/example_dags/example_branch_datetime_operator.py
[2026-05-18T06:39:30.841+0000] {processor.py:914} INFO - Processing file /home/noelsdavid/airflow_venv/lib/python3.12/site-packages/airflow/example_dags/example_branch_datetime_operator.py for tasks to queue
[2026-05-18T06:39:30.844+0000] {logging_mixin.py:190} INFO - [2026-05-18T06:39:30.843+0000] {dagbag.py:588} INFO - Filling up the DagBag from /home/noelsdavid/airflow_venv/lib/python3.12/site-packages/airflow/example_dags/example_branch_datetime_operator.py
[2026-05-18T06:39:30.861+0000] {processor.py:925} INFO - DAG(s) 'example_branch_datetime_operator_2', 'example_branch_datetime_operator', 'example_branch_datetime_operator_3' retrieved from /home/noelsdavid/airflow_venv/lib/python3.12/site-packages/airflow/example_dags/example_branch_datetime_operator.py
[2026-05-18T06:39:30.889+0000] {logging_mixin.py:190} INFO - [2026-05-18T06:39:30.889+0000] {dag.py:3239} INFO - Sync 3 DAGs
[2026-05-18T06:39:30.917+0000] {logging_mixin.py:190} INFO - [2026-05-18T06:39:30.917+0000] {dag.py:4180} INFO - Setting next_dagrun for example_branch_datetime_operator to 2026-05-17 00:00:00+00:00, run_after=2026-05-18 00:00:00+00:00
[2026-05-18T06:39:30.922+0000] {logging_mixin.py:190} INFO - [2026-05-18T06:39:30.922+0000] {dag.py:4180} INFO - Setting next_dagrun for example_branch_datetime_operator_2 to 2026-05-17 00:00:00+00:00, run_after=2026-05-18 00:00:00+00:00
[2026-05-18T06:39:30.925+0000] {logging_mixin.py:190} INFO - [2026-05-18T06:39:30.925+0000] {dag.py:4180} INFO - Setting next_dagrun for example_branch_datetime_operator_3 to 2026-05-17 00:00:00+00:00, run_after=2026-05-18 00:00:00+00:00
[2026-05-18T06:39:30.952+0000] {processor.py:208} INFO - Processing /home/noelsdavid/airflow_venv/lib/python3.12/site-packages/airflow/example_dags/example_branch_datetime_operator.py took 0.121 seconds
[2026-05-18T06:40:42.418+0000] {processor.py:186} INFO - Started process (PID=11566) to work on /home/noelsdavid/airflow_venv/lib/python3.12/site-packages/airflow/example_dags/example_branch_datetime_operator.py
[2026-05-18T06:40:42.421+0000] {processor.py:914} INFO - Processing file /home/noelsdavid/airflow_venv/lib/python3.12/site-packages/airflow/example_dags/example_branch_datetime_operator.py for tasks to queue
[2026-05-18T06:40:42.423+0000] {logging_mixin.py:190} INFO - [2026-05-18T06:40:42.422+0000] {dagbag.py:588} INFO - Filling up the DagBag from /home/noelsdavid/airflow_venv/lib/python3.12/site-packages/airflow/example_dags/example_branch_datetime_operator.py
[2026-05-18T06:40:42.442+0000] {processor.py:925} INFO - DAG(s) 'example_branch_datetime_operator', 'example_branch_datetime_operator_2', 'example_branch_datetime_operator_3' retrieved from /home/noelsdavid/airflow_venv/lib/python3.12/site-packages/airflow/example_dags/example_branch_datetime_operator.py
[2026-05-18T06:40:42.475+0000] {logging_mixin.py:190} INFO - [2026-05-18T06:40:42.475+0000] {dag.py:3239} INFO - Sync 3 DAGs
[2026-05-18T06:40:42.508+0000] {logging_mixin.py:190} INFO - [2026-05-18T06:40:42.508+0000] {dag.py:4180} INFO - Setting next_dagrun for example_branch_datetime_operator to 2026-05-17 00:00:00+00:00, run_after=2026-05-18 00:00:00+00:00
[2026-05-18T06:40:42.515+0000] {logging_mixin.py:190} INFO - [2026-05-18T06:40:42.515+0000] {dag.py:4180} INFO - Setting next_dagrun for example_branch_datetime_operator_2 to 2026-05-17 00:00:00+00:00, run_after=2026-05-18 00:00:00+00:00
[2026-05-18T06:40:42.518+0000] {logging_mixin.py:190} INFO - [2026-05-18T06:40:42.518+0000] {dag.py:4180} INFO - Setting next_dagrun for example_branch_datetime_operator_3 to 2026-05-17 00:00:00+00:00, run_after=2026-05-18 00:00:00+00:00
[2026-05-18T06:40:42.550+0000] {processor.py:208} INFO - Processing /home/noelsdavid/airflow_venv/lib/python3.12/site-packages/airflow/example_dags/example_branch_datetime_operator.py took 0.141 seconds
[2026-05-18T06:41:55.043+0000] {processor.py:186} INFO - Started process (PID=12251) to work on /home/noelsdavid/airflow_venv/lib/python3.12/site-packages/airflow/example_dags/example_branch_datetime_operator.py
[2026-05-18T06:41:55.046+0000] {processor.py:914} INFO - Processing file /home/noelsdavid/airflow_venv/lib/python3.12/site-packages/airflow/example_dags/example_branch_datetime_operator.py for tasks to queue
[2026-05-18T06:41:55.048+0000] {logging_mixin.py:190} INFO - [2026-05-18T06:41:55.048+0000] {dagbag.py:588} INFO - Filling up the DagBag from /home/noelsdavid/airflow_venv/lib/python3.12/site-packages/airflow/example_dags/example_branch_datetime_operator.py
[2026-05-18T06:41:55.070+0000] {processor.py:925} INFO - DAG(s) 'example_branch_datetime_operator_3', 'example_branch_datetime_operator', 'example_branch_datetime_operator_2' retrieved from /home/noelsdavid/airflow_venv/lib/python3.12/site-packages/airflow/example_dags/example_branch_datetime_operator.py
[2026-05-18T06:41:55.102+0000] {logging_mixin.py:190} INFO - [2026-05-18T06:41:55.102+0000] {dag.py:3239} INFO - Sync 3 DAGs
[2026-05-18T06:41:55.136+0000] {logging_mixin.py:190} INFO - [2026-05-18T06:41:55.135+0000] {dag.py:4180} INFO - Setting next_dagrun for example_branch_datetime_operator to 2026-05-17 00:00:00+00:00, run_after=2026-05-18 00:00:00+00:00
[2026-05-18T06:41:55.142+0000] {logging_mixin.py:190} INFO - [2026-05-18T06:41:55.141+0000] {dag.py:4180} INFO - Setting next_dagrun for example_branch_datetime_operator_2 to 2026-05-17 00:00:00+00:00, run_after=2026-05-18 00:00:00+00:00
[2026-05-18T06:41:55.145+0000] {logging_mixin.py:190} INFO - [2026-05-18T06:41:55.144+0000] {dag.py:4180} INFO - Setting next_dagrun for example_branch_datetime_operator_3 to 2026-05-17 00:00:00+00:00, run_after=2026-05-18 00:00:00+00:00
[2026-05-18T06:41:55.172+0000] {processor.py:208} INFO - Processing /home/noelsdavid/airflow_venv/lib/python3.12/site-packages/airflow/example_dags/example_branch_datetime_operator.py took 0.137 seconds
[2026-05-18T06:43:07.870+0000] {processor.py:186} INFO - Started process (PID=12628) to work on /home/noelsdavid/airflow_venv/lib/python3.12/site-packages/airflow/example_dags/example_branch_datetime_operator.py
[2026-05-18T06:43:07.873+0000] {processor.py:914} INFO - Processing file /home/noelsdavid/airflow_venv/lib/python3.12/site-packages/airflow/example_dags/example_branch_datetime_operator.py for tasks to queue
[2026-05-18T06:43:07.875+0000] {logging_mixin.py:190} INFO - [2026-05-18T06:43:07.874+0000] {dagbag.py:588} INFO - Filling up the DagBag from /home/noelsdavid/airflow_venv/lib/python3.12/site-packages/airflow/example_dags/example_branch_datetime_operator.py
[2026-05-18T06:43:07.892+0000] {processor.py:925} INFO - DAG(s) 'example_branch_datetime_operator_2', 'example_branch_datetime_operator', 'example_branch_datetime_operator_3' retrieved from /home/noelsdavid/airflow_venv/lib/python3.12/site-packages/airflow/example_dags/example_branch_datetime_operator.py
[2026-05-18T06:43:07.923+0000] {logging_mixin.py:190} INFO - [2026-05-18T06:43:07.923+0000] {dag.py:3239} INFO - Sync 3 DAGs
[2026-05-18T06:43:07.956+0000] {logging_mixin.py:190} INFO - [2026-05-18T06:43:07.955+0000] {dag.py:4180} INFO - Setting next_dagrun for example_branch_datetime_operator to 2026-05-17 00:00:00+00:00, run_after=2026-05-18 00:00:00+00:00
[2026-05-18T06:43:07.962+0000] {logging_mixin.py:190} INFO - [2026-05-18T06:43:07.961+0000] {dag.py:4180} INFO - Setting next_dagrun for example_branch_datetime_operator_2 to 2026-05-17 00:00:00+00:00, run_after=2026-05-18 00:00:00+00:00
[2026-05-18T06:43:07.964+0000] {logging_mixin.py:190} INFO - [2026-05-18T06:43:07.964+0000] {dag.py:4180} INFO - Setting next_dagrun for example_branch_datetime_operator_3 to 2026-05-17 00:00:00+00:00, run_after=2026-05-18 00:00:00+00:00
[2026-05-18T06:43:07.996+0000] {processor.py:208} INFO - Processing /home/noelsdavid/airflow_venv/lib/python3.12/site-packages/airflow/example_dags/example_branch_datetime_operator.py took 0.137 seconds
[2026-05-18T06:44:45.920+0000] {processor.py:186} INFO - Started process (PID=13060) to work on /home/noelsdavid/airflow_venv/lib/python3.12/site-packages/airflow/example_dags/example_branch_datetime_operator.py
[2026-05-18T06:44:45.923+0000] {processor.py:914} INFO - Processing file /home/noelsdavid/airflow_venv/lib/python3.12/site-packages/airflow/example_dags/example_branch_datetime_operator.py for tasks to queue
[2026-05-18T06:44:45.926+0000] {logging_mixin.py:190} INFO - [2026-05-18T06:44:45.925+0000] {dagbag.py:588} INFO - Filling up the DagBag from /home/noelsdavid/airflow_venv/lib/python3.12/site-packages/airflow/example_dags/example_branch_datetime_operator.py
[2026-05-18T06:44:45.945+0000] {processor.py:925} INFO - DAG(s) 'example_branch_datetime_operator_2', 'example_branch_datetime_operator_3', 'example_branch_datetime_operator' retrieved from /home/noelsdavid/airflow_venv/lib/python3.12/site-packages/airflow/example_dags/example_branch_datetime_operator.py
[2026-05-18T06:44:45.975+0000] {logging_mixin.py:190} INFO - [2026-05-18T06:44:45.975+0000] {dag.py:3239} INFO - Sync 3 DAGs
[2026-05-18T06:44:46.015+0000] {logging_mixin.py:190} INFO - [2026-05-18T06:44:46.014+0000] {dag.py:4180} INFO - Setting next_dagrun for example_branch_datetime_operator to 2026-05-17 00:00:00+00:00, run_after=2026-05-18 00:00:00+00:00
[2026-05-18T06:44:46.026+0000] {logging_mixin.py:190} INFO - [2026-05-18T06:44:46.025+0000] {dag.py:4180} INFO - Setting next_dagrun for example_branch_datetime_operator_2 to 2026-05-17 00:00:00+00:00, run_after=2026-05-18 00:00:00+00:00
[2026-05-18T06:44:46.030+0000] {logging_mixin.py:190} INFO - [2026-05-18T06:44:46.030+0000] {dag.py:4180} INFO - Setting next_dagrun for example_branch_datetime_operator_3 to 2026-05-17 00:00:00+00:00, run_after=2026-05-18 00:00:00+00:00
[2026-05-18T06:44:46.074+0000] {processor.py:208} INFO - Processing /home/noelsdavid/airflow_venv/lib/python3.12/site-packages/airflow/example_dags/example_branch_datetime_operator.py took 0.164 seconds
[2026-05-18T06:45:58.333+0000] {processor.py:186} INFO - Started process (PID=13162) to work on /home/noelsdavid/airflow_venv/lib/python3.12/site-packages/airflow/example_dags/example_branch_datetime_operator.py
[2026-05-18T06:45:58.336+0000] {processor.py:914} INFO - Processing file /home/noelsdavid/airflow_venv/lib/python3.12/site-packages/airflow/example_dags/example_branch_datetime_operator.py for tasks to queue
[2026-05-18T06:45:58.338+0000] {logging_mixin.py:190} INFO - [2026-05-18T06:45:58.337+0000] {dagbag.py:588} INFO - Filling up the DagBag from /home/noelsdavid/airflow_venv/lib/python3.12/site-packages/airflow/example_dags/example_branch_datetime_operator.py
[2026-05-18T06:45:58.355+0000] {processor.py:925} INFO - DAG(s) 'example_branch_datetime_operator_3', 'example_branch_datetime_operator', 'example_branch_datetime_operator_2' retrieved from /home/noelsdavid/airflow_venv/lib/python3.12/site-packages/airflow/example_dags/example_branch_datetime_operator.py
[2026-05-18T06:45:58.385+0000] {logging_mixin.py:190} INFO - [2026-05-18T06:45:58.384+0000] {dag.py:3239} INFO - Sync 3 DAGs
[2026-05-18T06:45:58.413+0000] {logging_mixin.py:190} INFO - [2026-05-18T06:45:58.413+0000] {dag.py:4180} INFO - Setting next_dagrun for example_branch_datetime_operator to 2026-05-17 00:00:00+00:00, run_after=2026-05-18 00:00:00+00:00
[2026-05-18T06:45:58.418+0000] {logging_mixin.py:190} INFO - [2026-05-18T06:45:58.418+0000] {dag.py:4180} INFO - Setting next_dagrun for example_branch_datetime_operator_2 to 2026-05-17 00:00:00+00:00, run_after=2026-05-18 00:00:00+00:00
[2026-05-18T06:45:58.421+0000] {logging_mixin.py:190} INFO - [2026-05-18T06:45:58.421+0000] {dag.py:4180} INFO - Setting next_dagrun for example_branch_datetime_operator_3 to 2026-05-17 00:00:00+00:00, run_after=2026-05-18 00:00:00+00:00
[2026-05-18T06:45:58.451+0000] {processor.py:208} INFO - Processing /home/noelsdavid/airflow_venv/lib/python3.12/site-packages/airflow/example_dags/example_branch_datetime_operator.py took 0.128 seconds
[2026-05-18T06:47:07.981+0000] {processor.py:186} INFO - Started process (PID=13239) to work on /home/noelsdavid/airflow_venv/lib/python3.12/site-packages/airflow/example_dags/example_branch_datetime_operator.py
[2026-05-18T06:47:07.983+0000] {processor.py:914} INFO - Processing file /home/noelsdavid/airflow_venv/lib/python3.12/site-packages/airflow/example_dags/example_branch_datetime_operator.py for tasks to queue
[2026-05-18T06:47:07.986+0000] {logging_mixin.py:190} INFO - [2026-05-18T06:47:07.985+0000] {dagbag.py:588} INFO - Filling up the DagBag from /home/noelsdavid/airflow_venv/lib/python3.12/site-packages/airflow/example_dags/example_branch_datetime_operator.py
[2026-05-18T06:47:08.004+0000] {processor.py:925} INFO - DAG(s) 'example_branch_datetime_operator_2', 'example_branch_datetime_operator_3', 'example_branch_datetime_operator' retrieved from /home/noelsdavid/airflow_venv/lib/python3.12/site-packages/airflow/example_dags/example_branch_datetime_operator.py
[2026-05-18T06:47:08.034+0000] {logging_mixin.py:190} INFO - [2026-05-18T06:47:08.034+0000] {dag.py:3239} INFO - Sync 3 DAGs
[2026-05-18T06:47:08.064+0000] {logging_mixin.py:190} INFO - [2026-05-18T06:47:08.063+0000] {dag.py:4180} INFO - Setting next_dagrun for example_branch_datetime_operator to 2026-05-17 00:00:00+00:00, run_after=2026-05-18 00:00:00+00:00
[2026-05-18T06:47:08.069+0000] {logging_mixin.py:190} INFO - [2026-05-18T06:47:08.069+0000] {dag.py:4180} INFO - Setting next_dagrun for example_branch_datetime_operator_2 to 2026-05-17 00:00:00+00:00, run_after=2026-05-18 00:00:00+00:00
[2026-05-18T06:47:08.072+0000] {logging_mixin.py:190} INFO - [2026-05-18T06:47:08.072+0000] {dag.py:4180} INFO - Setting next_dagrun for example_branch_datetime_operator_3 to 2026-05-17 00:00:00+00:00, run_after=2026-05-18 00:00:00+00:00
[2026-05-18T06:47:08.100+0000] {processor.py:208} INFO - Processing /home/noelsdavid/airflow_venv/lib/python3.12/site-packages/airflow/example_dags/example_branch_datetime_operator.py took 0.129 seconds
[2026-05-18T06:48:12.265+0000] {processor.py:186} INFO - Started process (PID=13311) to work on /home/noelsdavid/airflow_venv/lib/python3.12/site-packages/airflow/example_dags/example_branch_datetime_operator.py
[2026-05-18T06:48:12.267+0000] {processor.py:914} INFO - Processing file /home/noelsdavid/airflow_venv/lib/python3.12/site-packages/airflow/example_dags/example_branch_datetime_operator.py for tasks to queue
[2026-05-18T06:48:12.270+0000] {logging_mixin.py:190} INFO - [2026-05-18T06:48:12.269+0000] {dagbag.py:588} INFO - Filling up the DagBag from /home/noelsdavid/airflow_venv/lib/python3.12/site-packages/airflow/example_dags/example_branch_datetime_operator.py
[2026-05-18T06:48:12.289+0000] {processor.py:925} INFO - DAG(s) 'example_branch_datetime_operator_3', 'example_branch_datetime_operator', 'example_branch_datetime_operator_2' retrieved from /home/noelsdavid/airflow_venv/lib/python3.12/site-packages/airflow/example_dags/example_branch_datetime_operator.py
[2026-05-18T06:48:12.318+0000] {logging_mixin.py:190} INFO - [2026-05-18T06:48:12.318+0000] {dag.py:3239} INFO - Sync 3 DAGs
[2026-05-18T06:48:12.353+0000] {logging_mixin.py:190} INFO - [2026-05-18T06:48:12.353+0000] {dag.py:4180} INFO - Setting next_dagrun for example_branch_datetime_operator to 2026-05-17 00:00:00+00:00, run_after=2026-05-18 00:00:00+00:00
[2026-05-18T06:48:12.360+0000] {logging_mixin.py:190} INFO - [2026-05-18T06:48:12.360+0000] {dag.py:4180} INFO - Setting next_dagrun for example_branch_datetime_operator_2 to 2026-05-17 00:00:00+00:00, run_after=2026-05-18 00:00:00+00:00
[2026-05-18T06:48:12.363+0000] {logging_mixin.py:190} INFO - [2026-05-18T06:48:12.363+0000] {dag.py:4180} INFO - Setting next_dagrun for example_branch_datetime_operator_3 to 2026-05-17 00:00:00+00:00, run_after=2026-05-18 00:00:00+00:00
[2026-05-18T06:48:12.392+0000] {processor.py:208} INFO - Processing /home/noelsdavid/airflow_venv/lib/python3.12/site-packages/airflow/example_dags/example_branch_datetime_operator.py took 0.137 seconds
[2026-05-18T06:49:17.725+0000] {processor.py:186} INFO - Started process (PID=13385) to work on /home/noelsdavid/airflow_venv/lib/python3.12/site-packages/airflow/example_dags/example_branch_datetime_operator.py
[2026-05-18T06:49:17.727+0000] {processor.py:914} INFO - Processing file /home/noelsdavid/airflow_venv/lib/python3.12/site-packages/airflow/example_dags/example_branch_datetime_operator.py for tasks to queue
[2026-05-18T06:49:17.729+0000] {logging_mixin.py:190} INFO - [2026-05-18T06:49:17.729+0000] {dagbag.py:588} INFO - Filling up the DagBag from /home/noelsdavid/airflow_venv/lib/python3.12/site-packages/airflow/example_dags/example_branch_datetime_operator.py
[2026-05-18T06:49:17.748+0000] {processor.py:925} INFO - DAG(s) 'example_branch_datetime_operator_3', 'example_branch_datetime_operator_2', 'example_branch_datetime_operator' retrieved from /home/noelsdavid/airflow_venv/lib/python3.12/site-packages/airflow/example_dags/example_branch_datetime_operator.py
[2026-05-18T06:49:17.776+0000] {logging_mixin.py:190} INFO - [2026-05-18T06:49:17.776+0000] {dag.py:3239} INFO - Sync 3 DAGs
[2026-05-18T06:49:17.804+0000] {logging_mixin.py:190} INFO - [2026-05-18T06:49:17.804+0000] {dag.py:4180} INFO - Setting next_dagrun for example_branch_datetime_operator to 2026-05-17 00:00:00+00:00, run_after=2026-05-18 00:00:00+00:00
[2026-05-18T06:49:17.810+0000] {logging_mixin.py:190} INFO - [2026-05-18T06:49:17.809+0000] {dag.py:4180} INFO - Setting next_dagrun for example_branch_datetime_operator_2 to 2026-05-17 00:00:00+00:00, run_after=2026-05-18 00:00:00+00:00
[2026-05-18T06:49:17.812+0000] {logging_mixin.py:190} INFO - [2026-05-18T06:49:17.812+0000] {dag.py:4180} INFO - Setting next_dagrun for example_branch_datetime_operator_3 to 2026-05-17 00:00:00+00:00, run_after=2026-05-18 00:00:00+00:00
[2026-05-18T06:49:17.839+0000] {processor.py:208} INFO - Processing /home/noelsdavid/airflow_venv/lib/python3.12/site-packages/airflow/example_dags/example_branch_datetime_operator.py took 0.123 seconds
[2026-05-18T06:50:25.360+0000] {processor.py:186} INFO - Started process (PID=13950) to work on /home/noelsdavid/airflow_venv/lib/python3.12/site-packages/airflow/example_dags/example_branch_datetime_operator.py
[2026-05-18T06:50:25.363+0000] {processor.py:914} INFO - Processing file /home/noelsdavid/airflow_venv/lib/python3.12/site-packages/airflow/example_dags/example_branch_datetime_operator.py for tasks to queue
[2026-05-18T06:50:25.365+0000] {logging_mixin.py:190} INFO - [2026-05-18T06:50:25.365+0000] {dagbag.py:588} INFO - Filling up the DagBag from /home/noelsdavid/airflow_venv/lib/python3.12/site-packages/airflow/example_dags/example_branch_datetime_operator.py
[2026-05-18T06:50:25.383+0000] {processor.py:925} INFO - DAG(s) 'example_branch_datetime_operator_2', 'example_branch_datetime_operator', 'example_branch_datetime_operator_3' retrieved from /home/noelsdavid/airflow_venv/lib/python3.12/site-packages/airflow/example_dags/example_branch_datetime_operator.py
[2026-05-18T06:50:25.411+0000] {logging_mixin.py:190} INFO - [2026-05-18T06:50:25.411+0000] {dag.py:3239} INFO - Sync 3 DAGs
[2026-05-18T06:50:25.440+0000] {logging_mixin.py:190} INFO - [2026-05-18T06:50:25.440+0000] {dag.py:4180} INFO - Setting next_dagrun for example_branch_datetime_operator to 2026-05-17 00:00:00+00:00, run_after=2026-05-18 00:00:00+00:00
[2026-05-18T06:50:25.446+0000] {logging_mixin.py:190} INFO - [2026-05-18T06:50:25.445+0000] {dag.py:4180} INFO - Setting next_dagrun for example_branch_datetime_operator_2 to 2026-05-17 00:00:00+00:00, run_after=2026-05-18 00:00:00+00:00
[2026-05-18T06:50:25.448+0000] {logging_mixin.py:190} INFO - [2026-05-18T06:50:25.448+0000] {dag.py:4180} INFO - Setting next_dagrun for example_branch_datetime_operator_3 to 2026-05-17 00:00:00+00:00, run_after=2026-05-18 00:00:00+00:00
[2026-05-18T06:50:25.477+0000] {processor.py:208} INFO - Processing /home/noelsdavid/airflow_venv/lib/python3.12/site-packages/airflow/example_dags/example_branch_datetime_operator.py took 0.126 seconds
