[2026-05-18T06:00:27.149+0000] {processor.py:186} INFO - Started process (PID=6907) to work on /home/noelsdavid/airflow_venv/lib/python3.12/site-packages/airflow/example_dags/example_task_group.py
[2026-05-18T06:00:27.150+0000] {processor.py:914} INFO - Processing file /home/noelsdavid/airflow_venv/lib/python3.12/site-packages/airflow/example_dags/example_task_group.py for tasks to queue
[2026-05-18T06:00:27.153+0000] {logging_mixin.py:190} INFO - [2026-05-18T06:00:27.152+0000] {dagbag.py:588} INFO - Filling up the DagBag from /home/noelsdavid/airflow_venv/lib/python3.12/site-packages/airflow/example_dags/example_task_group.py
[2026-05-18T06:00:27.163+0000] {processor.py:925} INFO - DAG(s) 'example_task_group' retrieved from /home/noelsdavid/airflow_venv/lib/python3.12/site-packages/airflow/example_dags/example_task_group.py
[2026-05-18T06:00:27.303+0000] {logging_mixin.py:190} INFO - [2026-05-18T06:00:27.302+0000] {override.py:1911} INFO - Created Permission View: can edit on DAG:example_task_group
[2026-05-18T06:00:27.319+0000] {logging_mixin.py:190} INFO - [2026-05-18T06:00:27.319+0000] {override.py:1911} INFO - Created Permission View: can delete on DAG:example_task_group
[2026-05-18T06:00:27.333+0000] {logging_mixin.py:190} INFO - [2026-05-18T06:00:27.332+0000] {override.py:1911} INFO - Created Permission View: can read on DAG:example_task_group
[2026-05-18T06:00:27.356+0000] {logging_mixin.py:190} INFO - [2026-05-18T06:00:27.355+0000] {override.py:1911} INFO - Created Permission View: can delete on DAG Run:example_task_group
[2026-05-18T06:00:27.368+0000] {logging_mixin.py:190} INFO - [2026-05-18T06:00:27.368+0000] {override.py:1911} INFO - Created Permission View: menu access on DAG Run:example_task_group
[2026-05-18T06:00:27.381+0000] {logging_mixin.py:190} INFO - [2026-05-18T06:00:27.381+0000] {override.py:1911} INFO - Created Permission View: can create on DAG Run:example_task_group
[2026-05-18T06:00:27.395+0000] {logging_mixin.py:190} INFO - [2026-05-18T06:00:27.394+0000] {override.py:1911} INFO - Created Permission View: can read on DAG Run:example_task_group
[2026-05-18T06:00:27.395+0000] {logging_mixin.py:190} INFO - [2026-05-18T06:00:27.395+0000] {dag.py:3239} INFO - Sync 1 DAGs
[2026-05-18T06:00:27.410+0000] {logging_mixin.py:190} INFO - [2026-05-18T06:00:27.409+0000] {dag.py:3262} INFO - Creating ORM DAG for example_task_group
[2026-05-18T06:00:27.411+0000] {logging_mixin.py:190} INFO - [2026-05-18T06:00:27.410+0000] {dag.py:4180} INFO - Setting next_dagrun for example_task_group to None, run_after=None
[2026-05-18T06:00:27.438+0000] {processor.py:208} INFO - Processing /home/noelsdavid/airflow_venv/lib/python3.12/site-packages/airflow/example_dags/example_task_group.py took 0.296 seconds
[2026-05-18T06:01:36.528+0000] {processor.py:186} INFO - Started process (PID=6966) to work on /home/noelsdavid/airflow_venv/lib/python3.12/site-packages/airflow/example_dags/example_task_group.py
[2026-05-18T06:01:36.530+0000] {processor.py:914} INFO - Processing file /home/noelsdavid/airflow_venv/lib/python3.12/site-packages/airflow/example_dags/example_task_group.py for tasks to queue
[2026-05-18T06:01:36.534+0000] {logging_mixin.py:190} INFO - [2026-05-18T06:01:36.533+0000] {dagbag.py:588} INFO - Filling up the DagBag from /home/noelsdavid/airflow_venv/lib/python3.12/site-packages/airflow/example_dags/example_task_group.py
[2026-05-18T06:01:36.545+0000] {processor.py:925} INFO - DAG(s) 'example_task_group' retrieved from /home/noelsdavid/airflow_venv/lib/python3.12/site-packages/airflow/example_dags/example_task_group.py
[2026-05-18T06:01:36.567+0000] {logging_mixin.py:190} INFO - [2026-05-18T06:01:36.567+0000] {dag.py:3239} INFO - Sync 1 DAGs
[2026-05-18T06:01:36.582+0000] {logging_mixin.py:190} INFO - [2026-05-18T06:01:36.582+0000] {dag.py:4180} INFO - Setting next_dagrun for example_task_group to None, run_after=None
[2026-05-18T06:01:36.614+0000] {processor.py:208} INFO - Processing /home/noelsdavid/airflow_venv/lib/python3.12/site-packages/airflow/example_dags/example_task_group.py took 0.093 seconds
[2026-05-18T06:02:36.137+0000] {processor.py:186} INFO - Started process (PID=7026) to work on /home/noelsdavid/airflow_venv/lib/python3.12/site-packages/airflow/example_dags/example_task_group.py
[2026-05-18T06:02:36.140+0000] {processor.py:914} INFO - Processing file /home/noelsdavid/airflow_venv/lib/python3.12/site-packages/airflow/example_dags/example_task_group.py for tasks to queue
[2026-05-18T06:02:36.143+0000] {logging_mixin.py:190} INFO - [2026-05-18T06:02:36.142+0000] {dagbag.py:588} INFO - Filling up the DagBag from /home/noelsdavid/airflow_venv/lib/python3.12/site-packages/airflow/example_dags/example_task_group.py
[2026-05-18T06:02:36.155+0000] {processor.py:925} INFO - DAG(s) 'example_task_group' retrieved from /home/noelsdavid/airflow_venv/lib/python3.12/site-packages/airflow/example_dags/example_task_group.py
[2026-05-18T06:02:36.178+0000] {logging_mixin.py:190} INFO - [2026-05-18T06:02:36.178+0000] {dag.py:3239} INFO - Sync 1 DAGs
[2026-05-18T06:02:36.193+0000] {logging_mixin.py:190} INFO - [2026-05-18T06:02:36.193+0000] {dag.py:4180} INFO - Setting next_dagrun for example_task_group to None, run_after=None
[2026-05-18T06:02:36.223+0000] {processor.py:208} INFO - Processing /home/noelsdavid/airflow_venv/lib/python3.12/site-packages/airflow/example_dags/example_task_group.py took 0.095 seconds
[2026-05-18T06:03:35.167+0000] {processor.py:186} INFO - Started process (PID=7085) to work on /home/noelsdavid/airflow_venv/lib/python3.12/site-packages/airflow/example_dags/example_task_group.py
[2026-05-18T06:03:35.170+0000] {processor.py:914} INFO - Processing file /home/noelsdavid/airflow_venv/lib/python3.12/site-packages/airflow/example_dags/example_task_group.py for tasks to queue
[2026-05-18T06:03:35.173+0000] {logging_mixin.py:190} INFO - [2026-05-18T06:03:35.172+0000] {dagbag.py:588} INFO - Filling up the DagBag from /home/noelsdavid/airflow_venv/lib/python3.12/site-packages/airflow/example_dags/example_task_group.py
[2026-05-18T06:03:35.186+0000] {processor.py:925} INFO - DAG(s) 'example_task_group' retrieved from /home/noelsdavid/airflow_venv/lib/python3.12/site-packages/airflow/example_dags/example_task_group.py
[2026-05-18T06:03:35.208+0000] {logging_mixin.py:190} INFO - [2026-05-18T06:03:35.208+0000] {dag.py:3239} INFO - Sync 1 DAGs
[2026-05-18T06:03:35.224+0000] {logging_mixin.py:190} INFO - [2026-05-18T06:03:35.223+0000] {dag.py:4180} INFO - Setting next_dagrun for example_task_group to None, run_after=None
[2026-05-18T06:03:35.254+0000] {processor.py:208} INFO - Processing /home/noelsdavid/airflow_venv/lib/python3.12/site-packages/airflow/example_dags/example_task_group.py took 0.095 seconds
[2026-05-18T06:04:36.154+0000] {processor.py:186} INFO - Started process (PID=7143) to work on /home/noelsdavid/airflow_venv/lib/python3.12/site-packages/airflow/example_dags/example_task_group.py
[2026-05-18T06:04:36.156+0000] {processor.py:914} INFO - Processing file /home/noelsdavid/airflow_venv/lib/python3.12/site-packages/airflow/example_dags/example_task_group.py for tasks to queue
[2026-05-18T06:04:36.159+0000] {logging_mixin.py:190} INFO - [2026-05-18T06:04:36.159+0000] {dagbag.py:588} INFO - Filling up the DagBag from /home/noelsdavid/airflow_venv/lib/python3.12/site-packages/airflow/example_dags/example_task_group.py
[2026-05-18T06:04:36.172+0000] {processor.py:925} INFO - DAG(s) 'example_task_group' retrieved from /home/noelsdavid/airflow_venv/lib/python3.12/site-packages/airflow/example_dags/example_task_group.py
[2026-05-18T06:04:36.194+0000] {logging_mixin.py:190} INFO - [2026-05-18T06:04:36.194+0000] {dag.py:3239} INFO - Sync 1 DAGs
[2026-05-18T06:04:36.210+0000] {logging_mixin.py:190} INFO - [2026-05-18T06:04:36.210+0000] {dag.py:4180} INFO - Setting next_dagrun for example_task_group to None, run_after=None
[2026-05-18T06:04:36.239+0000] {processor.py:208} INFO - Processing /home/noelsdavid/airflow_venv/lib/python3.12/site-packages/airflow/example_dags/example_task_group.py took 0.093 seconds
[2026-05-18T06:05:47.538+0000] {processor.py:186} INFO - Started process (PID=7234) to work on /home/noelsdavid/airflow_venv/lib/python3.12/site-packages/airflow/example_dags/example_task_group.py
[2026-05-18T06:05:47.542+0000] {processor.py:914} INFO - Processing file /home/noelsdavid/airflow_venv/lib/python3.12/site-packages/airflow/example_dags/example_task_group.py for tasks to queue
[2026-05-18T06:05:47.745+0000] {logging_mixin.py:190} INFO - [2026-05-18T06:05:47.744+0000] {dagbag.py:588} INFO - Filling up the DagBag from /home/noelsdavid/airflow_venv/lib/python3.12/site-packages/airflow/example_dags/example_task_group.py
[2026-05-18T06:05:47.753+0000] {processor.py:925} INFO - DAG(s) 'example_task_group' retrieved from /home/noelsdavid/airflow_venv/lib/python3.12/site-packages/airflow/example_dags/example_task_group.py
[2026-05-18T06:05:47.771+0000] {logging_mixin.py:190} INFO - [2026-05-18T06:05:47.771+0000] {dag.py:3239} INFO - Sync 1 DAGs
[2026-05-18T06:05:47.784+0000] {logging_mixin.py:190} INFO - [2026-05-18T06:05:47.784+0000] {dag.py:4180} INFO - Setting next_dagrun for example_task_group to None, run_after=None
[2026-05-18T06:05:47.814+0000] {processor.py:208} INFO - Processing /home/noelsdavid/airflow_venv/lib/python3.12/site-packages/airflow/example_dags/example_task_group.py took 0.284 seconds
[2026-05-18T06:06:49.173+0000] {processor.py:186} INFO - Started process (PID=7295) to work on /home/noelsdavid/airflow_venv/lib/python3.12/site-packages/airflow/example_dags/example_task_group.py
[2026-05-18T06:06:49.177+0000] {processor.py:914} INFO - Processing file /home/noelsdavid/airflow_venv/lib/python3.12/site-packages/airflow/example_dags/example_task_group.py for tasks to queue
[2026-05-18T06:06:49.182+0000] {logging_mixin.py:190} INFO - [2026-05-18T06:06:49.181+0000] {dagbag.py:588} INFO - Filling up the DagBag from /home/noelsdavid/airflow_venv/lib/python3.12/site-packages/airflow/example_dags/example_task_group.py
[2026-05-18T06:06:49.200+0000] {processor.py:925} INFO - DAG(s) 'example_task_group' retrieved from /home/noelsdavid/airflow_venv/lib/python3.12/site-packages/airflow/example_dags/example_task_group.py
[2026-05-18T06:06:49.230+0000] {logging_mixin.py:190} INFO - [2026-05-18T06:06:49.229+0000] {dag.py:3239} INFO - Sync 1 DAGs
[2026-05-18T06:06:49.253+0000] {logging_mixin.py:190} INFO - [2026-05-18T06:06:49.253+0000] {dag.py:4180} INFO - Setting next_dagrun for example_task_group to None, run_after=None
[2026-05-18T06:06:49.289+0000] {processor.py:208} INFO - Processing /home/noelsdavid/airflow_venv/lib/python3.12/site-packages/airflow/example_dags/example_task_group.py took 0.126 seconds
[2026-05-18T06:07:45.725+0000] {processor.py:186} INFO - Started process (PID=7353) to work on /home/noelsdavid/airflow_venv/lib/python3.12/site-packages/airflow/example_dags/example_task_group.py
[2026-05-18T06:07:45.738+0000] {processor.py:914} INFO - Processing file /home/noelsdavid/airflow_venv/lib/python3.12/site-packages/airflow/example_dags/example_task_group.py for tasks to queue
[2026-05-18T06:07:45.743+0000] {logging_mixin.py:190} INFO - [2026-05-18T06:07:45.741+0000] {dagbag.py:588} INFO - Filling up the DagBag from /home/noelsdavid/airflow_venv/lib/python3.12/site-packages/airflow/example_dags/example_task_group.py
[2026-05-18T06:07:45.760+0000] {processor.py:925} INFO - DAG(s) 'example_task_group' retrieved from /home/noelsdavid/airflow_venv/lib/python3.12/site-packages/airflow/example_dags/example_task_group.py
[2026-05-18T06:07:45.788+0000] {logging_mixin.py:190} INFO - [2026-05-18T06:07:45.788+0000] {dag.py:3239} INFO - Sync 1 DAGs
[2026-05-18T06:07:45.811+0000] {logging_mixin.py:190} INFO - [2026-05-18T06:07:45.811+0000] {dag.py:4180} INFO - Setting next_dagrun for example_task_group to None, run_after=None
[2026-05-18T06:07:45.848+0000] {processor.py:208} INFO - Processing /home/noelsdavid/airflow_venv/lib/python3.12/site-packages/airflow/example_dags/example_task_group.py took 0.131 seconds
[2026-05-18T06:08:53.346+0000] {processor.py:186} INFO - Started process (PID=7416) to work on /home/noelsdavid/airflow_venv/lib/python3.12/site-packages/airflow/example_dags/example_task_group.py
[2026-05-18T06:08:53.348+0000] {processor.py:914} INFO - Processing file /home/noelsdavid/airflow_venv/lib/python3.12/site-packages/airflow/example_dags/example_task_group.py for tasks to queue
[2026-05-18T06:08:53.352+0000] {logging_mixin.py:190} INFO - [2026-05-18T06:08:53.352+0000] {dagbag.py:588} INFO - Filling up the DagBag from /home/noelsdavid/airflow_venv/lib/python3.12/site-packages/airflow/example_dags/example_task_group.py
[2026-05-18T06:08:53.365+0000] {processor.py:925} INFO - DAG(s) 'example_task_group' retrieved from /home/noelsdavid/airflow_venv/lib/python3.12/site-packages/airflow/example_dags/example_task_group.py
[2026-05-18T06:08:53.390+0000] {logging_mixin.py:190} INFO - [2026-05-18T06:08:53.389+0000] {dag.py:3239} INFO - Sync 1 DAGs
[2026-05-18T06:08:53.408+0000] {logging_mixin.py:190} INFO - [2026-05-18T06:08:53.408+0000] {dag.py:4180} INFO - Setting next_dagrun for example_task_group to None, run_after=None
[2026-05-18T06:08:53.440+0000] {processor.py:208} INFO - Processing /home/noelsdavid/airflow_venv/lib/python3.12/site-packages/airflow/example_dags/example_task_group.py took 0.102 seconds
[2026-05-18T06:09:55.893+0000] {processor.py:186} INFO - Started process (PID=7475) to work on /home/noelsdavid/airflow_venv/lib/python3.12/site-packages/airflow/example_dags/example_task_group.py
[2026-05-18T06:09:55.895+0000] {processor.py:914} INFO - Processing file /home/noelsdavid/airflow_venv/lib/python3.12/site-packages/airflow/example_dags/example_task_group.py for tasks to queue
[2026-05-18T06:09:55.900+0000] {logging_mixin.py:190} INFO - [2026-05-18T06:09:55.899+0000] {dagbag.py:588} INFO - Filling up the DagBag from /home/noelsdavid/airflow_venv/lib/python3.12/site-packages/airflow/example_dags/example_task_group.py
[2026-05-18T06:09:55.913+0000] {processor.py:925} INFO - DAG(s) 'example_task_group' retrieved from /home/noelsdavid/airflow_venv/lib/python3.12/site-packages/airflow/example_dags/example_task_group.py
[2026-05-18T06:09:55.936+0000] {logging_mixin.py:190} INFO - [2026-05-18T06:09:55.936+0000] {dag.py:3239} INFO - Sync 1 DAGs
[2026-05-18T06:09:55.953+0000] {logging_mixin.py:190} INFO - [2026-05-18T06:09:55.952+0000] {dag.py:4180} INFO - Setting next_dagrun for example_task_group to None, run_after=None
[2026-05-18T06:09:55.984+0000] {processor.py:208} INFO - Processing /home/noelsdavid/airflow_venv/lib/python3.12/site-packages/airflow/example_dags/example_task_group.py took 0.099 seconds
[2026-05-18T06:10:55.231+0000] {processor.py:186} INFO - Started process (PID=7558) to work on /home/noelsdavid/airflow_venv/lib/python3.12/site-packages/airflow/example_dags/example_task_group.py
[2026-05-18T06:10:55.233+0000] {processor.py:914} INFO - Processing file /home/noelsdavid/airflow_venv/lib/python3.12/site-packages/airflow/example_dags/example_task_group.py for tasks to queue
[2026-05-18T06:10:55.236+0000] {logging_mixin.py:190} INFO - [2026-05-18T06:10:55.236+0000] {dagbag.py:588} INFO - Filling up the DagBag from /home/noelsdavid/airflow_venv/lib/python3.12/site-packages/airflow/example_dags/example_task_group.py
[2026-05-18T06:10:55.251+0000] {processor.py:925} INFO - DAG(s) 'example_task_group' retrieved from /home/noelsdavid/airflow_venv/lib/python3.12/site-packages/airflow/example_dags/example_task_group.py
[2026-05-18T06:10:55.275+0000] {logging_mixin.py:190} INFO - [2026-05-18T06:10:55.274+0000] {dag.py:3239} INFO - Sync 1 DAGs
[2026-05-18T06:10:55.291+0000] {logging_mixin.py:190} INFO - [2026-05-18T06:10:55.291+0000] {dag.py:4180} INFO - Setting next_dagrun for example_task_group to None, run_after=None
[2026-05-18T06:10:55.322+0000] {processor.py:208} INFO - Processing /home/noelsdavid/airflow_venv/lib/python3.12/site-packages/airflow/example_dags/example_task_group.py took 0.099 seconds
[2026-05-18T06:11:55.031+0000] {processor.py:186} INFO - Started process (PID=7618) to work on /home/noelsdavid/airflow_venv/lib/python3.12/site-packages/airflow/example_dags/example_task_group.py
[2026-05-18T06:11:55.033+0000] {processor.py:914} INFO - Processing file /home/noelsdavid/airflow_venv/lib/python3.12/site-packages/airflow/example_dags/example_task_group.py for tasks to queue
[2026-05-18T06:11:55.036+0000] {logging_mixin.py:190} INFO - [2026-05-18T06:11:55.036+0000] {dagbag.py:588} INFO - Filling up the DagBag from /home/noelsdavid/airflow_venv/lib/python3.12/site-packages/airflow/example_dags/example_task_group.py
[2026-05-18T06:11:55.050+0000] {processor.py:925} INFO - DAG(s) 'example_task_group' retrieved from /home/noelsdavid/airflow_venv/lib/python3.12/site-packages/airflow/example_dags/example_task_group.py
[2026-05-18T06:11:55.073+0000] {logging_mixin.py:190} INFO - [2026-05-18T06:11:55.073+0000] {dag.py:3239} INFO - Sync 1 DAGs
[2026-05-18T06:11:55.091+0000] {logging_mixin.py:190} INFO - [2026-05-18T06:11:55.090+0000] {dag.py:4180} INFO - Setting next_dagrun for example_task_group to None, run_after=None
[2026-05-18T06:11:55.121+0000] {processor.py:208} INFO - Processing /home/noelsdavid/airflow_venv/lib/python3.12/site-packages/airflow/example_dags/example_task_group.py took 0.098 seconds
[2026-05-18T06:12:53.720+0000] {processor.py:186} INFO - Started process (PID=7676) to work on /home/noelsdavid/airflow_venv/lib/python3.12/site-packages/airflow/example_dags/example_task_group.py
[2026-05-18T06:12:53.723+0000] {processor.py:914} INFO - Processing file /home/noelsdavid/airflow_venv/lib/python3.12/site-packages/airflow/example_dags/example_task_group.py for tasks to queue
[2026-05-18T06:12:53.726+0000] {logging_mixin.py:190} INFO - [2026-05-18T06:12:53.726+0000] {dagbag.py:588} INFO - Filling up the DagBag from /home/noelsdavid/airflow_venv/lib/python3.12/site-packages/airflow/example_dags/example_task_group.py
[2026-05-18T06:12:53.742+0000] {processor.py:925} INFO - DAG(s) 'example_task_group' retrieved from /home/noelsdavid/airflow_venv/lib/python3.12/site-packages/airflow/example_dags/example_task_group.py
[2026-05-18T06:12:53.766+0000] {logging_mixin.py:190} INFO - [2026-05-18T06:12:53.765+0000] {dag.py:3239} INFO - Sync 1 DAGs
[2026-05-18T06:12:53.784+0000] {logging_mixin.py:190} INFO - [2026-05-18T06:12:53.784+0000] {dag.py:4180} INFO - Setting next_dagrun for example_task_group to None, run_after=None
[2026-05-18T06:12:53.815+0000] {processor.py:208} INFO - Processing /home/noelsdavid/airflow_venv/lib/python3.12/site-packages/airflow/example_dags/example_task_group.py took 0.104 seconds
[2026-05-18T06:13:58.635+0000] {processor.py:186} INFO - Started process (PID=7736) to work on /home/noelsdavid/airflow_venv/lib/python3.12/site-packages/airflow/example_dags/example_task_group.py
[2026-05-18T06:13:58.638+0000] {processor.py:914} INFO - Processing file /home/noelsdavid/airflow_venv/lib/python3.12/site-packages/airflow/example_dags/example_task_group.py for tasks to queue
[2026-05-18T06:13:58.641+0000] {logging_mixin.py:190} INFO - [2026-05-18T06:13:58.641+0000] {dagbag.py:588} INFO - Filling up the DagBag from /home/noelsdavid/airflow_venv/lib/python3.12/site-packages/airflow/example_dags/example_task_group.py
[2026-05-18T06:13:58.655+0000] {processor.py:925} INFO - DAG(s) 'example_task_group' retrieved from /home/noelsdavid/airflow_venv/lib/python3.12/site-packages/airflow/example_dags/example_task_group.py
[2026-05-18T06:13:58.678+0000] {logging_mixin.py:190} INFO - [2026-05-18T06:13:58.678+0000] {dag.py:3239} INFO - Sync 1 DAGs
[2026-05-18T06:13:58.696+0000] {logging_mixin.py:190} INFO - [2026-05-18T06:13:58.695+0000] {dag.py:4180} INFO - Setting next_dagrun for example_task_group to None, run_after=None
[2026-05-18T06:13:58.728+0000] {processor.py:208} INFO - Processing /home/noelsdavid/airflow_venv/lib/python3.12/site-packages/airflow/example_dags/example_task_group.py took 0.101 seconds
[2026-05-18T06:14:58.308+0000] {processor.py:186} INFO - Started process (PID=7795) to work on /home/noelsdavid/airflow_venv/lib/python3.12/site-packages/airflow/example_dags/example_task_group.py
[2026-05-18T06:14:58.311+0000] {processor.py:914} INFO - Processing file /home/noelsdavid/airflow_venv/lib/python3.12/site-packages/airflow/example_dags/example_task_group.py for tasks to queue
[2026-05-18T06:14:58.314+0000] {logging_mixin.py:190} INFO - [2026-05-18T06:14:58.314+0000] {dagbag.py:588} INFO - Filling up the DagBag from /home/noelsdavid/airflow_venv/lib/python3.12/site-packages/airflow/example_dags/example_task_group.py
[2026-05-18T06:14:58.329+0000] {processor.py:925} INFO - DAG(s) 'example_task_group' retrieved from /home/noelsdavid/airflow_venv/lib/python3.12/site-packages/airflow/example_dags/example_task_group.py
[2026-05-18T06:14:58.353+0000] {logging_mixin.py:190} INFO - [2026-05-18T06:14:58.353+0000] {dag.py:3239} INFO - Sync 1 DAGs
[2026-05-18T06:14:58.370+0000] {logging_mixin.py:190} INFO - [2026-05-18T06:14:58.370+0000] {dag.py:4180} INFO - Setting next_dagrun for example_task_group to None, run_after=None
[2026-05-18T06:14:58.400+0000] {processor.py:208} INFO - Processing /home/noelsdavid/airflow_venv/lib/python3.12/site-packages/airflow/example_dags/example_task_group.py took 0.100 seconds
[2026-05-18T06:16:03.319+0000] {processor.py:186} INFO - Started process (PID=8024) to work on /home/noelsdavid/airflow_venv/lib/python3.12/site-packages/airflow/example_dags/example_task_group.py
[2026-05-18T06:16:03.321+0000] {processor.py:914} INFO - Processing file /home/noelsdavid/airflow_venv/lib/python3.12/site-packages/airflow/example_dags/example_task_group.py for tasks to queue
[2026-05-18T06:16:03.324+0000] {logging_mixin.py:190} INFO - [2026-05-18T06:16:03.324+0000] {dagbag.py:588} INFO - Filling up the DagBag from /home/noelsdavid/airflow_venv/lib/python3.12/site-packages/airflow/example_dags/example_task_group.py
[2026-05-18T06:16:03.339+0000] {processor.py:925} INFO - DAG(s) 'example_task_group' retrieved from /home/noelsdavid/airflow_venv/lib/python3.12/site-packages/airflow/example_dags/example_task_group.py
[2026-05-18T06:16:03.362+0000] {logging_mixin.py:190} INFO - [2026-05-18T06:16:03.362+0000] {dag.py:3239} INFO - Sync 1 DAGs
[2026-05-18T06:16:03.379+0000] {logging_mixin.py:190} INFO - [2026-05-18T06:16:03.378+0000] {dag.py:4180} INFO - Setting next_dagrun for example_task_group to None, run_after=None
[2026-05-18T06:16:03.411+0000] {processor.py:208} INFO - Processing /home/noelsdavid/airflow_venv/lib/python3.12/site-packages/airflow/example_dags/example_task_group.py took 0.101 seconds
[2026-05-18T06:17:05.888+0000] {processor.py:186} INFO - Started process (PID=8186) to work on /home/noelsdavid/airflow_venv/lib/python3.12/site-packages/airflow/example_dags/example_task_group.py
[2026-05-18T06:17:05.908+0000] {processor.py:914} INFO - Processing file /home/noelsdavid/airflow_venv/lib/python3.12/site-packages/airflow/example_dags/example_task_group.py for tasks to queue
[2026-05-18T06:17:05.912+0000] {logging_mixin.py:190} INFO - [2026-05-18T06:17:05.911+0000] {dagbag.py:588} INFO - Filling up the DagBag from /home/noelsdavid/airflow_venv/lib/python3.12/site-packages/airflow/example_dags/example_task_group.py
[2026-05-18T06:17:05.926+0000] {processor.py:925} INFO - DAG(s) 'example_task_group' retrieved from /home/noelsdavid/airflow_venv/lib/python3.12/site-packages/airflow/example_dags/example_task_group.py
[2026-05-18T06:17:05.950+0000] {logging_mixin.py:190} INFO - [2026-05-18T06:17:05.949+0000] {dag.py:3239} INFO - Sync 1 DAGs
[2026-05-18T06:17:05.966+0000] {logging_mixin.py:190} INFO - [2026-05-18T06:17:05.965+0000] {dag.py:4180} INFO - Setting next_dagrun for example_task_group to None, run_after=None
[2026-05-18T06:17:05.997+0000] {processor.py:208} INFO - Processing /home/noelsdavid/airflow_venv/lib/python3.12/site-packages/airflow/example_dags/example_task_group.py took 0.117 seconds
[2026-05-18T06:18:09.470+0000] {processor.py:186} INFO - Started process (PID=8425) to work on /home/noelsdavid/airflow_venv/lib/python3.12/site-packages/airflow/example_dags/example_task_group.py
[2026-05-18T06:18:09.472+0000] {processor.py:914} INFO - Processing file /home/noelsdavid/airflow_venv/lib/python3.12/site-packages/airflow/example_dags/example_task_group.py for tasks to queue
[2026-05-18T06:18:09.476+0000] {logging_mixin.py:190} INFO - [2026-05-18T06:18:09.475+0000] {dagbag.py:588} INFO - Filling up the DagBag from /home/noelsdavid/airflow_venv/lib/python3.12/site-packages/airflow/example_dags/example_task_group.py
[2026-05-18T06:18:09.490+0000] {processor.py:925} INFO - DAG(s) 'example_task_group' retrieved from /home/noelsdavid/airflow_venv/lib/python3.12/site-packages/airflow/example_dags/example_task_group.py
[2026-05-18T06:18:09.514+0000] {logging_mixin.py:190} INFO - [2026-05-18T06:18:09.514+0000] {dag.py:3239} INFO - Sync 1 DAGs
[2026-05-18T06:18:09.531+0000] {logging_mixin.py:190} INFO - [2026-05-18T06:18:09.531+0000] {dag.py:4180} INFO - Setting next_dagrun for example_task_group to None, run_after=None
[2026-05-18T06:18:09.564+0000] {processor.py:208} INFO - Processing /home/noelsdavid/airflow_venv/lib/python3.12/site-packages/airflow/example_dags/example_task_group.py took 0.102 seconds
[2026-05-18T06:19:06.815+0000] {processor.py:186} INFO - Started process (PID=8509) to work on /home/noelsdavid/airflow_venv/lib/python3.12/site-packages/airflow/example_dags/example_task_group.py
[2026-05-18T06:19:06.818+0000] {processor.py:914} INFO - Processing file /home/noelsdavid/airflow_venv/lib/python3.12/site-packages/airflow/example_dags/example_task_group.py for tasks to queue
[2026-05-18T06:19:06.821+0000] {logging_mixin.py:190} INFO - [2026-05-18T06:19:06.821+0000] {dagbag.py:588} INFO - Filling up the DagBag from /home/noelsdavid/airflow_venv/lib/python3.12/site-packages/airflow/example_dags/example_task_group.py
[2026-05-18T06:19:06.835+0000] {processor.py:925} INFO - DAG(s) 'example_task_group' retrieved from /home/noelsdavid/airflow_venv/lib/python3.12/site-packages/airflow/example_dags/example_task_group.py
[2026-05-18T06:19:06.858+0000] {logging_mixin.py:190} INFO - [2026-05-18T06:19:06.857+0000] {dag.py:3239} INFO - Sync 1 DAGs
[2026-05-18T06:19:06.874+0000] {logging_mixin.py:190} INFO - [2026-05-18T06:19:06.874+0000] {dag.py:4180} INFO - Setting next_dagrun for example_task_group to None, run_after=None
[2026-05-18T06:19:06.905+0000] {processor.py:208} INFO - Processing /home/noelsdavid/airflow_venv/lib/python3.12/site-packages/airflow/example_dags/example_task_group.py took 0.098 seconds
[2026-05-18T06:20:09.128+0000] {processor.py:186} INFO - Started process (PID=8570) to work on /home/noelsdavid/airflow_venv/lib/python3.12/site-packages/airflow/example_dags/example_task_group.py
[2026-05-18T06:20:09.130+0000] {processor.py:914} INFO - Processing file /home/noelsdavid/airflow_venv/lib/python3.12/site-packages/airflow/example_dags/example_task_group.py for tasks to queue
[2026-05-18T06:20:09.134+0000] {logging_mixin.py:190} INFO - [2026-05-18T06:20:09.134+0000] {dagbag.py:588} INFO - Filling up the DagBag from /home/noelsdavid/airflow_venv/lib/python3.12/site-packages/airflow/example_dags/example_task_group.py
[2026-05-18T06:20:09.148+0000] {processor.py:925} INFO - DAG(s) 'example_task_group' retrieved from /home/noelsdavid/airflow_venv/lib/python3.12/site-packages/airflow/example_dags/example_task_group.py
[2026-05-18T06:20:09.171+0000] {logging_mixin.py:190} INFO - [2026-05-18T06:20:09.171+0000] {dag.py:3239} INFO - Sync 1 DAGs
[2026-05-18T06:20:09.190+0000] {logging_mixin.py:190} INFO - [2026-05-18T06:20:09.189+0000] {dag.py:4180} INFO - Setting next_dagrun for example_task_group to None, run_after=None
[2026-05-18T06:20:09.223+0000] {processor.py:208} INFO - Processing /home/noelsdavid/airflow_venv/lib/python3.12/site-packages/airflow/example_dags/example_task_group.py took 0.103 seconds
[2026-05-18T06:21:11.616+0000] {processor.py:186} INFO - Started process (PID=8657) to work on /home/noelsdavid/airflow_venv/lib/python3.12/site-packages/airflow/example_dags/example_task_group.py
[2026-05-18T06:21:11.658+0000] {processor.py:914} INFO - Processing file /home/noelsdavid/airflow_venv/lib/python3.12/site-packages/airflow/example_dags/example_task_group.py for tasks to queue
[2026-05-18T06:21:11.661+0000] {logging_mixin.py:190} INFO - [2026-05-18T06:21:11.660+0000] {dagbag.py:588} INFO - Filling up the DagBag from /home/noelsdavid/airflow_venv/lib/python3.12/site-packages/airflow/example_dags/example_task_group.py
[2026-05-18T06:21:11.686+0000] {processor.py:925} INFO - DAG(s) 'example_task_group' retrieved from /home/noelsdavid/airflow_venv/lib/python3.12/site-packages/airflow/example_dags/example_task_group.py
[2026-05-18T06:21:11.728+0000] {logging_mixin.py:190} INFO - [2026-05-18T06:21:11.727+0000] {dag.py:3239} INFO - Sync 1 DAGs
[2026-05-18T06:21:11.754+0000] {logging_mixin.py:190} INFO - [2026-05-18T06:21:11.754+0000] {dag.py:4180} INFO - Setting next_dagrun for example_task_group to None, run_after=None
[2026-05-18T06:21:11.788+0000] {processor.py:208} INFO - Processing /home/noelsdavid/airflow_venv/lib/python3.12/site-packages/airflow/example_dags/example_task_group.py took 0.179 seconds
[2026-05-18T06:22:16.647+0000] {processor.py:186} INFO - Started process (PID=8721) to work on /home/noelsdavid/airflow_venv/lib/python3.12/site-packages/airflow/example_dags/example_task_group.py
[2026-05-18T06:22:16.665+0000] {processor.py:914} INFO - Processing file /home/noelsdavid/airflow_venv/lib/python3.12/site-packages/airflow/example_dags/example_task_group.py for tasks to queue
[2026-05-18T06:22:16.667+0000] {logging_mixin.py:190} INFO - [2026-05-18T06:22:16.667+0000] {dagbag.py:588} INFO - Filling up the DagBag from /home/noelsdavid/airflow_venv/lib/python3.12/site-packages/airflow/example_dags/example_task_group.py
[2026-05-18T06:22:16.681+0000] {processor.py:925} INFO - DAG(s) 'example_task_group' retrieved from /home/noelsdavid/airflow_venv/lib/python3.12/site-packages/airflow/example_dags/example_task_group.py
[2026-05-18T06:22:16.705+0000] {logging_mixin.py:190} INFO - [2026-05-18T06:22:16.705+0000] {dag.py:3239} INFO - Sync 1 DAGs
[2026-05-18T06:22:16.722+0000] {logging_mixin.py:190} INFO - [2026-05-18T06:22:16.721+0000] {dag.py:4180} INFO - Setting next_dagrun for example_task_group to None, run_after=None
[2026-05-18T06:22:16.752+0000] {processor.py:208} INFO - Processing /home/noelsdavid/airflow_venv/lib/python3.12/site-packages/airflow/example_dags/example_task_group.py took 0.114 seconds
[2026-05-18T06:23:18.735+0000] {processor.py:186} INFO - Started process (PID=8782) to work on /home/noelsdavid/airflow_venv/lib/python3.12/site-packages/airflow/example_dags/example_task_group.py
[2026-05-18T06:23:18.738+0000] {processor.py:914} INFO - Processing file /home/noelsdavid/airflow_venv/lib/python3.12/site-packages/airflow/example_dags/example_task_group.py for tasks to queue
[2026-05-18T06:23:18.740+0000] {logging_mixin.py:190} INFO - [2026-05-18T06:23:18.739+0000] {dagbag.py:588} INFO - Filling up the DagBag from /home/noelsdavid/airflow_venv/lib/python3.12/site-packages/airflow/example_dags/example_task_group.py
[2026-05-18T06:23:18.754+0000] {processor.py:925} INFO - DAG(s) 'example_task_group' retrieved from /home/noelsdavid/airflow_venv/lib/python3.12/site-packages/airflow/example_dags/example_task_group.py
[2026-05-18T06:23:18.779+0000] {logging_mixin.py:190} INFO - [2026-05-18T06:23:18.779+0000] {dag.py:3239} INFO - Sync 1 DAGs
[2026-05-18T06:23:18.798+0000] {logging_mixin.py:190} INFO - [2026-05-18T06:23:18.797+0000] {dag.py:4180} INFO - Setting next_dagrun for example_task_group to None, run_after=None
[2026-05-18T06:23:18.829+0000] {processor.py:208} INFO - Processing /home/noelsdavid/airflow_venv/lib/python3.12/site-packages/airflow/example_dags/example_task_group.py took 0.103 seconds
[2026-05-18T06:24:26.003+0000] {processor.py:186} INFO - Started process (PID=8843) to work on /home/noelsdavid/airflow_venv/lib/python3.12/site-packages/airflow/example_dags/example_task_group.py
[2026-05-18T06:24:26.030+0000] {processor.py:914} INFO - Processing file /home/noelsdavid/airflow_venv/lib/python3.12/site-packages/airflow/example_dags/example_task_group.py for tasks to queue
[2026-05-18T06:24:26.033+0000] {logging_mixin.py:190} INFO - [2026-05-18T06:24:26.032+0000] {dagbag.py:588} INFO - Filling up the DagBag from /home/noelsdavid/airflow_venv/lib/python3.12/site-packages/airflow/example_dags/example_task_group.py
[2026-05-18T06:24:26.046+0000] {processor.py:925} INFO - DAG(s) 'example_task_group' retrieved from /home/noelsdavid/airflow_venv/lib/python3.12/site-packages/airflow/example_dags/example_task_group.py
[2026-05-18T06:24:26.070+0000] {logging_mixin.py:190} INFO - [2026-05-18T06:24:26.070+0000] {dag.py:3239} INFO - Sync 1 DAGs
[2026-05-18T06:24:26.088+0000] {logging_mixin.py:190} INFO - [2026-05-18T06:24:26.088+0000] {dag.py:4180} INFO - Setting next_dagrun for example_task_group to None, run_after=None
[2026-05-18T06:24:26.124+0000] {processor.py:208} INFO - Processing /home/noelsdavid/airflow_venv/lib/python3.12/site-packages/airflow/example_dags/example_task_group.py took 0.130 seconds
[2026-05-18T06:25:29.847+0000] {processor.py:186} INFO - Started process (PID=8930) to work on /home/noelsdavid/airflow_venv/lib/python3.12/site-packages/airflow/example_dags/example_task_group.py
[2026-05-18T06:25:29.850+0000] {processor.py:914} INFO - Processing file /home/noelsdavid/airflow_venv/lib/python3.12/site-packages/airflow/example_dags/example_task_group.py for tasks to queue
[2026-05-18T06:25:29.852+0000] {logging_mixin.py:190} INFO - [2026-05-18T06:25:29.851+0000] {dagbag.py:588} INFO - Filling up the DagBag from /home/noelsdavid/airflow_venv/lib/python3.12/site-packages/airflow/example_dags/example_task_group.py
[2026-05-18T06:25:29.867+0000] {processor.py:925} INFO - DAG(s) 'example_task_group' retrieved from /home/noelsdavid/airflow_venv/lib/python3.12/site-packages/airflow/example_dags/example_task_group.py
[2026-05-18T06:25:29.892+0000] {logging_mixin.py:190} INFO - [2026-05-18T06:25:29.892+0000] {dag.py:3239} INFO - Sync 1 DAGs
[2026-05-18T06:25:29.910+0000] {logging_mixin.py:190} INFO - [2026-05-18T06:25:29.909+0000] {dag.py:4180} INFO - Setting next_dagrun for example_task_group to None, run_after=None
[2026-05-18T06:25:29.942+0000] {processor.py:208} INFO - Processing /home/noelsdavid/airflow_venv/lib/python3.12/site-packages/airflow/example_dags/example_task_group.py took 0.103 seconds
[2026-05-18T06:26:33.476+0000] {processor.py:186} INFO - Started process (PID=9046) to work on /home/noelsdavid/airflow_venv/lib/python3.12/site-packages/airflow/example_dags/example_task_group.py
[2026-05-18T06:26:33.479+0000] {processor.py:914} INFO - Processing file /home/noelsdavid/airflow_venv/lib/python3.12/site-packages/airflow/example_dags/example_task_group.py for tasks to queue
[2026-05-18T06:26:33.481+0000] {logging_mixin.py:190} INFO - [2026-05-18T06:26:33.480+0000] {dagbag.py:588} INFO - Filling up the DagBag from /home/noelsdavid/airflow_venv/lib/python3.12/site-packages/airflow/example_dags/example_task_group.py
[2026-05-18T06:26:33.494+0000] {processor.py:925} INFO - DAG(s) 'example_task_group' retrieved from /home/noelsdavid/airflow_venv/lib/python3.12/site-packages/airflow/example_dags/example_task_group.py
[2026-05-18T06:26:33.518+0000] {logging_mixin.py:190} INFO - [2026-05-18T06:26:33.518+0000] {dag.py:3239} INFO - Sync 1 DAGs
[2026-05-18T06:26:33.536+0000] {logging_mixin.py:190} INFO - [2026-05-18T06:26:33.536+0000] {dag.py:4180} INFO - Setting next_dagrun for example_task_group to None, run_after=None
[2026-05-18T06:26:33.567+0000] {processor.py:208} INFO - Processing /home/noelsdavid/airflow_venv/lib/python3.12/site-packages/airflow/example_dags/example_task_group.py took 0.099 seconds
[2026-05-18T06:27:56.578+0000] {processor.py:186} INFO - Started process (PID=9607) to work on /home/noelsdavid/airflow_venv/lib/python3.12/site-packages/airflow/example_dags/example_task_group.py
[2026-05-18T06:27:56.581+0000] {processor.py:914} INFO - Processing file /home/noelsdavid/airflow_venv/lib/python3.12/site-packages/airflow/example_dags/example_task_group.py for tasks to queue
[2026-05-18T06:27:56.583+0000] {logging_mixin.py:190} INFO - [2026-05-18T06:27:56.582+0000] {dagbag.py:588} INFO - Filling up the DagBag from /home/noelsdavid/airflow_venv/lib/python3.12/site-packages/airflow/example_dags/example_task_group.py
[2026-05-18T06:27:56.597+0000] {processor.py:925} INFO - DAG(s) 'example_task_group' retrieved from /home/noelsdavid/airflow_venv/lib/python3.12/site-packages/airflow/example_dags/example_task_group.py
[2026-05-18T06:27:56.619+0000] {logging_mixin.py:190} INFO - [2026-05-18T06:27:56.619+0000] {dag.py:3239} INFO - Sync 1 DAGs
[2026-05-18T06:27:56.638+0000] {logging_mixin.py:190} INFO - [2026-05-18T06:27:56.637+0000] {dag.py:4180} INFO - Setting next_dagrun for example_task_group to None, run_after=None
[2026-05-18T06:27:56.666+0000] {processor.py:208} INFO - Processing /home/noelsdavid/airflow_venv/lib/python3.12/site-packages/airflow/example_dags/example_task_group.py took 0.096 seconds
[2026-05-18T06:29:02.583+0000] {processor.py:186} INFO - Started process (PID=9751) to work on /home/noelsdavid/airflow_venv/lib/python3.12/site-packages/airflow/example_dags/example_task_group.py
[2026-05-18T06:29:02.588+0000] {processor.py:914} INFO - Processing file /home/noelsdavid/airflow_venv/lib/python3.12/site-packages/airflow/example_dags/example_task_group.py for tasks to queue
[2026-05-18T06:29:02.591+0000] {logging_mixin.py:190} INFO - [2026-05-18T06:29:02.590+0000] {dagbag.py:588} INFO - Filling up the DagBag from /home/noelsdavid/airflow_venv/lib/python3.12/site-packages/airflow/example_dags/example_task_group.py
[2026-05-18T06:29:02.610+0000] {processor.py:925} INFO - DAG(s) 'example_task_group' retrieved from /home/noelsdavid/airflow_venv/lib/python3.12/site-packages/airflow/example_dags/example_task_group.py
[2026-05-18T06:29:02.637+0000] {logging_mixin.py:190} INFO - [2026-05-18T06:29:02.636+0000] {dag.py:3239} INFO - Sync 1 DAGs
[2026-05-18T06:29:02.658+0000] {logging_mixin.py:190} INFO - [2026-05-18T06:29:02.658+0000] {dag.py:4180} INFO - Setting next_dagrun for example_task_group to None, run_after=None
[2026-05-18T06:29:02.713+0000] {processor.py:208} INFO - Processing /home/noelsdavid/airflow_venv/lib/python3.12/site-packages/airflow/example_dags/example_task_group.py took 0.139 seconds
[2026-05-18T06:30:09.658+0000] {processor.py:186} INFO - Started process (PID=9816) to work on /home/noelsdavid/airflow_venv/lib/python3.12/site-packages/airflow/example_dags/example_task_group.py
[2026-05-18T06:30:09.660+0000] {processor.py:914} INFO - Processing file /home/noelsdavid/airflow_venv/lib/python3.12/site-packages/airflow/example_dags/example_task_group.py for tasks to queue
[2026-05-18T06:30:09.663+0000] {logging_mixin.py:190} INFO - [2026-05-18T06:30:09.662+0000] {dagbag.py:588} INFO - Filling up the DagBag from /home/noelsdavid/airflow_venv/lib/python3.12/site-packages/airflow/example_dags/example_task_group.py
[2026-05-18T06:30:09.678+0000] {processor.py:925} INFO - DAG(s) 'example_task_group' retrieved from /home/noelsdavid/airflow_venv/lib/python3.12/site-packages/airflow/example_dags/example_task_group.py
[2026-05-18T06:30:09.712+0000] {logging_mixin.py:190} INFO - [2026-05-18T06:30:09.712+0000] {dag.py:3239} INFO - Sync 1 DAGs
[2026-05-18T06:30:09.737+0000] {logging_mixin.py:190} INFO - [2026-05-18T06:30:09.737+0000] {dag.py:4180} INFO - Setting next_dagrun for example_task_group to None, run_after=None
[2026-05-18T06:30:09.777+0000] {processor.py:208} INFO - Processing /home/noelsdavid/airflow_venv/lib/python3.12/site-packages/airflow/example_dags/example_task_group.py took 0.129 seconds
[2026-05-18T06:31:16.199+0000] {processor.py:186} INFO - Started process (PID=9903) to work on /home/noelsdavid/airflow_venv/lib/python3.12/site-packages/airflow/example_dags/example_task_group.py
[2026-05-18T06:31:16.202+0000] {processor.py:914} INFO - Processing file /home/noelsdavid/airflow_venv/lib/python3.12/site-packages/airflow/example_dags/example_task_group.py for tasks to queue
[2026-05-18T06:31:16.204+0000] {logging_mixin.py:190} INFO - [2026-05-18T06:31:16.203+0000] {dagbag.py:588} INFO - Filling up the DagBag from /home/noelsdavid/airflow_venv/lib/python3.12/site-packages/airflow/example_dags/example_task_group.py
[2026-05-18T06:31:16.218+0000] {processor.py:925} INFO - DAG(s) 'example_task_group' retrieved from /home/noelsdavid/airflow_venv/lib/python3.12/site-packages/airflow/example_dags/example_task_group.py
[2026-05-18T06:31:16.244+0000] {logging_mixin.py:190} INFO - [2026-05-18T06:31:16.244+0000] {dag.py:3239} INFO - Sync 1 DAGs
[2026-05-18T06:31:16.262+0000] {logging_mixin.py:190} INFO - [2026-05-18T06:31:16.261+0000] {dag.py:4180} INFO - Setting next_dagrun for example_task_group to None, run_after=None
[2026-05-18T06:31:16.293+0000] {processor.py:208} INFO - Processing /home/noelsdavid/airflow_venv/lib/python3.12/site-packages/airflow/example_dags/example_task_group.py took 0.102 seconds
[2026-05-18T06:32:16.862+0000] {processor.py:186} INFO - Started process (PID=9962) to work on /home/noelsdavid/airflow_venv/lib/python3.12/site-packages/airflow/example_dags/example_task_group.py
[2026-05-18T06:32:16.864+0000] {processor.py:914} INFO - Processing file /home/noelsdavid/airflow_venv/lib/python3.12/site-packages/airflow/example_dags/example_task_group.py for tasks to queue
[2026-05-18T06:32:16.866+0000] {logging_mixin.py:190} INFO - [2026-05-18T06:32:16.866+0000] {dagbag.py:588} INFO - Filling up the DagBag from /home/noelsdavid/airflow_venv/lib/python3.12/site-packages/airflow/example_dags/example_task_group.py
[2026-05-18T06:32:16.880+0000] {processor.py:925} INFO - DAG(s) 'example_task_group' retrieved from /home/noelsdavid/airflow_venv/lib/python3.12/site-packages/airflow/example_dags/example_task_group.py
[2026-05-18T06:32:16.903+0000] {logging_mixin.py:190} INFO - [2026-05-18T06:32:16.902+0000] {dag.py:3239} INFO - Sync 1 DAGs
[2026-05-18T06:32:16.919+0000] {logging_mixin.py:190} INFO - [2026-05-18T06:32:16.919+0000] {dag.py:4180} INFO - Setting next_dagrun for example_task_group to None, run_after=None
[2026-05-18T06:32:16.947+0000] {processor.py:208} INFO - Processing /home/noelsdavid/airflow_venv/lib/python3.12/site-packages/airflow/example_dags/example_task_group.py took 0.093 seconds
[2026-05-18T06:33:15.230+0000] {processor.py:186} INFO - Started process (PID=10021) to work on /home/noelsdavid/airflow_venv/lib/python3.12/site-packages/airflow/example_dags/example_task_group.py
[2026-05-18T06:33:15.234+0000] {processor.py:914} INFO - Processing file /home/noelsdavid/airflow_venv/lib/python3.12/site-packages/airflow/example_dags/example_task_group.py for tasks to queue
[2026-05-18T06:33:15.238+0000] {logging_mixin.py:190} INFO - [2026-05-18T06:33:15.237+0000] {dagbag.py:588} INFO - Filling up the DagBag from /home/noelsdavid/airflow_venv/lib/python3.12/site-packages/airflow/example_dags/example_task_group.py
[2026-05-18T06:33:15.273+0000] {processor.py:925} INFO - DAG(s) 'example_task_group' retrieved from /home/noelsdavid/airflow_venv/lib/python3.12/site-packages/airflow/example_dags/example_task_group.py
[2026-05-18T06:33:15.331+0000] {logging_mixin.py:190} INFO - [2026-05-18T06:33:15.331+0000] {dag.py:3239} INFO - Sync 1 DAGs
[2026-05-18T06:33:15.361+0000] {logging_mixin.py:190} INFO - [2026-05-18T06:33:15.361+0000] {dag.py:4180} INFO - Setting next_dagrun for example_task_group to None, run_after=None
[2026-05-18T06:33:15.401+0000] {processor.py:208} INFO - Processing /home/noelsdavid/airflow_venv/lib/python3.12/site-packages/airflow/example_dags/example_task_group.py took 0.193 seconds
[2026-05-18T06:34:23.068+0000] {processor.py:186} INFO - Started process (PID=10156) to work on /home/noelsdavid/airflow_venv/lib/python3.12/site-packages/airflow/example_dags/example_task_group.py
[2026-05-18T06:34:23.071+0000] {processor.py:914} INFO - Processing file /home/noelsdavid/airflow_venv/lib/python3.12/site-packages/airflow/example_dags/example_task_group.py for tasks to queue
[2026-05-18T06:34:23.073+0000] {logging_mixin.py:190} INFO - [2026-05-18T06:34:23.072+0000] {dagbag.py:588} INFO - Filling up the DagBag from /home/noelsdavid/airflow_venv/lib/python3.12/site-packages/airflow/example_dags/example_task_group.py
[2026-05-18T06:34:23.087+0000] {processor.py:925} INFO - DAG(s) 'example_task_group' retrieved from /home/noelsdavid/airflow_venv/lib/python3.12/site-packages/airflow/example_dags/example_task_group.py
[2026-05-18T06:34:23.112+0000] {logging_mixin.py:190} INFO - [2026-05-18T06:34:23.111+0000] {dag.py:3239} INFO - Sync 1 DAGs
[2026-05-18T06:34:23.128+0000] {logging_mixin.py:190} INFO - [2026-05-18T06:34:23.128+0000] {dag.py:4180} INFO - Setting next_dagrun for example_task_group to None, run_after=None
[2026-05-18T06:34:23.159+0000] {processor.py:208} INFO - Processing /home/noelsdavid/airflow_venv/lib/python3.12/site-packages/airflow/example_dags/example_task_group.py took 0.098 seconds
[2026-05-18T06:35:27.575+0000] {processor.py:186} INFO - Started process (PID=10364) to work on /home/noelsdavid/airflow_venv/lib/python3.12/site-packages/airflow/example_dags/example_task_group.py
[2026-05-18T06:35:27.596+0000] {processor.py:914} INFO - Processing file /home/noelsdavid/airflow_venv/lib/python3.12/site-packages/airflow/example_dags/example_task_group.py for tasks to queue
[2026-05-18T06:35:27.598+0000] {logging_mixin.py:190} INFO - [2026-05-18T06:35:27.598+0000] {dagbag.py:588} INFO - Filling up the DagBag from /home/noelsdavid/airflow_venv/lib/python3.12/site-packages/airflow/example_dags/example_task_group.py
[2026-05-18T06:35:27.612+0000] {processor.py:925} INFO - DAG(s) 'example_task_group' retrieved from /home/noelsdavid/airflow_venv/lib/python3.12/site-packages/airflow/example_dags/example_task_group.py
[2026-05-18T06:35:27.637+0000] {logging_mixin.py:190} INFO - [2026-05-18T06:35:27.637+0000] {dag.py:3239} INFO - Sync 1 DAGs
[2026-05-18T06:35:27.655+0000] {logging_mixin.py:190} INFO - [2026-05-18T06:35:27.654+0000] {dag.py:4180} INFO - Setting next_dagrun for example_task_group to None, run_after=None
[2026-05-18T06:35:27.686+0000] {processor.py:208} INFO - Processing /home/noelsdavid/airflow_venv/lib/python3.12/site-packages/airflow/example_dags/example_task_group.py took 0.119 seconds
[2026-05-18T06:36:29.920+0000] {processor.py:186} INFO - Started process (PID=10524) to work on /home/noelsdavid/airflow_venv/lib/python3.12/site-packages/airflow/example_dags/example_task_group.py
[2026-05-18T06:36:29.922+0000] {processor.py:914} INFO - Processing file /home/noelsdavid/airflow_venv/lib/python3.12/site-packages/airflow/example_dags/example_task_group.py for tasks to queue
[2026-05-18T06:36:29.924+0000] {logging_mixin.py:190} INFO - [2026-05-18T06:36:29.924+0000] {dagbag.py:588} INFO - Filling up the DagBag from /home/noelsdavid/airflow_venv/lib/python3.12/site-packages/airflow/example_dags/example_task_group.py
[2026-05-18T06:36:29.937+0000] {processor.py:925} INFO - DAG(s) 'example_task_group' retrieved from /home/noelsdavid/airflow_venv/lib/python3.12/site-packages/airflow/example_dags/example_task_group.py
[2026-05-18T06:36:29.960+0000] {logging_mixin.py:190} INFO - [2026-05-18T06:36:29.960+0000] {dag.py:3239} INFO - Sync 1 DAGs
[2026-05-18T06:36:29.977+0000] {logging_mixin.py:190} INFO - [2026-05-18T06:36:29.977+0000] {dag.py:4180} INFO - Setting next_dagrun for example_task_group to None, run_after=None
[2026-05-18T06:36:30.009+0000] {processor.py:208} INFO - Processing /home/noelsdavid/airflow_venv/lib/python3.12/site-packages/airflow/example_dags/example_task_group.py took 0.098 seconds
[2026-05-18T06:37:33.781+0000] {processor.py:186} INFO - Started process (PID=10900) to work on /home/noelsdavid/airflow_venv/lib/python3.12/site-packages/airflow/example_dags/example_task_group.py
[2026-05-18T06:37:33.783+0000] {processor.py:914} INFO - Processing file /home/noelsdavid/airflow_venv/lib/python3.12/site-packages/airflow/example_dags/example_task_group.py for tasks to queue
[2026-05-18T06:37:33.785+0000] {logging_mixin.py:190} INFO - [2026-05-18T06:37:33.784+0000] {dagbag.py:588} INFO - Filling up the DagBag from /home/noelsdavid/airflow_venv/lib/python3.12/site-packages/airflow/example_dags/example_task_group.py
[2026-05-18T06:37:33.797+0000] {processor.py:925} INFO - DAG(s) 'example_task_group' retrieved from /home/noelsdavid/airflow_venv/lib/python3.12/site-packages/airflow/example_dags/example_task_group.py
[2026-05-18T06:37:33.821+0000] {logging_mixin.py:190} INFO - [2026-05-18T06:37:33.821+0000] {dag.py:3239} INFO - Sync 1 DAGs
[2026-05-18T06:37:33.839+0000] {logging_mixin.py:190} INFO - [2026-05-18T06:37:33.838+0000] {dag.py:4180} INFO - Setting next_dagrun for example_task_group to None, run_after=None
[2026-05-18T06:37:33.869+0000] {processor.py:208} INFO - Processing /home/noelsdavid/airflow_venv/lib/python3.12/site-packages/airflow/example_dags/example_task_group.py took 0.097 seconds
[2026-05-18T06:38:38.959+0000] {processor.py:186} INFO - Started process (PID=11073) to work on /home/noelsdavid/airflow_venv/lib/python3.12/site-packages/airflow/example_dags/example_task_group.py
[2026-05-18T06:38:38.962+0000] {processor.py:914} INFO - Processing file /home/noelsdavid/airflow_venv/lib/python3.12/site-packages/airflow/example_dags/example_task_group.py for tasks to queue
[2026-05-18T06:38:38.964+0000] {logging_mixin.py:190} INFO - [2026-05-18T06:38:38.963+0000] {dagbag.py:588} INFO - Filling up the DagBag from /home/noelsdavid/airflow_venv/lib/python3.12/site-packages/airflow/example_dags/example_task_group.py
[2026-05-18T06:38:38.977+0000] {processor.py:925} INFO - DAG(s) 'example_task_group' retrieved from /home/noelsdavid/airflow_venv/lib/python3.12/site-packages/airflow/example_dags/example_task_group.py
[2026-05-18T06:38:39.000+0000] {logging_mixin.py:190} INFO - [2026-05-18T06:38:38.999+0000] {dag.py:3239} INFO - Sync 1 DAGs
[2026-05-18T06:38:39.017+0000] {logging_mixin.py:190} INFO - [2026-05-18T06:38:39.017+0000] {dag.py:4180} INFO - Setting next_dagrun for example_task_group to None, run_after=None
[2026-05-18T06:38:39.048+0000] {processor.py:208} INFO - Processing /home/noelsdavid/airflow_venv/lib/python3.12/site-packages/airflow/example_dags/example_task_group.py took 0.097 seconds
[2026-05-18T06:39:43.488+0000] {processor.py:186} INFO - Started process (PID=11299) to work on /home/noelsdavid/airflow_venv/lib/python3.12/site-packages/airflow/example_dags/example_task_group.py
[2026-05-18T06:39:43.491+0000] {processor.py:914} INFO - Processing file /home/noelsdavid/airflow_venv/lib/python3.12/site-packages/airflow/example_dags/example_task_group.py for tasks to queue
[2026-05-18T06:39:43.493+0000] {logging_mixin.py:190} INFO - [2026-05-18T06:39:43.492+0000] {dagbag.py:588} INFO - Filling up the DagBag from /home/noelsdavid/airflow_venv/lib/python3.12/site-packages/airflow/example_dags/example_task_group.py
[2026-05-18T06:39:43.506+0000] {processor.py:925} INFO - DAG(s) 'example_task_group' retrieved from /home/noelsdavid/airflow_venv/lib/python3.12/site-packages/airflow/example_dags/example_task_group.py
[2026-05-18T06:39:43.530+0000] {logging_mixin.py:190} INFO - [2026-05-18T06:39:43.529+0000] {dag.py:3239} INFO - Sync 1 DAGs
[2026-05-18T06:39:43.547+0000] {logging_mixin.py:190} INFO - [2026-05-18T06:39:43.547+0000] {dag.py:4180} INFO - Setting next_dagrun for example_task_group to None, run_after=None
[2026-05-18T06:39:43.580+0000] {processor.py:208} INFO - Processing /home/noelsdavid/airflow_venv/lib/python3.12/site-packages/airflow/example_dags/example_task_group.py took 0.100 seconds
[2026-05-18T06:40:58.169+0000] {processor.py:186} INFO - Started process (PID=11623) to work on /home/noelsdavid/airflow_venv/lib/python3.12/site-packages/airflow/example_dags/example_task_group.py
[2026-05-18T06:40:58.205+0000] {processor.py:914} INFO - Processing file /home/noelsdavid/airflow_venv/lib/python3.12/site-packages/airflow/example_dags/example_task_group.py for tasks to queue
[2026-05-18T06:40:58.208+0000] {logging_mixin.py:190} INFO - [2026-05-18T06:40:58.207+0000] {dagbag.py:588} INFO - Filling up the DagBag from /home/noelsdavid/airflow_venv/lib/python3.12/site-packages/airflow/example_dags/example_task_group.py
[2026-05-18T06:40:58.246+0000] {processor.py:925} INFO - DAG(s) 'example_task_group' retrieved from /home/noelsdavid/airflow_venv/lib/python3.12/site-packages/airflow/example_dags/example_task_group.py
[2026-05-18T06:40:58.291+0000] {logging_mixin.py:190} INFO - [2026-05-18T06:40:58.291+0000] {dag.py:3239} INFO - Sync 1 DAGs
[2026-05-18T06:40:58.322+0000] {logging_mixin.py:190} INFO - [2026-05-18T06:40:58.321+0000] {dag.py:4180} INFO - Setting next_dagrun for example_task_group to None, run_after=None
[2026-05-18T06:40:58.374+0000] {processor.py:208} INFO - Processing /home/noelsdavid/airflow_venv/lib/python3.12/site-packages/airflow/example_dags/example_task_group.py took 0.217 seconds
[2026-05-18T06:42:10.924+0000] {processor.py:186} INFO - Started process (PID=12354) to work on /home/noelsdavid/airflow_venv/lib/python3.12/site-packages/airflow/example_dags/example_task_group.py
[2026-05-18T06:42:10.926+0000] {processor.py:914} INFO - Processing file /home/noelsdavid/airflow_venv/lib/python3.12/site-packages/airflow/example_dags/example_task_group.py for tasks to queue
[2026-05-18T06:42:10.929+0000] {logging_mixin.py:190} INFO - [2026-05-18T06:42:10.928+0000] {dagbag.py:588} INFO - Filling up the DagBag from /home/noelsdavid/airflow_venv/lib/python3.12/site-packages/airflow/example_dags/example_task_group.py
[2026-05-18T06:42:10.946+0000] {processor.py:925} INFO - DAG(s) 'example_task_group' retrieved from /home/noelsdavid/airflow_venv/lib/python3.12/site-packages/airflow/example_dags/example_task_group.py
[2026-05-18T06:42:10.972+0000] {logging_mixin.py:190} INFO - [2026-05-18T06:42:10.972+0000] {dag.py:3239} INFO - Sync 1 DAGs
[2026-05-18T06:42:10.992+0000] {logging_mixin.py:190} INFO - [2026-05-18T06:42:10.992+0000] {dag.py:4180} INFO - Setting next_dagrun for example_task_group to None, run_after=None
[2026-05-18T06:42:11.049+0000] {processor.py:208} INFO - Processing /home/noelsdavid/airflow_venv/lib/python3.12/site-packages/airflow/example_dags/example_task_group.py took 0.137 seconds
[2026-05-18T06:43:23.842+0000] {processor.py:186} INFO - Started process (PID=12737) to work on /home/noelsdavid/airflow_venv/lib/python3.12/site-packages/airflow/example_dags/example_task_group.py
[2026-05-18T06:43:23.845+0000] {processor.py:914} INFO - Processing file /home/noelsdavid/airflow_venv/lib/python3.12/site-packages/airflow/example_dags/example_task_group.py for tasks to queue
[2026-05-18T06:43:23.848+0000] {logging_mixin.py:190} INFO - [2026-05-18T06:43:23.847+0000] {dagbag.py:588} INFO - Filling up the DagBag from /home/noelsdavid/airflow_venv/lib/python3.12/site-packages/airflow/example_dags/example_task_group.py
[2026-05-18T06:43:23.862+0000] {processor.py:925} INFO - DAG(s) 'example_task_group' retrieved from /home/noelsdavid/airflow_venv/lib/python3.12/site-packages/airflow/example_dags/example_task_group.py
[2026-05-18T06:43:23.889+0000] {logging_mixin.py:190} INFO - [2026-05-18T06:43:23.888+0000] {dag.py:3239} INFO - Sync 1 DAGs
[2026-05-18T06:43:23.911+0000] {logging_mixin.py:190} INFO - [2026-05-18T06:43:23.910+0000] {dag.py:4180} INFO - Setting next_dagrun for example_task_group to None, run_after=None
[2026-05-18T06:43:23.948+0000] {processor.py:208} INFO - Processing /home/noelsdavid/airflow_venv/lib/python3.12/site-packages/airflow/example_dags/example_task_group.py took 0.117 seconds
[2026-05-18T06:44:29.267+0000] {processor.py:186} INFO - Started process (PID=13045) to work on /home/noelsdavid/airflow_venv/lib/python3.12/site-packages/airflow/example_dags/example_task_group.py
[2026-05-18T06:44:29.270+0000] {processor.py:914} INFO - Processing file /home/noelsdavid/airflow_venv/lib/python3.12/site-packages/airflow/example_dags/example_task_group.py for tasks to queue
[2026-05-18T06:44:29.272+0000] {logging_mixin.py:190} INFO - [2026-05-18T06:44:29.271+0000] {dagbag.py:588} INFO - Filling up the DagBag from /home/noelsdavid/airflow_venv/lib/python3.12/site-packages/airflow/example_dags/example_task_group.py
[2026-05-18T06:44:29.285+0000] {processor.py:925} INFO - DAG(s) 'example_task_group' retrieved from /home/noelsdavid/airflow_venv/lib/python3.12/site-packages/airflow/example_dags/example_task_group.py
[2026-05-18T06:44:29.308+0000] {logging_mixin.py:190} INFO - [2026-05-18T06:44:29.308+0000] {dag.py:3239} INFO - Sync 1 DAGs
[2026-05-18T06:44:29.325+0000] {logging_mixin.py:190} INFO - [2026-05-18T06:44:29.324+0000] {dag.py:4180} INFO - Setting next_dagrun for example_task_group to None, run_after=None
[2026-05-18T06:44:29.354+0000] {processor.py:208} INFO - Processing /home/noelsdavid/airflow_venv/lib/python3.12/site-packages/airflow/example_dags/example_task_group.py took 0.097 seconds
[2026-05-18T06:45:41.653+0000] {processor.py:186} INFO - Started process (PID=13147) to work on /home/noelsdavid/airflow_venv/lib/python3.12/site-packages/airflow/example_dags/example_task_group.py
[2026-05-18T06:45:41.657+0000] {processor.py:914} INFO - Processing file /home/noelsdavid/airflow_venv/lib/python3.12/site-packages/airflow/example_dags/example_task_group.py for tasks to queue
[2026-05-18T06:45:41.660+0000] {logging_mixin.py:190} INFO - [2026-05-18T06:45:41.659+0000] {dagbag.py:588} INFO - Filling up the DagBag from /home/noelsdavid/airflow_venv/lib/python3.12/site-packages/airflow/example_dags/example_task_group.py
[2026-05-18T06:45:41.678+0000] {processor.py:925} INFO - DAG(s) 'example_task_group' retrieved from /home/noelsdavid/airflow_venv/lib/python3.12/site-packages/airflow/example_dags/example_task_group.py
[2026-05-18T06:45:41.722+0000] {logging_mixin.py:190} INFO - [2026-05-18T06:45:41.721+0000] {dag.py:3239} INFO - Sync 1 DAGs
[2026-05-18T06:45:41.758+0000] {logging_mixin.py:190} INFO - [2026-05-18T06:45:41.758+0000] {dag.py:4180} INFO - Setting next_dagrun for example_task_group to None, run_after=None
[2026-05-18T06:45:41.796+0000] {processor.py:208} INFO - Processing /home/noelsdavid/airflow_venv/lib/python3.12/site-packages/airflow/example_dags/example_task_group.py took 0.158 seconds
[2026-05-18T06:46:51.762+0000] {processor.py:186} INFO - Started process (PID=13222) to work on /home/noelsdavid/airflow_venv/lib/python3.12/site-packages/airflow/example_dags/example_task_group.py
[2026-05-18T06:46:51.766+0000] {processor.py:914} INFO - Processing file /home/noelsdavid/airflow_venv/lib/python3.12/site-packages/airflow/example_dags/example_task_group.py for tasks to queue
[2026-05-18T06:46:51.770+0000] {logging_mixin.py:190} INFO - [2026-05-18T06:46:51.769+0000] {dagbag.py:588} INFO - Filling up the DagBag from /home/noelsdavid/airflow_venv/lib/python3.12/site-packages/airflow/example_dags/example_task_group.py
[2026-05-18T06:46:51.790+0000] {processor.py:925} INFO - DAG(s) 'example_task_group' retrieved from /home/noelsdavid/airflow_venv/lib/python3.12/site-packages/airflow/example_dags/example_task_group.py
[2026-05-18T06:46:51.814+0000] {logging_mixin.py:190} INFO - [2026-05-18T06:46:51.813+0000] {dag.py:3239} INFO - Sync 1 DAGs
[2026-05-18T06:46:51.831+0000] {logging_mixin.py:190} INFO - [2026-05-18T06:46:51.830+0000] {dag.py:4180} INFO - Setting next_dagrun for example_task_group to None, run_after=None
[2026-05-18T06:46:51.863+0000] {processor.py:208} INFO - Processing /home/noelsdavid/airflow_venv/lib/python3.12/site-packages/airflow/example_dags/example_task_group.py took 0.115 seconds
[2026-05-18T06:47:56.497+0000] {processor.py:186} INFO - Started process (PID=13294) to work on /home/noelsdavid/airflow_venv/lib/python3.12/site-packages/airflow/example_dags/example_task_group.py
[2026-05-18T06:47:56.501+0000] {processor.py:914} INFO - Processing file /home/noelsdavid/airflow_venv/lib/python3.12/site-packages/airflow/example_dags/example_task_group.py for tasks to queue
[2026-05-18T06:47:56.503+0000] {logging_mixin.py:190} INFO - [2026-05-18T06:47:56.502+0000] {dagbag.py:588} INFO - Filling up the DagBag from /home/noelsdavid/airflow_venv/lib/python3.12/site-packages/airflow/example_dags/example_task_group.py
[2026-05-18T06:47:56.518+0000] {processor.py:925} INFO - DAG(s) 'example_task_group' retrieved from /home/noelsdavid/airflow_venv/lib/python3.12/site-packages/airflow/example_dags/example_task_group.py
[2026-05-18T06:47:56.544+0000] {logging_mixin.py:190} INFO - [2026-05-18T06:47:56.543+0000] {dag.py:3239} INFO - Sync 1 DAGs
[2026-05-18T06:47:56.561+0000] {logging_mixin.py:190} INFO - [2026-05-18T06:47:56.560+0000] {dag.py:4180} INFO - Setting next_dagrun for example_task_group to None, run_after=None
[2026-05-18T06:47:56.595+0000] {processor.py:208} INFO - Processing /home/noelsdavid/airflow_venv/lib/python3.12/site-packages/airflow/example_dags/example_task_group.py took 0.108 seconds
[2026-05-18T06:49:03.185+0000] {processor.py:186} INFO - Started process (PID=13370) to work on /home/noelsdavid/airflow_venv/lib/python3.12/site-packages/airflow/example_dags/example_task_group.py
[2026-05-18T06:49:03.200+0000] {processor.py:914} INFO - Processing file /home/noelsdavid/airflow_venv/lib/python3.12/site-packages/airflow/example_dags/example_task_group.py for tasks to queue
[2026-05-18T06:49:03.202+0000] {logging_mixin.py:190} INFO - [2026-05-18T06:49:03.201+0000] {dagbag.py:588} INFO - Filling up the DagBag from /home/noelsdavid/airflow_venv/lib/python3.12/site-packages/airflow/example_dags/example_task_group.py
[2026-05-18T06:49:03.214+0000] {processor.py:925} INFO - DAG(s) 'example_task_group' retrieved from /home/noelsdavid/airflow_venv/lib/python3.12/site-packages/airflow/example_dags/example_task_group.py
[2026-05-18T06:49:03.237+0000] {logging_mixin.py:190} INFO - [2026-05-18T06:49:03.236+0000] {dag.py:3239} INFO - Sync 1 DAGs
[2026-05-18T06:49:03.253+0000] {logging_mixin.py:190} INFO - [2026-05-18T06:49:03.253+0000] {dag.py:4180} INFO - Setting next_dagrun for example_task_group to None, run_after=None
[2026-05-18T06:49:03.283+0000] {processor.py:208} INFO - Processing /home/noelsdavid/airflow_venv/lib/python3.12/site-packages/airflow/example_dags/example_task_group.py took 0.108 seconds
[2026-05-18T06:50:10.587+0000] {processor.py:186} INFO - Started process (PID=13470) to work on /home/noelsdavid/airflow_venv/lib/python3.12/site-packages/airflow/example_dags/example_task_group.py
[2026-05-18T06:50:10.611+0000] {processor.py:914} INFO - Processing file /home/noelsdavid/airflow_venv/lib/python3.12/site-packages/airflow/example_dags/example_task_group.py for tasks to queue
[2026-05-18T06:50:10.613+0000] {logging_mixin.py:190} INFO - [2026-05-18T06:50:10.612+0000] {dagbag.py:588} INFO - Filling up the DagBag from /home/noelsdavid/airflow_venv/lib/python3.12/site-packages/airflow/example_dags/example_task_group.py
[2026-05-18T06:50:10.625+0000] {processor.py:925} INFO - DAG(s) 'example_task_group' retrieved from /home/noelsdavid/airflow_venv/lib/python3.12/site-packages/airflow/example_dags/example_task_group.py
[2026-05-18T06:50:10.648+0000] {logging_mixin.py:190} INFO - [2026-05-18T06:50:10.648+0000] {dag.py:3239} INFO - Sync 1 DAGs
[2026-05-18T06:50:10.665+0000] {logging_mixin.py:190} INFO - [2026-05-18T06:50:10.665+0000] {dag.py:4180} INFO - Setting next_dagrun for example_task_group to None, run_after=None
[2026-05-18T06:50:10.695+0000] {processor.py:208} INFO - Processing /home/noelsdavid/airflow_venv/lib/python3.12/site-packages/airflow/example_dags/example_task_group.py took 0.118 seconds
