[2026-05-18T06:00:47.545+0000] {processor.py:186} INFO - Started process (PID=6924) to work on /home/noelsdavid/airflow_venv/lib/python3.12/site-packages/airflow/example_dags/example_params_ui_tutorial.py
[2026-05-18T06:00:47.546+0000] {processor.py:914} INFO - Processing file /home/noelsdavid/airflow_venv/lib/python3.12/site-packages/airflow/example_dags/example_params_ui_tutorial.py for tasks to queue
[2026-05-18T06:00:47.548+0000] {logging_mixin.py:190} INFO - [2026-05-18T06:00:47.548+0000] {dagbag.py:588} INFO - Filling up the DagBag from /home/noelsdavid/airflow_venv/lib/python3.12/site-packages/airflow/example_dags/example_params_ui_tutorial.py
[2026-05-18T06:00:47.560+0000] {processor.py:925} INFO - DAG(s) 'example_params_ui_tutorial' retrieved from /home/noelsdavid/airflow_venv/lib/python3.12/site-packages/airflow/example_dags/example_params_ui_tutorial.py
[2026-05-18T06:00:47.733+0000] {logging_mixin.py:190} INFO - [2026-05-18T06:00:47.732+0000] {override.py:1911} INFO - Created Permission View: can edit on DAG:example_params_ui_tutorial
[2026-05-18T06:00:47.749+0000] {logging_mixin.py:190} INFO - [2026-05-18T06:00:47.748+0000] {override.py:1911} INFO - Created Permission View: can delete on DAG:example_params_ui_tutorial
[2026-05-18T06:00:47.763+0000] {logging_mixin.py:190} INFO - [2026-05-18T06:00:47.762+0000] {override.py:1911} INFO - Created Permission View: can read on DAG:example_params_ui_tutorial
[2026-05-18T06:00:47.786+0000] {logging_mixin.py:190} INFO - [2026-05-18T06:00:47.785+0000] {override.py:1911} INFO - Created Permission View: can delete on DAG Run:example_params_ui_tutorial
[2026-05-18T06:00:47.799+0000] {logging_mixin.py:190} INFO - [2026-05-18T06:00:47.798+0000] {override.py:1911} INFO - Created Permission View: menu access on DAG Run:example_params_ui_tutorial
[2026-05-18T06:00:47.812+0000] {logging_mixin.py:190} INFO - [2026-05-18T06:00:47.812+0000] {override.py:1911} INFO - Created Permission View: can create on DAG Run:example_params_ui_tutorial
[2026-05-18T06:00:47.826+0000] {logging_mixin.py:190} INFO - [2026-05-18T06:00:47.826+0000] {override.py:1911} INFO - Created Permission View: can read on DAG Run:example_params_ui_tutorial
[2026-05-18T06:00:47.827+0000] {logging_mixin.py:190} INFO - [2026-05-18T06:00:47.826+0000] {dag.py:3239} INFO - Sync 1 DAGs
[2026-05-18T06:00:47.840+0000] {logging_mixin.py:190} INFO - [2026-05-18T06:00:47.839+0000] {dag.py:3262} INFO - Creating ORM DAG for example_params_ui_tutorial
[2026-05-18T06:00:47.840+0000] {logging_mixin.py:190} INFO - [2026-05-18T06:00:47.840+0000] {dag.py:4180} INFO - Setting next_dagrun for example_params_ui_tutorial to None, run_after=None
[2026-05-18T06:00:47.869+0000] {processor.py:208} INFO - Processing /home/noelsdavid/airflow_venv/lib/python3.12/site-packages/airflow/example_dags/example_params_ui_tutorial.py took 0.331 seconds
[2026-05-18T06:01:54.259+0000] {processor.py:186} INFO - Started process (PID=6983) to work on /home/noelsdavid/airflow_venv/lib/python3.12/site-packages/airflow/example_dags/example_params_ui_tutorial.py
[2026-05-18T06:01:54.262+0000] {processor.py:914} INFO - Processing file /home/noelsdavid/airflow_venv/lib/python3.12/site-packages/airflow/example_dags/example_params_ui_tutorial.py for tasks to queue
[2026-05-18T06:01:54.266+0000] {logging_mixin.py:190} INFO - [2026-05-18T06:01:54.266+0000] {dagbag.py:588} INFO - Filling up the DagBag from /home/noelsdavid/airflow_venv/lib/python3.12/site-packages/airflow/example_dags/example_params_ui_tutorial.py
[2026-05-18T06:01:54.278+0000] {processor.py:925} INFO - DAG(s) 'example_params_ui_tutorial' retrieved from /home/noelsdavid/airflow_venv/lib/python3.12/site-packages/airflow/example_dags/example_params_ui_tutorial.py
[2026-05-18T06:01:54.328+0000] {logging_mixin.py:190} INFO - [2026-05-18T06:01:54.327+0000] {dag.py:3239} INFO - Sync 1 DAGs
[2026-05-18T06:01:54.344+0000] {logging_mixin.py:190} INFO - [2026-05-18T06:01:54.344+0000] {dag.py:4180} INFO - Setting next_dagrun for example_params_ui_tutorial to None, run_after=None
[2026-05-18T06:01:54.374+0000] {processor.py:208} INFO - Processing /home/noelsdavid/airflow_venv/lib/python3.12/site-packages/airflow/example_dags/example_params_ui_tutorial.py took 0.122 seconds
[2026-05-18T06:02:53.905+0000] {processor.py:186} INFO - Started process (PID=7043) to work on /home/noelsdavid/airflow_venv/lib/python3.12/site-packages/airflow/example_dags/example_params_ui_tutorial.py
[2026-05-18T06:02:53.907+0000] {processor.py:914} INFO - Processing file /home/noelsdavid/airflow_venv/lib/python3.12/site-packages/airflow/example_dags/example_params_ui_tutorial.py for tasks to queue
[2026-05-18T06:02:53.910+0000] {logging_mixin.py:190} INFO - [2026-05-18T06:02:53.910+0000] {dagbag.py:588} INFO - Filling up the DagBag from /home/noelsdavid/airflow_venv/lib/python3.12/site-packages/airflow/example_dags/example_params_ui_tutorial.py
[2026-05-18T06:02:53.923+0000] {processor.py:925} INFO - DAG(s) 'example_params_ui_tutorial' retrieved from /home/noelsdavid/airflow_venv/lib/python3.12/site-packages/airflow/example_dags/example_params_ui_tutorial.py
[2026-05-18T06:02:53.970+0000] {logging_mixin.py:190} INFO - [2026-05-18T06:02:53.969+0000] {dag.py:3239} INFO - Sync 1 DAGs
[2026-05-18T06:02:53.985+0000] {logging_mixin.py:190} INFO - [2026-05-18T06:02:53.985+0000] {dag.py:4180} INFO - Setting next_dagrun for example_params_ui_tutorial to None, run_after=None
[2026-05-18T06:02:54.014+0000] {processor.py:208} INFO - Processing /home/noelsdavid/airflow_venv/lib/python3.12/site-packages/airflow/example_dags/example_params_ui_tutorial.py took 0.116 seconds
[2026-05-18T06:03:54.608+0000] {processor.py:186} INFO - Started process (PID=7102) to work on /home/noelsdavid/airflow_venv/lib/python3.12/site-packages/airflow/example_dags/example_params_ui_tutorial.py
[2026-05-18T06:03:54.619+0000] {processor.py:914} INFO - Processing file /home/noelsdavid/airflow_venv/lib/python3.12/site-packages/airflow/example_dags/example_params_ui_tutorial.py for tasks to queue
[2026-05-18T06:03:54.622+0000] {logging_mixin.py:190} INFO - [2026-05-18T06:03:54.621+0000] {dagbag.py:588} INFO - Filling up the DagBag from /home/noelsdavid/airflow_venv/lib/python3.12/site-packages/airflow/example_dags/example_params_ui_tutorial.py
[2026-05-18T06:03:54.635+0000] {processor.py:925} INFO - DAG(s) 'example_params_ui_tutorial' retrieved from /home/noelsdavid/airflow_venv/lib/python3.12/site-packages/airflow/example_dags/example_params_ui_tutorial.py
[2026-05-18T06:03:54.685+0000] {logging_mixin.py:190} INFO - [2026-05-18T06:03:54.685+0000] {dag.py:3239} INFO - Sync 1 DAGs
[2026-05-18T06:03:54.701+0000] {logging_mixin.py:190} INFO - [2026-05-18T06:03:54.701+0000] {dag.py:4180} INFO - Setting next_dagrun for example_params_ui_tutorial to None, run_after=None
[2026-05-18T06:03:54.733+0000] {processor.py:208} INFO - Processing /home/noelsdavid/airflow_venv/lib/python3.12/site-packages/airflow/example_dags/example_params_ui_tutorial.py took 0.132 seconds
[2026-05-18T06:04:54.635+0000] {processor.py:186} INFO - Started process (PID=7162) to work on /home/noelsdavid/airflow_venv/lib/python3.12/site-packages/airflow/example_dags/example_params_ui_tutorial.py
[2026-05-18T06:04:54.637+0000] {processor.py:914} INFO - Processing file /home/noelsdavid/airflow_venv/lib/python3.12/site-packages/airflow/example_dags/example_params_ui_tutorial.py for tasks to queue
[2026-05-18T06:04:54.640+0000] {logging_mixin.py:190} INFO - [2026-05-18T06:04:54.640+0000] {dagbag.py:588} INFO - Filling up the DagBag from /home/noelsdavid/airflow_venv/lib/python3.12/site-packages/airflow/example_dags/example_params_ui_tutorial.py
[2026-05-18T06:04:54.653+0000] {processor.py:925} INFO - DAG(s) 'example_params_ui_tutorial' retrieved from /home/noelsdavid/airflow_venv/lib/python3.12/site-packages/airflow/example_dags/example_params_ui_tutorial.py
[2026-05-18T06:04:54.701+0000] {logging_mixin.py:190} INFO - [2026-05-18T06:04:54.700+0000] {dag.py:3239} INFO - Sync 1 DAGs
[2026-05-18T06:04:54.716+0000] {logging_mixin.py:190} INFO - [2026-05-18T06:04:54.716+0000] {dag.py:4180} INFO - Setting next_dagrun for example_params_ui_tutorial to None, run_after=None
[2026-05-18T06:04:54.744+0000] {processor.py:208} INFO - Processing /home/noelsdavid/airflow_venv/lib/python3.12/site-packages/airflow/example_dags/example_params_ui_tutorial.py took 0.117 seconds
[2026-05-18T06:06:07.462+0000] {processor.py:186} INFO - Started process (PID=7251) to work on /home/noelsdavid/airflow_venv/lib/python3.12/site-packages/airflow/example_dags/example_params_ui_tutorial.py
[2026-05-18T06:06:07.464+0000] {processor.py:914} INFO - Processing file /home/noelsdavid/airflow_venv/lib/python3.12/site-packages/airflow/example_dags/example_params_ui_tutorial.py for tasks to queue
[2026-05-18T06:06:07.468+0000] {logging_mixin.py:190} INFO - [2026-05-18T06:06:07.467+0000] {dagbag.py:588} INFO - Filling up the DagBag from /home/noelsdavid/airflow_venv/lib/python3.12/site-packages/airflow/example_dags/example_params_ui_tutorial.py
[2026-05-18T06:06:07.481+0000] {processor.py:925} INFO - DAG(s) 'example_params_ui_tutorial' retrieved from /home/noelsdavid/airflow_venv/lib/python3.12/site-packages/airflow/example_dags/example_params_ui_tutorial.py
[2026-05-18T06:06:07.538+0000] {logging_mixin.py:190} INFO - [2026-05-18T06:06:07.538+0000] {dag.py:3239} INFO - Sync 1 DAGs
[2026-05-18T06:06:07.556+0000] {logging_mixin.py:190} INFO - [2026-05-18T06:06:07.555+0000] {dag.py:4180} INFO - Setting next_dagrun for example_params_ui_tutorial to None, run_after=None
[2026-05-18T06:06:07.589+0000] {processor.py:208} INFO - Processing /home/noelsdavid/airflow_venv/lib/python3.12/site-packages/airflow/example_dags/example_params_ui_tutorial.py took 0.136 seconds
[2026-05-18T06:07:06.370+0000] {processor.py:186} INFO - Started process (PID=7312) to work on /home/noelsdavid/airflow_venv/lib/python3.12/site-packages/airflow/example_dags/example_params_ui_tutorial.py
[2026-05-18T06:07:06.373+0000] {processor.py:914} INFO - Processing file /home/noelsdavid/airflow_venv/lib/python3.12/site-packages/airflow/example_dags/example_params_ui_tutorial.py for tasks to queue
[2026-05-18T06:07:06.377+0000] {logging_mixin.py:190} INFO - [2026-05-18T06:07:06.376+0000] {dagbag.py:588} INFO - Filling up the DagBag from /home/noelsdavid/airflow_venv/lib/python3.12/site-packages/airflow/example_dags/example_params_ui_tutorial.py
[2026-05-18T06:07:06.390+0000] {processor.py:925} INFO - DAG(s) 'example_params_ui_tutorial' retrieved from /home/noelsdavid/airflow_venv/lib/python3.12/site-packages/airflow/example_dags/example_params_ui_tutorial.py
[2026-05-18T06:07:06.440+0000] {logging_mixin.py:190} INFO - [2026-05-18T06:07:06.440+0000] {dag.py:3239} INFO - Sync 1 DAGs
[2026-05-18T06:07:06.457+0000] {logging_mixin.py:190} INFO - [2026-05-18T06:07:06.457+0000] {dag.py:4180} INFO - Setting next_dagrun for example_params_ui_tutorial to None, run_after=None
[2026-05-18T06:07:06.489+0000] {processor.py:208} INFO - Processing /home/noelsdavid/airflow_venv/lib/python3.12/site-packages/airflow/example_dags/example_params_ui_tutorial.py took 0.126 seconds
[2026-05-18T06:08:13.507+0000] {processor.py:186} INFO - Started process (PID=7378) to work on /home/noelsdavid/airflow_venv/lib/python3.12/site-packages/airflow/example_dags/example_params_ui_tutorial.py
[2026-05-18T06:08:13.509+0000] {processor.py:914} INFO - Processing file /home/noelsdavid/airflow_venv/lib/python3.12/site-packages/airflow/example_dags/example_params_ui_tutorial.py for tasks to queue
[2026-05-18T06:08:13.513+0000] {logging_mixin.py:190} INFO - [2026-05-18T06:08:13.512+0000] {dagbag.py:588} INFO - Filling up the DagBag from /home/noelsdavid/airflow_venv/lib/python3.12/site-packages/airflow/example_dags/example_params_ui_tutorial.py
[2026-05-18T06:08:13.529+0000] {processor.py:925} INFO - DAG(s) 'example_params_ui_tutorial' retrieved from /home/noelsdavid/airflow_venv/lib/python3.12/site-packages/airflow/example_dags/example_params_ui_tutorial.py
[2026-05-18T06:08:13.587+0000] {logging_mixin.py:190} INFO - [2026-05-18T06:08:13.587+0000] {dag.py:3239} INFO - Sync 1 DAGs
[2026-05-18T06:08:13.604+0000] {logging_mixin.py:190} INFO - [2026-05-18T06:08:13.604+0000] {dag.py:4180} INFO - Setting next_dagrun for example_params_ui_tutorial to None, run_after=None
[2026-05-18T06:08:13.640+0000] {processor.py:208} INFO - Processing /home/noelsdavid/airflow_venv/lib/python3.12/site-packages/airflow/example_dags/example_params_ui_tutorial.py took 0.141 seconds
[2026-05-18T06:09:18.155+0000] {processor.py:186} INFO - Started process (PID=7440) to work on /home/noelsdavid/airflow_venv/lib/python3.12/site-packages/airflow/example_dags/example_params_ui_tutorial.py
[2026-05-18T06:09:18.158+0000] {processor.py:914} INFO - Processing file /home/noelsdavid/airflow_venv/lib/python3.12/site-packages/airflow/example_dags/example_params_ui_tutorial.py for tasks to queue
[2026-05-18T06:09:18.162+0000] {logging_mixin.py:190} INFO - [2026-05-18T06:09:18.161+0000] {dagbag.py:588} INFO - Filling up the DagBag from /home/noelsdavid/airflow_venv/lib/python3.12/site-packages/airflow/example_dags/example_params_ui_tutorial.py
[2026-05-18T06:09:18.176+0000] {processor.py:925} INFO - DAG(s) 'example_params_ui_tutorial' retrieved from /home/noelsdavid/airflow_venv/lib/python3.12/site-packages/airflow/example_dags/example_params_ui_tutorial.py
[2026-05-18T06:09:18.225+0000] {logging_mixin.py:190} INFO - [2026-05-18T06:09:18.225+0000] {dag.py:3239} INFO - Sync 1 DAGs
[2026-05-18T06:09:18.241+0000] {logging_mixin.py:190} INFO - [2026-05-18T06:09:18.241+0000] {dag.py:4180} INFO - Setting next_dagrun for example_params_ui_tutorial to None, run_after=None
[2026-05-18T06:09:18.269+0000] {processor.py:208} INFO - Processing /home/noelsdavid/airflow_venv/lib/python3.12/site-packages/airflow/example_dags/example_params_ui_tutorial.py took 0.123 seconds
[2026-05-18T06:10:20.887+0000] {processor.py:186} INFO - Started process (PID=7525) to work on /home/noelsdavid/airflow_venv/lib/python3.12/site-packages/airflow/example_dags/example_params_ui_tutorial.py
[2026-05-18T06:10:20.889+0000] {processor.py:914} INFO - Processing file /home/noelsdavid/airflow_venv/lib/python3.12/site-packages/airflow/example_dags/example_params_ui_tutorial.py for tasks to queue
[2026-05-18T06:10:20.892+0000] {logging_mixin.py:190} INFO - [2026-05-18T06:10:20.892+0000] {dagbag.py:588} INFO - Filling up the DagBag from /home/noelsdavid/airflow_venv/lib/python3.12/site-packages/airflow/example_dags/example_params_ui_tutorial.py
[2026-05-18T06:10:20.906+0000] {processor.py:925} INFO - DAG(s) 'example_params_ui_tutorial' retrieved from /home/noelsdavid/airflow_venv/lib/python3.12/site-packages/airflow/example_dags/example_params_ui_tutorial.py
[2026-05-18T06:10:20.956+0000] {logging_mixin.py:190} INFO - [2026-05-18T06:10:20.955+0000] {dag.py:3239} INFO - Sync 1 DAGs
[2026-05-18T06:10:20.972+0000] {logging_mixin.py:190} INFO - [2026-05-18T06:10:20.972+0000] {dag.py:4180} INFO - Setting next_dagrun for example_params_ui_tutorial to None, run_after=None
[2026-05-18T06:10:21.003+0000] {processor.py:208} INFO - Processing /home/noelsdavid/airflow_venv/lib/python3.12/site-packages/airflow/example_dags/example_params_ui_tutorial.py took 0.124 seconds
[2026-05-18T06:11:19.956+0000] {processor.py:186} INFO - Started process (PID=7584) to work on /home/noelsdavid/airflow_venv/lib/python3.12/site-packages/airflow/example_dags/example_params_ui_tutorial.py
[2026-05-18T06:11:19.959+0000] {processor.py:914} INFO - Processing file /home/noelsdavid/airflow_venv/lib/python3.12/site-packages/airflow/example_dags/example_params_ui_tutorial.py for tasks to queue
[2026-05-18T06:11:19.962+0000] {logging_mixin.py:190} INFO - [2026-05-18T06:11:19.961+0000] {dagbag.py:588} INFO - Filling up the DagBag from /home/noelsdavid/airflow_venv/lib/python3.12/site-packages/airflow/example_dags/example_params_ui_tutorial.py
[2026-05-18T06:11:19.975+0000] {processor.py:925} INFO - DAG(s) 'example_params_ui_tutorial' retrieved from /home/noelsdavid/airflow_venv/lib/python3.12/site-packages/airflow/example_dags/example_params_ui_tutorial.py
[2026-05-18T06:11:20.026+0000] {logging_mixin.py:190} INFO - [2026-05-18T06:11:20.026+0000] {dag.py:3239} INFO - Sync 1 DAGs
[2026-05-18T06:11:20.044+0000] {logging_mixin.py:190} INFO - [2026-05-18T06:11:20.043+0000] {dag.py:4180} INFO - Setting next_dagrun for example_params_ui_tutorial to None, run_after=None
[2026-05-18T06:11:20.074+0000] {processor.py:208} INFO - Processing /home/noelsdavid/airflow_venv/lib/python3.12/site-packages/airflow/example_dags/example_params_ui_tutorial.py took 0.125 seconds
[2026-05-18T06:12:19.475+0000] {processor.py:186} INFO - Started process (PID=7641) to work on /home/noelsdavid/airflow_venv/lib/python3.12/site-packages/airflow/example_dags/example_params_ui_tutorial.py
[2026-05-18T06:12:19.478+0000] {processor.py:914} INFO - Processing file /home/noelsdavid/airflow_venv/lib/python3.12/site-packages/airflow/example_dags/example_params_ui_tutorial.py for tasks to queue
[2026-05-18T06:12:19.481+0000] {logging_mixin.py:190} INFO - [2026-05-18T06:12:19.480+0000] {dagbag.py:588} INFO - Filling up the DagBag from /home/noelsdavid/airflow_venv/lib/python3.12/site-packages/airflow/example_dags/example_params_ui_tutorial.py
[2026-05-18T06:12:19.496+0000] {processor.py:925} INFO - DAG(s) 'example_params_ui_tutorial' retrieved from /home/noelsdavid/airflow_venv/lib/python3.12/site-packages/airflow/example_dags/example_params_ui_tutorial.py
[2026-05-18T06:12:19.548+0000] {logging_mixin.py:190} INFO - [2026-05-18T06:12:19.548+0000] {dag.py:3239} INFO - Sync 1 DAGs
[2026-05-18T06:12:19.566+0000] {logging_mixin.py:190} INFO - [2026-05-18T06:12:19.565+0000] {dag.py:4180} INFO - Setting next_dagrun for example_params_ui_tutorial to None, run_after=None
[2026-05-18T06:12:19.599+0000] {processor.py:208} INFO - Processing /home/noelsdavid/airflow_venv/lib/python3.12/site-packages/airflow/example_dags/example_params_ui_tutorial.py took 0.132 seconds
[2026-05-18T06:13:19.582+0000] {processor.py:186} INFO - Started process (PID=7700) to work on /home/noelsdavid/airflow_venv/lib/python3.12/site-packages/airflow/example_dags/example_params_ui_tutorial.py
[2026-05-18T06:13:19.584+0000] {processor.py:914} INFO - Processing file /home/noelsdavid/airflow_venv/lib/python3.12/site-packages/airflow/example_dags/example_params_ui_tutorial.py for tasks to queue
[2026-05-18T06:13:19.588+0000] {logging_mixin.py:190} INFO - [2026-05-18T06:13:19.587+0000] {dagbag.py:588} INFO - Filling up the DagBag from /home/noelsdavid/airflow_venv/lib/python3.12/site-packages/airflow/example_dags/example_params_ui_tutorial.py
[2026-05-18T06:13:19.601+0000] {processor.py:925} INFO - DAG(s) 'example_params_ui_tutorial' retrieved from /home/noelsdavid/airflow_venv/lib/python3.12/site-packages/airflow/example_dags/example_params_ui_tutorial.py
[2026-05-18T06:13:19.654+0000] {logging_mixin.py:190} INFO - [2026-05-18T06:13:19.653+0000] {dag.py:3239} INFO - Sync 1 DAGs
[2026-05-18T06:13:19.670+0000] {logging_mixin.py:190} INFO - [2026-05-18T06:13:19.670+0000] {dag.py:4180} INFO - Setting next_dagrun for example_params_ui_tutorial to None, run_after=None
[2026-05-18T06:13:19.703+0000] {processor.py:208} INFO - Processing /home/noelsdavid/airflow_venv/lib/python3.12/site-packages/airflow/example_dags/example_params_ui_tutorial.py took 0.129 seconds
[2026-05-18T06:14:21.493+0000] {processor.py:186} INFO - Started process (PID=7760) to work on /home/noelsdavid/airflow_venv/lib/python3.12/site-packages/airflow/example_dags/example_params_ui_tutorial.py
[2026-05-18T06:14:21.496+0000] {processor.py:914} INFO - Processing file /home/noelsdavid/airflow_venv/lib/python3.12/site-packages/airflow/example_dags/example_params_ui_tutorial.py for tasks to queue
[2026-05-18T06:14:21.499+0000] {logging_mixin.py:190} INFO - [2026-05-18T06:14:21.498+0000] {dagbag.py:588} INFO - Filling up the DagBag from /home/noelsdavid/airflow_venv/lib/python3.12/site-packages/airflow/example_dags/example_params_ui_tutorial.py
[2026-05-18T06:14:21.513+0000] {processor.py:925} INFO - DAG(s) 'example_params_ui_tutorial' retrieved from /home/noelsdavid/airflow_venv/lib/python3.12/site-packages/airflow/example_dags/example_params_ui_tutorial.py
[2026-05-18T06:14:21.568+0000] {logging_mixin.py:190} INFO - [2026-05-18T06:14:21.568+0000] {dag.py:3239} INFO - Sync 1 DAGs
[2026-05-18T06:14:21.586+0000] {logging_mixin.py:190} INFO - [2026-05-18T06:14:21.586+0000] {dag.py:4180} INFO - Setting next_dagrun for example_params_ui_tutorial to None, run_after=None
[2026-05-18T06:14:21.617+0000] {processor.py:208} INFO - Processing /home/noelsdavid/airflow_venv/lib/python3.12/site-packages/airflow/example_dags/example_params_ui_tutorial.py took 0.132 seconds
[2026-05-18T06:15:24.271+0000] {processor.py:186} INFO - Started process (PID=7850) to work on /home/noelsdavid/airflow_venv/lib/python3.12/site-packages/airflow/example_dags/example_params_ui_tutorial.py
[2026-05-18T06:15:24.274+0000] {processor.py:914} INFO - Processing file /home/noelsdavid/airflow_venv/lib/python3.12/site-packages/airflow/example_dags/example_params_ui_tutorial.py for tasks to queue
[2026-05-18T06:15:24.277+0000] {logging_mixin.py:190} INFO - [2026-05-18T06:15:24.277+0000] {dagbag.py:588} INFO - Filling up the DagBag from /home/noelsdavid/airflow_venv/lib/python3.12/site-packages/airflow/example_dags/example_params_ui_tutorial.py
[2026-05-18T06:15:24.291+0000] {processor.py:925} INFO - DAG(s) 'example_params_ui_tutorial' retrieved from /home/noelsdavid/airflow_venv/lib/python3.12/site-packages/airflow/example_dags/example_params_ui_tutorial.py
[2026-05-18T06:15:24.343+0000] {logging_mixin.py:190} INFO - [2026-05-18T06:15:24.342+0000] {dag.py:3239} INFO - Sync 1 DAGs
[2026-05-18T06:15:24.362+0000] {logging_mixin.py:190} INFO - [2026-05-18T06:15:24.362+0000] {dag.py:4180} INFO - Setting next_dagrun for example_params_ui_tutorial to None, run_after=None
[2026-05-18T06:15:24.397+0000] {processor.py:208} INFO - Processing /home/noelsdavid/airflow_venv/lib/python3.12/site-packages/airflow/example_dags/example_params_ui_tutorial.py took 0.135 seconds
[2026-05-18T06:16:28.065+0000] {processor.py:186} INFO - Started process (PID=8047) to work on /home/noelsdavid/airflow_venv/lib/python3.12/site-packages/airflow/example_dags/example_params_ui_tutorial.py
[2026-05-18T06:16:28.068+0000] {processor.py:914} INFO - Processing file /home/noelsdavid/airflow_venv/lib/python3.12/site-packages/airflow/example_dags/example_params_ui_tutorial.py for tasks to queue
[2026-05-18T06:16:28.071+0000] {logging_mixin.py:190} INFO - [2026-05-18T06:16:28.070+0000] {dagbag.py:588} INFO - Filling up the DagBag from /home/noelsdavid/airflow_venv/lib/python3.12/site-packages/airflow/example_dags/example_params_ui_tutorial.py
[2026-05-18T06:16:28.084+0000] {processor.py:925} INFO - DAG(s) 'example_params_ui_tutorial' retrieved from /home/noelsdavid/airflow_venv/lib/python3.12/site-packages/airflow/example_dags/example_params_ui_tutorial.py
[2026-05-18T06:16:28.133+0000] {logging_mixin.py:190} INFO - [2026-05-18T06:16:28.133+0000] {dag.py:3239} INFO - Sync 1 DAGs
[2026-05-18T06:16:28.151+0000] {logging_mixin.py:190} INFO - [2026-05-18T06:16:28.151+0000] {dag.py:4180} INFO - Setting next_dagrun for example_params_ui_tutorial to None, run_after=None
[2026-05-18T06:16:28.180+0000] {processor.py:208} INFO - Processing /home/noelsdavid/airflow_venv/lib/python3.12/site-packages/airflow/example_dags/example_params_ui_tutorial.py took 0.123 seconds
[2026-05-18T06:17:31.661+0000] {processor.py:186} INFO - Started process (PID=8334) to work on /home/noelsdavid/airflow_venv/lib/python3.12/site-packages/airflow/example_dags/example_params_ui_tutorial.py
[2026-05-18T06:17:31.664+0000] {processor.py:914} INFO - Processing file /home/noelsdavid/airflow_venv/lib/python3.12/site-packages/airflow/example_dags/example_params_ui_tutorial.py for tasks to queue
[2026-05-18T06:17:31.668+0000] {logging_mixin.py:190} INFO - [2026-05-18T06:17:31.668+0000] {dagbag.py:588} INFO - Filling up the DagBag from /home/noelsdavid/airflow_venv/lib/python3.12/site-packages/airflow/example_dags/example_params_ui_tutorial.py
[2026-05-18T06:17:31.689+0000] {processor.py:925} INFO - DAG(s) 'example_params_ui_tutorial' retrieved from /home/noelsdavid/airflow_venv/lib/python3.12/site-packages/airflow/example_dags/example_params_ui_tutorial.py
[2026-05-18T06:17:31.768+0000] {logging_mixin.py:190} INFO - [2026-05-18T06:17:31.768+0000] {dag.py:3239} INFO - Sync 1 DAGs
[2026-05-18T06:17:31.784+0000] {logging_mixin.py:190} INFO - [2026-05-18T06:17:31.784+0000] {dag.py:4180} INFO - Setting next_dagrun for example_params_ui_tutorial to None, run_after=None
[2026-05-18T06:17:31.814+0000] {processor.py:208} INFO - Processing /home/noelsdavid/airflow_venv/lib/python3.12/site-packages/airflow/example_dags/example_params_ui_tutorial.py took 0.164 seconds
[2026-05-18T06:18:30.205+0000] {processor.py:186} INFO - Started process (PID=8474) to work on /home/noelsdavid/airflow_venv/lib/python3.12/site-packages/airflow/example_dags/example_params_ui_tutorial.py
[2026-05-18T06:18:30.208+0000] {processor.py:914} INFO - Processing file /home/noelsdavid/airflow_venv/lib/python3.12/site-packages/airflow/example_dags/example_params_ui_tutorial.py for tasks to queue
[2026-05-18T06:18:30.212+0000] {logging_mixin.py:190} INFO - [2026-05-18T06:18:30.211+0000] {dagbag.py:588} INFO - Filling up the DagBag from /home/noelsdavid/airflow_venv/lib/python3.12/site-packages/airflow/example_dags/example_params_ui_tutorial.py
[2026-05-18T06:18:30.226+0000] {processor.py:925} INFO - DAG(s) 'example_params_ui_tutorial' retrieved from /home/noelsdavid/airflow_venv/lib/python3.12/site-packages/airflow/example_dags/example_params_ui_tutorial.py
[2026-05-18T06:18:30.279+0000] {logging_mixin.py:190} INFO - [2026-05-18T06:18:30.278+0000] {dag.py:3239} INFO - Sync 1 DAGs
[2026-05-18T06:18:30.295+0000] {logging_mixin.py:190} INFO - [2026-05-18T06:18:30.294+0000] {dag.py:4180} INFO - Setting next_dagrun for example_params_ui_tutorial to None, run_after=None
[2026-05-18T06:18:30.328+0000] {processor.py:208} INFO - Processing /home/noelsdavid/airflow_venv/lib/python3.12/site-packages/airflow/example_dags/example_params_ui_tutorial.py took 0.131 seconds
[2026-05-18T06:19:29.145+0000] {processor.py:186} INFO - Started process (PID=8533) to work on /home/noelsdavid/airflow_venv/lib/python3.12/site-packages/airflow/example_dags/example_params_ui_tutorial.py
[2026-05-18T06:19:29.148+0000] {processor.py:914} INFO - Processing file /home/noelsdavid/airflow_venv/lib/python3.12/site-packages/airflow/example_dags/example_params_ui_tutorial.py for tasks to queue
[2026-05-18T06:19:29.152+0000] {logging_mixin.py:190} INFO - [2026-05-18T06:19:29.151+0000] {dagbag.py:588} INFO - Filling up the DagBag from /home/noelsdavid/airflow_venv/lib/python3.12/site-packages/airflow/example_dags/example_params_ui_tutorial.py
[2026-05-18T06:19:29.169+0000] {processor.py:925} INFO - DAG(s) 'example_params_ui_tutorial' retrieved from /home/noelsdavid/airflow_venv/lib/python3.12/site-packages/airflow/example_dags/example_params_ui_tutorial.py
[2026-05-18T06:19:29.233+0000] {logging_mixin.py:190} INFO - [2026-05-18T06:19:29.233+0000] {dag.py:3239} INFO - Sync 1 DAGs
[2026-05-18T06:19:29.253+0000] {logging_mixin.py:190} INFO - [2026-05-18T06:19:29.253+0000] {dag.py:4180} INFO - Setting next_dagrun for example_params_ui_tutorial to None, run_after=None
[2026-05-18T06:19:29.289+0000] {processor.py:208} INFO - Processing /home/noelsdavid/airflow_venv/lib/python3.12/site-packages/airflow/example_dags/example_params_ui_tutorial.py took 0.155 seconds
[2026-05-18T06:20:33.939+0000] {processor.py:186} INFO - Started process (PID=8622) to work on /home/noelsdavid/airflow_venv/lib/python3.12/site-packages/airflow/example_dags/example_params_ui_tutorial.py
[2026-05-18T06:20:33.956+0000] {processor.py:914} INFO - Processing file /home/noelsdavid/airflow_venv/lib/python3.12/site-packages/airflow/example_dags/example_params_ui_tutorial.py for tasks to queue
[2026-05-18T06:20:33.958+0000] {logging_mixin.py:190} INFO - [2026-05-18T06:20:33.957+0000] {dagbag.py:588} INFO - Filling up the DagBag from /home/noelsdavid/airflow_venv/lib/python3.12/site-packages/airflow/example_dags/example_params_ui_tutorial.py
[2026-05-18T06:20:33.971+0000] {processor.py:925} INFO - DAG(s) 'example_params_ui_tutorial' retrieved from /home/noelsdavid/airflow_venv/lib/python3.12/site-packages/airflow/example_dags/example_params_ui_tutorial.py
[2026-05-18T06:20:34.022+0000] {logging_mixin.py:190} INFO - [2026-05-18T06:20:34.022+0000] {dag.py:3239} INFO - Sync 1 DAGs
[2026-05-18T06:20:34.038+0000] {logging_mixin.py:190} INFO - [2026-05-18T06:20:34.038+0000] {dag.py:4180} INFO - Setting next_dagrun for example_params_ui_tutorial to None, run_after=None
[2026-05-18T06:20:34.067+0000] {processor.py:208} INFO - Processing /home/noelsdavid/airflow_venv/lib/python3.12/site-packages/airflow/example_dags/example_params_ui_tutorial.py took 0.137 seconds
[2026-05-18T06:21:37.081+0000] {processor.py:186} INFO - Started process (PID=8682) to work on /home/noelsdavid/airflow_venv/lib/python3.12/site-packages/airflow/example_dags/example_params_ui_tutorial.py
[2026-05-18T06:21:37.083+0000] {processor.py:914} INFO - Processing file /home/noelsdavid/airflow_venv/lib/python3.12/site-packages/airflow/example_dags/example_params_ui_tutorial.py for tasks to queue
[2026-05-18T06:21:37.085+0000] {logging_mixin.py:190} INFO - [2026-05-18T06:21:37.085+0000] {dagbag.py:588} INFO - Filling up the DagBag from /home/noelsdavid/airflow_venv/lib/python3.12/site-packages/airflow/example_dags/example_params_ui_tutorial.py
[2026-05-18T06:21:37.099+0000] {processor.py:925} INFO - DAG(s) 'example_params_ui_tutorial' retrieved from /home/noelsdavid/airflow_venv/lib/python3.12/site-packages/airflow/example_dags/example_params_ui_tutorial.py
[2026-05-18T06:21:37.148+0000] {logging_mixin.py:190} INFO - [2026-05-18T06:21:37.147+0000] {dag.py:3239} INFO - Sync 1 DAGs
[2026-05-18T06:21:37.165+0000] {logging_mixin.py:190} INFO - [2026-05-18T06:21:37.164+0000] {dag.py:4180} INFO - Setting next_dagrun for example_params_ui_tutorial to None, run_after=None
[2026-05-18T06:21:37.195+0000] {processor.py:208} INFO - Processing /home/noelsdavid/airflow_venv/lib/python3.12/site-packages/airflow/example_dags/example_params_ui_tutorial.py took 0.122 seconds
[2026-05-18T06:22:42.505+0000] {processor.py:186} INFO - Started process (PID=8745) to work on /home/noelsdavid/airflow_venv/lib/python3.12/site-packages/airflow/example_dags/example_params_ui_tutorial.py
[2026-05-18T06:22:42.507+0000] {processor.py:914} INFO - Processing file /home/noelsdavid/airflow_venv/lib/python3.12/site-packages/airflow/example_dags/example_params_ui_tutorial.py for tasks to queue
[2026-05-18T06:22:42.509+0000] {logging_mixin.py:190} INFO - [2026-05-18T06:22:42.508+0000] {dagbag.py:588} INFO - Filling up the DagBag from /home/noelsdavid/airflow_venv/lib/python3.12/site-packages/airflow/example_dags/example_params_ui_tutorial.py
[2026-05-18T06:22:42.523+0000] {processor.py:925} INFO - DAG(s) 'example_params_ui_tutorial' retrieved from /home/noelsdavid/airflow_venv/lib/python3.12/site-packages/airflow/example_dags/example_params_ui_tutorial.py
[2026-05-18T06:22:42.574+0000] {logging_mixin.py:190} INFO - [2026-05-18T06:22:42.573+0000] {dag.py:3239} INFO - Sync 1 DAGs
[2026-05-18T06:22:42.592+0000] {logging_mixin.py:190} INFO - [2026-05-18T06:22:42.592+0000] {dag.py:4180} INFO - Setting next_dagrun for example_params_ui_tutorial to None, run_after=None
[2026-05-18T06:22:42.624+0000] {processor.py:208} INFO - Processing /home/noelsdavid/airflow_venv/lib/python3.12/site-packages/airflow/example_dags/example_params_ui_tutorial.py took 0.128 seconds
[2026-05-18T06:23:45.483+0000] {processor.py:186} INFO - Started process (PID=8807) to work on /home/noelsdavid/airflow_venv/lib/python3.12/site-packages/airflow/example_dags/example_params_ui_tutorial.py
[2026-05-18T06:23:45.486+0000] {processor.py:914} INFO - Processing file /home/noelsdavid/airflow_venv/lib/python3.12/site-packages/airflow/example_dags/example_params_ui_tutorial.py for tasks to queue
[2026-05-18T06:23:45.488+0000] {logging_mixin.py:190} INFO - [2026-05-18T06:23:45.488+0000] {dagbag.py:588} INFO - Filling up the DagBag from /home/noelsdavid/airflow_venv/lib/python3.12/site-packages/airflow/example_dags/example_params_ui_tutorial.py
[2026-05-18T06:23:45.507+0000] {processor.py:925} INFO - DAG(s) 'example_params_ui_tutorial' retrieved from /home/noelsdavid/airflow_venv/lib/python3.12/site-packages/airflow/example_dags/example_params_ui_tutorial.py
[2026-05-18T06:23:45.574+0000] {logging_mixin.py:190} INFO - [2026-05-18T06:23:45.573+0000] {dag.py:3239} INFO - Sync 1 DAGs
[2026-05-18T06:23:45.592+0000] {logging_mixin.py:190} INFO - [2026-05-18T06:23:45.592+0000] {dag.py:4180} INFO - Setting next_dagrun for example_params_ui_tutorial to None, run_after=None
[2026-05-18T06:23:45.631+0000] {processor.py:208} INFO - Processing /home/noelsdavid/airflow_venv/lib/python3.12/site-packages/airflow/example_dags/example_params_ui_tutorial.py took 0.157 seconds
[2026-05-18T06:24:53.004+0000] {processor.py:186} INFO - Started process (PID=8871) to work on /home/noelsdavid/airflow_venv/lib/python3.12/site-packages/airflow/example_dags/example_params_ui_tutorial.py
[2026-05-18T06:24:53.007+0000] {processor.py:914} INFO - Processing file /home/noelsdavid/airflow_venv/lib/python3.12/site-packages/airflow/example_dags/example_params_ui_tutorial.py for tasks to queue
[2026-05-18T06:24:53.009+0000] {logging_mixin.py:190} INFO - [2026-05-18T06:24:53.008+0000] {dagbag.py:588} INFO - Filling up the DagBag from /home/noelsdavid/airflow_venv/lib/python3.12/site-packages/airflow/example_dags/example_params_ui_tutorial.py
[2026-05-18T06:24:53.022+0000] {processor.py:925} INFO - DAG(s) 'example_params_ui_tutorial' retrieved from /home/noelsdavid/airflow_venv/lib/python3.12/site-packages/airflow/example_dags/example_params_ui_tutorial.py
[2026-05-18T06:24:53.074+0000] {logging_mixin.py:190} INFO - [2026-05-18T06:24:53.074+0000] {dag.py:3239} INFO - Sync 1 DAGs
[2026-05-18T06:24:53.091+0000] {logging_mixin.py:190} INFO - [2026-05-18T06:24:53.091+0000] {dag.py:4180} INFO - Setting next_dagrun for example_params_ui_tutorial to None, run_after=None
[2026-05-18T06:24:53.128+0000] {processor.py:208} INFO - Processing /home/noelsdavid/airflow_venv/lib/python3.12/site-packages/airflow/example_dags/example_params_ui_tutorial.py took 0.132 seconds
[2026-05-18T06:25:58.129+0000] {processor.py:186} INFO - Started process (PID=8956) to work on /home/noelsdavid/airflow_venv/lib/python3.12/site-packages/airflow/example_dags/example_params_ui_tutorial.py
[2026-05-18T06:25:58.132+0000] {processor.py:914} INFO - Processing file /home/noelsdavid/airflow_venv/lib/python3.12/site-packages/airflow/example_dags/example_params_ui_tutorial.py for tasks to queue
[2026-05-18T06:25:58.134+0000] {logging_mixin.py:190} INFO - [2026-05-18T06:25:58.134+0000] {dagbag.py:588} INFO - Filling up the DagBag from /home/noelsdavid/airflow_venv/lib/python3.12/site-packages/airflow/example_dags/example_params_ui_tutorial.py
[2026-05-18T06:25:58.151+0000] {processor.py:925} INFO - DAG(s) 'example_params_ui_tutorial' retrieved from /home/noelsdavid/airflow_venv/lib/python3.12/site-packages/airflow/example_dags/example_params_ui_tutorial.py
[2026-05-18T06:25:58.211+0000] {logging_mixin.py:190} INFO - [2026-05-18T06:25:58.210+0000] {dag.py:3239} INFO - Sync 1 DAGs
[2026-05-18T06:25:58.229+0000] {logging_mixin.py:190} INFO - [2026-05-18T06:25:58.229+0000] {dag.py:4180} INFO - Setting next_dagrun for example_params_ui_tutorial to None, run_after=None
[2026-05-18T06:25:58.267+0000] {processor.py:208} INFO - Processing /home/noelsdavid/airflow_venv/lib/python3.12/site-packages/airflow/example_dags/example_params_ui_tutorial.py took 0.147 seconds
[2026-05-18T06:27:01.840+0000] {processor.py:186} INFO - Started process (PID=9192) to work on /home/noelsdavid/airflow_venv/lib/python3.12/site-packages/airflow/example_dags/example_params_ui_tutorial.py
[2026-05-18T06:27:01.855+0000] {processor.py:914} INFO - Processing file /home/noelsdavid/airflow_venv/lib/python3.12/site-packages/airflow/example_dags/example_params_ui_tutorial.py for tasks to queue
[2026-05-18T06:27:01.857+0000] {logging_mixin.py:190} INFO - [2026-05-18T06:27:01.856+0000] {dagbag.py:588} INFO - Filling up the DagBag from /home/noelsdavid/airflow_venv/lib/python3.12/site-packages/airflow/example_dags/example_params_ui_tutorial.py
[2026-05-18T06:27:01.870+0000] {processor.py:925} INFO - DAG(s) 'example_params_ui_tutorial' retrieved from /home/noelsdavid/airflow_venv/lib/python3.12/site-packages/airflow/example_dags/example_params_ui_tutorial.py
[2026-05-18T06:27:01.926+0000] {logging_mixin.py:190} INFO - [2026-05-18T06:27:01.925+0000] {dag.py:3239} INFO - Sync 1 DAGs
[2026-05-18T06:27:01.942+0000] {logging_mixin.py:190} INFO - [2026-05-18T06:27:01.942+0000] {dag.py:4180} INFO - Setting next_dagrun for example_params_ui_tutorial to None, run_after=None
[2026-05-18T06:27:01.973+0000] {processor.py:208} INFO - Processing /home/noelsdavid/airflow_venv/lib/python3.12/site-packages/airflow/example_dags/example_params_ui_tutorial.py took 0.141 seconds
[2026-05-18T06:28:13.554+0000] {processor.py:186} INFO - Started process (PID=9705) to work on /home/noelsdavid/airflow_venv/lib/python3.12/site-packages/airflow/example_dags/example_params_ui_tutorial.py
[2026-05-18T06:28:13.557+0000] {processor.py:914} INFO - Processing file /home/noelsdavid/airflow_venv/lib/python3.12/site-packages/airflow/example_dags/example_params_ui_tutorial.py for tasks to queue
[2026-05-18T06:28:13.559+0000] {logging_mixin.py:190} INFO - [2026-05-18T06:28:13.559+0000] {dagbag.py:588} INFO - Filling up the DagBag from /home/noelsdavid/airflow_venv/lib/python3.12/site-packages/airflow/example_dags/example_params_ui_tutorial.py
[2026-05-18T06:28:13.574+0000] {processor.py:925} INFO - DAG(s) 'example_params_ui_tutorial' retrieved from /home/noelsdavid/airflow_venv/lib/python3.12/site-packages/airflow/example_dags/example_params_ui_tutorial.py
[2026-05-18T06:28:13.626+0000] {logging_mixin.py:190} INFO - [2026-05-18T06:28:13.626+0000] {dag.py:3239} INFO - Sync 1 DAGs
[2026-05-18T06:28:13.644+0000] {logging_mixin.py:190} INFO - [2026-05-18T06:28:13.644+0000] {dag.py:4180} INFO - Setting next_dagrun for example_params_ui_tutorial to None, run_after=None
[2026-05-18T06:28:13.675+0000] {processor.py:208} INFO - Processing /home/noelsdavid/airflow_venv/lib/python3.12/site-packages/airflow/example_dags/example_params_ui_tutorial.py took 0.129 seconds
[2026-05-18T06:29:20.904+0000] {processor.py:186} INFO - Started process (PID=9768) to work on /home/noelsdavid/airflow_venv/lib/python3.12/site-packages/airflow/example_dags/example_params_ui_tutorial.py
[2026-05-18T06:29:20.907+0000] {processor.py:914} INFO - Processing file /home/noelsdavid/airflow_venv/lib/python3.12/site-packages/airflow/example_dags/example_params_ui_tutorial.py for tasks to queue
[2026-05-18T06:29:20.909+0000] {logging_mixin.py:190} INFO - [2026-05-18T06:29:20.908+0000] {dagbag.py:588} INFO - Filling up the DagBag from /home/noelsdavid/airflow_venv/lib/python3.12/site-packages/airflow/example_dags/example_params_ui_tutorial.py
[2026-05-18T06:29:20.925+0000] {processor.py:925} INFO - DAG(s) 'example_params_ui_tutorial' retrieved from /home/noelsdavid/airflow_venv/lib/python3.12/site-packages/airflow/example_dags/example_params_ui_tutorial.py
[2026-05-18T06:29:20.980+0000] {logging_mixin.py:190} INFO - [2026-05-18T06:29:20.979+0000] {dag.py:3239} INFO - Sync 1 DAGs
[2026-05-18T06:29:21.000+0000] {logging_mixin.py:190} INFO - [2026-05-18T06:29:21.000+0000] {dag.py:4180} INFO - Setting next_dagrun for example_params_ui_tutorial to None, run_after=None
[2026-05-18T06:29:21.037+0000] {processor.py:208} INFO - Processing /home/noelsdavid/airflow_venv/lib/python3.12/site-packages/airflow/example_dags/example_params_ui_tutorial.py took 0.142 seconds
[2026-05-18T06:30:28.274+0000] {processor.py:186} INFO - Started process (PID=9857) to work on /home/noelsdavid/airflow_venv/lib/python3.12/site-packages/airflow/example_dags/example_params_ui_tutorial.py
[2026-05-18T06:30:28.276+0000] {processor.py:914} INFO - Processing file /home/noelsdavid/airflow_venv/lib/python3.12/site-packages/airflow/example_dags/example_params_ui_tutorial.py for tasks to queue
[2026-05-18T06:30:28.278+0000] {logging_mixin.py:190} INFO - [2026-05-18T06:30:28.278+0000] {dagbag.py:588} INFO - Filling up the DagBag from /home/noelsdavid/airflow_venv/lib/python3.12/site-packages/airflow/example_dags/example_params_ui_tutorial.py
[2026-05-18T06:30:28.292+0000] {processor.py:925} INFO - DAG(s) 'example_params_ui_tutorial' retrieved from /home/noelsdavid/airflow_venv/lib/python3.12/site-packages/airflow/example_dags/example_params_ui_tutorial.py
[2026-05-18T06:30:28.342+0000] {logging_mixin.py:190} INFO - [2026-05-18T06:30:28.342+0000] {dag.py:3239} INFO - Sync 1 DAGs
[2026-05-18T06:30:28.360+0000] {logging_mixin.py:190} INFO - [2026-05-18T06:30:28.360+0000] {dag.py:4180} INFO - Setting next_dagrun for example_params_ui_tutorial to None, run_after=None
[2026-05-18T06:30:28.390+0000] {processor.py:208} INFO - Processing /home/noelsdavid/airflow_venv/lib/python3.12/site-packages/airflow/example_dags/example_params_ui_tutorial.py took 0.124 seconds
[2026-05-18T06:31:33.281+0000] {processor.py:186} INFO - Started process (PID=9920) to work on /home/noelsdavid/airflow_venv/lib/python3.12/site-packages/airflow/example_dags/example_params_ui_tutorial.py
[2026-05-18T06:31:33.295+0000] {processor.py:914} INFO - Processing file /home/noelsdavid/airflow_venv/lib/python3.12/site-packages/airflow/example_dags/example_params_ui_tutorial.py for tasks to queue
[2026-05-18T06:31:33.297+0000] {logging_mixin.py:190} INFO - [2026-05-18T06:31:33.297+0000] {dagbag.py:588} INFO - Filling up the DagBag from /home/noelsdavid/airflow_venv/lib/python3.12/site-packages/airflow/example_dags/example_params_ui_tutorial.py
[2026-05-18T06:31:33.311+0000] {processor.py:925} INFO - DAG(s) 'example_params_ui_tutorial' retrieved from /home/noelsdavid/airflow_venv/lib/python3.12/site-packages/airflow/example_dags/example_params_ui_tutorial.py
[2026-05-18T06:31:33.360+0000] {logging_mixin.py:190} INFO - [2026-05-18T06:31:33.359+0000] {dag.py:3239} INFO - Sync 1 DAGs
[2026-05-18T06:31:33.378+0000] {logging_mixin.py:190} INFO - [2026-05-18T06:31:33.378+0000] {dag.py:4180} INFO - Setting next_dagrun for example_params_ui_tutorial to None, run_after=None
[2026-05-18T06:31:33.408+0000] {processor.py:208} INFO - Processing /home/noelsdavid/airflow_venv/lib/python3.12/site-packages/airflow/example_dags/example_params_ui_tutorial.py took 0.135 seconds
[2026-05-18T06:32:34.538+0000] {processor.py:186} INFO - Started process (PID=9979) to work on /home/noelsdavid/airflow_venv/lib/python3.12/site-packages/airflow/example_dags/example_params_ui_tutorial.py
[2026-05-18T06:32:34.540+0000] {processor.py:914} INFO - Processing file /home/noelsdavid/airflow_venv/lib/python3.12/site-packages/airflow/example_dags/example_params_ui_tutorial.py for tasks to queue
[2026-05-18T06:32:34.542+0000] {logging_mixin.py:190} INFO - [2026-05-18T06:32:34.541+0000] {dagbag.py:588} INFO - Filling up the DagBag from /home/noelsdavid/airflow_venv/lib/python3.12/site-packages/airflow/example_dags/example_params_ui_tutorial.py
[2026-05-18T06:32:34.555+0000] {processor.py:925} INFO - DAG(s) 'example_params_ui_tutorial' retrieved from /home/noelsdavid/airflow_venv/lib/python3.12/site-packages/airflow/example_dags/example_params_ui_tutorial.py
[2026-05-18T06:32:34.604+0000] {logging_mixin.py:190} INFO - [2026-05-18T06:32:34.604+0000] {dag.py:3239} INFO - Sync 1 DAGs
[2026-05-18T06:32:34.620+0000] {logging_mixin.py:190} INFO - [2026-05-18T06:32:34.620+0000] {dag.py:4180} INFO - Setting next_dagrun for example_params_ui_tutorial to None, run_after=None
[2026-05-18T06:32:34.651+0000] {processor.py:208} INFO - Processing /home/noelsdavid/airflow_venv/lib/python3.12/site-packages/airflow/example_dags/example_params_ui_tutorial.py took 0.121 seconds
[2026-05-18T06:33:34.703+0000] {processor.py:186} INFO - Started process (PID=10046) to work on /home/noelsdavid/airflow_venv/lib/python3.12/site-packages/airflow/example_dags/example_params_ui_tutorial.py
[2026-05-18T06:33:34.706+0000] {processor.py:914} INFO - Processing file /home/noelsdavid/airflow_venv/lib/python3.12/site-packages/airflow/example_dags/example_params_ui_tutorial.py for tasks to queue
[2026-05-18T06:33:34.709+0000] {logging_mixin.py:190} INFO - [2026-05-18T06:33:34.708+0000] {dagbag.py:588} INFO - Filling up the DagBag from /home/noelsdavid/airflow_venv/lib/python3.12/site-packages/airflow/example_dags/example_params_ui_tutorial.py
[2026-05-18T06:33:34.735+0000] {processor.py:925} INFO - DAG(s) 'example_params_ui_tutorial' retrieved from /home/noelsdavid/airflow_venv/lib/python3.12/site-packages/airflow/example_dags/example_params_ui_tutorial.py
[2026-05-18T06:33:34.817+0000] {logging_mixin.py:190} INFO - [2026-05-18T06:33:34.817+0000] {dag.py:3239} INFO - Sync 1 DAGs
[2026-05-18T06:33:34.852+0000] {logging_mixin.py:190} INFO - [2026-05-18T06:33:34.851+0000] {dag.py:4180} INFO - Setting next_dagrun for example_params_ui_tutorial to None, run_after=None
[2026-05-18T06:33:34.897+0000] {processor.py:208} INFO - Processing /home/noelsdavid/airflow_venv/lib/python3.12/site-packages/airflow/example_dags/example_params_ui_tutorial.py took 0.211 seconds
[2026-05-18T06:34:40.626+0000] {processor.py:186} INFO - Started process (PID=10234) to work on /home/noelsdavid/airflow_venv/lib/python3.12/site-packages/airflow/example_dags/example_params_ui_tutorial.py
[2026-05-18T06:34:40.629+0000] {processor.py:914} INFO - Processing file /home/noelsdavid/airflow_venv/lib/python3.12/site-packages/airflow/example_dags/example_params_ui_tutorial.py for tasks to queue
[2026-05-18T06:34:40.631+0000] {logging_mixin.py:190} INFO - [2026-05-18T06:34:40.630+0000] {dagbag.py:588} INFO - Filling up the DagBag from /home/noelsdavid/airflow_venv/lib/python3.12/site-packages/airflow/example_dags/example_params_ui_tutorial.py
[2026-05-18T06:34:40.644+0000] {processor.py:925} INFO - DAG(s) 'example_params_ui_tutorial' retrieved from /home/noelsdavid/airflow_venv/lib/python3.12/site-packages/airflow/example_dags/example_params_ui_tutorial.py
[2026-05-18T06:34:40.720+0000] {logging_mixin.py:190} INFO - [2026-05-18T06:34:40.720+0000] {dag.py:3239} INFO - Sync 1 DAGs
[2026-05-18T06:34:40.749+0000] {logging_mixin.py:190} INFO - [2026-05-18T06:34:40.749+0000] {dag.py:4180} INFO - Setting next_dagrun for example_params_ui_tutorial to None, run_after=None
[2026-05-18T06:34:40.790+0000] {processor.py:208} INFO - Processing /home/noelsdavid/airflow_venv/lib/python3.12/site-packages/airflow/example_dags/example_params_ui_tutorial.py took 0.172 seconds
[2026-05-18T06:35:45.506+0000] {processor.py:186} INFO - Started process (PID=10415) to work on /home/noelsdavid/airflow_venv/lib/python3.12/site-packages/airflow/example_dags/example_params_ui_tutorial.py
[2026-05-18T06:35:45.508+0000] {processor.py:914} INFO - Processing file /home/noelsdavid/airflow_venv/lib/python3.12/site-packages/airflow/example_dags/example_params_ui_tutorial.py for tasks to queue
[2026-05-18T06:35:45.510+0000] {logging_mixin.py:190} INFO - [2026-05-18T06:35:45.509+0000] {dagbag.py:588} INFO - Filling up the DagBag from /home/noelsdavid/airflow_venv/lib/python3.12/site-packages/airflow/example_dags/example_params_ui_tutorial.py
[2026-05-18T06:35:45.524+0000] {processor.py:925} INFO - DAG(s) 'example_params_ui_tutorial' retrieved from /home/noelsdavid/airflow_venv/lib/python3.12/site-packages/airflow/example_dags/example_params_ui_tutorial.py
[2026-05-18T06:35:45.575+0000] {logging_mixin.py:190} INFO - [2026-05-18T06:35:45.574+0000] {dag.py:3239} INFO - Sync 1 DAGs
[2026-05-18T06:35:45.592+0000] {logging_mixin.py:190} INFO - [2026-05-18T06:35:45.592+0000] {dag.py:4180} INFO - Setting next_dagrun for example_params_ui_tutorial to None, run_after=None
[2026-05-18T06:35:45.626+0000] {processor.py:208} INFO - Processing /home/noelsdavid/airflow_venv/lib/python3.12/site-packages/airflow/example_dags/example_params_ui_tutorial.py took 0.130 seconds
[2026-05-18T06:36:47.195+0000] {processor.py:186} INFO - Started process (PID=10610) to work on /home/noelsdavid/airflow_venv/lib/python3.12/site-packages/airflow/example_dags/example_params_ui_tutorial.py
[2026-05-18T06:36:47.198+0000] {processor.py:914} INFO - Processing file /home/noelsdavid/airflow_venv/lib/python3.12/site-packages/airflow/example_dags/example_params_ui_tutorial.py for tasks to queue
[2026-05-18T06:36:47.199+0000] {logging_mixin.py:190} INFO - [2026-05-18T06:36:47.199+0000] {dagbag.py:588} INFO - Filling up the DagBag from /home/noelsdavid/airflow_venv/lib/python3.12/site-packages/airflow/example_dags/example_params_ui_tutorial.py
[2026-05-18T06:36:47.213+0000] {processor.py:925} INFO - DAG(s) 'example_params_ui_tutorial' retrieved from /home/noelsdavid/airflow_venv/lib/python3.12/site-packages/airflow/example_dags/example_params_ui_tutorial.py
[2026-05-18T06:36:47.262+0000] {logging_mixin.py:190} INFO - [2026-05-18T06:36:47.262+0000] {dag.py:3239} INFO - Sync 1 DAGs
[2026-05-18T06:36:47.279+0000] {logging_mixin.py:190} INFO - [2026-05-18T06:36:47.278+0000] {dag.py:4180} INFO - Setting next_dagrun for example_params_ui_tutorial to None, run_after=None
[2026-05-18T06:36:47.308+0000] {processor.py:208} INFO - Processing /home/noelsdavid/airflow_venv/lib/python3.12/site-packages/airflow/example_dags/example_params_ui_tutorial.py took 0.120 seconds
[2026-05-18T06:37:52.155+0000] {processor.py:186} INFO - Started process (PID=10945) to work on /home/noelsdavid/airflow_venv/lib/python3.12/site-packages/airflow/example_dags/example_params_ui_tutorial.py
[2026-05-18T06:37:52.158+0000] {processor.py:914} INFO - Processing file /home/noelsdavid/airflow_venv/lib/python3.12/site-packages/airflow/example_dags/example_params_ui_tutorial.py for tasks to queue
[2026-05-18T06:37:52.160+0000] {logging_mixin.py:190} INFO - [2026-05-18T06:37:52.159+0000] {dagbag.py:588} INFO - Filling up the DagBag from /home/noelsdavid/airflow_venv/lib/python3.12/site-packages/airflow/example_dags/example_params_ui_tutorial.py
[2026-05-18T06:37:52.175+0000] {processor.py:925} INFO - DAG(s) 'example_params_ui_tutorial' retrieved from /home/noelsdavid/airflow_venv/lib/python3.12/site-packages/airflow/example_dags/example_params_ui_tutorial.py
[2026-05-18T06:37:52.224+0000] {logging_mixin.py:190} INFO - [2026-05-18T06:37:52.224+0000] {dag.py:3239} INFO - Sync 1 DAGs
[2026-05-18T06:37:52.241+0000] {logging_mixin.py:190} INFO - [2026-05-18T06:37:52.240+0000] {dag.py:4180} INFO - Setting next_dagrun for example_params_ui_tutorial to None, run_after=None
[2026-05-18T06:37:52.272+0000] {processor.py:208} INFO - Processing /home/noelsdavid/airflow_venv/lib/python3.12/site-packages/airflow/example_dags/example_params_ui_tutorial.py took 0.124 seconds
[2026-05-18T06:38:57.151+0000] {processor.py:186} INFO - Started process (PID=11183) to work on /home/noelsdavid/airflow_venv/lib/python3.12/site-packages/airflow/example_dags/example_params_ui_tutorial.py
[2026-05-18T06:38:57.153+0000] {processor.py:914} INFO - Processing file /home/noelsdavid/airflow_venv/lib/python3.12/site-packages/airflow/example_dags/example_params_ui_tutorial.py for tasks to queue
[2026-05-18T06:38:57.155+0000] {logging_mixin.py:190} INFO - [2026-05-18T06:38:57.155+0000] {dagbag.py:588} INFO - Filling up the DagBag from /home/noelsdavid/airflow_venv/lib/python3.12/site-packages/airflow/example_dags/example_params_ui_tutorial.py
[2026-05-18T06:38:57.170+0000] {processor.py:925} INFO - DAG(s) 'example_params_ui_tutorial' retrieved from /home/noelsdavid/airflow_venv/lib/python3.12/site-packages/airflow/example_dags/example_params_ui_tutorial.py
[2026-05-18T06:38:57.223+0000] {logging_mixin.py:190} INFO - [2026-05-18T06:38:57.222+0000] {dag.py:3239} INFO - Sync 1 DAGs
[2026-05-18T06:38:57.240+0000] {logging_mixin.py:190} INFO - [2026-05-18T06:38:57.240+0000] {dag.py:4180} INFO - Setting next_dagrun for example_params_ui_tutorial to None, run_after=None
[2026-05-18T06:38:57.271+0000] {processor.py:208} INFO - Processing /home/noelsdavid/airflow_venv/lib/python3.12/site-packages/airflow/example_dags/example_params_ui_tutorial.py took 0.128 seconds
[2026-05-18T06:40:02.729+0000] {processor.py:186} INFO - Started process (PID=11397) to work on /home/noelsdavid/airflow_venv/lib/python3.12/site-packages/airflow/example_dags/example_params_ui_tutorial.py
[2026-05-18T06:40:02.741+0000] {processor.py:914} INFO - Processing file /home/noelsdavid/airflow_venv/lib/python3.12/site-packages/airflow/example_dags/example_params_ui_tutorial.py for tasks to queue
[2026-05-18T06:40:02.743+0000] {logging_mixin.py:190} INFO - [2026-05-18T06:40:02.742+0000] {dagbag.py:588} INFO - Filling up the DagBag from /home/noelsdavid/airflow_venv/lib/python3.12/site-packages/airflow/example_dags/example_params_ui_tutorial.py
[2026-05-18T06:40:02.757+0000] {processor.py:925} INFO - DAG(s) 'example_params_ui_tutorial' retrieved from /home/noelsdavid/airflow_venv/lib/python3.12/site-packages/airflow/example_dags/example_params_ui_tutorial.py
[2026-05-18T06:40:02.806+0000] {logging_mixin.py:190} INFO - [2026-05-18T06:40:02.805+0000] {dag.py:3239} INFO - Sync 1 DAGs
[2026-05-18T06:40:02.823+0000] {logging_mixin.py:190} INFO - [2026-05-18T06:40:02.822+0000] {dag.py:4180} INFO - Setting next_dagrun for example_params_ui_tutorial to None, run_after=None
[2026-05-18T06:40:02.854+0000] {processor.py:208} INFO - Processing /home/noelsdavid/airflow_venv/lib/python3.12/site-packages/airflow/example_dags/example_params_ui_tutorial.py took 0.133 seconds
[2026-05-18T06:41:17.182+0000] {processor.py:186} INFO - Started process (PID=11760) to work on /home/noelsdavid/airflow_venv/lib/python3.12/site-packages/airflow/example_dags/example_params_ui_tutorial.py
[2026-05-18T06:41:17.185+0000] {processor.py:914} INFO - Processing file /home/noelsdavid/airflow_venv/lib/python3.12/site-packages/airflow/example_dags/example_params_ui_tutorial.py for tasks to queue
[2026-05-18T06:41:17.187+0000] {logging_mixin.py:190} INFO - [2026-05-18T06:41:17.186+0000] {dagbag.py:588} INFO - Filling up the DagBag from /home/noelsdavid/airflow_venv/lib/python3.12/site-packages/airflow/example_dags/example_params_ui_tutorial.py
[2026-05-18T06:41:17.201+0000] {processor.py:925} INFO - DAG(s) 'example_params_ui_tutorial' retrieved from /home/noelsdavid/airflow_venv/lib/python3.12/site-packages/airflow/example_dags/example_params_ui_tutorial.py
[2026-05-18T06:41:17.255+0000] {logging_mixin.py:190} INFO - [2026-05-18T06:41:17.255+0000] {dag.py:3239} INFO - Sync 1 DAGs
[2026-05-18T06:41:17.275+0000] {logging_mixin.py:190} INFO - [2026-05-18T06:41:17.274+0000] {dag.py:4180} INFO - Setting next_dagrun for example_params_ui_tutorial to None, run_after=None
[2026-05-18T06:41:17.309+0000] {processor.py:208} INFO - Processing /home/noelsdavid/airflow_venv/lib/python3.12/site-packages/airflow/example_dags/example_params_ui_tutorial.py took 0.135 seconds
[2026-05-18T06:42:29.195+0000] {processor.py:186} INFO - Started process (PID=12456) to work on /home/noelsdavid/airflow_venv/lib/python3.12/site-packages/airflow/example_dags/example_params_ui_tutorial.py
[2026-05-18T06:42:29.199+0000] {processor.py:914} INFO - Processing file /home/noelsdavid/airflow_venv/lib/python3.12/site-packages/airflow/example_dags/example_params_ui_tutorial.py for tasks to queue
[2026-05-18T06:42:29.201+0000] {logging_mixin.py:190} INFO - [2026-05-18T06:42:29.200+0000] {dagbag.py:588} INFO - Filling up the DagBag from /home/noelsdavid/airflow_venv/lib/python3.12/site-packages/airflow/example_dags/example_params_ui_tutorial.py
[2026-05-18T06:42:29.220+0000] {processor.py:925} INFO - DAG(s) 'example_params_ui_tutorial' retrieved from /home/noelsdavid/airflow_venv/lib/python3.12/site-packages/airflow/example_dags/example_params_ui_tutorial.py
[2026-05-18T06:42:29.279+0000] {logging_mixin.py:190} INFO - [2026-05-18T06:42:29.279+0000] {dag.py:3239} INFO - Sync 1 DAGs
[2026-05-18T06:42:29.305+0000] {logging_mixin.py:190} INFO - [2026-05-18T06:42:29.305+0000] {dag.py:4180} INFO - Setting next_dagrun for example_params_ui_tutorial to None, run_after=None
[2026-05-18T06:42:29.346+0000] {processor.py:208} INFO - Processing /home/noelsdavid/airflow_venv/lib/python3.12/site-packages/airflow/example_dags/example_params_ui_tutorial.py took 0.161 seconds
[2026-05-18T06:44:01.776+0000] {processor.py:186} INFO - Started process (PID=13012) to work on /home/noelsdavid/airflow_venv/lib/python3.12/site-packages/airflow/example_dags/example_params_ui_tutorial.py
[2026-05-18T06:44:01.807+0000] {processor.py:914} INFO - Processing file /home/noelsdavid/airflow_venv/lib/python3.12/site-packages/airflow/example_dags/example_params_ui_tutorial.py for tasks to queue
[2026-05-18T06:44:01.811+0000] {logging_mixin.py:190} INFO - [2026-05-18T06:44:01.810+0000] {dagbag.py:588} INFO - Filling up the DagBag from /home/noelsdavid/airflow_venv/lib/python3.12/site-packages/airflow/example_dags/example_params_ui_tutorial.py
[2026-05-18T06:44:01.834+0000] {processor.py:925} INFO - DAG(s) 'example_params_ui_tutorial' retrieved from /home/noelsdavid/airflow_venv/lib/python3.12/site-packages/airflow/example_dags/example_params_ui_tutorial.py
[2026-05-18T06:44:01.887+0000] {logging_mixin.py:190} INFO - [2026-05-18T06:44:01.887+0000] {dag.py:3239} INFO - Sync 1 DAGs
[2026-05-18T06:44:01.907+0000] {logging_mixin.py:190} INFO - [2026-05-18T06:44:01.906+0000] {dag.py:4180} INFO - Setting next_dagrun for example_params_ui_tutorial to None, run_after=None
[2026-05-18T06:44:01.942+0000] {processor.py:208} INFO - Processing /home/noelsdavid/airflow_venv/lib/python3.12/site-packages/airflow/example_dags/example_params_ui_tutorial.py took 0.182 seconds
[2026-05-18T06:45:19.378+0000] {processor.py:186} INFO - Started process (PID=13120) to work on /home/noelsdavid/airflow_venv/lib/python3.12/site-packages/airflow/example_dags/example_params_ui_tutorial.py
[2026-05-18T06:45:19.380+0000] {processor.py:914} INFO - Processing file /home/noelsdavid/airflow_venv/lib/python3.12/site-packages/airflow/example_dags/example_params_ui_tutorial.py for tasks to queue
[2026-05-18T06:45:19.382+0000] {logging_mixin.py:190} INFO - [2026-05-18T06:45:19.382+0000] {dagbag.py:588} INFO - Filling up the DagBag from /home/noelsdavid/airflow_venv/lib/python3.12/site-packages/airflow/example_dags/example_params_ui_tutorial.py
[2026-05-18T06:45:19.396+0000] {processor.py:925} INFO - DAG(s) 'example_params_ui_tutorial' retrieved from /home/noelsdavid/airflow_venv/lib/python3.12/site-packages/airflow/example_dags/example_params_ui_tutorial.py
[2026-05-18T06:45:19.446+0000] {logging_mixin.py:190} INFO - [2026-05-18T06:45:19.446+0000] {dag.py:3239} INFO - Sync 1 DAGs
[2026-05-18T06:45:19.463+0000] {logging_mixin.py:190} INFO - [2026-05-18T06:45:19.462+0000] {dag.py:4180} INFO - Setting next_dagrun for example_params_ui_tutorial to None, run_after=None
[2026-05-18T06:45:19.496+0000] {processor.py:208} INFO - Processing /home/noelsdavid/airflow_venv/lib/python3.12/site-packages/airflow/example_dags/example_params_ui_tutorial.py took 0.127 seconds
[2026-05-18T06:46:30.199+0000] {processor.py:186} INFO - Started process (PID=13198) to work on /home/noelsdavid/airflow_venv/lib/python3.12/site-packages/airflow/example_dags/example_params_ui_tutorial.py
[2026-05-18T06:46:30.202+0000] {processor.py:914} INFO - Processing file /home/noelsdavid/airflow_venv/lib/python3.12/site-packages/airflow/example_dags/example_params_ui_tutorial.py for tasks to queue
[2026-05-18T06:46:30.204+0000] {logging_mixin.py:190} INFO - [2026-05-18T06:46:30.204+0000] {dagbag.py:588} INFO - Filling up the DagBag from /home/noelsdavid/airflow_venv/lib/python3.12/site-packages/airflow/example_dags/example_params_ui_tutorial.py
[2026-05-18T06:46:30.220+0000] {processor.py:925} INFO - DAG(s) 'example_params_ui_tutorial' retrieved from /home/noelsdavid/airflow_venv/lib/python3.12/site-packages/airflow/example_dags/example_params_ui_tutorial.py
[2026-05-18T06:46:30.276+0000] {logging_mixin.py:190} INFO - [2026-05-18T06:46:30.276+0000] {dag.py:3239} INFO - Sync 1 DAGs
[2026-05-18T06:46:30.295+0000] {logging_mixin.py:190} INFO - [2026-05-18T06:46:30.295+0000] {dag.py:4180} INFO - Setting next_dagrun for example_params_ui_tutorial to None, run_after=None
[2026-05-18T06:46:30.330+0000] {processor.py:208} INFO - Processing /home/noelsdavid/airflow_venv/lib/python3.12/site-packages/airflow/example_dags/example_params_ui_tutorial.py took 0.141 seconds
[2026-05-18T06:47:39.108+0000] {processor.py:186} INFO - Started process (PID=13274) to work on /home/noelsdavid/airflow_venv/lib/python3.12/site-packages/airflow/example_dags/example_params_ui_tutorial.py
[2026-05-18T06:47:39.111+0000] {processor.py:914} INFO - Processing file /home/noelsdavid/airflow_venv/lib/python3.12/site-packages/airflow/example_dags/example_params_ui_tutorial.py for tasks to queue
[2026-05-18T06:47:39.113+0000] {logging_mixin.py:190} INFO - [2026-05-18T06:47:39.112+0000] {dagbag.py:588} INFO - Filling up the DagBag from /home/noelsdavid/airflow_venv/lib/python3.12/site-packages/airflow/example_dags/example_params_ui_tutorial.py
[2026-05-18T06:47:39.126+0000] {processor.py:925} INFO - DAG(s) 'example_params_ui_tutorial' retrieved from /home/noelsdavid/airflow_venv/lib/python3.12/site-packages/airflow/example_dags/example_params_ui_tutorial.py
[2026-05-18T06:47:39.177+0000] {logging_mixin.py:190} INFO - [2026-05-18T06:47:39.177+0000] {dag.py:3239} INFO - Sync 1 DAGs
[2026-05-18T06:47:39.194+0000] {logging_mixin.py:190} INFO - [2026-05-18T06:47:39.193+0000] {dag.py:4180} INFO - Setting next_dagrun for example_params_ui_tutorial to None, run_after=None
[2026-05-18T06:47:39.225+0000] {processor.py:208} INFO - Processing /home/noelsdavid/airflow_venv/lib/python3.12/site-packages/airflow/example_dags/example_params_ui_tutorial.py took 0.126 seconds
[2026-05-18T06:48:42.929+0000] {processor.py:186} INFO - Started process (PID=13346) to work on /home/noelsdavid/airflow_venv/lib/python3.12/site-packages/airflow/example_dags/example_params_ui_tutorial.py
[2026-05-18T06:48:42.931+0000] {processor.py:914} INFO - Processing file /home/noelsdavid/airflow_venv/lib/python3.12/site-packages/airflow/example_dags/example_params_ui_tutorial.py for tasks to queue
[2026-05-18T06:48:42.933+0000] {logging_mixin.py:190} INFO - [2026-05-18T06:48:42.933+0000] {dagbag.py:588} INFO - Filling up the DagBag from /home/noelsdavid/airflow_venv/lib/python3.12/site-packages/airflow/example_dags/example_params_ui_tutorial.py
[2026-05-18T06:48:42.947+0000] {processor.py:925} INFO - DAG(s) 'example_params_ui_tutorial' retrieved from /home/noelsdavid/airflow_venv/lib/python3.12/site-packages/airflow/example_dags/example_params_ui_tutorial.py
[2026-05-18T06:48:42.995+0000] {logging_mixin.py:190} INFO - [2026-05-18T06:48:42.995+0000] {dag.py:3239} INFO - Sync 1 DAGs
[2026-05-18T06:48:43.012+0000] {logging_mixin.py:190} INFO - [2026-05-18T06:48:43.012+0000] {dag.py:4180} INFO - Setting next_dagrun for example_params_ui_tutorial to None, run_after=None
[2026-05-18T06:48:43.041+0000] {processor.py:208} INFO - Processing /home/noelsdavid/airflow_venv/lib/python3.12/site-packages/airflow/example_dags/example_params_ui_tutorial.py took 0.122 seconds
[2026-05-18T06:49:47.707+0000] {processor.py:186} INFO - Started process (PID=13445) to work on /home/noelsdavid/airflow_venv/lib/python3.12/site-packages/airflow/example_dags/example_params_ui_tutorial.py
[2026-05-18T06:49:47.709+0000] {processor.py:914} INFO - Processing file /home/noelsdavid/airflow_venv/lib/python3.12/site-packages/airflow/example_dags/example_params_ui_tutorial.py for tasks to queue
[2026-05-18T06:49:47.711+0000] {logging_mixin.py:190} INFO - [2026-05-18T06:49:47.711+0000] {dagbag.py:588} INFO - Filling up the DagBag from /home/noelsdavid/airflow_venv/lib/python3.12/site-packages/airflow/example_dags/example_params_ui_tutorial.py
[2026-05-18T06:49:47.725+0000] {processor.py:925} INFO - DAG(s) 'example_params_ui_tutorial' retrieved from /home/noelsdavid/airflow_venv/lib/python3.12/site-packages/airflow/example_dags/example_params_ui_tutorial.py
[2026-05-18T06:49:47.775+0000] {logging_mixin.py:190} INFO - [2026-05-18T06:49:47.775+0000] {dag.py:3239} INFO - Sync 1 DAGs
[2026-05-18T06:49:47.792+0000] {logging_mixin.py:190} INFO - [2026-05-18T06:49:47.792+0000] {dag.py:4180} INFO - Setting next_dagrun for example_params_ui_tutorial to None, run_after=None
[2026-05-18T06:49:47.822+0000] {processor.py:208} INFO - Processing /home/noelsdavid/airflow_venv/lib/python3.12/site-packages/airflow/example_dags/example_params_ui_tutorial.py took 0.125 seconds
