[2026-05-18T06:00:18.979+0000] {processor.py:186} INFO - Started process (PID=6886) to work on /home/noelsdavid/airflow_venv/lib/python3.12/site-packages/airflow/example_dags/tutorial_taskflow_api.py
[2026-05-18T06:00:18.981+0000] {processor.py:914} INFO - Processing file /home/noelsdavid/airflow_venv/lib/python3.12/site-packages/airflow/example_dags/tutorial_taskflow_api.py for tasks to queue
[2026-05-18T06:00:18.984+0000] {logging_mixin.py:190} INFO - [2026-05-18T06:00:18.983+0000] {dagbag.py:588} INFO - Filling up the DagBag from /home/noelsdavid/airflow_venv/lib/python3.12/site-packages/airflow/example_dags/tutorial_taskflow_api.py
[2026-05-18T06:00:18.996+0000] {processor.py:925} INFO - DAG(s) 'tutorial_taskflow_api' retrieved from /home/noelsdavid/airflow_venv/lib/python3.12/site-packages/airflow/example_dags/tutorial_taskflow_api.py
[2026-05-18T06:00:19.143+0000] {logging_mixin.py:190} INFO - [2026-05-18T06:00:19.142+0000] {override.py:1911} INFO - Created Permission View: can edit on DAG:tutorial_taskflow_api
[2026-05-18T06:00:19.161+0000] {logging_mixin.py:190} INFO - [2026-05-18T06:00:19.160+0000] {override.py:1911} INFO - Created Permission View: can delete on DAG:tutorial_taskflow_api
[2026-05-18T06:00:19.173+0000] {logging_mixin.py:190} INFO - [2026-05-18T06:00:19.173+0000] {override.py:1911} INFO - Created Permission View: can read on DAG:tutorial_taskflow_api
[2026-05-18T06:00:19.195+0000] {logging_mixin.py:190} INFO - [2026-05-18T06:00:19.195+0000] {override.py:1911} INFO - Created Permission View: can delete on DAG Run:tutorial_taskflow_api
[2026-05-18T06:00:19.208+0000] {logging_mixin.py:190} INFO - [2026-05-18T06:00:19.208+0000] {override.py:1911} INFO - Created Permission View: menu access on DAG Run:tutorial_taskflow_api
[2026-05-18T06:00:19.222+0000] {logging_mixin.py:190} INFO - [2026-05-18T06:00:19.222+0000] {override.py:1911} INFO - Created Permission View: can create on DAG Run:tutorial_taskflow_api
[2026-05-18T06:00:19.236+0000] {logging_mixin.py:190} INFO - [2026-05-18T06:00:19.235+0000] {override.py:1911} INFO - Created Permission View: can read on DAG Run:tutorial_taskflow_api
[2026-05-18T06:00:19.236+0000] {logging_mixin.py:190} INFO - [2026-05-18T06:00:19.236+0000] {dag.py:3239} INFO - Sync 1 DAGs
[2026-05-18T06:00:19.251+0000] {logging_mixin.py:190} INFO - [2026-05-18T06:00:19.251+0000] {dag.py:3262} INFO - Creating ORM DAG for tutorial_taskflow_api
[2026-05-18T06:00:19.252+0000] {logging_mixin.py:190} INFO - [2026-05-18T06:00:19.251+0000] {dag.py:4180} INFO - Setting next_dagrun for tutorial_taskflow_api to None, run_after=None
[2026-05-18T06:00:19.279+0000] {processor.py:208} INFO - Processing /home/noelsdavid/airflow_venv/lib/python3.12/site-packages/airflow/example_dags/tutorial_taskflow_api.py took 0.306 seconds
[2026-05-18T06:01:30.119+0000] {processor.py:186} INFO - Started process (PID=6960) to work on /home/noelsdavid/airflow_venv/lib/python3.12/site-packages/airflow/example_dags/tutorial_taskflow_api.py
[2026-05-18T06:01:30.121+0000] {processor.py:914} INFO - Processing file /home/noelsdavid/airflow_venv/lib/python3.12/site-packages/airflow/example_dags/tutorial_taskflow_api.py for tasks to queue
[2026-05-18T06:01:30.124+0000] {logging_mixin.py:190} INFO - [2026-05-18T06:01:30.123+0000] {dagbag.py:588} INFO - Filling up the DagBag from /home/noelsdavid/airflow_venv/lib/python3.12/site-packages/airflow/example_dags/tutorial_taskflow_api.py
[2026-05-18T06:01:30.136+0000] {processor.py:925} INFO - DAG(s) 'tutorial_taskflow_api' retrieved from /home/noelsdavid/airflow_venv/lib/python3.12/site-packages/airflow/example_dags/tutorial_taskflow_api.py
[2026-05-18T06:01:30.158+0000] {logging_mixin.py:190} INFO - [2026-05-18T06:01:30.158+0000] {dag.py:3239} INFO - Sync 1 DAGs
[2026-05-18T06:01:30.173+0000] {logging_mixin.py:190} INFO - [2026-05-18T06:01:30.173+0000] {dag.py:4180} INFO - Setting next_dagrun for tutorial_taskflow_api to None, run_after=None
[2026-05-18T06:01:30.205+0000] {processor.py:208} INFO - Processing /home/noelsdavid/airflow_venv/lib/python3.12/site-packages/airflow/example_dags/tutorial_taskflow_api.py took 0.093 seconds
[2026-05-18T06:02:30.099+0000] {processor.py:186} INFO - Started process (PID=7020) to work on /home/noelsdavid/airflow_venv/lib/python3.12/site-packages/airflow/example_dags/tutorial_taskflow_api.py
[2026-05-18T06:02:30.102+0000] {processor.py:914} INFO - Processing file /home/noelsdavid/airflow_venv/lib/python3.12/site-packages/airflow/example_dags/tutorial_taskflow_api.py for tasks to queue
[2026-05-18T06:02:30.105+0000] {logging_mixin.py:190} INFO - [2026-05-18T06:02:30.105+0000] {dagbag.py:588} INFO - Filling up the DagBag from /home/noelsdavid/airflow_venv/lib/python3.12/site-packages/airflow/example_dags/tutorial_taskflow_api.py
[2026-05-18T06:02:30.117+0000] {processor.py:925} INFO - DAG(s) 'tutorial_taskflow_api' retrieved from /home/noelsdavid/airflow_venv/lib/python3.12/site-packages/airflow/example_dags/tutorial_taskflow_api.py
[2026-05-18T06:02:30.137+0000] {logging_mixin.py:190} INFO - [2026-05-18T06:02:30.136+0000] {dag.py:3239} INFO - Sync 1 DAGs
[2026-05-18T06:02:30.152+0000] {logging_mixin.py:190} INFO - [2026-05-18T06:02:30.152+0000] {dag.py:4180} INFO - Setting next_dagrun for tutorial_taskflow_api to None, run_after=None
[2026-05-18T06:02:30.183+0000] {processor.py:208} INFO - Processing /home/noelsdavid/airflow_venv/lib/python3.12/site-packages/airflow/example_dags/tutorial_taskflow_api.py took 0.090 seconds
[2026-05-18T06:03:29.018+0000] {processor.py:186} INFO - Started process (PID=7077) to work on /home/noelsdavid/airflow_venv/lib/python3.12/site-packages/airflow/example_dags/tutorial_taskflow_api.py
[2026-05-18T06:03:29.020+0000] {processor.py:914} INFO - Processing file /home/noelsdavid/airflow_venv/lib/python3.12/site-packages/airflow/example_dags/tutorial_taskflow_api.py for tasks to queue
[2026-05-18T06:03:29.024+0000] {logging_mixin.py:190} INFO - [2026-05-18T06:03:29.023+0000] {dagbag.py:588} INFO - Filling up the DagBag from /home/noelsdavid/airflow_venv/lib/python3.12/site-packages/airflow/example_dags/tutorial_taskflow_api.py
[2026-05-18T06:03:29.034+0000] {processor.py:925} INFO - DAG(s) 'tutorial_taskflow_api' retrieved from /home/noelsdavid/airflow_venv/lib/python3.12/site-packages/airflow/example_dags/tutorial_taskflow_api.py
[2026-05-18T06:03:29.054+0000] {logging_mixin.py:190} INFO - [2026-05-18T06:03:29.054+0000] {dag.py:3239} INFO - Sync 1 DAGs
[2026-05-18T06:03:29.069+0000] {logging_mixin.py:190} INFO - [2026-05-18T06:03:29.068+0000] {dag.py:4180} INFO - Setting next_dagrun for tutorial_taskflow_api to None, run_after=None
[2026-05-18T06:03:29.096+0000] {processor.py:208} INFO - Processing /home/noelsdavid/airflow_venv/lib/python3.12/site-packages/airflow/example_dags/tutorial_taskflow_api.py took 0.085 seconds
[2026-05-18T06:04:29.801+0000] {processor.py:186} INFO - Started process (PID=7137) to work on /home/noelsdavid/airflow_venv/lib/python3.12/site-packages/airflow/example_dags/tutorial_taskflow_api.py
[2026-05-18T06:04:29.804+0000] {processor.py:914} INFO - Processing file /home/noelsdavid/airflow_venv/lib/python3.12/site-packages/airflow/example_dags/tutorial_taskflow_api.py for tasks to queue
[2026-05-18T06:04:29.807+0000] {logging_mixin.py:190} INFO - [2026-05-18T06:04:29.807+0000] {dagbag.py:588} INFO - Filling up the DagBag from /home/noelsdavid/airflow_venv/lib/python3.12/site-packages/airflow/example_dags/tutorial_taskflow_api.py
[2026-05-18T06:04:29.819+0000] {processor.py:925} INFO - DAG(s) 'tutorial_taskflow_api' retrieved from /home/noelsdavid/airflow_venv/lib/python3.12/site-packages/airflow/example_dags/tutorial_taskflow_api.py
[2026-05-18T06:04:29.840+0000] {logging_mixin.py:190} INFO - [2026-05-18T06:04:29.840+0000] {dag.py:3239} INFO - Sync 1 DAGs
[2026-05-18T06:04:29.856+0000] {logging_mixin.py:190} INFO - [2026-05-18T06:04:29.855+0000] {dag.py:4180} INFO - Setting next_dagrun for tutorial_taskflow_api to None, run_after=None
[2026-05-18T06:04:29.884+0000] {processor.py:208} INFO - Processing /home/noelsdavid/airflow_venv/lib/python3.12/site-packages/airflow/example_dags/tutorial_taskflow_api.py took 0.090 seconds
[2026-05-18T06:05:39.456+0000] {processor.py:186} INFO - Started process (PID=7228) to work on /home/noelsdavid/airflow_venv/lib/python3.12/site-packages/airflow/example_dags/tutorial_taskflow_api.py
[2026-05-18T06:05:39.458+0000] {processor.py:914} INFO - Processing file /home/noelsdavid/airflow_venv/lib/python3.12/site-packages/airflow/example_dags/tutorial_taskflow_api.py for tasks to queue
[2026-05-18T06:05:39.462+0000] {logging_mixin.py:190} INFO - [2026-05-18T06:05:39.461+0000] {dagbag.py:588} INFO - Filling up the DagBag from /home/noelsdavid/airflow_venv/lib/python3.12/site-packages/airflow/example_dags/tutorial_taskflow_api.py
[2026-05-18T06:05:39.647+0000] {processor.py:925} INFO - DAG(s) 'tutorial_taskflow_api' retrieved from /home/noelsdavid/airflow_venv/lib/python3.12/site-packages/airflow/example_dags/tutorial_taskflow_api.py
[2026-05-18T06:05:39.662+0000] {logging_mixin.py:190} INFO - [2026-05-18T06:05:39.662+0000] {dag.py:3239} INFO - Sync 1 DAGs
[2026-05-18T06:05:39.676+0000] {logging_mixin.py:190} INFO - [2026-05-18T06:05:39.675+0000] {dag.py:4180} INFO - Setting next_dagrun for tutorial_taskflow_api to None, run_after=None
[2026-05-18T06:05:39.706+0000] {processor.py:208} INFO - Processing /home/noelsdavid/airflow_venv/lib/python3.12/site-packages/airflow/example_dags/tutorial_taskflow_api.py took 0.259 seconds
[2026-05-18T06:06:42.915+0000] {processor.py:186} INFO - Started process (PID=7289) to work on /home/noelsdavid/airflow_venv/lib/python3.12/site-packages/airflow/example_dags/tutorial_taskflow_api.py
[2026-05-18T06:06:42.917+0000] {processor.py:914} INFO - Processing file /home/noelsdavid/airflow_venv/lib/python3.12/site-packages/airflow/example_dags/tutorial_taskflow_api.py for tasks to queue
[2026-05-18T06:06:42.920+0000] {logging_mixin.py:190} INFO - [2026-05-18T06:06:42.920+0000] {dagbag.py:588} INFO - Filling up the DagBag from /home/noelsdavid/airflow_venv/lib/python3.12/site-packages/airflow/example_dags/tutorial_taskflow_api.py
[2026-05-18T06:06:42.933+0000] {processor.py:925} INFO - DAG(s) 'tutorial_taskflow_api' retrieved from /home/noelsdavid/airflow_venv/lib/python3.12/site-packages/airflow/example_dags/tutorial_taskflow_api.py
[2026-05-18T06:06:42.955+0000] {logging_mixin.py:190} INFO - [2026-05-18T06:06:42.954+0000] {dag.py:3239} INFO - Sync 1 DAGs
[2026-05-18T06:06:42.972+0000] {logging_mixin.py:190} INFO - [2026-05-18T06:06:42.971+0000] {dag.py:4180} INFO - Setting next_dagrun for tutorial_taskflow_api to None, run_after=None
[2026-05-18T06:06:43.002+0000] {processor.py:208} INFO - Processing /home/noelsdavid/airflow_venv/lib/python3.12/site-packages/airflow/example_dags/tutorial_taskflow_api.py took 0.096 seconds
[2026-05-18T06:07:39.839+0000] {processor.py:186} INFO - Started process (PID=7347) to work on /home/noelsdavid/airflow_venv/lib/python3.12/site-packages/airflow/example_dags/tutorial_taskflow_api.py
[2026-05-18T06:07:39.842+0000] {processor.py:914} INFO - Processing file /home/noelsdavid/airflow_venv/lib/python3.12/site-packages/airflow/example_dags/tutorial_taskflow_api.py for tasks to queue
[2026-05-18T06:07:39.845+0000] {logging_mixin.py:190} INFO - [2026-05-18T06:07:39.844+0000] {dagbag.py:588} INFO - Filling up the DagBag from /home/noelsdavid/airflow_venv/lib/python3.12/site-packages/airflow/example_dags/tutorial_taskflow_api.py
[2026-05-18T06:07:39.858+0000] {processor.py:925} INFO - DAG(s) 'tutorial_taskflow_api' retrieved from /home/noelsdavid/airflow_venv/lib/python3.12/site-packages/airflow/example_dags/tutorial_taskflow_api.py
[2026-05-18T06:07:39.880+0000] {logging_mixin.py:190} INFO - [2026-05-18T06:07:39.880+0000] {dag.py:3239} INFO - Sync 1 DAGs
[2026-05-18T06:07:39.898+0000] {logging_mixin.py:190} INFO - [2026-05-18T06:07:39.898+0000] {dag.py:4180} INFO - Setting next_dagrun for tutorial_taskflow_api to None, run_after=None
[2026-05-18T06:07:39.932+0000] {processor.py:208} INFO - Processing /home/noelsdavid/airflow_venv/lib/python3.12/site-packages/airflow/example_dags/tutorial_taskflow_api.py took 0.101 seconds
[2026-05-18T06:08:46.848+0000] {processor.py:186} INFO - Started process (PID=7410) to work on /home/noelsdavid/airflow_venv/lib/python3.12/site-packages/airflow/example_dags/tutorial_taskflow_api.py
[2026-05-18T06:08:46.850+0000] {processor.py:914} INFO - Processing file /home/noelsdavid/airflow_venv/lib/python3.12/site-packages/airflow/example_dags/tutorial_taskflow_api.py for tasks to queue
[2026-05-18T06:08:46.854+0000] {logging_mixin.py:190} INFO - [2026-05-18T06:08:46.853+0000] {dagbag.py:588} INFO - Filling up the DagBag from /home/noelsdavid/airflow_venv/lib/python3.12/site-packages/airflow/example_dags/tutorial_taskflow_api.py
[2026-05-18T06:08:46.866+0000] {processor.py:925} INFO - DAG(s) 'tutorial_taskflow_api' retrieved from /home/noelsdavid/airflow_venv/lib/python3.12/site-packages/airflow/example_dags/tutorial_taskflow_api.py
[2026-05-18T06:08:46.887+0000] {logging_mixin.py:190} INFO - [2026-05-18T06:08:46.887+0000] {dag.py:3239} INFO - Sync 1 DAGs
[2026-05-18T06:08:46.905+0000] {logging_mixin.py:190} INFO - [2026-05-18T06:08:46.905+0000] {dag.py:4180} INFO - Setting next_dagrun for tutorial_taskflow_api to None, run_after=None
[2026-05-18T06:08:46.939+0000] {processor.py:208} INFO - Processing /home/noelsdavid/airflow_venv/lib/python3.12/site-packages/airflow/example_dags/tutorial_taskflow_api.py took 0.099 seconds
[2026-05-18T06:09:49.364+0000] {processor.py:186} INFO - Started process (PID=7469) to work on /home/noelsdavid/airflow_venv/lib/python3.12/site-packages/airflow/example_dags/tutorial_taskflow_api.py
[2026-05-18T06:09:49.367+0000] {processor.py:914} INFO - Processing file /home/noelsdavid/airflow_venv/lib/python3.12/site-packages/airflow/example_dags/tutorial_taskflow_api.py for tasks to queue
[2026-05-18T06:09:49.370+0000] {logging_mixin.py:190} INFO - [2026-05-18T06:09:49.370+0000] {dagbag.py:588} INFO - Filling up the DagBag from /home/noelsdavid/airflow_venv/lib/python3.12/site-packages/airflow/example_dags/tutorial_taskflow_api.py
[2026-05-18T06:09:49.384+0000] {processor.py:925} INFO - DAG(s) 'tutorial_taskflow_api' retrieved from /home/noelsdavid/airflow_venv/lib/python3.12/site-packages/airflow/example_dags/tutorial_taskflow_api.py
[2026-05-18T06:09:49.407+0000] {logging_mixin.py:190} INFO - [2026-05-18T06:09:49.407+0000] {dag.py:3239} INFO - Sync 1 DAGs
[2026-05-18T06:09:49.424+0000] {logging_mixin.py:190} INFO - [2026-05-18T06:09:49.424+0000] {dag.py:4180} INFO - Setting next_dagrun for tutorial_taskflow_api to None, run_after=None
[2026-05-18T06:09:49.460+0000] {processor.py:208} INFO - Processing /home/noelsdavid/airflow_venv/lib/python3.12/site-packages/airflow/example_dags/tutorial_taskflow_api.py took 0.104 seconds
[2026-05-18T06:10:49.456+0000] {processor.py:186} INFO - Started process (PID=7552) to work on /home/noelsdavid/airflow_venv/lib/python3.12/site-packages/airflow/example_dags/tutorial_taskflow_api.py
[2026-05-18T06:10:49.459+0000] {processor.py:914} INFO - Processing file /home/noelsdavid/airflow_venv/lib/python3.12/site-packages/airflow/example_dags/tutorial_taskflow_api.py for tasks to queue
[2026-05-18T06:10:49.462+0000] {logging_mixin.py:190} INFO - [2026-05-18T06:10:49.462+0000] {dagbag.py:588} INFO - Filling up the DagBag from /home/noelsdavid/airflow_venv/lib/python3.12/site-packages/airflow/example_dags/tutorial_taskflow_api.py
[2026-05-18T06:10:49.475+0000] {processor.py:925} INFO - DAG(s) 'tutorial_taskflow_api' retrieved from /home/noelsdavid/airflow_venv/lib/python3.12/site-packages/airflow/example_dags/tutorial_taskflow_api.py
[2026-05-18T06:10:49.496+0000] {logging_mixin.py:190} INFO - [2026-05-18T06:10:49.496+0000] {dag.py:3239} INFO - Sync 1 DAGs
[2026-05-18T06:10:49.513+0000] {logging_mixin.py:190} INFO - [2026-05-18T06:10:49.512+0000] {dag.py:4180} INFO - Setting next_dagrun for tutorial_taskflow_api to None, run_after=None
[2026-05-18T06:10:49.544+0000] {processor.py:208} INFO - Processing /home/noelsdavid/airflow_venv/lib/python3.12/site-packages/airflow/example_dags/tutorial_taskflow_api.py took 0.096 seconds
[2026-05-18T06:11:48.974+0000] {processor.py:186} INFO - Started process (PID=7612) to work on /home/noelsdavid/airflow_venv/lib/python3.12/site-packages/airflow/example_dags/tutorial_taskflow_api.py
[2026-05-18T06:11:48.977+0000] {processor.py:914} INFO - Processing file /home/noelsdavid/airflow_venv/lib/python3.12/site-packages/airflow/example_dags/tutorial_taskflow_api.py for tasks to queue
[2026-05-18T06:11:48.980+0000] {logging_mixin.py:190} INFO - [2026-05-18T06:11:48.979+0000] {dagbag.py:588} INFO - Filling up the DagBag from /home/noelsdavid/airflow_venv/lib/python3.12/site-packages/airflow/example_dags/tutorial_taskflow_api.py
[2026-05-18T06:11:48.993+0000] {processor.py:925} INFO - DAG(s) 'tutorial_taskflow_api' retrieved from /home/noelsdavid/airflow_venv/lib/python3.12/site-packages/airflow/example_dags/tutorial_taskflow_api.py
[2026-05-18T06:11:49.018+0000] {logging_mixin.py:190} INFO - [2026-05-18T06:11:49.018+0000] {dag.py:3239} INFO - Sync 1 DAGs
[2026-05-18T06:11:49.036+0000] {logging_mixin.py:190} INFO - [2026-05-18T06:11:49.036+0000] {dag.py:4180} INFO - Setting next_dagrun for tutorial_taskflow_api to None, run_after=None
[2026-05-18T06:11:49.074+0000] {processor.py:208} INFO - Processing /home/noelsdavid/airflow_venv/lib/python3.12/site-packages/airflow/example_dags/tutorial_taskflow_api.py took 0.109 seconds
[2026-05-18T06:12:47.195+0000] {processor.py:186} INFO - Started process (PID=7670) to work on /home/noelsdavid/airflow_venv/lib/python3.12/site-packages/airflow/example_dags/tutorial_taskflow_api.py
[2026-05-18T06:12:47.217+0000] {processor.py:914} INFO - Processing file /home/noelsdavid/airflow_venv/lib/python3.12/site-packages/airflow/example_dags/tutorial_taskflow_api.py for tasks to queue
[2026-05-18T06:12:47.220+0000] {logging_mixin.py:190} INFO - [2026-05-18T06:12:47.220+0000] {dagbag.py:588} INFO - Filling up the DagBag from /home/noelsdavid/airflow_venv/lib/python3.12/site-packages/airflow/example_dags/tutorial_taskflow_api.py
[2026-05-18T06:12:47.233+0000] {processor.py:925} INFO - DAG(s) 'tutorial_taskflow_api' retrieved from /home/noelsdavid/airflow_venv/lib/python3.12/site-packages/airflow/example_dags/tutorial_taskflow_api.py
[2026-05-18T06:12:47.255+0000] {logging_mixin.py:190} INFO - [2026-05-18T06:12:47.254+0000] {dag.py:3239} INFO - Sync 1 DAGs
[2026-05-18T06:12:47.272+0000] {logging_mixin.py:190} INFO - [2026-05-18T06:12:47.272+0000] {dag.py:4180} INFO - Setting next_dagrun for tutorial_taskflow_api to None, run_after=None
[2026-05-18T06:12:47.303+0000] {processor.py:208} INFO - Processing /home/noelsdavid/airflow_venv/lib/python3.12/site-packages/airflow/example_dags/tutorial_taskflow_api.py took 0.117 seconds
[2026-05-18T06:13:52.242+0000] {processor.py:186} INFO - Started process (PID=7730) to work on /home/noelsdavid/airflow_venv/lib/python3.12/site-packages/airflow/example_dags/tutorial_taskflow_api.py
[2026-05-18T06:13:52.245+0000] {processor.py:914} INFO - Processing file /home/noelsdavid/airflow_venv/lib/python3.12/site-packages/airflow/example_dags/tutorial_taskflow_api.py for tasks to queue
[2026-05-18T06:13:52.248+0000] {logging_mixin.py:190} INFO - [2026-05-18T06:13:52.247+0000] {dagbag.py:588} INFO - Filling up the DagBag from /home/noelsdavid/airflow_venv/lib/python3.12/site-packages/airflow/example_dags/tutorial_taskflow_api.py
[2026-05-18T06:13:52.260+0000] {processor.py:925} INFO - DAG(s) 'tutorial_taskflow_api' retrieved from /home/noelsdavid/airflow_venv/lib/python3.12/site-packages/airflow/example_dags/tutorial_taskflow_api.py
[2026-05-18T06:13:52.284+0000] {logging_mixin.py:190} INFO - [2026-05-18T06:13:52.284+0000] {dag.py:3239} INFO - Sync 1 DAGs
[2026-05-18T06:13:52.303+0000] {logging_mixin.py:190} INFO - [2026-05-18T06:13:52.302+0000] {dag.py:4180} INFO - Setting next_dagrun for tutorial_taskflow_api to None, run_after=None
[2026-05-18T06:13:52.334+0000] {processor.py:208} INFO - Processing /home/noelsdavid/airflow_venv/lib/python3.12/site-packages/airflow/example_dags/tutorial_taskflow_api.py took 0.099 seconds
[2026-05-18T06:14:51.780+0000] {processor.py:186} INFO - Started process (PID=7789) to work on /home/noelsdavid/airflow_venv/lib/python3.12/site-packages/airflow/example_dags/tutorial_taskflow_api.py
[2026-05-18T06:14:51.782+0000] {processor.py:914} INFO - Processing file /home/noelsdavid/airflow_venv/lib/python3.12/site-packages/airflow/example_dags/tutorial_taskflow_api.py for tasks to queue
[2026-05-18T06:14:51.786+0000] {logging_mixin.py:190} INFO - [2026-05-18T06:14:51.785+0000] {dagbag.py:588} INFO - Filling up the DagBag from /home/noelsdavid/airflow_venv/lib/python3.12/site-packages/airflow/example_dags/tutorial_taskflow_api.py
[2026-05-18T06:14:51.800+0000] {processor.py:925} INFO - DAG(s) 'tutorial_taskflow_api' retrieved from /home/noelsdavid/airflow_venv/lib/python3.12/site-packages/airflow/example_dags/tutorial_taskflow_api.py
[2026-05-18T06:14:51.822+0000] {logging_mixin.py:190} INFO - [2026-05-18T06:14:51.822+0000] {dag.py:3239} INFO - Sync 1 DAGs
[2026-05-18T06:14:51.839+0000] {logging_mixin.py:190} INFO - [2026-05-18T06:14:51.839+0000] {dag.py:4180} INFO - Setting next_dagrun for tutorial_taskflow_api to None, run_after=None
[2026-05-18T06:14:51.870+0000] {processor.py:208} INFO - Processing /home/noelsdavid/airflow_venv/lib/python3.12/site-packages/airflow/example_dags/tutorial_taskflow_api.py took 0.098 seconds
[2026-05-18T06:15:56.807+0000] {processor.py:186} INFO - Started process (PID=8018) to work on /home/noelsdavid/airflow_venv/lib/python3.12/site-packages/airflow/example_dags/tutorial_taskflow_api.py
[2026-05-18T06:15:56.810+0000] {processor.py:914} INFO - Processing file /home/noelsdavid/airflow_venv/lib/python3.12/site-packages/airflow/example_dags/tutorial_taskflow_api.py for tasks to queue
[2026-05-18T06:15:56.813+0000] {logging_mixin.py:190} INFO - [2026-05-18T06:15:56.812+0000] {dagbag.py:588} INFO - Filling up the DagBag from /home/noelsdavid/airflow_venv/lib/python3.12/site-packages/airflow/example_dags/tutorial_taskflow_api.py
[2026-05-18T06:15:56.826+0000] {processor.py:925} INFO - DAG(s) 'tutorial_taskflow_api' retrieved from /home/noelsdavid/airflow_venv/lib/python3.12/site-packages/airflow/example_dags/tutorial_taskflow_api.py
[2026-05-18T06:15:56.849+0000] {logging_mixin.py:190} INFO - [2026-05-18T06:15:56.849+0000] {dag.py:3239} INFO - Sync 1 DAGs
[2026-05-18T06:15:56.867+0000] {logging_mixin.py:190} INFO - [2026-05-18T06:15:56.867+0000] {dag.py:4180} INFO - Setting next_dagrun for tutorial_taskflow_api to None, run_after=None
[2026-05-18T06:15:56.901+0000] {processor.py:208} INFO - Processing /home/noelsdavid/airflow_venv/lib/python3.12/site-packages/airflow/example_dags/tutorial_taskflow_api.py took 0.102 seconds
[2026-05-18T06:16:59.380+0000] {processor.py:186} INFO - Started process (PID=8180) to work on /home/noelsdavid/airflow_venv/lib/python3.12/site-packages/airflow/example_dags/tutorial_taskflow_api.py
[2026-05-18T06:16:59.383+0000] {processor.py:914} INFO - Processing file /home/noelsdavid/airflow_venv/lib/python3.12/site-packages/airflow/example_dags/tutorial_taskflow_api.py for tasks to queue
[2026-05-18T06:16:59.386+0000] {logging_mixin.py:190} INFO - [2026-05-18T06:16:59.386+0000] {dagbag.py:588} INFO - Filling up the DagBag from /home/noelsdavid/airflow_venv/lib/python3.12/site-packages/airflow/example_dags/tutorial_taskflow_api.py
[2026-05-18T06:16:59.399+0000] {processor.py:925} INFO - DAG(s) 'tutorial_taskflow_api' retrieved from /home/noelsdavid/airflow_venv/lib/python3.12/site-packages/airflow/example_dags/tutorial_taskflow_api.py
[2026-05-18T06:16:59.421+0000] {logging_mixin.py:190} INFO - [2026-05-18T06:16:59.420+0000] {dag.py:3239} INFO - Sync 1 DAGs
[2026-05-18T06:16:59.438+0000] {logging_mixin.py:190} INFO - [2026-05-18T06:16:59.437+0000] {dag.py:4180} INFO - Setting next_dagrun for tutorial_taskflow_api to None, run_after=None
[2026-05-18T06:16:59.468+0000] {processor.py:208} INFO - Processing /home/noelsdavid/airflow_venv/lib/python3.12/site-packages/airflow/example_dags/tutorial_taskflow_api.py took 0.096 seconds
[2026-05-18T06:18:02.352+0000] {processor.py:186} INFO - Started process (PID=8392) to work on /home/noelsdavid/airflow_venv/lib/python3.12/site-packages/airflow/example_dags/tutorial_taskflow_api.py
[2026-05-18T06:18:02.355+0000] {processor.py:914} INFO - Processing file /home/noelsdavid/airflow_venv/lib/python3.12/site-packages/airflow/example_dags/tutorial_taskflow_api.py for tasks to queue
[2026-05-18T06:18:02.358+0000] {logging_mixin.py:190} INFO - [2026-05-18T06:18:02.357+0000] {dagbag.py:588} INFO - Filling up the DagBag from /home/noelsdavid/airflow_venv/lib/python3.12/site-packages/airflow/example_dags/tutorial_taskflow_api.py
[2026-05-18T06:18:02.371+0000] {processor.py:925} INFO - DAG(s) 'tutorial_taskflow_api' retrieved from /home/noelsdavid/airflow_venv/lib/python3.12/site-packages/airflow/example_dags/tutorial_taskflow_api.py
[2026-05-18T06:18:02.394+0000] {logging_mixin.py:190} INFO - [2026-05-18T06:18:02.393+0000] {dag.py:3239} INFO - Sync 1 DAGs
[2026-05-18T06:18:02.409+0000] {logging_mixin.py:190} INFO - [2026-05-18T06:18:02.409+0000] {dag.py:4180} INFO - Setting next_dagrun for tutorial_taskflow_api to None, run_after=None
[2026-05-18T06:18:02.446+0000] {processor.py:208} INFO - Processing /home/noelsdavid/airflow_venv/lib/python3.12/site-packages/airflow/example_dags/tutorial_taskflow_api.py took 0.102 seconds
[2026-05-18T06:19:00.297+0000] {processor.py:186} INFO - Started process (PID=8503) to work on /home/noelsdavid/airflow_venv/lib/python3.12/site-packages/airflow/example_dags/tutorial_taskflow_api.py
[2026-05-18T06:19:00.299+0000] {processor.py:914} INFO - Processing file /home/noelsdavid/airflow_venv/lib/python3.12/site-packages/airflow/example_dags/tutorial_taskflow_api.py for tasks to queue
[2026-05-18T06:19:00.302+0000] {logging_mixin.py:190} INFO - [2026-05-18T06:19:00.302+0000] {dagbag.py:588} INFO - Filling up the DagBag from /home/noelsdavid/airflow_venv/lib/python3.12/site-packages/airflow/example_dags/tutorial_taskflow_api.py
[2026-05-18T06:19:00.317+0000] {processor.py:925} INFO - DAG(s) 'tutorial_taskflow_api' retrieved from /home/noelsdavid/airflow_venv/lib/python3.12/site-packages/airflow/example_dags/tutorial_taskflow_api.py
[2026-05-18T06:19:00.337+0000] {logging_mixin.py:190} INFO - [2026-05-18T06:19:00.337+0000] {dag.py:3239} INFO - Sync 1 DAGs
[2026-05-18T06:19:00.354+0000] {logging_mixin.py:190} INFO - [2026-05-18T06:19:00.354+0000] {dag.py:4180} INFO - Setting next_dagrun for tutorial_taskflow_api to None, run_after=None
[2026-05-18T06:19:00.385+0000] {processor.py:208} INFO - Processing /home/noelsdavid/airflow_venv/lib/python3.12/site-packages/airflow/example_dags/tutorial_taskflow_api.py took 0.096 seconds
[2026-05-18T06:20:03.606+0000] {processor.py:186} INFO - Started process (PID=8564) to work on /home/noelsdavid/airflow_venv/lib/python3.12/site-packages/airflow/example_dags/tutorial_taskflow_api.py
[2026-05-18T06:20:03.609+0000] {processor.py:914} INFO - Processing file /home/noelsdavid/airflow_venv/lib/python3.12/site-packages/airflow/example_dags/tutorial_taskflow_api.py for tasks to queue
[2026-05-18T06:20:03.612+0000] {logging_mixin.py:190} INFO - [2026-05-18T06:20:03.611+0000] {dagbag.py:588} INFO - Filling up the DagBag from /home/noelsdavid/airflow_venv/lib/python3.12/site-packages/airflow/example_dags/tutorial_taskflow_api.py
[2026-05-18T06:20:03.624+0000] {processor.py:925} INFO - DAG(s) 'tutorial_taskflow_api' retrieved from /home/noelsdavid/airflow_venv/lib/python3.12/site-packages/airflow/example_dags/tutorial_taskflow_api.py
[2026-05-18T06:20:03.646+0000] {logging_mixin.py:190} INFO - [2026-05-18T06:20:03.645+0000] {dag.py:3239} INFO - Sync 1 DAGs
[2026-05-18T06:20:03.662+0000] {logging_mixin.py:190} INFO - [2026-05-18T06:20:03.661+0000] {dag.py:4180} INFO - Setting next_dagrun for tutorial_taskflow_api to None, run_after=None
[2026-05-18T06:20:03.694+0000] {processor.py:208} INFO - Processing /home/noelsdavid/airflow_venv/lib/python3.12/site-packages/airflow/example_dags/tutorial_taskflow_api.py took 0.096 seconds
[2026-05-18T06:21:05.207+0000] {processor.py:186} INFO - Started process (PID=8651) to work on /home/noelsdavid/airflow_venv/lib/python3.12/site-packages/airflow/example_dags/tutorial_taskflow_api.py
[2026-05-18T06:21:05.210+0000] {processor.py:914} INFO - Processing file /home/noelsdavid/airflow_venv/lib/python3.12/site-packages/airflow/example_dags/tutorial_taskflow_api.py for tasks to queue
[2026-05-18T06:21:05.212+0000] {logging_mixin.py:190} INFO - [2026-05-18T06:21:05.211+0000] {dagbag.py:588} INFO - Filling up the DagBag from /home/noelsdavid/airflow_venv/lib/python3.12/site-packages/airflow/example_dags/tutorial_taskflow_api.py
[2026-05-18T06:21:05.224+0000] {processor.py:925} INFO - DAG(s) 'tutorial_taskflow_api' retrieved from /home/noelsdavid/airflow_venv/lib/python3.12/site-packages/airflow/example_dags/tutorial_taskflow_api.py
[2026-05-18T06:21:05.245+0000] {logging_mixin.py:190} INFO - [2026-05-18T06:21:05.245+0000] {dag.py:3239} INFO - Sync 1 DAGs
[2026-05-18T06:21:05.262+0000] {logging_mixin.py:190} INFO - [2026-05-18T06:21:05.262+0000] {dag.py:4180} INFO - Setting next_dagrun for tutorial_taskflow_api to None, run_after=None
[2026-05-18T06:21:05.292+0000] {processor.py:208} INFO - Processing /home/noelsdavid/airflow_venv/lib/python3.12/site-packages/airflow/example_dags/tutorial_taskflow_api.py took 0.093 seconds
[2026-05-18T06:22:10.593+0000] {processor.py:186} INFO - Started process (PID=8715) to work on /home/noelsdavid/airflow_venv/lib/python3.12/site-packages/airflow/example_dags/tutorial_taskflow_api.py
[2026-05-18T06:22:10.596+0000] {processor.py:914} INFO - Processing file /home/noelsdavid/airflow_venv/lib/python3.12/site-packages/airflow/example_dags/tutorial_taskflow_api.py for tasks to queue
[2026-05-18T06:22:10.598+0000] {logging_mixin.py:190} INFO - [2026-05-18T06:22:10.597+0000] {dagbag.py:588} INFO - Filling up the DagBag from /home/noelsdavid/airflow_venv/lib/python3.12/site-packages/airflow/example_dags/tutorial_taskflow_api.py
[2026-05-18T06:22:10.612+0000] {processor.py:925} INFO - DAG(s) 'tutorial_taskflow_api' retrieved from /home/noelsdavid/airflow_venv/lib/python3.12/site-packages/airflow/example_dags/tutorial_taskflow_api.py
[2026-05-18T06:22:10.636+0000] {logging_mixin.py:190} INFO - [2026-05-18T06:22:10.635+0000] {dag.py:3239} INFO - Sync 1 DAGs
[2026-05-18T06:22:10.653+0000] {logging_mixin.py:190} INFO - [2026-05-18T06:22:10.653+0000] {dag.py:4180} INFO - Setting next_dagrun for tutorial_taskflow_api to None, run_after=None
[2026-05-18T06:22:10.686+0000] {processor.py:208} INFO - Processing /home/noelsdavid/airflow_venv/lib/python3.12/site-packages/airflow/example_dags/tutorial_taskflow_api.py took 0.101 seconds
[2026-05-18T06:23:12.475+0000] {processor.py:186} INFO - Started process (PID=8774) to work on /home/noelsdavid/airflow_venv/lib/python3.12/site-packages/airflow/example_dags/tutorial_taskflow_api.py
[2026-05-18T06:23:12.478+0000] {processor.py:914} INFO - Processing file /home/noelsdavid/airflow_venv/lib/python3.12/site-packages/airflow/example_dags/tutorial_taskflow_api.py for tasks to queue
[2026-05-18T06:23:12.480+0000] {logging_mixin.py:190} INFO - [2026-05-18T06:23:12.479+0000] {dagbag.py:588} INFO - Filling up the DagBag from /home/noelsdavid/airflow_venv/lib/python3.12/site-packages/airflow/example_dags/tutorial_taskflow_api.py
[2026-05-18T06:23:12.494+0000] {processor.py:925} INFO - DAG(s) 'tutorial_taskflow_api' retrieved from /home/noelsdavid/airflow_venv/lib/python3.12/site-packages/airflow/example_dags/tutorial_taskflow_api.py
[2026-05-18T06:23:12.516+0000] {logging_mixin.py:190} INFO - [2026-05-18T06:23:12.515+0000] {dag.py:3239} INFO - Sync 1 DAGs
[2026-05-18T06:23:12.535+0000] {logging_mixin.py:190} INFO - [2026-05-18T06:23:12.535+0000] {dag.py:4180} INFO - Setting next_dagrun for tutorial_taskflow_api to None, run_after=None
[2026-05-18T06:23:12.578+0000] {processor.py:208} INFO - Processing /home/noelsdavid/airflow_venv/lib/python3.12/site-packages/airflow/example_dags/tutorial_taskflow_api.py took 0.112 seconds
[2026-05-18T06:24:18.478+0000] {processor.py:186} INFO - Started process (PID=8837) to work on /home/noelsdavid/airflow_venv/lib/python3.12/site-packages/airflow/example_dags/tutorial_taskflow_api.py
[2026-05-18T06:24:18.480+0000] {processor.py:914} INFO - Processing file /home/noelsdavid/airflow_venv/lib/python3.12/site-packages/airflow/example_dags/tutorial_taskflow_api.py for tasks to queue
[2026-05-18T06:24:18.482+0000] {logging_mixin.py:190} INFO - [2026-05-18T06:24:18.482+0000] {dagbag.py:588} INFO - Filling up the DagBag from /home/noelsdavid/airflow_venv/lib/python3.12/site-packages/airflow/example_dags/tutorial_taskflow_api.py
[2026-05-18T06:24:18.495+0000] {processor.py:925} INFO - DAG(s) 'tutorial_taskflow_api' retrieved from /home/noelsdavid/airflow_venv/lib/python3.12/site-packages/airflow/example_dags/tutorial_taskflow_api.py
[2026-05-18T06:24:18.517+0000] {logging_mixin.py:190} INFO - [2026-05-18T06:24:18.516+0000] {dag.py:3239} INFO - Sync 1 DAGs
[2026-05-18T06:24:18.536+0000] {logging_mixin.py:190} INFO - [2026-05-18T06:24:18.536+0000] {dag.py:4180} INFO - Setting next_dagrun for tutorial_taskflow_api to None, run_after=None
[2026-05-18T06:24:18.567+0000] {processor.py:208} INFO - Processing /home/noelsdavid/airflow_venv/lib/python3.12/site-packages/airflow/example_dags/tutorial_taskflow_api.py took 0.097 seconds
[2026-05-18T06:25:22.510+0000] {processor.py:186} INFO - Started process (PID=8924) to work on /home/noelsdavid/airflow_venv/lib/python3.12/site-packages/airflow/example_dags/tutorial_taskflow_api.py
[2026-05-18T06:25:22.512+0000] {processor.py:914} INFO - Processing file /home/noelsdavid/airflow_venv/lib/python3.12/site-packages/airflow/example_dags/tutorial_taskflow_api.py for tasks to queue
[2026-05-18T06:25:22.515+0000] {logging_mixin.py:190} INFO - [2026-05-18T06:25:22.514+0000] {dagbag.py:588} INFO - Filling up the DagBag from /home/noelsdavid/airflow_venv/lib/python3.12/site-packages/airflow/example_dags/tutorial_taskflow_api.py
[2026-05-18T06:25:22.529+0000] {processor.py:925} INFO - DAG(s) 'tutorial_taskflow_api' retrieved from /home/noelsdavid/airflow_venv/lib/python3.12/site-packages/airflow/example_dags/tutorial_taskflow_api.py
[2026-05-18T06:25:22.551+0000] {logging_mixin.py:190} INFO - [2026-05-18T06:25:22.550+0000] {dag.py:3239} INFO - Sync 1 DAGs
[2026-05-18T06:25:22.568+0000] {logging_mixin.py:190} INFO - [2026-05-18T06:25:22.568+0000] {dag.py:4180} INFO - Setting next_dagrun for tutorial_taskflow_api to None, run_after=None
[2026-05-18T06:25:22.599+0000] {processor.py:208} INFO - Processing /home/noelsdavid/airflow_venv/lib/python3.12/site-packages/airflow/example_dags/tutorial_taskflow_api.py took 0.097 seconds
[2026-05-18T06:26:26.967+0000] {processor.py:186} INFO - Started process (PID=9040) to work on /home/noelsdavid/airflow_venv/lib/python3.12/site-packages/airflow/example_dags/tutorial_taskflow_api.py
[2026-05-18T06:26:26.969+0000] {processor.py:914} INFO - Processing file /home/noelsdavid/airflow_venv/lib/python3.12/site-packages/airflow/example_dags/tutorial_taskflow_api.py for tasks to queue
[2026-05-18T06:26:26.971+0000] {logging_mixin.py:190} INFO - [2026-05-18T06:26:26.970+0000] {dagbag.py:588} INFO - Filling up the DagBag from /home/noelsdavid/airflow_venv/lib/python3.12/site-packages/airflow/example_dags/tutorial_taskflow_api.py
[2026-05-18T06:26:26.985+0000] {processor.py:925} INFO - DAG(s) 'tutorial_taskflow_api' retrieved from /home/noelsdavid/airflow_venv/lib/python3.12/site-packages/airflow/example_dags/tutorial_taskflow_api.py
[2026-05-18T06:26:27.008+0000] {logging_mixin.py:190} INFO - [2026-05-18T06:26:27.008+0000] {dag.py:3239} INFO - Sync 1 DAGs
[2026-05-18T06:26:27.025+0000] {logging_mixin.py:190} INFO - [2026-05-18T06:26:27.025+0000] {dag.py:4180} INFO - Setting next_dagrun for tutorial_taskflow_api to None, run_after=None
[2026-05-18T06:26:27.057+0000] {processor.py:208} INFO - Processing /home/noelsdavid/airflow_venv/lib/python3.12/site-packages/airflow/example_dags/tutorial_taskflow_api.py took 0.099 seconds
[2026-05-18T06:27:50.960+0000] {processor.py:186} INFO - Started process (PID=9601) to work on /home/noelsdavid/airflow_venv/lib/python3.12/site-packages/airflow/example_dags/tutorial_taskflow_api.py
[2026-05-18T06:27:50.962+0000] {processor.py:914} INFO - Processing file /home/noelsdavid/airflow_venv/lib/python3.12/site-packages/airflow/example_dags/tutorial_taskflow_api.py for tasks to queue
[2026-05-18T06:27:50.964+0000] {logging_mixin.py:190} INFO - [2026-05-18T06:27:50.964+0000] {dagbag.py:588} INFO - Filling up the DagBag from /home/noelsdavid/airflow_venv/lib/python3.12/site-packages/airflow/example_dags/tutorial_taskflow_api.py
[2026-05-18T06:27:50.978+0000] {processor.py:925} INFO - DAG(s) 'tutorial_taskflow_api' retrieved from /home/noelsdavid/airflow_venv/lib/python3.12/site-packages/airflow/example_dags/tutorial_taskflow_api.py
[2026-05-18T06:27:51.000+0000] {logging_mixin.py:190} INFO - [2026-05-18T06:27:51.000+0000] {dag.py:3239} INFO - Sync 1 DAGs
[2026-05-18T06:27:51.019+0000] {logging_mixin.py:190} INFO - [2026-05-18T06:27:51.018+0000] {dag.py:4180} INFO - Setting next_dagrun for tutorial_taskflow_api to None, run_after=None
[2026-05-18T06:27:51.051+0000] {processor.py:208} INFO - Processing /home/noelsdavid/airflow_venv/lib/python3.12/site-packages/airflow/example_dags/tutorial_taskflow_api.py took 0.099 seconds
[2026-05-18T06:28:31.662+0000] {processor.py:186} INFO - Started process (PID=9722) to work on /home/noelsdavid/airflow_venv/lib/python3.12/site-packages/airflow/example_dags/tutorial_taskflow_api.py
[2026-05-18T06:28:31.667+0000] {processor.py:914} INFO - Processing file /home/noelsdavid/airflow_venv/lib/python3.12/site-packages/airflow/example_dags/tutorial_taskflow_api.py for tasks to queue
[2026-05-18T06:28:31.671+0000] {logging_mixin.py:190} INFO - [2026-05-18T06:28:31.670+0000] {dagbag.py:588} INFO - Filling up the DagBag from /home/noelsdavid/airflow_venv/lib/python3.12/site-packages/airflow/example_dags/tutorial_taskflow_api.py
[2026-05-18T06:28:31.709+0000] {processor.py:925} INFO - DAG(s) 'tutorial_taskflow_api' retrieved from /home/noelsdavid/airflow_venv/lib/python3.12/site-packages/airflow/example_dags/tutorial_taskflow_api.py
[2026-05-18T06:28:31.754+0000] {logging_mixin.py:190} INFO - [2026-05-18T06:28:31.753+0000] {dag.py:3239} INFO - Sync 1 DAGs
[2026-05-18T06:28:31.788+0000] {logging_mixin.py:190} INFO - [2026-05-18T06:28:31.787+0000] {dag.py:4180} INFO - Setting next_dagrun for tutorial_taskflow_api to None, run_after=None
[2026-05-18T06:28:31.835+0000] {processor.py:208} INFO - Processing /home/noelsdavid/airflow_venv/lib/python3.12/site-packages/airflow/example_dags/tutorial_taskflow_api.py took 0.191 seconds
[2026-05-18T06:29:39.711+0000] {processor.py:186} INFO - Started process (PID=9785) to work on /home/noelsdavid/airflow_venv/lib/python3.12/site-packages/airflow/example_dags/tutorial_taskflow_api.py
[2026-05-18T06:29:39.713+0000] {processor.py:914} INFO - Processing file /home/noelsdavid/airflow_venv/lib/python3.12/site-packages/airflow/example_dags/tutorial_taskflow_api.py for tasks to queue
[2026-05-18T06:29:39.715+0000] {logging_mixin.py:190} INFO - [2026-05-18T06:29:39.715+0000] {dagbag.py:588} INFO - Filling up the DagBag from /home/noelsdavid/airflow_venv/lib/python3.12/site-packages/airflow/example_dags/tutorial_taskflow_api.py
[2026-05-18T06:29:39.728+0000] {processor.py:925} INFO - DAG(s) 'tutorial_taskflow_api' retrieved from /home/noelsdavid/airflow_venv/lib/python3.12/site-packages/airflow/example_dags/tutorial_taskflow_api.py
[2026-05-18T06:29:39.748+0000] {logging_mixin.py:190} INFO - [2026-05-18T06:29:39.748+0000] {dag.py:3239} INFO - Sync 1 DAGs
[2026-05-18T06:29:39.772+0000] {logging_mixin.py:190} INFO - [2026-05-18T06:29:39.771+0000] {dag.py:4180} INFO - Setting next_dagrun for tutorial_taskflow_api to None, run_after=None
[2026-05-18T06:29:39.802+0000] {processor.py:208} INFO - Processing /home/noelsdavid/airflow_venv/lib/python3.12/site-packages/airflow/example_dags/tutorial_taskflow_api.py took 0.099 seconds
[2026-05-18T06:30:43.884+0000] {processor.py:186} INFO - Started process (PID=9872) to work on /home/noelsdavid/airflow_venv/lib/python3.12/site-packages/airflow/example_dags/tutorial_taskflow_api.py
[2026-05-18T06:30:43.888+0000] {processor.py:914} INFO - Processing file /home/noelsdavid/airflow_venv/lib/python3.12/site-packages/airflow/example_dags/tutorial_taskflow_api.py for tasks to queue
[2026-05-18T06:30:43.892+0000] {logging_mixin.py:190} INFO - [2026-05-18T06:30:43.891+0000] {dagbag.py:588} INFO - Filling up the DagBag from /home/noelsdavid/airflow_venv/lib/python3.12/site-packages/airflow/example_dags/tutorial_taskflow_api.py
[2026-05-18T06:30:43.912+0000] {processor.py:925} INFO - DAG(s) 'tutorial_taskflow_api' retrieved from /home/noelsdavid/airflow_venv/lib/python3.12/site-packages/airflow/example_dags/tutorial_taskflow_api.py
[2026-05-18T06:30:43.938+0000] {logging_mixin.py:190} INFO - [2026-05-18T06:30:43.938+0000] {dag.py:3239} INFO - Sync 1 DAGs
[2026-05-18T06:30:43.958+0000] {logging_mixin.py:190} INFO - [2026-05-18T06:30:43.958+0000] {dag.py:4180} INFO - Setting next_dagrun for tutorial_taskflow_api to None, run_after=None
[2026-05-18T06:30:43.996+0000] {processor.py:208} INFO - Processing /home/noelsdavid/airflow_venv/lib/python3.12/site-packages/airflow/example_dags/tutorial_taskflow_api.py took 0.124 seconds
[2026-05-18T06:31:49.814+0000] {processor.py:186} INFO - Started process (PID=9935) to work on /home/noelsdavid/airflow_venv/lib/python3.12/site-packages/airflow/example_dags/tutorial_taskflow_api.py
[2026-05-18T06:31:49.817+0000] {processor.py:914} INFO - Processing file /home/noelsdavid/airflow_venv/lib/python3.12/site-packages/airflow/example_dags/tutorial_taskflow_api.py for tasks to queue
[2026-05-18T06:31:49.819+0000] {logging_mixin.py:190} INFO - [2026-05-18T06:31:49.818+0000] {dagbag.py:588} INFO - Filling up the DagBag from /home/noelsdavid/airflow_venv/lib/python3.12/site-packages/airflow/example_dags/tutorial_taskflow_api.py
[2026-05-18T06:31:49.832+0000] {processor.py:925} INFO - DAG(s) 'tutorial_taskflow_api' retrieved from /home/noelsdavid/airflow_venv/lib/python3.12/site-packages/airflow/example_dags/tutorial_taskflow_api.py
[2026-05-18T06:31:49.854+0000] {logging_mixin.py:190} INFO - [2026-05-18T06:31:49.854+0000] {dag.py:3239} INFO - Sync 1 DAGs
[2026-05-18T06:31:49.872+0000] {logging_mixin.py:190} INFO - [2026-05-18T06:31:49.872+0000] {dag.py:4180} INFO - Setting next_dagrun for tutorial_taskflow_api to None, run_after=None
[2026-05-18T06:31:49.903+0000] {processor.py:208} INFO - Processing /home/noelsdavid/airflow_venv/lib/python3.12/site-packages/airflow/example_dags/tutorial_taskflow_api.py took 0.097 seconds
[2026-05-18T06:32:47.810+0000] {processor.py:186} INFO - Started process (PID=9995) to work on /home/noelsdavid/airflow_venv/lib/python3.12/site-packages/airflow/example_dags/tutorial_taskflow_api.py
[2026-05-18T06:32:47.812+0000] {processor.py:914} INFO - Processing file /home/noelsdavid/airflow_venv/lib/python3.12/site-packages/airflow/example_dags/tutorial_taskflow_api.py for tasks to queue
[2026-05-18T06:32:47.814+0000] {logging_mixin.py:190} INFO - [2026-05-18T06:32:47.814+0000] {dagbag.py:588} INFO - Filling up the DagBag from /home/noelsdavid/airflow_venv/lib/python3.12/site-packages/airflow/example_dags/tutorial_taskflow_api.py
[2026-05-18T06:32:47.828+0000] {processor.py:925} INFO - DAG(s) 'tutorial_taskflow_api' retrieved from /home/noelsdavid/airflow_venv/lib/python3.12/site-packages/airflow/example_dags/tutorial_taskflow_api.py
[2026-05-18T06:32:47.849+0000] {logging_mixin.py:190} INFO - [2026-05-18T06:32:47.849+0000] {dag.py:3239} INFO - Sync 1 DAGs
[2026-05-18T06:32:47.866+0000] {logging_mixin.py:190} INFO - [2026-05-18T06:32:47.865+0000] {dag.py:4180} INFO - Setting next_dagrun for tutorial_taskflow_api to None, run_after=None
[2026-05-18T06:32:47.897+0000] {processor.py:208} INFO - Processing /home/noelsdavid/airflow_venv/lib/python3.12/site-packages/airflow/example_dags/tutorial_taskflow_api.py took 0.095 seconds
[2026-05-18T06:33:53.833+0000] {processor.py:186} INFO - Started process (PID=10066) to work on /home/noelsdavid/airflow_venv/lib/python3.12/site-packages/airflow/example_dags/tutorial_taskflow_api.py
[2026-05-18T06:33:53.836+0000] {processor.py:914} INFO - Processing file /home/noelsdavid/airflow_venv/lib/python3.12/site-packages/airflow/example_dags/tutorial_taskflow_api.py for tasks to queue
[2026-05-18T06:33:53.838+0000] {logging_mixin.py:190} INFO - [2026-05-18T06:33:53.837+0000] {dagbag.py:588} INFO - Filling up the DagBag from /home/noelsdavid/airflow_venv/lib/python3.12/site-packages/airflow/example_dags/tutorial_taskflow_api.py
[2026-05-18T06:33:53.851+0000] {processor.py:925} INFO - DAG(s) 'tutorial_taskflow_api' retrieved from /home/noelsdavid/airflow_venv/lib/python3.12/site-packages/airflow/example_dags/tutorial_taskflow_api.py
[2026-05-18T06:33:53.873+0000] {logging_mixin.py:190} INFO - [2026-05-18T06:33:53.872+0000] {dag.py:3239} INFO - Sync 1 DAGs
[2026-05-18T06:33:53.890+0000] {logging_mixin.py:190} INFO - [2026-05-18T06:33:53.889+0000] {dag.py:4180} INFO - Setting next_dagrun for tutorial_taskflow_api to None, run_after=None
[2026-05-18T06:33:53.920+0000] {processor.py:208} INFO - Processing /home/noelsdavid/airflow_venv/lib/python3.12/site-packages/airflow/example_dags/tutorial_taskflow_api.py took 0.095 seconds
[2026-05-18T06:34:57.135+0000] {processor.py:186} INFO - Started process (PID=10252) to work on /home/noelsdavid/airflow_venv/lib/python3.12/site-packages/airflow/example_dags/tutorial_taskflow_api.py
[2026-05-18T06:34:57.138+0000] {processor.py:914} INFO - Processing file /home/noelsdavid/airflow_venv/lib/python3.12/site-packages/airflow/example_dags/tutorial_taskflow_api.py for tasks to queue
[2026-05-18T06:34:57.140+0000] {logging_mixin.py:190} INFO - [2026-05-18T06:34:57.139+0000] {dagbag.py:588} INFO - Filling up the DagBag from /home/noelsdavid/airflow_venv/lib/python3.12/site-packages/airflow/example_dags/tutorial_taskflow_api.py
[2026-05-18T06:34:57.153+0000] {processor.py:925} INFO - DAG(s) 'tutorial_taskflow_api' retrieved from /home/noelsdavid/airflow_venv/lib/python3.12/site-packages/airflow/example_dags/tutorial_taskflow_api.py
[2026-05-18T06:34:57.175+0000] {logging_mixin.py:190} INFO - [2026-05-18T06:34:57.174+0000] {dag.py:3239} INFO - Sync 1 DAGs
[2026-05-18T06:34:57.193+0000] {logging_mixin.py:190} INFO - [2026-05-18T06:34:57.193+0000] {dag.py:4180} INFO - Setting next_dagrun for tutorial_taskflow_api to None, run_after=None
[2026-05-18T06:34:57.226+0000] {processor.py:208} INFO - Processing /home/noelsdavid/airflow_venv/lib/python3.12/site-packages/airflow/example_dags/tutorial_taskflow_api.py took 0.100 seconds
[2026-05-18T06:36:03.702+0000] {processor.py:186} INFO - Started process (PID=10464) to work on /home/noelsdavid/airflow_venv/lib/python3.12/site-packages/airflow/example_dags/tutorial_taskflow_api.py
[2026-05-18T06:36:03.717+0000] {processor.py:914} INFO - Processing file /home/noelsdavid/airflow_venv/lib/python3.12/site-packages/airflow/example_dags/tutorial_taskflow_api.py for tasks to queue
[2026-05-18T06:36:03.719+0000] {logging_mixin.py:190} INFO - [2026-05-18T06:36:03.719+0000] {dagbag.py:588} INFO - Filling up the DagBag from /home/noelsdavid/airflow_venv/lib/python3.12/site-packages/airflow/example_dags/tutorial_taskflow_api.py
[2026-05-18T06:36:03.732+0000] {processor.py:925} INFO - DAG(s) 'tutorial_taskflow_api' retrieved from /home/noelsdavid/airflow_venv/lib/python3.12/site-packages/airflow/example_dags/tutorial_taskflow_api.py
[2026-05-18T06:36:03.753+0000] {logging_mixin.py:190} INFO - [2026-05-18T06:36:03.753+0000] {dag.py:3239} INFO - Sync 1 DAGs
[2026-05-18T06:36:03.770+0000] {logging_mixin.py:190} INFO - [2026-05-18T06:36:03.770+0000] {dag.py:4180} INFO - Setting next_dagrun for tutorial_taskflow_api to None, run_after=None
[2026-05-18T06:36:03.801+0000] {processor.py:208} INFO - Processing /home/noelsdavid/airflow_venv/lib/python3.12/site-packages/airflow/example_dags/tutorial_taskflow_api.py took 0.108 seconds
[2026-05-18T06:37:03.683+0000] {processor.py:186} INFO - Started process (PID=10722) to work on /home/noelsdavid/airflow_venv/lib/python3.12/site-packages/airflow/example_dags/tutorial_taskflow_api.py
[2026-05-18T06:37:03.685+0000] {processor.py:914} INFO - Processing file /home/noelsdavid/airflow_venv/lib/python3.12/site-packages/airflow/example_dags/tutorial_taskflow_api.py for tasks to queue
[2026-05-18T06:37:03.687+0000] {logging_mixin.py:190} INFO - [2026-05-18T06:37:03.687+0000] {dagbag.py:588} INFO - Filling up the DagBag from /home/noelsdavid/airflow_venv/lib/python3.12/site-packages/airflow/example_dags/tutorial_taskflow_api.py
[2026-05-18T06:37:03.701+0000] {processor.py:925} INFO - DAG(s) 'tutorial_taskflow_api' retrieved from /home/noelsdavid/airflow_venv/lib/python3.12/site-packages/airflow/example_dags/tutorial_taskflow_api.py
[2026-05-18T06:37:03.721+0000] {logging_mixin.py:190} INFO - [2026-05-18T06:37:03.721+0000] {dag.py:3239} INFO - Sync 1 DAGs
[2026-05-18T06:37:03.738+0000] {logging_mixin.py:190} INFO - [2026-05-18T06:37:03.738+0000] {dag.py:4180} INFO - Setting next_dagrun for tutorial_taskflow_api to None, run_after=None
[2026-05-18T06:37:03.767+0000] {processor.py:208} INFO - Processing /home/noelsdavid/airflow_venv/lib/python3.12/site-packages/airflow/example_dags/tutorial_taskflow_api.py took 0.092 seconds
[2026-05-18T06:38:11.494+0000] {processor.py:186} INFO - Started process (PID=10965) to work on /home/noelsdavid/airflow_venv/lib/python3.12/site-packages/airflow/example_dags/tutorial_taskflow_api.py
[2026-05-18T06:38:11.496+0000] {processor.py:914} INFO - Processing file /home/noelsdavid/airflow_venv/lib/python3.12/site-packages/airflow/example_dags/tutorial_taskflow_api.py for tasks to queue
[2026-05-18T06:38:11.498+0000] {logging_mixin.py:190} INFO - [2026-05-18T06:38:11.497+0000] {dagbag.py:588} INFO - Filling up the DagBag from /home/noelsdavid/airflow_venv/lib/python3.12/site-packages/airflow/example_dags/tutorial_taskflow_api.py
[2026-05-18T06:38:11.512+0000] {processor.py:925} INFO - DAG(s) 'tutorial_taskflow_api' retrieved from /home/noelsdavid/airflow_venv/lib/python3.12/site-packages/airflow/example_dags/tutorial_taskflow_api.py
[2026-05-18T06:38:11.533+0000] {logging_mixin.py:190} INFO - [2026-05-18T06:38:11.532+0000] {dag.py:3239} INFO - Sync 1 DAGs
[2026-05-18T06:38:11.550+0000] {logging_mixin.py:190} INFO - [2026-05-18T06:38:11.550+0000] {dag.py:4180} INFO - Setting next_dagrun for tutorial_taskflow_api to None, run_after=None
[2026-05-18T06:38:11.581+0000] {processor.py:208} INFO - Processing /home/noelsdavid/airflow_venv/lib/python3.12/site-packages/airflow/example_dags/tutorial_taskflow_api.py took 0.095 seconds
[2026-05-18T06:39:14.416+0000] {processor.py:186} INFO - Started process (PID=11271) to work on /home/noelsdavid/airflow_venv/lib/python3.12/site-packages/airflow/example_dags/tutorial_taskflow_api.py
[2026-05-18T06:39:14.418+0000] {processor.py:914} INFO - Processing file /home/noelsdavid/airflow_venv/lib/python3.12/site-packages/airflow/example_dags/tutorial_taskflow_api.py for tasks to queue
[2026-05-18T06:39:14.420+0000] {logging_mixin.py:190} INFO - [2026-05-18T06:39:14.419+0000] {dagbag.py:588} INFO - Filling up the DagBag from /home/noelsdavid/airflow_venv/lib/python3.12/site-packages/airflow/example_dags/tutorial_taskflow_api.py
[2026-05-18T06:39:14.432+0000] {processor.py:925} INFO - DAG(s) 'tutorial_taskflow_api' retrieved from /home/noelsdavid/airflow_venv/lib/python3.12/site-packages/airflow/example_dags/tutorial_taskflow_api.py
[2026-05-18T06:39:14.454+0000] {logging_mixin.py:190} INFO - [2026-05-18T06:39:14.453+0000] {dag.py:3239} INFO - Sync 1 DAGs
[2026-05-18T06:39:14.471+0000] {logging_mixin.py:190} INFO - [2026-05-18T06:39:14.470+0000] {dag.py:4180} INFO - Setting next_dagrun for tutorial_taskflow_api to None, run_after=None
[2026-05-18T06:39:14.503+0000] {processor.py:208} INFO - Processing /home/noelsdavid/airflow_venv/lib/python3.12/site-packages/airflow/example_dags/tutorial_taskflow_api.py took 0.095 seconds
[2026-05-18T06:40:23.174+0000] {processor.py:186} INFO - Started process (PID=11548) to work on /home/noelsdavid/airflow_venv/lib/python3.12/site-packages/airflow/example_dags/tutorial_taskflow_api.py
[2026-05-18T06:40:23.176+0000] {processor.py:914} INFO - Processing file /home/noelsdavid/airflow_venv/lib/python3.12/site-packages/airflow/example_dags/tutorial_taskflow_api.py for tasks to queue
[2026-05-18T06:40:23.179+0000] {logging_mixin.py:190} INFO - [2026-05-18T06:40:23.178+0000] {dagbag.py:588} INFO - Filling up the DagBag from /home/noelsdavid/airflow_venv/lib/python3.12/site-packages/airflow/example_dags/tutorial_taskflow_api.py
[2026-05-18T06:40:23.193+0000] {processor.py:925} INFO - DAG(s) 'tutorial_taskflow_api' retrieved from /home/noelsdavid/airflow_venv/lib/python3.12/site-packages/airflow/example_dags/tutorial_taskflow_api.py
[2026-05-18T06:40:23.215+0000] {logging_mixin.py:190} INFO - [2026-05-18T06:40:23.215+0000] {dag.py:3239} INFO - Sync 1 DAGs
[2026-05-18T06:40:23.233+0000] {logging_mixin.py:190} INFO - [2026-05-18T06:40:23.233+0000] {dag.py:4180} INFO - Setting next_dagrun for tutorial_taskflow_api to None, run_after=None
[2026-05-18T06:40:23.267+0000] {processor.py:208} INFO - Processing /home/noelsdavid/airflow_venv/lib/python3.12/site-packages/airflow/example_dags/tutorial_taskflow_api.py took 0.102 seconds
[2026-05-18T06:41:36.012+0000] {processor.py:186} INFO - Started process (PID=12189) to work on /home/noelsdavid/airflow_venv/lib/python3.12/site-packages/airflow/example_dags/tutorial_taskflow_api.py
[2026-05-18T06:41:36.014+0000] {processor.py:914} INFO - Processing file /home/noelsdavid/airflow_venv/lib/python3.12/site-packages/airflow/example_dags/tutorial_taskflow_api.py for tasks to queue
[2026-05-18T06:41:36.016+0000] {logging_mixin.py:190} INFO - [2026-05-18T06:41:36.015+0000] {dagbag.py:588} INFO - Filling up the DagBag from /home/noelsdavid/airflow_venv/lib/python3.12/site-packages/airflow/example_dags/tutorial_taskflow_api.py
[2026-05-18T06:41:36.030+0000] {processor.py:925} INFO - DAG(s) 'tutorial_taskflow_api' retrieved from /home/noelsdavid/airflow_venv/lib/python3.12/site-packages/airflow/example_dags/tutorial_taskflow_api.py
[2026-05-18T06:41:36.051+0000] {logging_mixin.py:190} INFO - [2026-05-18T06:41:36.051+0000] {dag.py:3239} INFO - Sync 1 DAGs
[2026-05-18T06:41:36.068+0000] {logging_mixin.py:190} INFO - [2026-05-18T06:41:36.068+0000] {dag.py:4180} INFO - Setting next_dagrun for tutorial_taskflow_api to None, run_after=None
[2026-05-18T06:41:36.101+0000] {processor.py:208} INFO - Processing /home/noelsdavid/airflow_venv/lib/python3.12/site-packages/airflow/example_dags/tutorial_taskflow_api.py took 0.099 seconds
[2026-05-18T06:42:48.667+0000] {processor.py:186} INFO - Started process (PID=12569) to work on /home/noelsdavid/airflow_venv/lib/python3.12/site-packages/airflow/example_dags/tutorial_taskflow_api.py
[2026-05-18T06:42:48.686+0000] {processor.py:914} INFO - Processing file /home/noelsdavid/airflow_venv/lib/python3.12/site-packages/airflow/example_dags/tutorial_taskflow_api.py for tasks to queue
[2026-05-18T06:42:48.689+0000] {logging_mixin.py:190} INFO - [2026-05-18T06:42:48.688+0000] {dagbag.py:588} INFO - Filling up the DagBag from /home/noelsdavid/airflow_venv/lib/python3.12/site-packages/airflow/example_dags/tutorial_taskflow_api.py
[2026-05-18T06:42:48.703+0000] {processor.py:925} INFO - DAG(s) 'tutorial_taskflow_api' retrieved from /home/noelsdavid/airflow_venv/lib/python3.12/site-packages/airflow/example_dags/tutorial_taskflow_api.py
[2026-05-18T06:42:48.726+0000] {logging_mixin.py:190} INFO - [2026-05-18T06:42:48.726+0000] {dag.py:3239} INFO - Sync 1 DAGs
[2026-05-18T06:42:48.745+0000] {logging_mixin.py:190} INFO - [2026-05-18T06:42:48.744+0000] {dag.py:4180} INFO - Setting next_dagrun for tutorial_taskflow_api to None, run_after=None
[2026-05-18T06:42:48.781+0000] {processor.py:208} INFO - Processing /home/noelsdavid/airflow_venv/lib/python3.12/site-packages/airflow/example_dags/tutorial_taskflow_api.py took 0.126 seconds
[2026-05-18T06:44:22.743+0000] {processor.py:186} INFO - Started process (PID=13039) to work on /home/noelsdavid/airflow_venv/lib/python3.12/site-packages/airflow/example_dags/tutorial_taskflow_api.py
[2026-05-18T06:44:22.746+0000] {processor.py:914} INFO - Processing file /home/noelsdavid/airflow_venv/lib/python3.12/site-packages/airflow/example_dags/tutorial_taskflow_api.py for tasks to queue
[2026-05-18T06:44:22.748+0000] {logging_mixin.py:190} INFO - [2026-05-18T06:44:22.747+0000] {dagbag.py:588} INFO - Filling up the DagBag from /home/noelsdavid/airflow_venv/lib/python3.12/site-packages/airflow/example_dags/tutorial_taskflow_api.py
[2026-05-18T06:44:22.761+0000] {processor.py:925} INFO - DAG(s) 'tutorial_taskflow_api' retrieved from /home/noelsdavid/airflow_venv/lib/python3.12/site-packages/airflow/example_dags/tutorial_taskflow_api.py
[2026-05-18T06:44:22.783+0000] {logging_mixin.py:190} INFO - [2026-05-18T06:44:22.783+0000] {dag.py:3239} INFO - Sync 1 DAGs
[2026-05-18T06:44:22.801+0000] {logging_mixin.py:190} INFO - [2026-05-18T06:44:22.800+0000] {dag.py:4180} INFO - Setting next_dagrun for tutorial_taskflow_api to None, run_after=None
[2026-05-18T06:44:22.834+0000] {processor.py:208} INFO - Processing /home/noelsdavid/airflow_venv/lib/python3.12/site-packages/airflow/example_dags/tutorial_taskflow_api.py took 0.102 seconds
[2026-05-18T06:45:35.129+0000] {processor.py:186} INFO - Started process (PID=13141) to work on /home/noelsdavid/airflow_venv/lib/python3.12/site-packages/airflow/example_dags/tutorial_taskflow_api.py
[2026-05-18T06:45:35.131+0000] {processor.py:914} INFO - Processing file /home/noelsdavid/airflow_venv/lib/python3.12/site-packages/airflow/example_dags/tutorial_taskflow_api.py for tasks to queue
[2026-05-18T06:45:35.133+0000] {logging_mixin.py:190} INFO - [2026-05-18T06:45:35.133+0000] {dagbag.py:588} INFO - Filling up the DagBag from /home/noelsdavid/airflow_venv/lib/python3.12/site-packages/airflow/example_dags/tutorial_taskflow_api.py
[2026-05-18T06:45:35.150+0000] {processor.py:925} INFO - DAG(s) 'tutorial_taskflow_api' retrieved from /home/noelsdavid/airflow_venv/lib/python3.12/site-packages/airflow/example_dags/tutorial_taskflow_api.py
[2026-05-18T06:45:35.171+0000] {logging_mixin.py:190} INFO - [2026-05-18T06:45:35.171+0000] {dag.py:3239} INFO - Sync 1 DAGs
[2026-05-18T06:45:35.190+0000] {logging_mixin.py:190} INFO - [2026-05-18T06:45:35.189+0000] {dag.py:4180} INFO - Setting next_dagrun for tutorial_taskflow_api to None, run_after=None
[2026-05-18T06:45:35.221+0000] {processor.py:208} INFO - Processing /home/noelsdavid/airflow_venv/lib/python3.12/site-packages/airflow/example_dags/tutorial_taskflow_api.py took 0.101 seconds
[2026-05-18T06:46:45.476+0000] {processor.py:186} INFO - Started process (PID=13216) to work on /home/noelsdavid/airflow_venv/lib/python3.12/site-packages/airflow/example_dags/tutorial_taskflow_api.py
[2026-05-18T06:46:45.494+0000] {processor.py:914} INFO - Processing file /home/noelsdavid/airflow_venv/lib/python3.12/site-packages/airflow/example_dags/tutorial_taskflow_api.py for tasks to queue
[2026-05-18T06:46:45.496+0000] {logging_mixin.py:190} INFO - [2026-05-18T06:46:45.495+0000] {dagbag.py:588} INFO - Filling up the DagBag from /home/noelsdavid/airflow_venv/lib/python3.12/site-packages/airflow/example_dags/tutorial_taskflow_api.py
[2026-05-18T06:46:45.508+0000] {processor.py:925} INFO - DAG(s) 'tutorial_taskflow_api' retrieved from /home/noelsdavid/airflow_venv/lib/python3.12/site-packages/airflow/example_dags/tutorial_taskflow_api.py
[2026-05-18T06:46:45.530+0000] {logging_mixin.py:190} INFO - [2026-05-18T06:46:45.529+0000] {dag.py:3239} INFO - Sync 1 DAGs
[2026-05-18T06:46:45.546+0000] {logging_mixin.py:190} INFO - [2026-05-18T06:46:45.546+0000] {dag.py:4180} INFO - Setting next_dagrun for tutorial_taskflow_api to None, run_after=None
[2026-05-18T06:46:45.578+0000] {processor.py:208} INFO - Processing /home/noelsdavid/airflow_venv/lib/python3.12/site-packages/airflow/example_dags/tutorial_taskflow_api.py took 0.111 seconds
[2026-05-18T06:47:50.036+0000] {processor.py:186} INFO - Started process (PID=13288) to work on /home/noelsdavid/airflow_venv/lib/python3.12/site-packages/airflow/example_dags/tutorial_taskflow_api.py
[2026-05-18T06:47:50.038+0000] {processor.py:914} INFO - Processing file /home/noelsdavid/airflow_venv/lib/python3.12/site-packages/airflow/example_dags/tutorial_taskflow_api.py for tasks to queue
[2026-05-18T06:47:50.041+0000] {logging_mixin.py:190} INFO - [2026-05-18T06:47:50.040+0000] {dagbag.py:588} INFO - Filling up the DagBag from /home/noelsdavid/airflow_venv/lib/python3.12/site-packages/airflow/example_dags/tutorial_taskflow_api.py
[2026-05-18T06:47:50.053+0000] {processor.py:925} INFO - DAG(s) 'tutorial_taskflow_api' retrieved from /home/noelsdavid/airflow_venv/lib/python3.12/site-packages/airflow/example_dags/tutorial_taskflow_api.py
[2026-05-18T06:47:50.076+0000] {logging_mixin.py:190} INFO - [2026-05-18T06:47:50.076+0000] {dag.py:3239} INFO - Sync 1 DAGs
[2026-05-18T06:47:50.094+0000] {logging_mixin.py:190} INFO - [2026-05-18T06:47:50.094+0000] {dag.py:4180} INFO - Setting next_dagrun for tutorial_taskflow_api to None, run_after=None
[2026-05-18T06:47:50.127+0000] {processor.py:208} INFO - Processing /home/noelsdavid/airflow_venv/lib/python3.12/site-packages/airflow/example_dags/tutorial_taskflow_api.py took 0.101 seconds
[2026-05-18T06:48:56.675+0000] {processor.py:186} INFO - Started process (PID=13364) to work on /home/noelsdavid/airflow_venv/lib/python3.12/site-packages/airflow/example_dags/tutorial_taskflow_api.py
[2026-05-18T06:48:56.678+0000] {processor.py:914} INFO - Processing file /home/noelsdavid/airflow_venv/lib/python3.12/site-packages/airflow/example_dags/tutorial_taskflow_api.py for tasks to queue
[2026-05-18T06:48:56.680+0000] {logging_mixin.py:190} INFO - [2026-05-18T06:48:56.679+0000] {dagbag.py:588} INFO - Filling up the DagBag from /home/noelsdavid/airflow_venv/lib/python3.12/site-packages/airflow/example_dags/tutorial_taskflow_api.py
[2026-05-18T06:48:56.692+0000] {processor.py:925} INFO - DAG(s) 'tutorial_taskflow_api' retrieved from /home/noelsdavid/airflow_venv/lib/python3.12/site-packages/airflow/example_dags/tutorial_taskflow_api.py
[2026-05-18T06:48:56.714+0000] {logging_mixin.py:190} INFO - [2026-05-18T06:48:56.714+0000] {dag.py:3239} INFO - Sync 1 DAGs
[2026-05-18T06:48:56.731+0000] {logging_mixin.py:190} INFO - [2026-05-18T06:48:56.730+0000] {dag.py:4180} INFO - Setting next_dagrun for tutorial_taskflow_api to None, run_after=None
[2026-05-18T06:48:56.760+0000] {processor.py:208} INFO - Processing /home/noelsdavid/airflow_venv/lib/python3.12/site-packages/airflow/example_dags/tutorial_taskflow_api.py took 0.095 seconds
[2026-05-18T06:50:03.605+0000] {processor.py:186} INFO - Started process (PID=13464) to work on /home/noelsdavid/airflow_venv/lib/python3.12/site-packages/airflow/example_dags/tutorial_taskflow_api.py
[2026-05-18T06:50:03.608+0000] {processor.py:914} INFO - Processing file /home/noelsdavid/airflow_venv/lib/python3.12/site-packages/airflow/example_dags/tutorial_taskflow_api.py for tasks to queue
[2026-05-18T06:50:03.611+0000] {logging_mixin.py:190} INFO - [2026-05-18T06:50:03.610+0000] {dagbag.py:588} INFO - Filling up the DagBag from /home/noelsdavid/airflow_venv/lib/python3.12/site-packages/airflow/example_dags/tutorial_taskflow_api.py
[2026-05-18T06:50:03.624+0000] {processor.py:925} INFO - DAG(s) 'tutorial_taskflow_api' retrieved from /home/noelsdavid/airflow_venv/lib/python3.12/site-packages/airflow/example_dags/tutorial_taskflow_api.py
[2026-05-18T06:50:03.647+0000] {logging_mixin.py:190} INFO - [2026-05-18T06:50:03.647+0000] {dag.py:3239} INFO - Sync 1 DAGs
[2026-05-18T06:50:03.665+0000] {logging_mixin.py:190} INFO - [2026-05-18T06:50:03.665+0000] {dag.py:4180} INFO - Setting next_dagrun for tutorial_taskflow_api to None, run_after=None
[2026-05-18T06:50:03.697+0000] {processor.py:208} INFO - Processing /home/noelsdavid/airflow_venv/lib/python3.12/site-packages/airflow/example_dags/tutorial_taskflow_api.py took 0.101 seconds
