[2026-05-18T06:00:13.515+0000] {processor.py:186} INFO - Started process (PID=6828) to work on /home/noelsdavid/airflow_venv/lib/python3.12/site-packages/airflow/example_dags/tutorial_taskflow_templates.py
[2026-05-18T06:00:13.516+0000] {processor.py:914} INFO - Processing file /home/noelsdavid/airflow_venv/lib/python3.12/site-packages/airflow/example_dags/tutorial_taskflow_templates.py for tasks to queue
[2026-05-18T06:00:13.518+0000] {logging_mixin.py:190} INFO - [2026-05-18T06:00:13.518+0000] {dagbag.py:588} INFO - Filling up the DagBag from /home/noelsdavid/airflow_venv/lib/python3.12/site-packages/airflow/example_dags/tutorial_taskflow_templates.py
[2026-05-18T06:00:13.536+0000] {processor.py:925} INFO - DAG(s) 'tutorial_taskflow_templates' retrieved from /home/noelsdavid/airflow_venv/lib/python3.12/site-packages/airflow/example_dags/tutorial_taskflow_templates.py
[2026-05-18T06:00:13.687+0000] {logging_mixin.py:190} INFO - [2026-05-18T06:00:13.686+0000] {override.py:1911} INFO - Created Permission View: can edit on DAG:tutorial_taskflow_templates
[2026-05-18T06:00:13.703+0000] {logging_mixin.py:190} INFO - [2026-05-18T06:00:13.702+0000] {override.py:1911} INFO - Created Permission View: can delete on DAG:tutorial_taskflow_templates
[2026-05-18T06:00:13.716+0000] {logging_mixin.py:190} INFO - [2026-05-18T06:00:13.716+0000] {override.py:1911} INFO - Created Permission View: can read on DAG:tutorial_taskflow_templates
[2026-05-18T06:00:13.738+0000] {logging_mixin.py:190} INFO - [2026-05-18T06:00:13.738+0000] {override.py:1911} INFO - Created Permission View: can delete on DAG Run:tutorial_taskflow_templates
[2026-05-18T06:00:13.752+0000] {logging_mixin.py:190} INFO - [2026-05-18T06:00:13.751+0000] {override.py:1911} INFO - Created Permission View: menu access on DAG Run:tutorial_taskflow_templates
[2026-05-18T06:00:13.764+0000] {logging_mixin.py:190} INFO - [2026-05-18T06:00:13.764+0000] {override.py:1911} INFO - Created Permission View: can create on DAG Run:tutorial_taskflow_templates
[2026-05-18T06:00:13.777+0000] {logging_mixin.py:190} INFO - [2026-05-18T06:00:13.777+0000] {override.py:1911} INFO - Created Permission View: can read on DAG Run:tutorial_taskflow_templates
[2026-05-18T06:00:13.778+0000] {logging_mixin.py:190} INFO - [2026-05-18T06:00:13.778+0000] {dag.py:3239} INFO - Sync 1 DAGs
[2026-05-18T06:00:13.793+0000] {logging_mixin.py:190} INFO - [2026-05-18T06:00:13.793+0000] {dag.py:3262} INFO - Creating ORM DAG for tutorial_taskflow_templates
[2026-05-18T06:00:13.806+0000] {logging_mixin.py:190} INFO - [2026-05-18T06:00:13.805+0000] {dag.py:4180} INFO - Setting next_dagrun for tutorial_taskflow_templates to 2026-05-17 00:00:00+00:00, run_after=2026-05-18 00:00:00+00:00
[2026-05-18T06:00:13.830+0000] {processor.py:208} INFO - Processing /home/noelsdavid/airflow_venv/lib/python3.12/site-packages/airflow/example_dags/tutorial_taskflow_templates.py took 0.324 seconds
[2026-05-18T06:01:24.915+0000] {processor.py:186} INFO - Started process (PID=6955) to work on /home/noelsdavid/airflow_venv/lib/python3.12/site-packages/airflow/example_dags/tutorial_taskflow_templates.py
[2026-05-18T06:01:24.917+0000] {processor.py:914} INFO - Processing file /home/noelsdavid/airflow_venv/lib/python3.12/site-packages/airflow/example_dags/tutorial_taskflow_templates.py for tasks to queue
[2026-05-18T06:01:24.920+0000] {logging_mixin.py:190} INFO - [2026-05-18T06:01:24.920+0000] {dagbag.py:588} INFO - Filling up the DagBag from /home/noelsdavid/airflow_venv/lib/python3.12/site-packages/airflow/example_dags/tutorial_taskflow_templates.py
[2026-05-18T06:01:24.937+0000] {processor.py:925} INFO - DAG(s) 'tutorial_taskflow_templates' retrieved from /home/noelsdavid/airflow_venv/lib/python3.12/site-packages/airflow/example_dags/tutorial_taskflow_templates.py
[2026-05-18T06:01:24.958+0000] {logging_mixin.py:190} INFO - [2026-05-18T06:01:24.958+0000] {dag.py:3239} INFO - Sync 1 DAGs
[2026-05-18T06:01:24.984+0000] {logging_mixin.py:190} INFO - [2026-05-18T06:01:24.983+0000] {dag.py:4180} INFO - Setting next_dagrun for tutorial_taskflow_templates to 2026-05-17 00:00:00+00:00, run_after=2026-05-18 00:00:00+00:00
[2026-05-18T06:01:25.013+0000] {processor.py:208} INFO - Processing /home/noelsdavid/airflow_venv/lib/python3.12/site-packages/airflow/example_dags/tutorial_taskflow_templates.py took 0.105 seconds
[2026-05-18T06:02:01.393+0000] {processor.py:186} INFO - Started process (PID=6990) to work on /home/noelsdavid/airflow_venv/lib/python3.12/site-packages/airflow/example_dags/tutorial_taskflow_templates.py
[2026-05-18T06:02:01.397+0000] {processor.py:914} INFO - Processing file /home/noelsdavid/airflow_venv/lib/python3.12/site-packages/airflow/example_dags/tutorial_taskflow_templates.py for tasks to queue
[2026-05-18T06:02:01.400+0000] {logging_mixin.py:190} INFO - [2026-05-18T06:02:01.399+0000] {dagbag.py:588} INFO - Filling up the DagBag from /home/noelsdavid/airflow_venv/lib/python3.12/site-packages/airflow/example_dags/tutorial_taskflow_templates.py
[2026-05-18T06:02:01.418+0000] {processor.py:925} INFO - DAG(s) 'tutorial_taskflow_templates' retrieved from /home/noelsdavid/airflow_venv/lib/python3.12/site-packages/airflow/example_dags/tutorial_taskflow_templates.py
[2026-05-18T06:02:01.440+0000] {logging_mixin.py:190} INFO - [2026-05-18T06:02:01.440+0000] {dag.py:3239} INFO - Sync 1 DAGs
[2026-05-18T06:02:01.467+0000] {logging_mixin.py:190} INFO - [2026-05-18T06:02:01.466+0000] {dag.py:4180} INFO - Setting next_dagrun for tutorial_taskflow_templates to 2026-05-17 00:00:00+00:00, run_after=2026-05-18 00:00:00+00:00
[2026-05-18T06:02:01.495+0000] {processor.py:208} INFO - Processing /home/noelsdavid/airflow_venv/lib/python3.12/site-packages/airflow/example_dags/tutorial_taskflow_templates.py took 0.109 seconds
[2026-05-18T06:02:59.066+0000] {processor.py:186} INFO - Started process (PID=7049) to work on /home/noelsdavid/airflow_venv/lib/python3.12/site-packages/airflow/example_dags/tutorial_taskflow_templates.py
[2026-05-18T06:02:59.068+0000] {processor.py:914} INFO - Processing file /home/noelsdavid/airflow_venv/lib/python3.12/site-packages/airflow/example_dags/tutorial_taskflow_templates.py for tasks to queue
[2026-05-18T06:02:59.071+0000] {logging_mixin.py:190} INFO - [2026-05-18T06:02:59.070+0000] {dagbag.py:588} INFO - Filling up the DagBag from /home/noelsdavid/airflow_venv/lib/python3.12/site-packages/airflow/example_dags/tutorial_taskflow_templates.py
[2026-05-18T06:02:59.089+0000] {processor.py:925} INFO - DAG(s) 'tutorial_taskflow_templates' retrieved from /home/noelsdavid/airflow_venv/lib/python3.12/site-packages/airflow/example_dags/tutorial_taskflow_templates.py
[2026-05-18T06:02:59.110+0000] {logging_mixin.py:190} INFO - [2026-05-18T06:02:59.110+0000] {dag.py:3239} INFO - Sync 1 DAGs
[2026-05-18T06:02:59.137+0000] {logging_mixin.py:190} INFO - [2026-05-18T06:02:59.137+0000] {dag.py:4180} INFO - Setting next_dagrun for tutorial_taskflow_templates to 2026-05-17 00:00:00+00:00, run_after=2026-05-18 00:00:00+00:00
[2026-05-18T06:02:59.168+0000] {processor.py:208} INFO - Processing /home/noelsdavid/airflow_venv/lib/python3.12/site-packages/airflow/example_dags/tutorial_taskflow_templates.py took 0.109 seconds
[2026-05-18T06:04:00.230+0000] {processor.py:186} INFO - Started process (PID=7109) to work on /home/noelsdavid/airflow_venv/lib/python3.12/site-packages/airflow/example_dags/tutorial_taskflow_templates.py
[2026-05-18T06:04:00.240+0000] {processor.py:914} INFO - Processing file /home/noelsdavid/airflow_venv/lib/python3.12/site-packages/airflow/example_dags/tutorial_taskflow_templates.py for tasks to queue
[2026-05-18T06:04:00.243+0000] {logging_mixin.py:190} INFO - [2026-05-18T06:04:00.242+0000] {dagbag.py:588} INFO - Filling up the DagBag from /home/noelsdavid/airflow_venv/lib/python3.12/site-packages/airflow/example_dags/tutorial_taskflow_templates.py
[2026-05-18T06:04:00.263+0000] {processor.py:925} INFO - DAG(s) 'tutorial_taskflow_templates' retrieved from /home/noelsdavid/airflow_venv/lib/python3.12/site-packages/airflow/example_dags/tutorial_taskflow_templates.py
[2026-05-18T06:04:00.285+0000] {logging_mixin.py:190} INFO - [2026-05-18T06:04:00.285+0000] {dag.py:3239} INFO - Sync 1 DAGs
[2026-05-18T06:04:00.314+0000] {logging_mixin.py:190} INFO - [2026-05-18T06:04:00.313+0000] {dag.py:4180} INFO - Setting next_dagrun for tutorial_taskflow_templates to 2026-05-17 00:00:00+00:00, run_after=2026-05-18 00:00:00+00:00
[2026-05-18T06:04:00.345+0000] {processor.py:208} INFO - Processing /home/noelsdavid/airflow_venv/lib/python3.12/site-packages/airflow/example_dags/tutorial_taskflow_templates.py took 0.122 seconds
[2026-05-18T06:05:01.251+0000] {processor.py:186} INFO - Started process (PID=7169) to work on /home/noelsdavid/airflow_venv/lib/python3.12/site-packages/airflow/example_dags/tutorial_taskflow_templates.py
[2026-05-18T06:05:01.253+0000] {processor.py:914} INFO - Processing file /home/noelsdavid/airflow_venv/lib/python3.12/site-packages/airflow/example_dags/tutorial_taskflow_templates.py for tasks to queue
[2026-05-18T06:05:01.256+0000] {logging_mixin.py:190} INFO - [2026-05-18T06:05:01.255+0000] {dagbag.py:588} INFO - Filling up the DagBag from /home/noelsdavid/airflow_venv/lib/python3.12/site-packages/airflow/example_dags/tutorial_taskflow_templates.py
[2026-05-18T06:05:01.274+0000] {processor.py:925} INFO - DAG(s) 'tutorial_taskflow_templates' retrieved from /home/noelsdavid/airflow_venv/lib/python3.12/site-packages/airflow/example_dags/tutorial_taskflow_templates.py
[2026-05-18T06:05:01.296+0000] {logging_mixin.py:190} INFO - [2026-05-18T06:05:01.296+0000] {dag.py:3239} INFO - Sync 1 DAGs
[2026-05-18T06:05:01.323+0000] {logging_mixin.py:190} INFO - [2026-05-18T06:05:01.323+0000] {dag.py:4180} INFO - Setting next_dagrun for tutorial_taskflow_templates to 2026-05-17 00:00:00+00:00, run_after=2026-05-18 00:00:00+00:00
[2026-05-18T06:05:01.538+0000] {processor.py:208} INFO - Processing /home/noelsdavid/airflow_venv/lib/python3.12/site-packages/airflow/example_dags/tutorial_taskflow_templates.py took 0.295 seconds
[2026-05-18T06:05:36.602+0000] {processor.py:186} INFO - Started process (PID=7225) to work on /home/noelsdavid/airflow_venv/lib/python3.12/site-packages/airflow/example_dags/tutorial_taskflow_templates.py
[2026-05-18T06:05:36.605+0000] {processor.py:914} INFO - Processing file /home/noelsdavid/airflow_venv/lib/python3.12/site-packages/airflow/example_dags/tutorial_taskflow_templates.py for tasks to queue
[2026-05-18T06:05:36.608+0000] {logging_mixin.py:190} INFO - [2026-05-18T06:05:36.608+0000] {dagbag.py:588} INFO - Filling up the DagBag from /home/noelsdavid/airflow_venv/lib/python3.12/site-packages/airflow/example_dags/tutorial_taskflow_templates.py
[2026-05-18T06:05:36.902+0000] {processor.py:925} INFO - DAG(s) 'tutorial_taskflow_templates' retrieved from /home/noelsdavid/airflow_venv/lib/python3.12/site-packages/airflow/example_dags/tutorial_taskflow_templates.py
[2026-05-18T06:05:36.930+0000] {logging_mixin.py:190} INFO - [2026-05-18T06:05:36.930+0000] {dag.py:3239} INFO - Sync 1 DAGs
[2026-05-18T06:05:36.957+0000] {logging_mixin.py:190} INFO - [2026-05-18T06:05:36.956+0000] {dag.py:4180} INFO - Setting next_dagrun for tutorial_taskflow_templates to 2026-05-17 00:00:00+00:00, run_after=2026-05-18 00:00:00+00:00
[2026-05-18T06:05:36.993+0000] {processor.py:208} INFO - Processing /home/noelsdavid/airflow_venv/lib/python3.12/site-packages/airflow/example_dags/tutorial_taskflow_templates.py took 0.400 seconds
[2026-05-18T06:06:13.767+0000] {processor.py:186} INFO - Started process (PID=7260) to work on /home/noelsdavid/airflow_venv/lib/python3.12/site-packages/airflow/example_dags/tutorial_taskflow_templates.py
[2026-05-18T06:06:13.769+0000] {processor.py:914} INFO - Processing file /home/noelsdavid/airflow_venv/lib/python3.12/site-packages/airflow/example_dags/tutorial_taskflow_templates.py for tasks to queue
[2026-05-18T06:06:13.772+0000] {logging_mixin.py:190} INFO - [2026-05-18T06:06:13.772+0000] {dagbag.py:588} INFO - Filling up the DagBag from /home/noelsdavid/airflow_venv/lib/python3.12/site-packages/airflow/example_dags/tutorial_taskflow_templates.py
[2026-05-18T06:06:13.792+0000] {processor.py:925} INFO - DAG(s) 'tutorial_taskflow_templates' retrieved from /home/noelsdavid/airflow_venv/lib/python3.12/site-packages/airflow/example_dags/tutorial_taskflow_templates.py
[2026-05-18T06:06:13.815+0000] {logging_mixin.py:190} INFO - [2026-05-18T06:06:13.815+0000] {dag.py:3239} INFO - Sync 1 DAGs
[2026-05-18T06:06:13.844+0000] {logging_mixin.py:190} INFO - [2026-05-18T06:06:13.844+0000] {dag.py:4180} INFO - Setting next_dagrun for tutorial_taskflow_templates to 2026-05-17 00:00:00+00:00, run_after=2026-05-18 00:00:00+00:00
[2026-05-18T06:06:13.882+0000] {processor.py:208} INFO - Processing /home/noelsdavid/airflow_venv/lib/python3.12/site-packages/airflow/example_dags/tutorial_taskflow_templates.py took 0.123 seconds
[2026-05-18T06:07:10.117+0000] {processor.py:186} INFO - Started process (PID=7317) to work on /home/noelsdavid/airflow_venv/lib/python3.12/site-packages/airflow/example_dags/tutorial_taskflow_templates.py
[2026-05-18T06:07:10.120+0000] {processor.py:914} INFO - Processing file /home/noelsdavid/airflow_venv/lib/python3.12/site-packages/airflow/example_dags/tutorial_taskflow_templates.py for tasks to queue
[2026-05-18T06:07:10.123+0000] {logging_mixin.py:190} INFO - [2026-05-18T06:07:10.123+0000] {dagbag.py:588} INFO - Filling up the DagBag from /home/noelsdavid/airflow_venv/lib/python3.12/site-packages/airflow/example_dags/tutorial_taskflow_templates.py
[2026-05-18T06:07:10.145+0000] {processor.py:925} INFO - DAG(s) 'tutorial_taskflow_templates' retrieved from /home/noelsdavid/airflow_venv/lib/python3.12/site-packages/airflow/example_dags/tutorial_taskflow_templates.py
[2026-05-18T06:07:10.170+0000] {logging_mixin.py:190} INFO - [2026-05-18T06:07:10.169+0000] {dag.py:3239} INFO - Sync 1 DAGs
[2026-05-18T06:07:10.199+0000] {logging_mixin.py:190} INFO - [2026-05-18T06:07:10.199+0000] {dag.py:4180} INFO - Setting next_dagrun for tutorial_taskflow_templates to 2026-05-17 00:00:00+00:00, run_after=2026-05-18 00:00:00+00:00
[2026-05-18T06:07:10.233+0000] {processor.py:208} INFO - Processing /home/noelsdavid/airflow_venv/lib/python3.12/site-packages/airflow/example_dags/tutorial_taskflow_templates.py took 0.124 seconds
[2026-05-18T06:08:08.953+0000] {processor.py:186} INFO - Started process (PID=7374) to work on /home/noelsdavid/airflow_venv/lib/python3.12/site-packages/airflow/example_dags/tutorial_taskflow_templates.py
[2026-05-18T06:08:08.955+0000] {processor.py:914} INFO - Processing file /home/noelsdavid/airflow_venv/lib/python3.12/site-packages/airflow/example_dags/tutorial_taskflow_templates.py for tasks to queue
[2026-05-18T06:08:08.959+0000] {logging_mixin.py:190} INFO - [2026-05-18T06:08:08.958+0000] {dagbag.py:588} INFO - Filling up the DagBag from /home/noelsdavid/airflow_venv/lib/python3.12/site-packages/airflow/example_dags/tutorial_taskflow_templates.py
[2026-05-18T06:08:08.978+0000] {processor.py:925} INFO - DAG(s) 'tutorial_taskflow_templates' retrieved from /home/noelsdavid/airflow_venv/lib/python3.12/site-packages/airflow/example_dags/tutorial_taskflow_templates.py
[2026-05-18T06:08:09.000+0000] {logging_mixin.py:190} INFO - [2026-05-18T06:08:09.000+0000] {dag.py:3239} INFO - Sync 1 DAGs
[2026-05-18T06:08:09.031+0000] {logging_mixin.py:190} INFO - [2026-05-18T06:08:09.030+0000] {dag.py:4180} INFO - Setting next_dagrun for tutorial_taskflow_templates to 2026-05-17 00:00:00+00:00, run_after=2026-05-18 00:00:00+00:00
[2026-05-18T06:08:09.062+0000] {processor.py:208} INFO - Processing /home/noelsdavid/airflow_venv/lib/python3.12/site-packages/airflow/example_dags/tutorial_taskflow_templates.py took 0.116 seconds
[2026-05-18T06:08:45.140+0000] {processor.py:186} INFO - Started process (PID=7406) to work on /home/noelsdavid/airflow_venv/lib/python3.12/site-packages/airflow/example_dags/tutorial_taskflow_templates.py
[2026-05-18T06:08:45.143+0000] {processor.py:914} INFO - Processing file /home/noelsdavid/airflow_venv/lib/python3.12/site-packages/airflow/example_dags/tutorial_taskflow_templates.py for tasks to queue
[2026-05-18T06:08:45.146+0000] {logging_mixin.py:190} INFO - [2026-05-18T06:08:45.145+0000] {dagbag.py:588} INFO - Filling up the DagBag from /home/noelsdavid/airflow_venv/lib/python3.12/site-packages/airflow/example_dags/tutorial_taskflow_templates.py
[2026-05-18T06:08:45.166+0000] {processor.py:925} INFO - DAG(s) 'tutorial_taskflow_templates' retrieved from /home/noelsdavid/airflow_venv/lib/python3.12/site-packages/airflow/example_dags/tutorial_taskflow_templates.py
[2026-05-18T06:08:45.191+0000] {logging_mixin.py:190} INFO - [2026-05-18T06:08:45.190+0000] {dag.py:3239} INFO - Sync 1 DAGs
[2026-05-18T06:08:45.221+0000] {logging_mixin.py:190} INFO - [2026-05-18T06:08:45.221+0000] {dag.py:4180} INFO - Setting next_dagrun for tutorial_taskflow_templates to 2026-05-17 00:00:00+00:00, run_after=2026-05-18 00:00:00+00:00
[2026-05-18T06:08:45.252+0000] {processor.py:208} INFO - Processing /home/noelsdavid/airflow_venv/lib/python3.12/site-packages/airflow/example_dags/tutorial_taskflow_templates.py took 0.120 seconds
[2026-05-18T06:09:47.403+0000] {processor.py:186} INFO - Started process (PID=7467) to work on /home/noelsdavid/airflow_venv/lib/python3.12/site-packages/airflow/example_dags/tutorial_taskflow_templates.py
[2026-05-18T06:09:47.405+0000] {processor.py:914} INFO - Processing file /home/noelsdavid/airflow_venv/lib/python3.12/site-packages/airflow/example_dags/tutorial_taskflow_templates.py for tasks to queue
[2026-05-18T06:09:47.408+0000] {logging_mixin.py:190} INFO - [2026-05-18T06:09:47.408+0000] {dagbag.py:588} INFO - Filling up the DagBag from /home/noelsdavid/airflow_venv/lib/python3.12/site-packages/airflow/example_dags/tutorial_taskflow_templates.py
[2026-05-18T06:09:47.429+0000] {processor.py:925} INFO - DAG(s) 'tutorial_taskflow_templates' retrieved from /home/noelsdavid/airflow_venv/lib/python3.12/site-packages/airflow/example_dags/tutorial_taskflow_templates.py
[2026-05-18T06:09:47.451+0000] {logging_mixin.py:190} INFO - [2026-05-18T06:09:47.451+0000] {dag.py:3239} INFO - Sync 1 DAGs
[2026-05-18T06:09:47.482+0000] {logging_mixin.py:190} INFO - [2026-05-18T06:09:47.482+0000] {dag.py:4180} INFO - Setting next_dagrun for tutorial_taskflow_templates to 2026-05-17 00:00:00+00:00, run_after=2026-05-18 00:00:00+00:00
[2026-05-18T06:09:47.516+0000] {processor.py:208} INFO - Processing /home/noelsdavid/airflow_venv/lib/python3.12/site-packages/airflow/example_dags/tutorial_taskflow_templates.py took 0.122 seconds
[2026-05-18T06:10:46.942+0000] {processor.py:186} INFO - Started process (PID=7550) to work on /home/noelsdavid/airflow_venv/lib/python3.12/site-packages/airflow/example_dags/tutorial_taskflow_templates.py
[2026-05-18T06:10:46.944+0000] {processor.py:914} INFO - Processing file /home/noelsdavid/airflow_venv/lib/python3.12/site-packages/airflow/example_dags/tutorial_taskflow_templates.py for tasks to queue
[2026-05-18T06:10:46.947+0000] {logging_mixin.py:190} INFO - [2026-05-18T06:10:46.947+0000] {dagbag.py:588} INFO - Filling up the DagBag from /home/noelsdavid/airflow_venv/lib/python3.12/site-packages/airflow/example_dags/tutorial_taskflow_templates.py
[2026-05-18T06:10:46.966+0000] {processor.py:925} INFO - DAG(s) 'tutorial_taskflow_templates' retrieved from /home/noelsdavid/airflow_venv/lib/python3.12/site-packages/airflow/example_dags/tutorial_taskflow_templates.py
[2026-05-18T06:10:46.989+0000] {logging_mixin.py:190} INFO - [2026-05-18T06:10:46.988+0000] {dag.py:3239} INFO - Sync 1 DAGs
[2026-05-18T06:10:47.018+0000] {logging_mixin.py:190} INFO - [2026-05-18T06:10:47.018+0000] {dag.py:4180} INFO - Setting next_dagrun for tutorial_taskflow_templates to 2026-05-17 00:00:00+00:00, run_after=2026-05-18 00:00:00+00:00
[2026-05-18T06:10:47.050+0000] {processor.py:208} INFO - Processing /home/noelsdavid/airflow_venv/lib/python3.12/site-packages/airflow/example_dags/tutorial_taskflow_templates.py took 0.116 seconds
[2026-05-18T06:11:47.244+0000] {processor.py:186} INFO - Started process (PID=7610) to work on /home/noelsdavid/airflow_venv/lib/python3.12/site-packages/airflow/example_dags/tutorial_taskflow_templates.py
[2026-05-18T06:11:47.247+0000] {processor.py:914} INFO - Processing file /home/noelsdavid/airflow_venv/lib/python3.12/site-packages/airflow/example_dags/tutorial_taskflow_templates.py for tasks to queue
[2026-05-18T06:11:47.250+0000] {logging_mixin.py:190} INFO - [2026-05-18T06:11:47.250+0000] {dagbag.py:588} INFO - Filling up the DagBag from /home/noelsdavid/airflow_venv/lib/python3.12/site-packages/airflow/example_dags/tutorial_taskflow_templates.py
[2026-05-18T06:11:47.270+0000] {processor.py:925} INFO - DAG(s) 'tutorial_taskflow_templates' retrieved from /home/noelsdavid/airflow_venv/lib/python3.12/site-packages/airflow/example_dags/tutorial_taskflow_templates.py
[2026-05-18T06:11:47.293+0000] {logging_mixin.py:190} INFO - [2026-05-18T06:11:47.292+0000] {dag.py:3239} INFO - Sync 1 DAGs
[2026-05-18T06:11:47.320+0000] {logging_mixin.py:190} INFO - [2026-05-18T06:11:47.320+0000] {dag.py:4180} INFO - Setting next_dagrun for tutorial_taskflow_templates to 2026-05-17 00:00:00+00:00, run_after=2026-05-18 00:00:00+00:00
[2026-05-18T06:11:47.350+0000] {processor.py:208} INFO - Processing /home/noelsdavid/airflow_venv/lib/python3.12/site-packages/airflow/example_dags/tutorial_taskflow_templates.py took 0.114 seconds
[2026-05-18T06:12:45.493+0000] {processor.py:186} INFO - Started process (PID=7668) to work on /home/noelsdavid/airflow_venv/lib/python3.12/site-packages/airflow/example_dags/tutorial_taskflow_templates.py
[2026-05-18T06:12:45.495+0000] {processor.py:914} INFO - Processing file /home/noelsdavid/airflow_venv/lib/python3.12/site-packages/airflow/example_dags/tutorial_taskflow_templates.py for tasks to queue
[2026-05-18T06:12:45.499+0000] {logging_mixin.py:190} INFO - [2026-05-18T06:12:45.498+0000] {dagbag.py:588} INFO - Filling up the DagBag from /home/noelsdavid/airflow_venv/lib/python3.12/site-packages/airflow/example_dags/tutorial_taskflow_templates.py
[2026-05-18T06:12:45.523+0000] {processor.py:925} INFO - DAG(s) 'tutorial_taskflow_templates' retrieved from /home/noelsdavid/airflow_venv/lib/python3.12/site-packages/airflow/example_dags/tutorial_taskflow_templates.py
[2026-05-18T06:12:45.548+0000] {logging_mixin.py:190} INFO - [2026-05-18T06:12:45.547+0000] {dag.py:3239} INFO - Sync 1 DAGs
[2026-05-18T06:12:45.579+0000] {logging_mixin.py:190} INFO - [2026-05-18T06:12:45.578+0000] {dag.py:4180} INFO - Setting next_dagrun for tutorial_taskflow_templates to 2026-05-17 00:00:00+00:00, run_after=2026-05-18 00:00:00+00:00
[2026-05-18T06:12:45.614+0000] {processor.py:208} INFO - Processing /home/noelsdavid/airflow_venv/lib/python3.12/site-packages/airflow/example_dags/tutorial_taskflow_templates.py took 0.131 seconds
[2026-05-18T06:13:50.457+0000] {processor.py:186} INFO - Started process (PID=7728) to work on /home/noelsdavid/airflow_venv/lib/python3.12/site-packages/airflow/example_dags/tutorial_taskflow_templates.py
[2026-05-18T06:13:50.459+0000] {processor.py:914} INFO - Processing file /home/noelsdavid/airflow_venv/lib/python3.12/site-packages/airflow/example_dags/tutorial_taskflow_templates.py for tasks to queue
[2026-05-18T06:13:50.463+0000] {logging_mixin.py:190} INFO - [2026-05-18T06:13:50.462+0000] {dagbag.py:588} INFO - Filling up the DagBag from /home/noelsdavid/airflow_venv/lib/python3.12/site-packages/airflow/example_dags/tutorial_taskflow_templates.py
[2026-05-18T06:13:50.484+0000] {processor.py:925} INFO - DAG(s) 'tutorial_taskflow_templates' retrieved from /home/noelsdavid/airflow_venv/lib/python3.12/site-packages/airflow/example_dags/tutorial_taskflow_templates.py
[2026-05-18T06:13:50.509+0000] {logging_mixin.py:190} INFO - [2026-05-18T06:13:50.509+0000] {dag.py:3239} INFO - Sync 1 DAGs
[2026-05-18T06:13:50.538+0000] {logging_mixin.py:190} INFO - [2026-05-18T06:13:50.538+0000] {dag.py:4180} INFO - Setting next_dagrun for tutorial_taskflow_templates to 2026-05-17 00:00:00+00:00, run_after=2026-05-18 00:00:00+00:00
[2026-05-18T06:13:50.573+0000] {processor.py:208} INFO - Processing /home/noelsdavid/airflow_venv/lib/python3.12/site-packages/airflow/example_dags/tutorial_taskflow_templates.py took 0.126 seconds
[2026-05-18T06:14:49.418+0000] {processor.py:186} INFO - Started process (PID=7787) to work on /home/noelsdavid/airflow_venv/lib/python3.12/site-packages/airflow/example_dags/tutorial_taskflow_templates.py
[2026-05-18T06:14:49.420+0000] {processor.py:914} INFO - Processing file /home/noelsdavid/airflow_venv/lib/python3.12/site-packages/airflow/example_dags/tutorial_taskflow_templates.py for tasks to queue
[2026-05-18T06:14:49.424+0000] {logging_mixin.py:190} INFO - [2026-05-18T06:14:49.423+0000] {dagbag.py:588} INFO - Filling up the DagBag from /home/noelsdavid/airflow_venv/lib/python3.12/site-packages/airflow/example_dags/tutorial_taskflow_templates.py
[2026-05-18T06:14:49.447+0000] {processor.py:925} INFO - DAG(s) 'tutorial_taskflow_templates' retrieved from /home/noelsdavid/airflow_venv/lib/python3.12/site-packages/airflow/example_dags/tutorial_taskflow_templates.py
[2026-05-18T06:14:49.471+0000] {logging_mixin.py:190} INFO - [2026-05-18T06:14:49.470+0000] {dag.py:3239} INFO - Sync 1 DAGs
[2026-05-18T06:14:49.504+0000] {logging_mixin.py:190} INFO - [2026-05-18T06:14:49.503+0000] {dag.py:4180} INFO - Setting next_dagrun for tutorial_taskflow_templates to 2026-05-17 00:00:00+00:00, run_after=2026-05-18 00:00:00+00:00
[2026-05-18T06:14:49.543+0000] {processor.py:208} INFO - Processing /home/noelsdavid/airflow_venv/lib/python3.12/site-packages/airflow/example_dags/tutorial_taskflow_templates.py took 0.134 seconds
[2026-05-18T06:15:54.298+0000] {processor.py:186} INFO - Started process (PID=8016) to work on /home/noelsdavid/airflow_venv/lib/python3.12/site-packages/airflow/example_dags/tutorial_taskflow_templates.py
[2026-05-18T06:15:54.300+0000] {processor.py:914} INFO - Processing file /home/noelsdavid/airflow_venv/lib/python3.12/site-packages/airflow/example_dags/tutorial_taskflow_templates.py for tasks to queue
[2026-05-18T06:15:54.304+0000] {logging_mixin.py:190} INFO - [2026-05-18T06:15:54.303+0000] {dagbag.py:588} INFO - Filling up the DagBag from /home/noelsdavid/airflow_venv/lib/python3.12/site-packages/airflow/example_dags/tutorial_taskflow_templates.py
[2026-05-18T06:15:54.323+0000] {processor.py:925} INFO - DAG(s) 'tutorial_taskflow_templates' retrieved from /home/noelsdavid/airflow_venv/lib/python3.12/site-packages/airflow/example_dags/tutorial_taskflow_templates.py
[2026-05-18T06:15:54.359+0000] {logging_mixin.py:190} INFO - [2026-05-18T06:15:54.358+0000] {dag.py:3239} INFO - Sync 1 DAGs
[2026-05-18T06:15:54.403+0000] {logging_mixin.py:190} INFO - [2026-05-18T06:15:54.402+0000] {dag.py:4180} INFO - Setting next_dagrun for tutorial_taskflow_templates to 2026-05-17 00:00:00+00:00, run_after=2026-05-18 00:00:00+00:00
[2026-05-18T06:15:54.445+0000] {processor.py:208} INFO - Processing /home/noelsdavid/airflow_venv/lib/python3.12/site-packages/airflow/example_dags/tutorial_taskflow_templates.py took 0.156 seconds
[2026-05-18T06:16:56.875+0000] {processor.py:186} INFO - Started process (PID=8178) to work on /home/noelsdavid/airflow_venv/lib/python3.12/site-packages/airflow/example_dags/tutorial_taskflow_templates.py
[2026-05-18T06:16:56.878+0000] {processor.py:914} INFO - Processing file /home/noelsdavid/airflow_venv/lib/python3.12/site-packages/airflow/example_dags/tutorial_taskflow_templates.py for tasks to queue
[2026-05-18T06:16:56.881+0000] {logging_mixin.py:190} INFO - [2026-05-18T06:16:56.881+0000] {dagbag.py:588} INFO - Filling up the DagBag from /home/noelsdavid/airflow_venv/lib/python3.12/site-packages/airflow/example_dags/tutorial_taskflow_templates.py
[2026-05-18T06:16:56.901+0000] {processor.py:925} INFO - DAG(s) 'tutorial_taskflow_templates' retrieved from /home/noelsdavid/airflow_venv/lib/python3.12/site-packages/airflow/example_dags/tutorial_taskflow_templates.py
[2026-05-18T06:16:56.924+0000] {logging_mixin.py:190} INFO - [2026-05-18T06:16:56.924+0000] {dag.py:3239} INFO - Sync 1 DAGs
[2026-05-18T06:16:56.951+0000] {logging_mixin.py:190} INFO - [2026-05-18T06:16:56.951+0000] {dag.py:4180} INFO - Setting next_dagrun for tutorial_taskflow_templates to 2026-05-17 00:00:00+00:00, run_after=2026-05-18 00:00:00+00:00
[2026-05-18T06:16:56.980+0000] {processor.py:208} INFO - Processing /home/noelsdavid/airflow_venv/lib/python3.12/site-packages/airflow/example_dags/tutorial_taskflow_templates.py took 0.114 seconds
[2026-05-18T06:18:00.457+0000] {processor.py:186} INFO - Started process (PID=8390) to work on /home/noelsdavid/airflow_venv/lib/python3.12/site-packages/airflow/example_dags/tutorial_taskflow_templates.py
[2026-05-18T06:18:00.460+0000] {processor.py:914} INFO - Processing file /home/noelsdavid/airflow_venv/lib/python3.12/site-packages/airflow/example_dags/tutorial_taskflow_templates.py for tasks to queue
[2026-05-18T06:18:00.463+0000] {logging_mixin.py:190} INFO - [2026-05-18T06:18:00.463+0000] {dagbag.py:588} INFO - Filling up the DagBag from /home/noelsdavid/airflow_venv/lib/python3.12/site-packages/airflow/example_dags/tutorial_taskflow_templates.py
[2026-05-18T06:18:00.484+0000] {processor.py:925} INFO - DAG(s) 'tutorial_taskflow_templates' retrieved from /home/noelsdavid/airflow_venv/lib/python3.12/site-packages/airflow/example_dags/tutorial_taskflow_templates.py
[2026-05-18T06:18:00.508+0000] {logging_mixin.py:190} INFO - [2026-05-18T06:18:00.508+0000] {dag.py:3239} INFO - Sync 1 DAGs
[2026-05-18T06:18:00.537+0000] {logging_mixin.py:190} INFO - [2026-05-18T06:18:00.536+0000] {dag.py:4180} INFO - Setting next_dagrun for tutorial_taskflow_templates to 2026-05-17 00:00:00+00:00, run_after=2026-05-18 00:00:00+00:00
[2026-05-18T06:18:00.577+0000] {processor.py:208} INFO - Processing /home/noelsdavid/airflow_venv/lib/python3.12/site-packages/airflow/example_dags/tutorial_taskflow_templates.py took 0.128 seconds
[2026-05-18T06:18:57.805+0000] {processor.py:186} INFO - Started process (PID=8501) to work on /home/noelsdavid/airflow_venv/lib/python3.12/site-packages/airflow/example_dags/tutorial_taskflow_templates.py
[2026-05-18T06:18:57.808+0000] {processor.py:914} INFO - Processing file /home/noelsdavid/airflow_venv/lib/python3.12/site-packages/airflow/example_dags/tutorial_taskflow_templates.py for tasks to queue
[2026-05-18T06:18:57.811+0000] {logging_mixin.py:190} INFO - [2026-05-18T06:18:57.811+0000] {dagbag.py:588} INFO - Filling up the DagBag from /home/noelsdavid/airflow_venv/lib/python3.12/site-packages/airflow/example_dags/tutorial_taskflow_templates.py
[2026-05-18T06:18:57.829+0000] {processor.py:925} INFO - DAG(s) 'tutorial_taskflow_templates' retrieved from /home/noelsdavid/airflow_venv/lib/python3.12/site-packages/airflow/example_dags/tutorial_taskflow_templates.py
[2026-05-18T06:18:57.851+0000] {logging_mixin.py:190} INFO - [2026-05-18T06:18:57.850+0000] {dag.py:3239} INFO - Sync 1 DAGs
[2026-05-18T06:18:57.877+0000] {logging_mixin.py:190} INFO - [2026-05-18T06:18:57.877+0000] {dag.py:4180} INFO - Setting next_dagrun for tutorial_taskflow_templates to 2026-05-17 00:00:00+00:00, run_after=2026-05-18 00:00:00+00:00
[2026-05-18T06:18:57.909+0000] {processor.py:208} INFO - Processing /home/noelsdavid/airflow_venv/lib/python3.12/site-packages/airflow/example_dags/tutorial_taskflow_templates.py took 0.112 seconds
[2026-05-18T06:19:59.867+0000] {processor.py:186} INFO - Started process (PID=8561) to work on /home/noelsdavid/airflow_venv/lib/python3.12/site-packages/airflow/example_dags/tutorial_taskflow_templates.py
[2026-05-18T06:19:59.884+0000] {processor.py:914} INFO - Processing file /home/noelsdavid/airflow_venv/lib/python3.12/site-packages/airflow/example_dags/tutorial_taskflow_templates.py for tasks to queue
[2026-05-18T06:19:59.887+0000] {logging_mixin.py:190} INFO - [2026-05-18T06:19:59.886+0000] {dagbag.py:588} INFO - Filling up the DagBag from /home/noelsdavid/airflow_venv/lib/python3.12/site-packages/airflow/example_dags/tutorial_taskflow_templates.py
[2026-05-18T06:19:59.906+0000] {processor.py:925} INFO - DAG(s) 'tutorial_taskflow_templates' retrieved from /home/noelsdavid/airflow_venv/lib/python3.12/site-packages/airflow/example_dags/tutorial_taskflow_templates.py
[2026-05-18T06:19:59.937+0000] {logging_mixin.py:190} INFO - [2026-05-18T06:19:59.936+0000] {dag.py:3239} INFO - Sync 1 DAGs
[2026-05-18T06:19:59.983+0000] {logging_mixin.py:190} INFO - [2026-05-18T06:19:59.982+0000] {dag.py:4180} INFO - Setting next_dagrun for tutorial_taskflow_templates to 2026-05-17 00:00:00+00:00, run_after=2026-05-18 00:00:00+00:00
[2026-05-18T06:20:00.028+0000] {processor.py:208} INFO - Processing /home/noelsdavid/airflow_venv/lib/python3.12/site-packages/airflow/example_dags/tutorial_taskflow_templates.py took 0.169 seconds
[2026-05-18T06:21:01.436+0000] {processor.py:186} INFO - Started process (PID=8648) to work on /home/noelsdavid/airflow_venv/lib/python3.12/site-packages/airflow/example_dags/tutorial_taskflow_templates.py
[2026-05-18T06:21:01.454+0000] {processor.py:914} INFO - Processing file /home/noelsdavid/airflow_venv/lib/python3.12/site-packages/airflow/example_dags/tutorial_taskflow_templates.py for tasks to queue
[2026-05-18T06:21:01.456+0000] {logging_mixin.py:190} INFO - [2026-05-18T06:21:01.456+0000] {dagbag.py:588} INFO - Filling up the DagBag from /home/noelsdavid/airflow_venv/lib/python3.12/site-packages/airflow/example_dags/tutorial_taskflow_templates.py
[2026-05-18T06:21:01.476+0000] {processor.py:925} INFO - DAG(s) 'tutorial_taskflow_templates' retrieved from /home/noelsdavid/airflow_venv/lib/python3.12/site-packages/airflow/example_dags/tutorial_taskflow_templates.py
[2026-05-18T06:21:01.497+0000] {logging_mixin.py:190} INFO - [2026-05-18T06:21:01.497+0000] {dag.py:3239} INFO - Sync 1 DAGs
[2026-05-18T06:21:01.525+0000] {logging_mixin.py:190} INFO - [2026-05-18T06:21:01.524+0000] {dag.py:4180} INFO - Setting next_dagrun for tutorial_taskflow_templates to 2026-05-17 00:00:00+00:00, run_after=2026-05-18 00:00:00+00:00
[2026-05-18T06:21:01.559+0000] {processor.py:208} INFO - Processing /home/noelsdavid/airflow_venv/lib/python3.12/site-packages/airflow/example_dags/tutorial_taskflow_templates.py took 0.131 seconds
[2026-05-18T06:22:07.714+0000] {processor.py:186} INFO - Started process (PID=8712) to work on /home/noelsdavid/airflow_venv/lib/python3.12/site-packages/airflow/example_dags/tutorial_taskflow_templates.py
[2026-05-18T06:22:07.716+0000] {processor.py:914} INFO - Processing file /home/noelsdavid/airflow_venv/lib/python3.12/site-packages/airflow/example_dags/tutorial_taskflow_templates.py for tasks to queue
[2026-05-18T06:22:07.718+0000] {logging_mixin.py:190} INFO - [2026-05-18T06:22:07.718+0000] {dagbag.py:588} INFO - Filling up the DagBag from /home/noelsdavid/airflow_venv/lib/python3.12/site-packages/airflow/example_dags/tutorial_taskflow_templates.py
[2026-05-18T06:22:07.739+0000] {processor.py:925} INFO - DAG(s) 'tutorial_taskflow_templates' retrieved from /home/noelsdavid/airflow_venv/lib/python3.12/site-packages/airflow/example_dags/tutorial_taskflow_templates.py
[2026-05-18T06:22:07.761+0000] {logging_mixin.py:190} INFO - [2026-05-18T06:22:07.761+0000] {dag.py:3239} INFO - Sync 1 DAGs
[2026-05-18T06:22:07.789+0000] {logging_mixin.py:190} INFO - [2026-05-18T06:22:07.789+0000] {dag.py:4180} INFO - Setting next_dagrun for tutorial_taskflow_templates to 2026-05-17 00:00:00+00:00, run_after=2026-05-18 00:00:00+00:00
[2026-05-18T06:22:07.825+0000] {processor.py:208} INFO - Processing /home/noelsdavid/airflow_venv/lib/python3.12/site-packages/airflow/example_dags/tutorial_taskflow_templates.py took 0.119 seconds
[2026-05-18T06:23:08.718+0000] {processor.py:186} INFO - Started process (PID=8771) to work on /home/noelsdavid/airflow_venv/lib/python3.12/site-packages/airflow/example_dags/tutorial_taskflow_templates.py
[2026-05-18T06:23:08.720+0000] {processor.py:914} INFO - Processing file /home/noelsdavid/airflow_venv/lib/python3.12/site-packages/airflow/example_dags/tutorial_taskflow_templates.py for tasks to queue
[2026-05-18T06:23:08.722+0000] {logging_mixin.py:190} INFO - [2026-05-18T06:23:08.722+0000] {dagbag.py:588} INFO - Filling up the DagBag from /home/noelsdavid/airflow_venv/lib/python3.12/site-packages/airflow/example_dags/tutorial_taskflow_templates.py
[2026-05-18T06:23:08.744+0000] {processor.py:925} INFO - DAG(s) 'tutorial_taskflow_templates' retrieved from /home/noelsdavid/airflow_venv/lib/python3.12/site-packages/airflow/example_dags/tutorial_taskflow_templates.py
[2026-05-18T06:23:08.766+0000] {logging_mixin.py:190} INFO - [2026-05-18T06:23:08.766+0000] {dag.py:3239} INFO - Sync 1 DAGs
[2026-05-18T06:23:08.795+0000] {logging_mixin.py:190} INFO - [2026-05-18T06:23:08.794+0000] {dag.py:4180} INFO - Setting next_dagrun for tutorial_taskflow_templates to 2026-05-17 00:00:00+00:00, run_after=2026-05-18 00:00:00+00:00
[2026-05-18T06:23:08.825+0000] {processor.py:208} INFO - Processing /home/noelsdavid/airflow_venv/lib/python3.12/site-packages/airflow/example_dags/tutorial_taskflow_templates.py took 0.115 seconds
[2026-05-18T06:24:14.739+0000] {processor.py:186} INFO - Started process (PID=8834) to work on /home/noelsdavid/airflow_venv/lib/python3.12/site-packages/airflow/example_dags/tutorial_taskflow_templates.py
[2026-05-18T06:24:14.750+0000] {processor.py:914} INFO - Processing file /home/noelsdavid/airflow_venv/lib/python3.12/site-packages/airflow/example_dags/tutorial_taskflow_templates.py for tasks to queue
[2026-05-18T06:24:14.752+0000] {logging_mixin.py:190} INFO - [2026-05-18T06:24:14.751+0000] {dagbag.py:588} INFO - Filling up the DagBag from /home/noelsdavid/airflow_venv/lib/python3.12/site-packages/airflow/example_dags/tutorial_taskflow_templates.py
[2026-05-18T06:24:14.772+0000] {processor.py:925} INFO - DAG(s) 'tutorial_taskflow_templates' retrieved from /home/noelsdavid/airflow_venv/lib/python3.12/site-packages/airflow/example_dags/tutorial_taskflow_templates.py
[2026-05-18T06:24:14.793+0000] {logging_mixin.py:190} INFO - [2026-05-18T06:24:14.793+0000] {dag.py:3239} INFO - Sync 1 DAGs
[2026-05-18T06:24:14.821+0000] {logging_mixin.py:190} INFO - [2026-05-18T06:24:14.821+0000] {dag.py:4180} INFO - Setting next_dagrun for tutorial_taskflow_templates to 2026-05-17 00:00:00+00:00, run_after=2026-05-18 00:00:00+00:00
[2026-05-18T06:24:14.850+0000] {processor.py:208} INFO - Processing /home/noelsdavid/airflow_venv/lib/python3.12/site-packages/airflow/example_dags/tutorial_taskflow_templates.py took 0.120 seconds
[2026-05-18T06:25:20.266+0000] {processor.py:186} INFO - Started process (PID=8921) to work on /home/noelsdavid/airflow_venv/lib/python3.12/site-packages/airflow/example_dags/tutorial_taskflow_templates.py
[2026-05-18T06:25:20.268+0000] {processor.py:914} INFO - Processing file /home/noelsdavid/airflow_venv/lib/python3.12/site-packages/airflow/example_dags/tutorial_taskflow_templates.py for tasks to queue
[2026-05-18T06:25:20.270+0000] {logging_mixin.py:190} INFO - [2026-05-18T06:25:20.269+0000] {dagbag.py:588} INFO - Filling up the DagBag from /home/noelsdavid/airflow_venv/lib/python3.12/site-packages/airflow/example_dags/tutorial_taskflow_templates.py
[2026-05-18T06:25:20.291+0000] {processor.py:925} INFO - DAG(s) 'tutorial_taskflow_templates' retrieved from /home/noelsdavid/airflow_venv/lib/python3.12/site-packages/airflow/example_dags/tutorial_taskflow_templates.py
[2026-05-18T06:25:20.312+0000] {logging_mixin.py:190} INFO - [2026-05-18T06:25:20.312+0000] {dag.py:3239} INFO - Sync 1 DAGs
[2026-05-18T06:25:20.340+0000] {logging_mixin.py:190} INFO - [2026-05-18T06:25:20.340+0000] {dag.py:4180} INFO - Setting next_dagrun for tutorial_taskflow_templates to 2026-05-17 00:00:00+00:00, run_after=2026-05-18 00:00:00+00:00
[2026-05-18T06:25:20.370+0000] {processor.py:208} INFO - Processing /home/noelsdavid/airflow_venv/lib/python3.12/site-packages/airflow/example_dags/tutorial_taskflow_templates.py took 0.112 seconds
[2026-05-18T06:26:23.201+0000] {processor.py:186} INFO - Started process (PID=9037) to work on /home/noelsdavid/airflow_venv/lib/python3.12/site-packages/airflow/example_dags/tutorial_taskflow_templates.py
[2026-05-18T06:26:23.203+0000] {processor.py:914} INFO - Processing file /home/noelsdavid/airflow_venv/lib/python3.12/site-packages/airflow/example_dags/tutorial_taskflow_templates.py for tasks to queue
[2026-05-18T06:26:23.205+0000] {logging_mixin.py:190} INFO - [2026-05-18T06:26:23.205+0000] {dagbag.py:588} INFO - Filling up the DagBag from /home/noelsdavid/airflow_venv/lib/python3.12/site-packages/airflow/example_dags/tutorial_taskflow_templates.py
[2026-05-18T06:26:23.225+0000] {processor.py:925} INFO - DAG(s) 'tutorial_taskflow_templates' retrieved from /home/noelsdavid/airflow_venv/lib/python3.12/site-packages/airflow/example_dags/tutorial_taskflow_templates.py
[2026-05-18T06:26:23.247+0000] {logging_mixin.py:190} INFO - [2026-05-18T06:26:23.246+0000] {dag.py:3239} INFO - Sync 1 DAGs
[2026-05-18T06:26:23.278+0000] {logging_mixin.py:190} INFO - [2026-05-18T06:26:23.278+0000] {dag.py:4180} INFO - Setting next_dagrun for tutorial_taskflow_templates to 2026-05-17 00:00:00+00:00, run_after=2026-05-18 00:00:00+00:00
[2026-05-18T06:26:23.315+0000] {processor.py:208} INFO - Processing /home/noelsdavid/airflow_venv/lib/python3.12/site-packages/airflow/example_dags/tutorial_taskflow_templates.py took 0.123 seconds
[2026-05-18T06:27:45.655+0000] {processor.py:186} INFO - Started process (PID=9596) to work on /home/noelsdavid/airflow_venv/lib/python3.12/site-packages/airflow/example_dags/tutorial_taskflow_templates.py
[2026-05-18T06:27:45.680+0000] {processor.py:914} INFO - Processing file /home/noelsdavid/airflow_venv/lib/python3.12/site-packages/airflow/example_dags/tutorial_taskflow_templates.py for tasks to queue
[2026-05-18T06:27:45.682+0000] {logging_mixin.py:190} INFO - [2026-05-18T06:27:45.682+0000] {dagbag.py:588} INFO - Filling up the DagBag from /home/noelsdavid/airflow_venv/lib/python3.12/site-packages/airflow/example_dags/tutorial_taskflow_templates.py
[2026-05-18T06:27:45.701+0000] {processor.py:925} INFO - DAG(s) 'tutorial_taskflow_templates' retrieved from /home/noelsdavid/airflow_venv/lib/python3.12/site-packages/airflow/example_dags/tutorial_taskflow_templates.py
[2026-05-18T06:27:45.723+0000] {logging_mixin.py:190} INFO - [2026-05-18T06:27:45.723+0000] {dag.py:3239} INFO - Sync 1 DAGs
[2026-05-18T06:27:45.754+0000] {logging_mixin.py:190} INFO - [2026-05-18T06:27:45.753+0000] {dag.py:4180} INFO - Setting next_dagrun for tutorial_taskflow_templates to 2026-05-17 00:00:00+00:00, run_after=2026-05-18 00:00:00+00:00
[2026-05-18T06:27:45.784+0000] {processor.py:208} INFO - Processing /home/noelsdavid/airflow_venv/lib/python3.12/site-packages/airflow/example_dags/tutorial_taskflow_templates.py took 0.137 seconds
[2026-05-18T06:28:26.181+0000] {processor.py:186} INFO - Started process (PID=9717) to work on /home/noelsdavid/airflow_venv/lib/python3.12/site-packages/airflow/example_dags/tutorial_taskflow_templates.py
[2026-05-18T06:28:26.183+0000] {processor.py:914} INFO - Processing file /home/noelsdavid/airflow_venv/lib/python3.12/site-packages/airflow/example_dags/tutorial_taskflow_templates.py for tasks to queue
[2026-05-18T06:28:26.185+0000] {logging_mixin.py:190} INFO - [2026-05-18T06:28:26.185+0000] {dagbag.py:588} INFO - Filling up the DagBag from /home/noelsdavid/airflow_venv/lib/python3.12/site-packages/airflow/example_dags/tutorial_taskflow_templates.py
[2026-05-18T06:28:26.206+0000] {processor.py:925} INFO - DAG(s) 'tutorial_taskflow_templates' retrieved from /home/noelsdavid/airflow_venv/lib/python3.12/site-packages/airflow/example_dags/tutorial_taskflow_templates.py
[2026-05-18T06:28:26.231+0000] {logging_mixin.py:190} INFO - [2026-05-18T06:28:26.231+0000] {dag.py:3239} INFO - Sync 1 DAGs
[2026-05-18T06:28:26.260+0000] {logging_mixin.py:190} INFO - [2026-05-18T06:28:26.260+0000] {dag.py:4180} INFO - Setting next_dagrun for tutorial_taskflow_templates to 2026-05-17 00:00:00+00:00, run_after=2026-05-18 00:00:00+00:00
[2026-05-18T06:28:26.294+0000] {processor.py:208} INFO - Processing /home/noelsdavid/airflow_venv/lib/python3.12/site-packages/airflow/example_dags/tutorial_taskflow_templates.py took 0.123 seconds
[2026-05-18T06:29:34.354+0000] {processor.py:186} INFO - Started process (PID=9780) to work on /home/noelsdavid/airflow_venv/lib/python3.12/site-packages/airflow/example_dags/tutorial_taskflow_templates.py
[2026-05-18T06:29:34.357+0000] {processor.py:914} INFO - Processing file /home/noelsdavid/airflow_venv/lib/python3.12/site-packages/airflow/example_dags/tutorial_taskflow_templates.py for tasks to queue
[2026-05-18T06:29:34.359+0000] {logging_mixin.py:190} INFO - [2026-05-18T06:29:34.358+0000] {dagbag.py:588} INFO - Filling up the DagBag from /home/noelsdavid/airflow_venv/lib/python3.12/site-packages/airflow/example_dags/tutorial_taskflow_templates.py
[2026-05-18T06:29:34.377+0000] {processor.py:925} INFO - DAG(s) 'tutorial_taskflow_templates' retrieved from /home/noelsdavid/airflow_venv/lib/python3.12/site-packages/airflow/example_dags/tutorial_taskflow_templates.py
[2026-05-18T06:29:34.401+0000] {logging_mixin.py:190} INFO - [2026-05-18T06:29:34.400+0000] {dag.py:3239} INFO - Sync 1 DAGs
[2026-05-18T06:29:34.428+0000] {logging_mixin.py:190} INFO - [2026-05-18T06:29:34.428+0000] {dag.py:4180} INFO - Setting next_dagrun for tutorial_taskflow_templates to 2026-05-17 00:00:00+00:00, run_after=2026-05-18 00:00:00+00:00
[2026-05-18T06:29:34.458+0000] {processor.py:208} INFO - Processing /home/noelsdavid/airflow_venv/lib/python3.12/site-packages/airflow/example_dags/tutorial_taskflow_templates.py took 0.112 seconds
[2026-05-18T06:30:38.615+0000] {processor.py:186} INFO - Started process (PID=9867) to work on /home/noelsdavid/airflow_venv/lib/python3.12/site-packages/airflow/example_dags/tutorial_taskflow_templates.py
[2026-05-18T06:30:38.630+0000] {processor.py:914} INFO - Processing file /home/noelsdavid/airflow_venv/lib/python3.12/site-packages/airflow/example_dags/tutorial_taskflow_templates.py for tasks to queue
[2026-05-18T06:30:38.632+0000] {logging_mixin.py:190} INFO - [2026-05-18T06:30:38.632+0000] {dagbag.py:588} INFO - Filling up the DagBag from /home/noelsdavid/airflow_venv/lib/python3.12/site-packages/airflow/example_dags/tutorial_taskflow_templates.py
[2026-05-18T06:30:38.651+0000] {processor.py:925} INFO - DAG(s) 'tutorial_taskflow_templates' retrieved from /home/noelsdavid/airflow_venv/lib/python3.12/site-packages/airflow/example_dags/tutorial_taskflow_templates.py
[2026-05-18T06:30:38.673+0000] {logging_mixin.py:190} INFO - [2026-05-18T06:30:38.673+0000] {dag.py:3239} INFO - Sync 1 DAGs
[2026-05-18T06:30:38.700+0000] {logging_mixin.py:190} INFO - [2026-05-18T06:30:38.700+0000] {dag.py:4180} INFO - Setting next_dagrun for tutorial_taskflow_templates to 2026-05-17 00:00:00+00:00, run_after=2026-05-18 00:00:00+00:00
[2026-05-18T06:30:38.733+0000] {processor.py:208} INFO - Processing /home/noelsdavid/airflow_venv/lib/python3.12/site-packages/airflow/example_dags/tutorial_taskflow_templates.py took 0.128 seconds
[2026-05-18T06:31:44.447+0000] {processor.py:186} INFO - Started process (PID=9930) to work on /home/noelsdavid/airflow_venv/lib/python3.12/site-packages/airflow/example_dags/tutorial_taskflow_templates.py
[2026-05-18T06:31:44.467+0000] {processor.py:914} INFO - Processing file /home/noelsdavid/airflow_venv/lib/python3.12/site-packages/airflow/example_dags/tutorial_taskflow_templates.py for tasks to queue
[2026-05-18T06:31:44.469+0000] {logging_mixin.py:190} INFO - [2026-05-18T06:31:44.468+0000] {dagbag.py:588} INFO - Filling up the DagBag from /home/noelsdavid/airflow_venv/lib/python3.12/site-packages/airflow/example_dags/tutorial_taskflow_templates.py
[2026-05-18T06:31:44.489+0000] {processor.py:925} INFO - DAG(s) 'tutorial_taskflow_templates' retrieved from /home/noelsdavid/airflow_venv/lib/python3.12/site-packages/airflow/example_dags/tutorial_taskflow_templates.py
[2026-05-18T06:31:44.512+0000] {logging_mixin.py:190} INFO - [2026-05-18T06:31:44.511+0000] {dag.py:3239} INFO - Sync 1 DAGs
[2026-05-18T06:31:44.541+0000] {logging_mixin.py:190} INFO - [2026-05-18T06:31:44.541+0000] {dag.py:4180} INFO - Setting next_dagrun for tutorial_taskflow_templates to 2026-05-17 00:00:00+00:00, run_after=2026-05-18 00:00:00+00:00
[2026-05-18T06:31:44.573+0000] {processor.py:208} INFO - Processing /home/noelsdavid/airflow_venv/lib/python3.12/site-packages/airflow/example_dags/tutorial_taskflow_templates.py took 0.133 seconds
[2026-05-18T06:32:42.548+0000] {processor.py:186} INFO - Started process (PID=9990) to work on /home/noelsdavid/airflow_venv/lib/python3.12/site-packages/airflow/example_dags/tutorial_taskflow_templates.py
[2026-05-18T06:32:42.571+0000] {processor.py:914} INFO - Processing file /home/noelsdavid/airflow_venv/lib/python3.12/site-packages/airflow/example_dags/tutorial_taskflow_templates.py for tasks to queue
[2026-05-18T06:32:42.573+0000] {logging_mixin.py:190} INFO - [2026-05-18T06:32:42.573+0000] {dagbag.py:588} INFO - Filling up the DagBag from /home/noelsdavid/airflow_venv/lib/python3.12/site-packages/airflow/example_dags/tutorial_taskflow_templates.py
[2026-05-18T06:32:42.593+0000] {processor.py:925} INFO - DAG(s) 'tutorial_taskflow_templates' retrieved from /home/noelsdavid/airflow_venv/lib/python3.12/site-packages/airflow/example_dags/tutorial_taskflow_templates.py
[2026-05-18T06:32:42.615+0000] {logging_mixin.py:190} INFO - [2026-05-18T06:32:42.615+0000] {dag.py:3239} INFO - Sync 1 DAGs
[2026-05-18T06:32:42.644+0000] {logging_mixin.py:190} INFO - [2026-05-18T06:32:42.644+0000] {dag.py:4180} INFO - Setting next_dagrun for tutorial_taskflow_templates to 2026-05-17 00:00:00+00:00, run_after=2026-05-18 00:00:00+00:00
[2026-05-18T06:32:42.676+0000] {processor.py:208} INFO - Processing /home/noelsdavid/airflow_venv/lib/python3.12/site-packages/airflow/example_dags/tutorial_taskflow_templates.py took 0.135 seconds
[2026-05-18T06:33:48.792+0000] {processor.py:186} INFO - Started process (PID=10059) to work on /home/noelsdavid/airflow_venv/lib/python3.12/site-packages/airflow/example_dags/tutorial_taskflow_templates.py
[2026-05-18T06:33:48.797+0000] {processor.py:914} INFO - Processing file /home/noelsdavid/airflow_venv/lib/python3.12/site-packages/airflow/example_dags/tutorial_taskflow_templates.py for tasks to queue
[2026-05-18T06:33:48.800+0000] {logging_mixin.py:190} INFO - [2026-05-18T06:33:48.799+0000] {dagbag.py:588} INFO - Filling up the DagBag from /home/noelsdavid/airflow_venv/lib/python3.12/site-packages/airflow/example_dags/tutorial_taskflow_templates.py
[2026-05-18T06:33:48.841+0000] {processor.py:925} INFO - DAG(s) 'tutorial_taskflow_templates' retrieved from /home/noelsdavid/airflow_venv/lib/python3.12/site-packages/airflow/example_dags/tutorial_taskflow_templates.py
[2026-05-18T06:33:48.864+0000] {logging_mixin.py:190} INFO - [2026-05-18T06:33:48.864+0000] {dag.py:3239} INFO - Sync 1 DAGs
[2026-05-18T06:33:48.894+0000] {logging_mixin.py:190} INFO - [2026-05-18T06:33:48.894+0000] {dag.py:4180} INFO - Setting next_dagrun for tutorial_taskflow_templates to 2026-05-17 00:00:00+00:00, run_after=2026-05-18 00:00:00+00:00
[2026-05-18T06:33:48.927+0000] {processor.py:208} INFO - Processing /home/noelsdavid/airflow_venv/lib/python3.12/site-packages/airflow/example_dags/tutorial_taskflow_templates.py took 0.153 seconds
[2026-05-18T06:34:52.837+0000] {processor.py:186} INFO - Started process (PID=10247) to work on /home/noelsdavid/airflow_venv/lib/python3.12/site-packages/airflow/example_dags/tutorial_taskflow_templates.py
[2026-05-18T06:34:52.839+0000] {processor.py:914} INFO - Processing file /home/noelsdavid/airflow_venv/lib/python3.12/site-packages/airflow/example_dags/tutorial_taskflow_templates.py for tasks to queue
[2026-05-18T06:34:52.842+0000] {logging_mixin.py:190} INFO - [2026-05-18T06:34:52.841+0000] {dagbag.py:588} INFO - Filling up the DagBag from /home/noelsdavid/airflow_venv/lib/python3.12/site-packages/airflow/example_dags/tutorial_taskflow_templates.py
[2026-05-18T06:34:52.862+0000] {processor.py:925} INFO - DAG(s) 'tutorial_taskflow_templates' retrieved from /home/noelsdavid/airflow_venv/lib/python3.12/site-packages/airflow/example_dags/tutorial_taskflow_templates.py
[2026-05-18T06:34:52.885+0000] {logging_mixin.py:190} INFO - [2026-05-18T06:34:52.885+0000] {dag.py:3239} INFO - Sync 1 DAGs
[2026-05-18T06:34:52.915+0000] {logging_mixin.py:190} INFO - [2026-05-18T06:34:52.915+0000] {dag.py:4180} INFO - Setting next_dagrun for tutorial_taskflow_templates to 2026-05-17 00:00:00+00:00, run_after=2026-05-18 00:00:00+00:00
[2026-05-18T06:34:52.954+0000] {processor.py:208} INFO - Processing /home/noelsdavid/airflow_venv/lib/python3.12/site-packages/airflow/example_dags/tutorial_taskflow_templates.py took 0.126 seconds
[2026-05-18T06:35:57.922+0000] {processor.py:186} INFO - Started process (PID=10427) to work on /home/noelsdavid/airflow_venv/lib/python3.12/site-packages/airflow/example_dags/tutorial_taskflow_templates.py
[2026-05-18T06:35:57.925+0000] {processor.py:914} INFO - Processing file /home/noelsdavid/airflow_venv/lib/python3.12/site-packages/airflow/example_dags/tutorial_taskflow_templates.py for tasks to queue
[2026-05-18T06:35:57.927+0000] {logging_mixin.py:190} INFO - [2026-05-18T06:35:57.926+0000] {dagbag.py:588} INFO - Filling up the DagBag from /home/noelsdavid/airflow_venv/lib/python3.12/site-packages/airflow/example_dags/tutorial_taskflow_templates.py
[2026-05-18T06:35:57.947+0000] {processor.py:925} INFO - DAG(s) 'tutorial_taskflow_templates' retrieved from /home/noelsdavid/airflow_venv/lib/python3.12/site-packages/airflow/example_dags/tutorial_taskflow_templates.py
[2026-05-18T06:35:57.969+0000] {logging_mixin.py:190} INFO - [2026-05-18T06:35:57.968+0000] {dag.py:3239} INFO - Sync 1 DAGs
[2026-05-18T06:35:57.998+0000] {logging_mixin.py:190} INFO - [2026-05-18T06:35:57.998+0000] {dag.py:4180} INFO - Setting next_dagrun for tutorial_taskflow_templates to 2026-05-17 00:00:00+00:00, run_after=2026-05-18 00:00:00+00:00
[2026-05-18T06:35:58.032+0000] {processor.py:208} INFO - Processing /home/noelsdavid/airflow_venv/lib/python3.12/site-packages/airflow/example_dags/tutorial_taskflow_templates.py took 0.118 seconds
[2026-05-18T06:36:58.595+0000] {processor.py:186} INFO - Started process (PID=10690) to work on /home/noelsdavid/airflow_venv/lib/python3.12/site-packages/airflow/example_dags/tutorial_taskflow_templates.py
[2026-05-18T06:36:58.598+0000] {processor.py:914} INFO - Processing file /home/noelsdavid/airflow_venv/lib/python3.12/site-packages/airflow/example_dags/tutorial_taskflow_templates.py for tasks to queue
[2026-05-18T06:36:58.600+0000] {logging_mixin.py:190} INFO - [2026-05-18T06:36:58.599+0000] {dagbag.py:588} INFO - Filling up the DagBag from /home/noelsdavid/airflow_venv/lib/python3.12/site-packages/airflow/example_dags/tutorial_taskflow_templates.py
[2026-05-18T06:36:58.619+0000] {processor.py:925} INFO - DAG(s) 'tutorial_taskflow_templates' retrieved from /home/noelsdavid/airflow_venv/lib/python3.12/site-packages/airflow/example_dags/tutorial_taskflow_templates.py
[2026-05-18T06:36:58.641+0000] {logging_mixin.py:190} INFO - [2026-05-18T06:36:58.640+0000] {dag.py:3239} INFO - Sync 1 DAGs
[2026-05-18T06:36:58.669+0000] {logging_mixin.py:190} INFO - [2026-05-18T06:36:58.669+0000] {dag.py:4180} INFO - Setting next_dagrun for tutorial_taskflow_templates to 2026-05-17 00:00:00+00:00, run_after=2026-05-18 00:00:00+00:00
[2026-05-18T06:36:58.699+0000] {processor.py:208} INFO - Processing /home/noelsdavid/airflow_venv/lib/python3.12/site-packages/airflow/example_dags/tutorial_taskflow_templates.py took 0.112 seconds
[2026-05-18T06:38:06.320+0000] {processor.py:186} INFO - Started process (PID=10960) to work on /home/noelsdavid/airflow_venv/lib/python3.12/site-packages/airflow/example_dags/tutorial_taskflow_templates.py
[2026-05-18T06:38:06.323+0000] {processor.py:914} INFO - Processing file /home/noelsdavid/airflow_venv/lib/python3.12/site-packages/airflow/example_dags/tutorial_taskflow_templates.py for tasks to queue
[2026-05-18T06:38:06.325+0000] {logging_mixin.py:190} INFO - [2026-05-18T06:38:06.324+0000] {dagbag.py:588} INFO - Filling up the DagBag from /home/noelsdavid/airflow_venv/lib/python3.12/site-packages/airflow/example_dags/tutorial_taskflow_templates.py
[2026-05-18T06:38:06.344+0000] {processor.py:925} INFO - DAG(s) 'tutorial_taskflow_templates' retrieved from /home/noelsdavid/airflow_venv/lib/python3.12/site-packages/airflow/example_dags/tutorial_taskflow_templates.py
[2026-05-18T06:38:06.369+0000] {logging_mixin.py:190} INFO - [2026-05-18T06:38:06.368+0000] {dag.py:3239} INFO - Sync 1 DAGs
[2026-05-18T06:38:06.399+0000] {logging_mixin.py:190} INFO - [2026-05-18T06:38:06.399+0000] {dag.py:4180} INFO - Setting next_dagrun for tutorial_taskflow_templates to 2026-05-17 00:00:00+00:00, run_after=2026-05-18 00:00:00+00:00
[2026-05-18T06:38:06.430+0000] {processor.py:208} INFO - Processing /home/noelsdavid/airflow_venv/lib/python3.12/site-packages/airflow/example_dags/tutorial_taskflow_templates.py took 0.118 seconds
[2026-05-18T06:39:09.148+0000] {processor.py:186} INFO - Started process (PID=11264) to work on /home/noelsdavid/airflow_venv/lib/python3.12/site-packages/airflow/example_dags/tutorial_taskflow_templates.py
[2026-05-18T06:39:09.150+0000] {processor.py:914} INFO - Processing file /home/noelsdavid/airflow_venv/lib/python3.12/site-packages/airflow/example_dags/tutorial_taskflow_templates.py for tasks to queue
[2026-05-18T06:39:09.153+0000] {logging_mixin.py:190} INFO - [2026-05-18T06:39:09.152+0000] {dagbag.py:588} INFO - Filling up the DagBag from /home/noelsdavid/airflow_venv/lib/python3.12/site-packages/airflow/example_dags/tutorial_taskflow_templates.py
[2026-05-18T06:39:09.172+0000] {processor.py:925} INFO - DAG(s) 'tutorial_taskflow_templates' retrieved from /home/noelsdavid/airflow_venv/lib/python3.12/site-packages/airflow/example_dags/tutorial_taskflow_templates.py
[2026-05-18T06:39:09.194+0000] {logging_mixin.py:190} INFO - [2026-05-18T06:39:09.194+0000] {dag.py:3239} INFO - Sync 1 DAGs
[2026-05-18T06:39:09.222+0000] {logging_mixin.py:190} INFO - [2026-05-18T06:39:09.222+0000] {dag.py:4180} INFO - Setting next_dagrun for tutorial_taskflow_templates to 2026-05-17 00:00:00+00:00, run_after=2026-05-18 00:00:00+00:00
[2026-05-18T06:39:09.256+0000] {processor.py:208} INFO - Processing /home/noelsdavid/airflow_venv/lib/python3.12/site-packages/airflow/example_dags/tutorial_taskflow_templates.py took 0.116 seconds
[2026-05-18T06:40:18.078+0000] {processor.py:186} INFO - Started process (PID=11516) to work on /home/noelsdavid/airflow_venv/lib/python3.12/site-packages/airflow/example_dags/tutorial_taskflow_templates.py
[2026-05-18T06:40:18.081+0000] {processor.py:914} INFO - Processing file /home/noelsdavid/airflow_venv/lib/python3.12/site-packages/airflow/example_dags/tutorial_taskflow_templates.py for tasks to queue
[2026-05-18T06:40:18.083+0000] {logging_mixin.py:190} INFO - [2026-05-18T06:40:18.082+0000] {dagbag.py:588} INFO - Filling up the DagBag from /home/noelsdavid/airflow_venv/lib/python3.12/site-packages/airflow/example_dags/tutorial_taskflow_templates.py
[2026-05-18T06:40:18.107+0000] {processor.py:925} INFO - DAG(s) 'tutorial_taskflow_templates' retrieved from /home/noelsdavid/airflow_venv/lib/python3.12/site-packages/airflow/example_dags/tutorial_taskflow_templates.py
[2026-05-18T06:40:18.130+0000] {logging_mixin.py:190} INFO - [2026-05-18T06:40:18.130+0000] {dag.py:3239} INFO - Sync 1 DAGs
[2026-05-18T06:40:18.163+0000] {logging_mixin.py:190} INFO - [2026-05-18T06:40:18.162+0000] {dag.py:4180} INFO - Setting next_dagrun for tutorial_taskflow_templates to 2026-05-17 00:00:00+00:00, run_after=2026-05-18 00:00:00+00:00
[2026-05-18T06:40:18.198+0000] {processor.py:208} INFO - Processing /home/noelsdavid/airflow_venv/lib/python3.12/site-packages/airflow/example_dags/tutorial_taskflow_templates.py took 0.129 seconds
[2026-05-18T06:40:55.314+0000] {processor.py:186} INFO - Started process (PID=11611) to work on /home/noelsdavid/airflow_venv/lib/python3.12/site-packages/airflow/example_dags/tutorial_taskflow_templates.py
[2026-05-18T06:40:55.317+0000] {processor.py:914} INFO - Processing file /home/noelsdavid/airflow_venv/lib/python3.12/site-packages/airflow/example_dags/tutorial_taskflow_templates.py for tasks to queue
[2026-05-18T06:40:55.319+0000] {logging_mixin.py:190} INFO - [2026-05-18T06:40:55.318+0000] {dagbag.py:588} INFO - Filling up the DagBag from /home/noelsdavid/airflow_venv/lib/python3.12/site-packages/airflow/example_dags/tutorial_taskflow_templates.py
[2026-05-18T06:40:55.341+0000] {processor.py:925} INFO - DAG(s) 'tutorial_taskflow_templates' retrieved from /home/noelsdavid/airflow_venv/lib/python3.12/site-packages/airflow/example_dags/tutorial_taskflow_templates.py
[2026-05-18T06:40:55.364+0000] {logging_mixin.py:190} INFO - [2026-05-18T06:40:55.364+0000] {dag.py:3239} INFO - Sync 1 DAGs
[2026-05-18T06:40:55.398+0000] {logging_mixin.py:190} INFO - [2026-05-18T06:40:55.397+0000] {dag.py:4180} INFO - Setting next_dagrun for tutorial_taskflow_templates to 2026-05-17 00:00:00+00:00, run_after=2026-05-18 00:00:00+00:00
[2026-05-18T06:40:55.436+0000] {processor.py:208} INFO - Processing /home/noelsdavid/airflow_venv/lib/python3.12/site-packages/airflow/example_dags/tutorial_taskflow_templates.py took 0.133 seconds
[2026-05-18T06:41:31.181+0000] {processor.py:186} INFO - Started process (PID=12172) to work on /home/noelsdavid/airflow_venv/lib/python3.12/site-packages/airflow/example_dags/tutorial_taskflow_templates.py
[2026-05-18T06:41:31.184+0000] {processor.py:914} INFO - Processing file /home/noelsdavid/airflow_venv/lib/python3.12/site-packages/airflow/example_dags/tutorial_taskflow_templates.py for tasks to queue
[2026-05-18T06:41:31.188+0000] {logging_mixin.py:190} INFO - [2026-05-18T06:41:31.186+0000] {dagbag.py:588} INFO - Filling up the DagBag from /home/noelsdavid/airflow_venv/lib/python3.12/site-packages/airflow/example_dags/tutorial_taskflow_templates.py
[2026-05-18T06:41:31.209+0000] {processor.py:925} INFO - DAG(s) 'tutorial_taskflow_templates' retrieved from /home/noelsdavid/airflow_venv/lib/python3.12/site-packages/airflow/example_dags/tutorial_taskflow_templates.py
[2026-05-18T06:41:31.237+0000] {logging_mixin.py:190} INFO - [2026-05-18T06:41:31.237+0000] {dag.py:3239} INFO - Sync 1 DAGs
[2026-05-18T06:41:31.277+0000] {logging_mixin.py:190} INFO - [2026-05-18T06:41:31.277+0000] {dag.py:4180} INFO - Setting next_dagrun for tutorial_taskflow_templates to 2026-05-17 00:00:00+00:00, run_after=2026-05-18 00:00:00+00:00
[2026-05-18T06:41:31.326+0000] {processor.py:208} INFO - Processing /home/noelsdavid/airflow_venv/lib/python3.12/site-packages/airflow/example_dags/tutorial_taskflow_templates.py took 0.153 seconds
[2026-05-18T06:42:08.103+0000] {processor.py:186} INFO - Started process (PID=12340) to work on /home/noelsdavid/airflow_venv/lib/python3.12/site-packages/airflow/example_dags/tutorial_taskflow_templates.py
[2026-05-18T06:42:08.106+0000] {processor.py:914} INFO - Processing file /home/noelsdavid/airflow_venv/lib/python3.12/site-packages/airflow/example_dags/tutorial_taskflow_templates.py for tasks to queue
[2026-05-18T06:42:08.109+0000] {logging_mixin.py:190} INFO - [2026-05-18T06:42:08.108+0000] {dagbag.py:588} INFO - Filling up the DagBag from /home/noelsdavid/airflow_venv/lib/python3.12/site-packages/airflow/example_dags/tutorial_taskflow_templates.py
[2026-05-18T06:42:08.130+0000] {processor.py:925} INFO - DAG(s) 'tutorial_taskflow_templates' retrieved from /home/noelsdavid/airflow_venv/lib/python3.12/site-packages/airflow/example_dags/tutorial_taskflow_templates.py
[2026-05-18T06:42:08.154+0000] {logging_mixin.py:190} INFO - [2026-05-18T06:42:08.154+0000] {dag.py:3239} INFO - Sync 1 DAGs
[2026-05-18T06:42:08.186+0000] {logging_mixin.py:190} INFO - [2026-05-18T06:42:08.185+0000] {dag.py:4180} INFO - Setting next_dagrun for tutorial_taskflow_templates to 2026-05-17 00:00:00+00:00, run_after=2026-05-18 00:00:00+00:00
[2026-05-18T06:42:08.226+0000] {processor.py:208} INFO - Processing /home/noelsdavid/airflow_venv/lib/python3.12/site-packages/airflow/example_dags/tutorial_taskflow_templates.py took 0.137 seconds
[2026-05-18T06:43:20.227+0000] {processor.py:186} INFO - Started process (PID=12722) to work on /home/noelsdavid/airflow_venv/lib/python3.12/site-packages/airflow/example_dags/tutorial_taskflow_templates.py
[2026-05-18T06:43:20.250+0000] {processor.py:914} INFO - Processing file /home/noelsdavid/airflow_venv/lib/python3.12/site-packages/airflow/example_dags/tutorial_taskflow_templates.py for tasks to queue
[2026-05-18T06:43:20.252+0000] {logging_mixin.py:190} INFO - [2026-05-18T06:43:20.251+0000] {dagbag.py:588} INFO - Filling up the DagBag from /home/noelsdavid/airflow_venv/lib/python3.12/site-packages/airflow/example_dags/tutorial_taskflow_templates.py
[2026-05-18T06:43:20.271+0000] {processor.py:925} INFO - DAG(s) 'tutorial_taskflow_templates' retrieved from /home/noelsdavid/airflow_venv/lib/python3.12/site-packages/airflow/example_dags/tutorial_taskflow_templates.py
[2026-05-18T06:43:20.293+0000] {logging_mixin.py:190} INFO - [2026-05-18T06:43:20.293+0000] {dag.py:3239} INFO - Sync 1 DAGs
[2026-05-18T06:43:20.322+0000] {logging_mixin.py:190} INFO - [2026-05-18T06:43:20.322+0000] {dag.py:4180} INFO - Setting next_dagrun for tutorial_taskflow_templates to 2026-05-17 00:00:00+00:00, run_after=2026-05-18 00:00:00+00:00
[2026-05-18T06:43:20.352+0000] {processor.py:208} INFO - Processing /home/noelsdavid/airflow_venv/lib/python3.12/site-packages/airflow/example_dags/tutorial_taskflow_templates.py took 0.135 seconds
[2026-05-18T06:44:17.473+0000] {processor.py:186} INFO - Started process (PID=13034) to work on /home/noelsdavid/airflow_venv/lib/python3.12/site-packages/airflow/example_dags/tutorial_taskflow_templates.py
[2026-05-18T06:44:17.477+0000] {processor.py:914} INFO - Processing file /home/noelsdavid/airflow_venv/lib/python3.12/site-packages/airflow/example_dags/tutorial_taskflow_templates.py for tasks to queue
[2026-05-18T06:44:17.480+0000] {logging_mixin.py:190} INFO - [2026-05-18T06:44:17.479+0000] {dagbag.py:588} INFO - Filling up the DagBag from /home/noelsdavid/airflow_venv/lib/python3.12/site-packages/airflow/example_dags/tutorial_taskflow_templates.py
[2026-05-18T06:44:17.502+0000] {processor.py:925} INFO - DAG(s) 'tutorial_taskflow_templates' retrieved from /home/noelsdavid/airflow_venv/lib/python3.12/site-packages/airflow/example_dags/tutorial_taskflow_templates.py
[2026-05-18T06:44:17.525+0000] {logging_mixin.py:190} INFO - [2026-05-18T06:44:17.525+0000] {dag.py:3239} INFO - Sync 1 DAGs
[2026-05-18T06:44:17.553+0000] {logging_mixin.py:190} INFO - [2026-05-18T06:44:17.552+0000] {dag.py:4180} INFO - Setting next_dagrun for tutorial_taskflow_templates to 2026-05-17 00:00:00+00:00, run_after=2026-05-18 00:00:00+00:00
[2026-05-18T06:44:17.586+0000] {processor.py:208} INFO - Processing /home/noelsdavid/airflow_venv/lib/python3.12/site-packages/airflow/example_dags/tutorial_taskflow_templates.py took 0.123 seconds
[2026-05-18T06:45:00.124+0000] {processor.py:186} INFO - Started process (PID=13078) to work on /home/noelsdavid/airflow_venv/lib/python3.12/site-packages/airflow/example_dags/tutorial_taskflow_templates.py
[2026-05-18T06:45:00.127+0000] {processor.py:914} INFO - Processing file /home/noelsdavid/airflow_venv/lib/python3.12/site-packages/airflow/example_dags/tutorial_taskflow_templates.py for tasks to queue
[2026-05-18T06:45:00.130+0000] {logging_mixin.py:190} INFO - [2026-05-18T06:45:00.129+0000] {dagbag.py:588} INFO - Filling up the DagBag from /home/noelsdavid/airflow_venv/lib/python3.12/site-packages/airflow/example_dags/tutorial_taskflow_templates.py
[2026-05-18T06:45:00.151+0000] {processor.py:925} INFO - DAG(s) 'tutorial_taskflow_templates' retrieved from /home/noelsdavid/airflow_venv/lib/python3.12/site-packages/airflow/example_dags/tutorial_taskflow_templates.py
[2026-05-18T06:45:00.176+0000] {logging_mixin.py:190} INFO - [2026-05-18T06:45:00.175+0000] {dag.py:3239} INFO - Sync 1 DAGs
[2026-05-18T06:45:00.210+0000] {logging_mixin.py:190} INFO - [2026-05-18T06:45:00.209+0000] {dag.py:4180} INFO - Setting next_dagrun for tutorial_taskflow_templates to 2026-05-17 00:00:00+00:00, run_after=2026-05-18 00:00:00+00:00
[2026-05-18T06:45:00.245+0000] {processor.py:208} INFO - Processing /home/noelsdavid/airflow_venv/lib/python3.12/site-packages/airflow/example_dags/tutorial_taskflow_templates.py took 0.130 seconds
[2026-05-18T06:46:11.525+0000] {processor.py:186} INFO - Started process (PID=13180) to work on /home/noelsdavid/airflow_venv/lib/python3.12/site-packages/airflow/example_dags/tutorial_taskflow_templates.py
[2026-05-18T06:46:11.529+0000] {processor.py:914} INFO - Processing file /home/noelsdavid/airflow_venv/lib/python3.12/site-packages/airflow/example_dags/tutorial_taskflow_templates.py for tasks to queue
[2026-05-18T06:46:11.531+0000] {logging_mixin.py:190} INFO - [2026-05-18T06:46:11.530+0000] {dagbag.py:588} INFO - Filling up the DagBag from /home/noelsdavid/airflow_venv/lib/python3.12/site-packages/airflow/example_dags/tutorial_taskflow_templates.py
[2026-05-18T06:46:11.556+0000] {processor.py:925} INFO - DAG(s) 'tutorial_taskflow_templates' retrieved from /home/noelsdavid/airflow_venv/lib/python3.12/site-packages/airflow/example_dags/tutorial_taskflow_templates.py
[2026-05-18T06:46:11.582+0000] {logging_mixin.py:190} INFO - [2026-05-18T06:46:11.581+0000] {dag.py:3239} INFO - Sync 1 DAGs
[2026-05-18T06:46:11.615+0000] {logging_mixin.py:190} INFO - [2026-05-18T06:46:11.615+0000] {dag.py:4180} INFO - Setting next_dagrun for tutorial_taskflow_templates to 2026-05-17 00:00:00+00:00, run_after=2026-05-18 00:00:00+00:00
[2026-05-18T06:46:11.654+0000] {processor.py:208} INFO - Processing /home/noelsdavid/airflow_venv/lib/python3.12/site-packages/airflow/example_dags/tutorial_taskflow_templates.py took 0.140 seconds
[2026-05-18T06:47:19.655+0000] {processor.py:186} INFO - Started process (PID=13256) to work on /home/noelsdavid/airflow_venv/lib/python3.12/site-packages/airflow/example_dags/tutorial_taskflow_templates.py
[2026-05-18T06:47:19.658+0000] {processor.py:914} INFO - Processing file /home/noelsdavid/airflow_venv/lib/python3.12/site-packages/airflow/example_dags/tutorial_taskflow_templates.py for tasks to queue
[2026-05-18T06:47:19.660+0000] {logging_mixin.py:190} INFO - [2026-05-18T06:47:19.660+0000] {dagbag.py:588} INFO - Filling up the DagBag from /home/noelsdavid/airflow_venv/lib/python3.12/site-packages/airflow/example_dags/tutorial_taskflow_templates.py
[2026-05-18T06:47:19.681+0000] {processor.py:925} INFO - DAG(s) 'tutorial_taskflow_templates' retrieved from /home/noelsdavid/airflow_venv/lib/python3.12/site-packages/airflow/example_dags/tutorial_taskflow_templates.py
[2026-05-18T06:47:19.706+0000] {logging_mixin.py:190} INFO - [2026-05-18T06:47:19.706+0000] {dag.py:3239} INFO - Sync 1 DAGs
[2026-05-18T06:47:19.734+0000] {logging_mixin.py:190} INFO - [2026-05-18T06:47:19.734+0000] {dag.py:4180} INFO - Setting next_dagrun for tutorial_taskflow_templates to 2026-05-17 00:00:00+00:00, run_after=2026-05-18 00:00:00+00:00
[2026-05-18T06:47:19.764+0000] {processor.py:208} INFO - Processing /home/noelsdavid/airflow_venv/lib/python3.12/site-packages/airflow/example_dags/tutorial_taskflow_templates.py took 0.119 seconds
[2026-05-18T06:48:23.957+0000] {processor.py:186} INFO - Started process (PID=13328) to work on /home/noelsdavid/airflow_venv/lib/python3.12/site-packages/airflow/example_dags/tutorial_taskflow_templates.py
[2026-05-18T06:48:23.959+0000] {processor.py:914} INFO - Processing file /home/noelsdavid/airflow_venv/lib/python3.12/site-packages/airflow/example_dags/tutorial_taskflow_templates.py for tasks to queue
[2026-05-18T06:48:23.961+0000] {logging_mixin.py:190} INFO - [2026-05-18T06:48:23.961+0000] {dagbag.py:588} INFO - Filling up the DagBag from /home/noelsdavid/airflow_venv/lib/python3.12/site-packages/airflow/example_dags/tutorial_taskflow_templates.py
[2026-05-18T06:48:23.980+0000] {processor.py:925} INFO - DAG(s) 'tutorial_taskflow_templates' retrieved from /home/noelsdavid/airflow_venv/lib/python3.12/site-packages/airflow/example_dags/tutorial_taskflow_templates.py
[2026-05-18T06:48:24.002+0000] {logging_mixin.py:190} INFO - [2026-05-18T06:48:24.002+0000] {dag.py:3239} INFO - Sync 1 DAGs
[2026-05-18T06:48:24.030+0000] {logging_mixin.py:190} INFO - [2026-05-18T06:48:24.030+0000] {dag.py:4180} INFO - Setting next_dagrun for tutorial_taskflow_templates to 2026-05-17 00:00:00+00:00, run_after=2026-05-18 00:00:00+00:00
[2026-05-18T06:48:24.063+0000] {processor.py:208} INFO - Processing /home/noelsdavid/airflow_venv/lib/python3.12/site-packages/airflow/example_dags/tutorial_taskflow_templates.py took 0.115 seconds
[2026-05-18T06:49:28.009+0000] {processor.py:186} INFO - Started process (PID=13398) to work on /home/noelsdavid/airflow_venv/lib/python3.12/site-packages/airflow/example_dags/tutorial_taskflow_templates.py
[2026-05-18T06:49:28.012+0000] {processor.py:914} INFO - Processing file /home/noelsdavid/airflow_venv/lib/python3.12/site-packages/airflow/example_dags/tutorial_taskflow_templates.py for tasks to queue
[2026-05-18T06:49:28.013+0000] {logging_mixin.py:190} INFO - [2026-05-18T06:49:28.013+0000] {dagbag.py:588} INFO - Filling up the DagBag from /home/noelsdavid/airflow_venv/lib/python3.12/site-packages/airflow/example_dags/tutorial_taskflow_templates.py
[2026-05-18T06:49:28.033+0000] {processor.py:925} INFO - DAG(s) 'tutorial_taskflow_templates' retrieved from /home/noelsdavid/airflow_venv/lib/python3.12/site-packages/airflow/example_dags/tutorial_taskflow_templates.py
[2026-05-18T06:49:28.055+0000] {logging_mixin.py:190} INFO - [2026-05-18T06:49:28.055+0000] {dag.py:3239} INFO - Sync 1 DAGs
[2026-05-18T06:49:28.083+0000] {logging_mixin.py:190} INFO - [2026-05-18T06:49:28.083+0000] {dag.py:4180} INFO - Setting next_dagrun for tutorial_taskflow_templates to 2026-05-17 00:00:00+00:00, run_after=2026-05-18 00:00:00+00:00
[2026-05-18T06:49:28.114+0000] {processor.py:208} INFO - Processing /home/noelsdavid/airflow_venv/lib/python3.12/site-packages/airflow/example_dags/tutorial_taskflow_templates.py took 0.114 seconds
[2026-05-18T06:50:35.612+0000] {processor.py:186} INFO - Started process (PID=13974) to work on /home/noelsdavid/airflow_venv/lib/python3.12/site-packages/airflow/example_dags/tutorial_taskflow_templates.py
[2026-05-18T06:50:35.614+0000] {processor.py:914} INFO - Processing file /home/noelsdavid/airflow_venv/lib/python3.12/site-packages/airflow/example_dags/tutorial_taskflow_templates.py for tasks to queue
[2026-05-18T06:50:35.616+0000] {logging_mixin.py:190} INFO - [2026-05-18T06:50:35.615+0000] {dagbag.py:588} INFO - Filling up the DagBag from /home/noelsdavid/airflow_venv/lib/python3.12/site-packages/airflow/example_dags/tutorial_taskflow_templates.py
[2026-05-18T06:50:35.637+0000] {processor.py:925} INFO - DAG(s) 'tutorial_taskflow_templates' retrieved from /home/noelsdavid/airflow_venv/lib/python3.12/site-packages/airflow/example_dags/tutorial_taskflow_templates.py
[2026-05-18T06:50:35.658+0000] {logging_mixin.py:190} INFO - [2026-05-18T06:50:35.658+0000] {dag.py:3239} INFO - Sync 1 DAGs
[2026-05-18T06:50:35.688+0000] {logging_mixin.py:190} INFO - [2026-05-18T06:50:35.688+0000] {dag.py:4180} INFO - Setting next_dagrun for tutorial_taskflow_templates to 2026-05-17 00:00:00+00:00, run_after=2026-05-18 00:00:00+00:00
[2026-05-18T06:50:35.719+0000] {processor.py:208} INFO - Processing /home/noelsdavid/airflow_venv/lib/python3.12/site-packages/airflow/example_dags/tutorial_taskflow_templates.py took 0.117 seconds
